Archive member included to satisfy reference by file (symbol)

../../libDaisy//build\libdaisy.a(daisy_seed.o)
                              build/project006.o (daisy::DaisySeed::StartAudio(void (*)(float const* const*, float**, unsigned int)))
../../libDaisy//build\libdaisy.a(codec_ak4556.o)
                              ../../libDaisy//build\libdaisy.a(daisy_seed.o) (daisy::Ak4556::Init(dsy_gpio_pin))
../../libDaisy//build\libdaisy.a(codec_wm8731.o)
                              ../../libDaisy//build\libdaisy.a(daisy_seed.o) (daisy::Wm8731::Init(daisy::Wm8731::Config const&, daisy::I2CHandle))
../../libDaisy//build\libdaisy.a(sdram.o)
                              ../../libDaisy//build\libdaisy.a(daisy_seed.o) (SdramHandle::Init())
../../libDaisy//build\libdaisy.a(audio.o)
                              ../../libDaisy//build\libdaisy.a(daisy_seed.o) (daisy::AudioHandle::Init(daisy::AudioHandle::Config const&, daisy::SaiHandle))
../../libDaisy//build\libdaisy.a(adc.o)
                              build/project006.o (daisy::AdcChannelConfig::InitSingle(dsy_gpio_pin, daisy::AdcChannelConfig::ConversionSpeed))
../../libDaisy//build\libdaisy.a(gpio.o)
                              build/project006.o (daisy::GPIO::Init(daisy::Pin, daisy::GPIO::Mode, daisy::GPIO::Pull, daisy::GPIO::Speed))
../../libDaisy//build\libdaisy.a(i2c.o)
                              ../../libDaisy//build\libdaisy.a(daisy_seed.o) (daisy::I2CHandle::Init(daisy::I2CHandle::Config const&))
../../libDaisy//build\libdaisy.a(qspi.o)
                              ../../libDaisy//build\libdaisy.a(daisy_seed.o) (daisy::QSPIHandle::Init(daisy::QSPIHandle::Config const&))
../../libDaisy//build\libdaisy.a(sai.o)
                              ../../libDaisy//build\libdaisy.a(daisy_seed.o) (daisy::SaiHandle::Init(daisy::SaiHandle::Config const&))
../../libDaisy//build\libdaisy.a(uart.o)
                              build/project006.o (daisy::UartHandler::Init(daisy::UartHandler::Config const&))
../../libDaisy//build\libdaisy.a(dma.o)
                              ../../libDaisy//build\libdaisy.a(uart.o) (dsy_dma_invalidate_cache_for_buffer)
../../libDaisy//build\libdaisy.a(system.o)
                              ../../libDaisy//build\libdaisy.a(daisy_seed.o) (daisy::System::DeInit())
../../libDaisy//build\libdaisy.a(system_stm32h7xx.o)
                              build/startup_stm32h750xx.o (SystemInit)
../../libDaisy//build\libdaisy.a(usbd_conf.o)
                              ../../libDaisy//build\libdaisy.a(system.o) (hpcd_USB_OTG_HS)
../../libDaisy//build\libdaisy.a(usbh_conf.o)
                              ../../libDaisy//build\libdaisy.a(system.o) (hhcd_USB_OTG_HS)
../../libDaisy//build\libdaisy.a(hal_map.o)
                              ../../libDaisy//build\libdaisy.a(gpio.o) (dsy_hal_map_get_port)
../../libDaisy//build\libdaisy.a(stm32h7xx_hal.o)
                              ../../libDaisy//build\libdaisy.a(system.o) (HAL_Init)
../../libDaisy//build\libdaisy.a(stm32h7xx_hal_adc.o)
                              ../../libDaisy//build\libdaisy.a(adc.o) (HAL_ADC_ConfigChannel)
../../libDaisy//build\libdaisy.a(stm32h7xx_hal_adc_ex.o)
                              ../../libDaisy//build\libdaisy.a(adc.o) (HAL_ADCEx_Calibration_Start)
../../libDaisy//build\libdaisy.a(stm32h7xx_hal_cortex.o)
                              ../../libDaisy//build\libdaisy.a(stm32h7xx_hal.o) (HAL_NVIC_SetPriorityGrouping)
../../libDaisy//build\libdaisy.a(stm32h7xx_hal_dma.o)
                              ../../libDaisy//build\libdaisy.a(adc.o) (HAL_DMA_Init)
../../libDaisy//build\libdaisy.a(stm32h7xx_hal_gpio.o)
                              ../../libDaisy//build\libdaisy.a(sdram.o) (HAL_GPIO_Init)
../../libDaisy//build\libdaisy.a(stm32h7xx_hal_hcd.o)
                              ../../libDaisy//build\libdaisy.a(usbh_conf.o) (HAL_HCD_HC_Init)
../../libDaisy//build\libdaisy.a(stm32h7xx_hal_i2c.o)
                              ../../libDaisy//build\libdaisy.a(i2c.o) (HAL_I2C_Init)
../../libDaisy//build\libdaisy.a(stm32h7xx_hal_i2c_ex.o)
                              ../../libDaisy//build\libdaisy.a(i2c.o) (HAL_I2CEx_ConfigAnalogFilter)
../../libDaisy//build\libdaisy.a(stm32h7xx_hal_pcd.o)
                              ../../libDaisy//build\libdaisy.a(usbd_conf.o) (HAL_PCD_Init)
../../libDaisy//build\libdaisy.a(stm32h7xx_hal_pcd_ex.o)
                              ../../libDaisy//build\libdaisy.a(usbd_conf.o) (HAL_PCDEx_SetTxFiFo)
../../libDaisy//build\libdaisy.a(stm32h7xx_hal_pwr_ex.o)
                              ../../libDaisy//build\libdaisy.a(system.o) (HAL_PWREx_ConfigSupply)
../../libDaisy//build\libdaisy.a(stm32h7xx_hal_qspi.o)
                              ../../libDaisy//build\libdaisy.a(qspi.o) (HAL_QSPI_Init)
../../libDaisy//build\libdaisy.a(stm32h7xx_hal_rcc.o)
                              ../../libDaisy//build\libdaisy.a(system.o) (HAL_RCC_OscConfig)
[...]
Memory Configuration

Name             Origin             Length             Attributes
FLASH            0x08000000         0x00020000         xr
DTCMRAM          0x20000000         0x00020000         xrw
SRAM             0x24000000         0x00080000         xrw
RAM_D2           0x30000000         0x00048000         xrw
RAM_D3           0x38000000         0x00010000         xrw
BACKUP_SRAM      0x38800000         0x00001000         xrw
ITCMRAM          0x00000000         0x00010000         xrw
SDRAM            0xc0000000         0x04000000         xrw
QSPIFLASH        0x90000000         0x00800000         xr
*default*        0x00000000         0xffffffff

Linker script and memory map

LOAD c:/program files/daisytoolchain/bin/../lib/gcc/arm-none-eabi/10.2.1/thumb/v7e-m+dp/hard/crti.o
LOAD c:/program files/daisytoolchain/bin/../lib/gcc/arm-none-eabi/10.2.1/thumb/v7e-m+dp/hard/crtbegin.o
LOAD c:/program files/daisytoolchain/bin/../lib/gcc/arm-none-eabi/10.2.1/../../../../arm-none-eabi/lib/thumb/v7e-m+dp/hard/crt0.o
LOAD build/startup_stm32h750xx.o
LOAD build/project006.o
LOAD ../../libDaisy//build\libdaisy.a
LOAD c:/program files/daisytoolchain/bin/../lib/gcc/arm-none-eabi/10.2.1/../../../../arm-none-eabi/lib/thumb/v7e-m+dp/hard\libnosys.a
LOAD ../../DaisySP//build\libdaisysp.a
LOAD c:/program files/daisytoolchain/bin/../lib/gcc/arm-none-eabi/10.2.1/../../../../arm-none-eabi/lib/thumb/v7e-m+dp/hard\libstdc++_nano.a
LOAD c:/program files/daisytoolchain/bin/../lib/gcc/arm-none-eabi/10.2.1/../../../../arm-none-eabi/lib/thumb/v7e-m+dp/hard\libm.a
LOAD c:/program files/daisytoolchain/bin/../lib/gcc/arm-none-eabi/10.2.1/../../../../arm-none-eabi/lib/thumb/v7e-m+dp/hard\libc_nano.a
START GROUP
LOAD c:/program files/daisytoolchain/bin/../lib/gcc/arm-none-eabi/10.2.1/thumb/v7e-m+dp/hard\libgcc.a
LOAD c:/program files/daisytoolchain/bin/../lib/gcc/arm-none-eabi/10.2.1/../../../../arm-none-eabi/lib/thumb/v7e-m+dp/hard\libc_nano.a
END GROUP
START GROUP
LOAD c:/program files/daisytoolchain/bin/../lib/gcc/arm-none-eabi/10.2.1/thumb/v7e-m+dp/hard\libgcc.a
LOAD c:/program files/daisytoolchain/bin/../lib/gcc/arm-none-eabi/10.2.1/../../../../arm-none-eabi/lib/thumb/v7e-m+dp/hard\libc_nano.a
LOAD c:/program files/daisytoolchain/bin/../lib/gcc/arm-none-eabi/10.2.1/../../../../arm-none-eabi/lib/thumb/v7e-m+dp/hard\libnosys.a
END GROUP
START GROUP
LOAD c:/program files/daisytoolchain/bin/../lib/gcc/arm-none-eabi/10.2.1/thumb/v7e-m+dp/hard\libgcc.a
LOAD c:/program files/daisytoolchain/bin/../lib/gcc/arm-none-eabi/10.2.1/../../../../arm-none-eabi/lib/thumb/v7e-m+dp/hard\libc_nano.a
LOAD c:/program files/daisytoolchain/bin/../lib/gcc/arm-none-eabi/10.2.1/../../../../arm-none-eabi/lib/thumb/v7e-m+dp/hard\libnosys.a
END GROUP
LOAD c:/program files/daisytoolchain/bin/../lib/gcc/arm-none-eabi/10.2.1/thumb/v7e-m+dp/hard/crtend.o
LOAD c:/program files/daisytoolchain/bin/../lib/gcc/arm-none-eabi/10.2.1/thumb/v7e-m+dp/hard/crtn.o
                0x20020000                _estack = 0x20020000

.isr_vector     0x08000000      0x298
                0x08000000                . = ALIGN (0x4)
 *(.isr_vector)
 .isr_vector    0x08000000      0x298 build/startup_stm32h750xx.o
                0x08000000                g_pfnVectors
                0x08000298                . = ALIGN (0x4)

.text           0x080002a0    0x13f1c
                0x080002a0                . = ALIGN (0x4)
                0x080002a0                _stext = .
 *(.text)
 .text          0x080002a0       0x40 c:/program files/daisytoolchain/bin/../lib/gcc/arm-none-eabi/10.2.1/thumb/v7e-m+dp/hard/crtbegin.o
 .text          0x080002e0       0x10 c:/program files/daisytoolchain/bin/../lib/gcc/arm-none-eabi/10.2.1/../../../../arm-none-eabi/lib/thumb/v7e-m+dp/hard\libc_nano.a(lib_a-strlen.o)
                0x080002e0                strlen
 .text          0x080002f0       0xa0 c:/program files/daisytoolchain/bin/../lib/gcc/arm-none-eabi/10.2.1/../../../../arm-none-eabi/lib/thumb/v7e-m+dp/hard\libc_nano.a(lib_a-memchr.o)
                0x080002f0                memchr
 .text          0x08000390      0x378 c:/program files/daisytoolchain/bin/../lib/gcc/arm-none-eabi/10.2.1/thumb/v7e-m+dp/hard\libgcc.a(_arm_addsubdf3.o)
                0x08000390                __aeabi_drsub
                0x08000398                __aeabi_dsub
                0x08000398                __subdf3
                0x0800039c                __aeabi_dadd
                0x0800039c                __adddf3
                0x08000614                __floatunsidf
                0x08000614                __aeabi_ui2d
                0x08000634                __floatsidf
                0x08000634                __aeabi_i2d
                0x08000658                __aeabi_f2d
                0x08000658                __extendsfdf2
                0x0800069c                __floatundidf
                0x0800069c                __aeabi_ul2d
                0x080006ac                __floatdidf
                0x080006ac                __aeabi_l2d
 .text          0x08000708       0x30 c:/program files/daisytoolchain/bin/../lib/gcc/arm-none-eabi/10.2.1/thumb/v7e-m+dp/hard\libgcc.a(_aeabi_uldivmod.o)
                0x08000708                __aeabi_uldivmod
 .text          0x08000738      0x2d0 c:/program files/daisytoolchain/bin/../lib/gcc/arm-none-eabi/10.2.1/thumb/v7e-m+dp/hard\libgcc.a(_udivmoddi4.o)
                0x08000738                __udivmoddi4
 .text          0x08000a08        0x4 c:/program files/daisytoolchain/bin/../lib/gcc/arm-none-eabi/10.2.1/thumb/v7e-m+dp/hard\libgcc.a(_dvmd_tls.o)
                0x08000a08                __aeabi_idiv0
                0x08000a08                __aeabi_ldiv0
 *(.text*)
 .text.Default_Handler
                0x08000a0c        0x4 build/startup_stm32h750xx.o
                0x08000a0c                RTC_Alarm_IRQHandler
                0x08000a0c                HASH_RNG_IRQHandler
                0x08000a0c                EXTI2_IRQHandler
                0x08000a0c                TIM8_CC_IRQHandler
                0x08000a0c                HRTIM1_Master_IRQHandler
                0x08000a0c                DebugMon_Handler
                0x08000a0c                TIM1_CC_IRQHandler
                0x08000a0c                BDMA_Channel6_IRQHandler
                0x08000a0c                DMA2_Stream5_IRQHandler
                0x08000a0c                HRTIM1_FLT_IRQHandler
                0x08000a0c                JPEG_IRQHandler
                0x08000a0c                BDMA_Channel1_IRQHandler
                0x08000a0c                HRTIM1_TIMD_IRQHandler
                0x08000a0c                TAMP_STAMP_IRQHandler
                0x08000a0c                PendSV_Handler
                0x08000a0c                NMI_Handler
                0x08000a0c                EXTI3_IRQHandler
                0x08000a0c                LPTIM4_IRQHandler
                0x08000a0c                TIM8_TRG_COM_TIM14_IRQHandler
                0x08000a0c                LPTIM2_IRQHandler
                0x08000a0c                DFSDM1_FLT1_IRQHandler
                0x08000a0c                DMAMUX2_OVR_IRQHandler
                0x08000a0c                TIM8_UP_TIM13_IRQHandler
                0x08000a0c                I2C3_ER_IRQHandler
                0x08000a0c                DFSDM1_FLT2_IRQHandler
                0x08000a0c                MDMA_IRQHandler
                0x08000a0c                LPTIM3_IRQHandler
                0x08000a0c                HSEM1_IRQHandler
                0x08000a0c                EXTI0_IRQHandler
                0x08000a0c                FPU_IRQHandler
                0x08000a0c                OTG_HS_WKUP_IRQHandler
                0x08000a0c                FDCAN1_IT1_IRQHandler
                0x08000a0c                UsageFault_Handler
                0x08000a0c                LTDC_ER_IRQHandler
                0x08000a0c                HRTIM1_TIME_IRQHandler
                0x08000a0c                TIM6_DAC_IRQHandler
                0x08000a0c                DCMI_IRQHandler
                0x08000a0c                HRTIM1_TIMC_IRQHandler
                0x08000a0c                SAI2_IRQHandler
                0x08000a0c                DFSDM1_FLT3_IRQHandler
                0x08000a0c                TIM17_IRQHandler
                0x08000a0c                CRYP_IRQHandler
                0x08000a0c                BDMA_Channel7_IRQHandler
                0x08000a0c                LPTIM5_IRQHandler
                0x08000a0c                ADC3_IRQHandler
                0x08000a0c                DMA2_Stream0_IRQHandler
                0x08000a0c                BDMA_Channel2_IRQHandler
                0x08000a0c                DMAMUX1_OVR_IRQHandler
                0x08000a0c                TIM16_IRQHandler
                0x08000a0c                BDMA_Channel5_IRQHandler
                0x08000a0c                RCC_IRQHandler
                0x08000a0c                TIM8_BRK_TIM12_IRQHandler
                0x08000a0c                TIM1_TRG_COM_IRQHandler
                0x08000a0c                Default_Handler
                0x08000a0c                ECC_IRQHandler
                0x08000a0c                CEC_IRQHandler
                0x08000a0c                EXTI15_10_IRQHandler
                0x08000a0c                BDMA_Channel0_IRQHandler
                0x08000a0c                ADC_IRQHandler
                0x08000a0c                DMA1_Stream7_IRQHandler
                0x08000a0c                HRTIM1_TIMA_IRQHandler
                0x08000a0c                TIM7_IRQHandler
                0x08000a0c                SDMMC1_IRQHandler
                0x08000a0c                DMA2_Stream7_IRQHandler
                0x08000a0c                TIM15_IRQHandler
                0x08000a0c                PVD_AVD_IRQHandler
                0x08000a0c                EXTI9_5_IRQHandler
                0x08000a0c                RTC_WKUP_IRQHandler
                0x08000a0c                LTDC_IRQHandler
                0x08000a0c                SAI3_IRQHandler
                0x08000a0c                ETH_WKUP_IRQHandler
                0x08000a0c                SPDIF_RX_IRQHandler
                0x08000a0c                MemManage_Handler
                0x08000a0c                SVC_Handler
                0x08000a0c                CRS_IRQHandler
                0x08000a0c                EXTI4_IRQHandler
                0x08000a0c                HRTIM1_TIMB_IRQHandler
                0x08000a0c                FDCAN2_IT1_IRQHandler
                0x08000a0c                ETH_IRQHandler
                0x08000a0c                TIM1_UP_IRQHandler
                0x08000a0c                BDMA_Channel4_IRQHandler
                0x08000a0c                WWDG_IRQHandler
                0x08000a0c                SPI6_IRQHandler
                0x08000a0c                I2C4_EV_IRQHandler
                0x08000a0c                MDIOS_IRQHandler
                0x08000a0c                FDCAN2_IT0_IRQHandler
                0x08000a0c                FDCAN1_IT0_IRQHandler
                0x08000a0c                OTG_FS_WKUP_IRQHandler
                0x08000a0c                DMA2D_IRQHandler
                0x08000a0c                TIM1_BRK_IRQHandler
                0x08000a0c                EXTI1_IRQHandler
                0x08000a0c                SDMMC2_IRQHandler
                0x08000a0c                OTG_FS_EP1_OUT_IRQHandler
                0x08000a0c                BDMA_Channel3_IRQHandler
                0x08000a0c                MDIOS_WKUP_IRQHandler
                0x08000a0c                DFSDM1_FLT0_IRQHandler
                0x08000a0c                SAI4_IRQHandler
                0x08000a0c                I2C2_ER_IRQHandler
                0x08000a0c                DMA2_Stream1_IRQHandler
                0x08000a0c                FLASH_IRQHandler
                0x08000a0c                BusFault_Handler
                0x08000a0c                OTG_FS_IRQHandler
                0x08000a0c                WAKEUP_PIN_IRQHandler
                0x08000a0c                OTG_FS_EP1_IN_IRQHandler
                0x08000a0c                I2C1_ER_IRQHandler
                0x08000a0c                FMC_IRQHandler
                0x08000a0c                FDCAN_CAL_IRQHandler
                0x08000a0c                SWPMI1_IRQHandler
                0x08000a0c                COMP1_IRQHandler
                0x08000a0c                LPTIM1_IRQHandler
                0x08000a0c                I2C4_ER_IRQHandler
                0x08000a0c                DMA2_Stream6_IRQHandler
                0x08000a0c                SAI1_IRQHandler
 .text.Reset_Handler
                0x08000a10       0x44 build/startup_stm32h750xx.o
                0x08000a10                Reset_Handler
 .text._ZN5daisy9DaisySeedD2Ev
                0x08000a54        0x4 build/project006.o
                0x08000a54                daisy::DaisySeed::~DaisySeed()
                0x08000a54                daisy::DaisySeed::~DaisySeed()
 .text._ZN7daisysp6ChorusD2Ev
                0x08000a58        0x4 build/project006.o
                0x08000a58                daisysp::Chorus::~Chorus()
                0x08000a58                daisysp::Chorus::~Chorus()
 .text._ZN7daisysp9OverdriveD2Ev
                0x08000a5c        0x4 build/project006.o
                0x08000a5c                daisysp::Overdrive::~Overdrive()
                0x08000a5c                daisysp::Overdrive::~Overdrive()
 .text._ZN7daisysp14GranularPlayerD2Ev
                0x08000a60        0x4 build/project006.o
                0x08000a60                daisysp::GranularPlayer::~GranularPlayer()
                0x08000a60                daisysp::GranularPlayer::~GranularPlayer()
 .text._ZL13AudioCallbackPKPKfPPfj
                0x08000a64      0x404 build/project006.o
 .text.startup.main
                0x08000e68      0x9e0 build/project006.o
                0x08000e68                main
 .text.startup._GLOBAL__sub_I_hw
                0x08001848       0xac build/project006.o
 .text._ZN5daisy9DaisySeed10StartAudioEPFvPKPKfPPfjE
                0x080018f4        0x8 ../../libDaisy//build\libdaisy.a(daisy_seed.o)
                0x080018f4                daisy::DaisySeed::StartAudio(void (*)(float const* const*, float**, unsigned int))
 .text._ZN5daisy9DaisySeed18SetAudioSampleRateENS_9SaiHandle6Config10SampleRateE
                0x080018fc       0x38 ../../libDaisy//build\libdaisy.a(daisy_seed.o)
                0x080018fc                daisy::DaisySeed::SetAudioSampleRate(daisy::SaiHandle::Config::SampleRate)
 .text._ZN5daisy9DaisySeed15AudioSampleRateEv
                0x08001934        0x8 ../../libDaisy//build\libdaisy.a(daisy_seed.o)
                0x08001934                daisy::DaisySeed::AudioSampleRate()
 .text._ZN5daisy9DaisySeed17SetAudioBlockSizeEj
                0x0800193c       0x38 ../../libDaisy//build\libdaisy.a(daisy_seed.o)
                0x0800193c                daisy::DaisySeed::SetAudioBlockSize(unsigned int)
 .text._ZN5daisy9DaisySeed6SetLedEb
                0x08001974        0x8 ../../libDaisy//build\libdaisy.a(daisy_seed.o)
                0x08001974                daisy::DaisySeed::SetLed(bool)
 .text._ZN5daisy9DaisySeed17CheckBoardVersionEv
                0x0800197c       0x6c ../../libDaisy//build\libdaisy.a(daisy_seed.o)
                0x0800197c                daisy::DaisySeed::CheckBoardVersion()
 .text._ZN5daisy9DaisySeed14ConfigureAudioEv
                0x080019e8      0x10c ../../libDaisy//build\libdaisy.a(daisy_seed.o)
                0x080019e8                daisy::DaisySeed::ConfigureAudio()
 .text._ZN5daisy9DaisySeed4InitEb
                0x08001af4      0x108 ../../libDaisy//build\libdaisy.a(daisy_seed.o)
                0x08001af4                daisy::DaisySeed::Init(bool)
 .text._ZN5daisy6Ak45564InitE12dsy_gpio_pin
                0x08001bfc       0x44 ../../libDaisy//build\libdaisy.a(codec_ak4556.o)
                0x08001bfc                daisy::Ak4556::Init(dsy_gpio_pin)
 .text._ZN5daisy6Wm873120WriteControlRegisterEht
                0x08001c40       0x3c ../../libDaisy//build\libdaisy.a(codec_wm8731.o)
                0x08001c40                daisy::Wm8731::WriteControlRegister(unsigned char, unsigned short)
 .text._ZN5daisy6Wm87314InitERKNS0_6ConfigENS_9I2CHandleE
                0x08001c7c      0x1bc ../../libDaisy//build\libdaisy.a(codec_wm8731.o)
                0x08001c7c                daisy::Wm8731::Init(daisy::Wm8731::Config const&, daisy::I2CHandle)
 .text._ZN11SdramHandle10DeviceInitEv
                0x08001e38       0x98 ../../libDaisy//build\libdaisy.a(sdram.o)
                0x08001e38                SdramHandle::DeviceInit()
 .text._ZN11SdramHandle4InitEv
                0x08001ed0       0x7c ../../libDaisy//build\libdaisy.a(sdram.o)
                0x08001ed0                SdramHandle::Init()
 .text.HAL_SDRAM_MspInit
                0x08001f4c      0x1a8 ../../libDaisy//build\libdaisy.a(sdram.o)
                0x08001f4c                HAL_SDRAM_MspInit
 .text._ZN5daisy11AudioHandle4Impl16InternalCallbackEPlS2_j
                0x080020f4      0xbbc ../../libDaisy//build\libdaisy.a(audio.o)
                0x080020f4                daisy::AudioHandle::Impl::InternalCallback(long*, long*, unsigned int)
 .text._ZN5daisy11AudioHandle4InitERKNS0_6ConfigENS_9SaiHandleE
                0x08002cb0       0x70 ../../libDaisy//build\libdaisy.a(audio.o)
                0x08002cb0                daisy::AudioHandle::Init(daisy::AudioHandle::Config const&, daisy::SaiHandle)
 .text._ZNK5daisy11AudioHandle9GetConfigEv
                0x08002d20        0x8 ../../libDaisy//build\libdaisy.a(audio.o)
                0x08002d20                daisy::AudioHandle::GetConfig() const
 .text._ZN5daisy11AudioHandle12SetBlockSizeEj
                0x08002d28       0x1c ../../libDaisy//build\libdaisy.a(audio.o)
                0x08002d28                daisy::AudioHandle::SetBlockSize(unsigned int)
 .text._ZN5daisy11AudioHandle13GetSampleRateEv
                0x08002d44        0x8 ../../libDaisy//build\libdaisy.a(audio.o)
                0x08002d44                daisy::AudioHandle::GetSampleRate()
 .text._ZN5daisy11AudioHandle13SetSampleRateENS_9SaiHandle6Config10SampleRateE
                0x08002d4c       0x88 ../../libDaisy//build\libdaisy.a(audio.o)
                0x08002d4c                daisy::AudioHandle::SetSampleRate(daisy::SaiHandle::Config::SampleRate)
 .text._ZN5daisy11AudioHandle5StartEPFvPKPKfPPfjE
                0x08002dd4       0x44 ../../libDaisy//build\libdaisy.a(audio.o)
                0x08002dd4                daisy::AudioHandle::Start(void (*)(float const* const*, float**, unsigned int))
 .text.startup._GLOBAL__sub_I__ZN5daisy11AudioHandle4Impl4InitENS0_6ConfigENS_9SaiHandleE
                0x08002e18       0x24 ../../libDaisy//build\libdaisy.a(audio.o)
 .text._ZN5daisy16AdcChannelConfig10InitSingleE12dsy_gpio_pinNS0_15ConversionSpeedE
                0x08002e3c       0x28 ../../libDaisy//build\libdaisy.a(adc.o)
                0x08002e3c                daisy::AdcChannelConfig::InitSingle(dsy_gpio_pin, daisy::AdcChannelConfig::ConversionSpeed)
 .text._ZN5daisy9AdcHandle4InitEPNS_16AdcChannelConfigEjNS0_12OverSamplingE
                0x08002e64      0x41c ../../libDaisy//build\libdaisy.a(adc.o)
                0x08002e64                daisy::AdcHandle::Init(daisy::AdcChannelConfig*, unsigned int, daisy::AdcHandle::OverSampling)
 .text._ZN5daisy9AdcHandle5StartEv
                0x08003280       0x2c ../../libDaisy//build\libdaisy.a(adc.o)
                0x08003280                daisy::AdcHandle::Start()
 .text._ZNK5daisy9AdcHandle8GetFloatEh
                0x080032ac       0x20 ../../libDaisy//build\libdaisy.a(adc.o)
                0x080032ac                daisy::AdcHandle::GetFloat(unsigned char) const
 .text.HAL_ADC_MspInit
                0x080032cc       0x98 ../../libDaisy//build\libdaisy.a(adc.o)
                0x080032cc                HAL_ADC_MspInit
 .text.DMA1_Stream2_IRQHandler
                0x08003364        0xc ../../libDaisy//build\libdaisy.a(adc.o)
                0x08003364                DMA1_Stream2_IRQHandler
 .text.HAL_ADC_ConvCpltCallback
                0x08003370      0x148 ../../libDaisy//build\libdaisy.a(adc.o)
                0x08003370                HAL_ADC_ConvCpltCallback
 .text.HAL_ADC_ErrorCallback
                0x080034b8        0x4 ../../libDaisy//build\libdaisy.a(adc.o)
                0x080034b8                HAL_ADC_ErrorCallback
 .text._ZN5daisy4GPIO4InitENS_3PinENS0_4ModeENS0_4PullENS0_5SpeedE
                0x080034bc      0x1cc ../../libDaisy//build\libdaisy.a(gpio.o)
                0x080034bc                daisy::GPIO::Init(daisy::Pin, daisy::GPIO::Mode, daisy::GPIO::Pull, daisy::GPIO::Speed)
 .text._ZN5daisy4GPIO4ReadEv
                0x08003688       0x18 ../../libDaisy//build\libdaisy.a(gpio.o)
                0x08003688                daisy::GPIO::Read()
 .text._ZN5daisy4GPIO5WriteEb
                0x080036a0       0x14 ../../libDaisy//build\libdaisy.a(gpio.o)
                0x080036a0                daisy::GPIO::Write(bool)
 .text.dsy_gpio_init
                0x080036b4      0x1b8 ../../libDaisy//build\libdaisy.a(gpio.o)
                0x080036b4                dsy_gpio_init
 .text.dsy_gpio_write
                0x0800386c       0x24 ../../libDaisy//build\libdaisy.a(gpio.o)
                0x0800386c                dsy_gpio_write
 .text._ZN5daisy9I2CHandle4Impl8InitPinsEv
                0x08003890       0x58 ../../libDaisy//build\libdaisy.a(i2c.o)
                0x08003890                daisy::I2CHandle::Impl::InitPins()
 .text.HAL_I2C_MspInit
                0x080038e8      0x1b4 ../../libDaisy//build\libdaisy.a(i2c.o)
                0x080038e8                HAL_I2C_MspInit
 .text.dsy_i2c_global_init
                0x08003a9c       0x78 ../../libDaisy//build\libdaisy.a(i2c.o)
                0x08003a9c                dsy_i2c_global_init
 .text.DMA1_Stream6_IRQHandler
                0x08003b14       0x34 ../../libDaisy//build\libdaisy.a(i2c.o)
                0x08003b14                DMA1_Stream6_IRQHandler
 .text.I2C1_EV_IRQHandler
                0x08003b48        0xc ../../libDaisy//build\libdaisy.a(i2c.o)
                0x08003b48                I2C1_EV_IRQHandler
 .text.I2C2_EV_IRQHandler
                0x08003b54        0xc ../../libDaisy//build\libdaisy.a(i2c.o)
                0x08003b54                I2C2_EV_IRQHandler
 .text.I2C3_EV_IRQHandler
                0x08003b60        0xc ../../libDaisy//build\libdaisy.a(i2c.o)
                0x08003b60                I2C3_EV_IRQHandler
 .text._ZN5daisy9I2CHandle4InitERKNS0_6ConfigE
                0x08003b6c      0x12c ../../libDaisy//build\libdaisy.a(i2c.o)
                0x08003b6c                daisy::I2CHandle::Init(daisy::I2CHandle::Config const&)
 .text._ZN5daisy9I2CHandle16TransmitBlockingEtPhtm
                0x08003c98       0x50 ../../libDaisy//build\libdaisy.a(i2c.o)
                0x08003c98                daisy::I2CHandle::TransmitBlocking(unsigned short, unsigned char*, unsigned short, unsigned long)
 .text.startup._GLOBAL__sub_I__ZN5daisy9I2CHandle4Impl10GlobalInitEv
                0x08003ce8       0x18 ../../libDaisy//build\libdaisy.a(i2c.o)
 .text._ZN5daisy10QSPIHandle4Impl11WriteEnableEv
                0x08003d00       0x8c ../../libDaisy//build\libdaisy.a(qspi.o)
                0x08003d00                daisy::QSPIHandle::Impl::WriteEnable()
 *fill*         0x08003d8c        0x4 
 .text._ZN5daisy10QSPIHandle4Impl17DummyCyclesConfigENS0_6Config6DeviceE
                0x08003d90      0x118 ../../libDaisy//build\libdaisy.a(qspi.o)
                0x08003d90                daisy::QSPIHandle::Impl::DummyCyclesConfig(daisy::QSPIHandle::Config::Device)
 .text._ZN5daisy10QSPIHandle4Impl10QuadEnableEv
                0x08003ea8      0x158 ../../libDaisy//build\libdaisy.a(qspi.o)
                0x08003ea8                daisy::QSPIHandle::Impl::QuadEnable()
 .text._ZN5daisy10QSPIHandle4InitERKNS0_6ConfigE
                0x08004000      0x198 ../../libDaisy//build\libdaisy.a(qspi.o)
                0x08004000                daisy::QSPIHandle::Init(daisy::QSPIHandle::Config const&)
 .text.HAL_QSPI_MspInit
                0x08004198      0x11c ../../libDaisy//build\libdaisy.a(qspi.o)
                0x08004198                HAL_QSPI_MspInit
 .text.HAL_QSPI_MspDeInit
                0x080042b4       0x54 ../../libDaisy//build\libdaisy.a(qspi.o)
                0x080042b4                HAL_QSPI_MspDeInit
 .text.QUADSPI_IRQHandler
                0x08004308        0xc ../../libDaisy//build\libdaisy.a(qspi.o)
                0x08004308                QUADSPI_IRQHandler
 .text.startup._GLOBAL__sub_I__ZN5daisy10QSPIHandle4Impl4InitERKNS0_6ConfigE
                0x08004314       0x28 ../../libDaisy//build\libdaisy.a(qspi.o)
 .text._ZN5daisy9SaiHandle4Impl7InitDmaENS1_15PeripheralBlockE
                0x0800433c       0xa0 ../../libDaisy//build\libdaisy.a(sai.o)
                0x0800433c                daisy::SaiHandle::Impl::InitDma(daisy::SaiHandle::Impl::PeripheralBlock)
 .text._ZN5daisy9SaiHandle4Impl8InitPinsEv
                0x080043dc       0xa8 ../../libDaisy//build\libdaisy.a(sai.o)
                0x080043dc                daisy::SaiHandle::Impl::InitPins()
 .text.HAL_SAI_MspInit
                0x08004484      0x164 ../../libDaisy//build\libdaisy.a(sai.o)
                0x08004484                HAL_SAI_MspInit
 .text.DMA1_Stream0_IRQHandler
                0x080045e8        0xc ../../libDaisy//build\libdaisy.a(sai.o)
                0x080045e8                DMA1_Stream0_IRQHandler
 .text.DMA1_Stream1_IRQHandler
                0x080045f4        0xc ../../libDaisy//build\libdaisy.a(sai.o)
                0x080045f4                DMA1_Stream1_IRQHandler
 .text.DMA1_Stream3_IRQHandler
                0x08004600        0xc ../../libDaisy//build\libdaisy.a(sai.o)
                0x08004600                DMA1_Stream3_IRQHandler
 .text.DMA1_Stream4_IRQHandler
                0x0800460c        0xc ../../libDaisy//build\libdaisy.a(sai.o)
                0x0800460c                DMA1_Stream4_IRQHandler
 .text.HAL_SAI_RxHalfCpltCallback
                0x08004618       0x78 ../../libDaisy//build\libdaisy.a(sai.o)
                0x08004618                HAL_SAI_RxHalfCpltCallback
 .text.HAL_SAI_RxCpltCallback
                0x08004690       0x70 ../../libDaisy//build\libdaisy.a(sai.o)
                0x08004690                HAL_SAI_RxCpltCallback
 .text._ZN5daisy9SaiHandle4InitERKNS0_6ConfigE
                0x08004700      0x1f0 ../../libDaisy//build\libdaisy.a(sai.o)
                0x08004700                daisy::SaiHandle::Init(daisy::SaiHandle::Config const&)
 .text._ZNK5daisy9SaiHandle9GetConfigEv
                0x080048f0        0x4 ../../libDaisy//build\libdaisy.a(sai.o)
                0x080048f0                daisy::SaiHandle::GetConfig() const
 .text._ZN5daisy9SaiHandle8StartDmaEPlS1_jPFvS1_S1_jE
                0x080048f4       0xbc ../../libDaisy//build\libdaisy.a(sai.o)
                0x080048f4                daisy::SaiHandle::StartDma(long*, long*, unsigned int, void (*)(long*, long*, unsigned int))
 .text._ZN5daisy9SaiHandle13GetSampleRateEv
                0x080049b0       0x24 ../../libDaisy//build\libdaisy.a(sai.o)
                0x080049b0                daisy::SaiHandle::GetSampleRate()
 .text._ZNK5daisy9SaiHandle9GetOffsetEv
                0x080049d4        0x8 ../../libDaisy//build\libdaisy.a(sai.o)
                0x080049d4                daisy::SaiHandle::GetOffset() const
 .text._ZL20UART_CheckRxListenerPN5daisy11UartHandler4ImplE
                0x080049dc       0x84 ../../libDaisy//build\libdaisy.a(uart.o)
 .text._ZN5daisy11UartHandler4Impl10StartDmaTxEPhjPFvPvEPFvS3_NS0_6ResultEES3_
                0x08004a60      0x184 ../../libDaisy//build\libdaisy.a(uart.o)
                0x08004a60                daisy::UartHandler::Impl::StartDmaTx(unsigned char*, unsigned int, void (*)(void*), void (*)(void*, daisy::UartHandler::Result), void*)
 .text._ZN5daisy11UartHandler4Impl10StartDmaRxEPhjPFvPvEPFvS3_NS0_6ResultEES3_
                0x08004be4      0x184 ../../libDaisy//build\libdaisy.a(uart.o)
                0x08004be4                daisy::UartHandler::Impl::StartDmaRx(unsigned char*, unsigned int, void (*)(void*), void (*)(void*, daisy::UartHandler::Result), void*)
 .text._ZN5daisy11UartHandler4Impl19DmaTransferFinishedEP20__UART_HandleTypeDefNS0_6ResultE
                0x08004d68       0xc0 ../../libDaisy//build\libdaisy.a(uart.o)
                0x08004d68                daisy::UartHandler::Impl::DmaTransferFinished(__UART_HandleTypeDef*, daisy::UartHandler::Result)
 .text._ZN5daisy11UartHandler4Impl8InitPinsEv
                0x08004e28      0x154 ../../libDaisy//build\libdaisy.a(uart.o)
                0x08004e28                daisy::UartHandler::Impl::InitPins()
 .text.HAL_UART_MspInit
                0x08004f7c      0x210 ../../libDaisy//build\libdaisy.a(uart.o)
                0x08004f7c                HAL_UART_MspInit
 .text.dsy_uart_global_init
                0x0800518c      0x110 ../../libDaisy//build\libdaisy.a(uart.o)
                0x0800518c                dsy_uart_global_init
 .text.USART1_IRQHandler
                0x0800529c       0x2c ../../libDaisy//build\libdaisy.a(uart.o)
                0x0800529c                USART1_IRQHandler
 .text.USART2_IRQHandler
                0x080052c8       0x34 ../../libDaisy//build\libdaisy.a(uart.o)
                0x080052c8                USART2_IRQHandler
 .text.USART3_IRQHandler
                0x080052fc       0x34 ../../libDaisy//build\libdaisy.a(uart.o)
                0x080052fc                USART3_IRQHandler
 .text.UART4_IRQHandler
                0x08005330       0x34 ../../libDaisy//build\libdaisy.a(uart.o)
                0x08005330                UART4_IRQHandler
 .text.UART5_IRQHandler
                0x08005364       0x34 ../../libDaisy//build\libdaisy.a(uart.o)
                0x08005364                UART5_IRQHandler
 .text.USART6_IRQHandler
                0x08005398       0x34 ../../libDaisy//build\libdaisy.a(uart.o)
                0x08005398                USART6_IRQHandler
 .text.UART7_IRQHandler
                0x080053cc       0x34 ../../libDaisy//build\libdaisy.a(uart.o)
                0x080053cc                UART7_IRQHandler
 .text.UART8_IRQHandler
                0x08005400       0x34 ../../libDaisy//build\libdaisy.a(uart.o)
                0x08005400                UART8_IRQHandler
 .text.LPUART1_IRQHandler
                0x08005434       0x34 ../../libDaisy//build\libdaisy.a(uart.o)
                0x08005434                LPUART1_IRQHandler
 .text.DMA1_Stream5_IRQHandler
                0x08005468       0x34 ../../libDaisy//build\libdaisy.a(uart.o)
                0x08005468                DMA1_Stream5_IRQHandler
 .text.DMA2_Stream4_IRQHandler
                0x0800549c       0x38 ../../libDaisy//build\libdaisy.a(uart.o)
                0x0800549c                DMA2_Stream4_IRQHandler
 .text.HAL_UART_TxCpltCallback
                0x080054d4        0x8 ../../libDaisy//build\libdaisy.a(uart.o)
                0x080054d4                HAL_UART_TxCpltCallback
 .text.HAL_UART_RxCpltCallback
                0x080054dc       0x94 ../../libDaisy//build\libdaisy.a(uart.o)
                0x080054dc                HAL_UART_RxCpltCallback
 .text.HAL_UART_RxHalfCpltCallback
                0x08005570       0x90 ../../libDaisy//build\libdaisy.a(uart.o)
                0x08005570                HAL_UART_RxHalfCpltCallback
 .text.HAL_UART_ErrorCallback
                0x08005600        0x8 ../../libDaisy//build\libdaisy.a(uart.o)
                0x08005600                HAL_UART_ErrorCallback
 .text._ZN5daisy11UartHandler4InitERKNS0_6ConfigE
                0x08005608       0xd4 ../../libDaisy//build\libdaisy.a(uart.o)
                0x08005608                daisy::UartHandler::Init(daisy::UartHandler::Config const&)
 .text._ZN5daisy11UartHandler16BlockingTransmitEPhjm
                0x080056dc       0x14 ../../libDaisy//build\libdaisy.a(uart.o)
                0x080056dc                daisy::UartHandler::BlockingTransmit(unsigned char*, unsigned int, unsigned long)
 .text.startup._GLOBAL__sub_I__Z19MapInstanceToHandleP13USART_TypeDef
                0x080056f0      0x194 ../../libDaisy//build\libdaisy.a(uart.o)
 .text.dsy_dma_init
                0x08005884      0x100 ../../libDaisy//build\libdaisy.a(dma.o)
                0x08005884                dsy_dma_init
 .text.dsy_dma_invalidate_cache_for_buffer
                0x08005984       0x2c ../../libDaisy//build\libdaisy.a(dma.o)
                0x08005984                dsy_dma_invalidate_cache_for_buffer
 .text._ZN5daisy11TimerHandleD2Ev
                0x080059b0        0x4 ../../libDaisy//build\libdaisy.a(system.o)
                0x080059b0                daisy::TimerHandle::~TimerHandle()
                0x080059b0                daisy::TimerHandle::~TimerHandle()
 .text.SysTick_Handler
                0x080059b4       0x10 ../../libDaisy//build\libdaisy.a(system.o)
                0x080059b4                SysTick_Handler
 .text.OTG_HS_EP1_OUT_IRQHandler
                0x080059c4       0x24 ../../libDaisy//build\libdaisy.a(system.o)
                0x080059c4                OTG_HS_EP1_OUT_IRQHandler
 .text.OTG_HS_EP1_IN_IRQHandler
                0x080059e8       0x24 ../../libDaisy//build\libdaisy.a(system.o)
                0x080059e8                OTG_HS_EP1_IN_IRQHandler
 .text.OTG_HS_IRQHandler
                0x08005a0c       0x24 ../../libDaisy//build\libdaisy.a(system.o)
                0x08005a0c                OTG_HS_IRQHandler
 .text.HardFault_Handler
                0x08005a30       0xe0 ../../libDaisy//build\libdaisy.a(system.o)
                0x08005a30                HardFault_Handler
 .text._ZN5daisy6System6GetNowEv
                0x08005b10        0x4 ../../libDaisy//build\libdaisy.a(system.o)
                0x08005b10                daisy::System::GetNow()
 .text._ZN5daisy6System5DelayEm
                0x08005b14        0x4 ../../libDaisy//build\libdaisy.a(system.o)
                0x08005b14                daisy::System::Delay(unsigned long)
 .text._ZN5daisy6System20GetBootloaderVersionEv
                0x08005b18       0x34 ../../libDaisy//build\libdaisy.a(system.o)
                0x08005b18                daisy::System::GetBootloaderVersion()
 .text._ZN5daisy6System15ConfigureClocksEv
                0x08005b4c      0x194 ../../libDaisy//build\libdaisy.a(system.o)
                0x08005b4c                daisy::System::ConfigureClocks()
 .text._ZN5daisy6System12ConfigureMpuEv
                0x08005ce0       0x7c ../../libDaisy//build\libdaisy.a(system.o)
                0x08005ce0                daisy::System::ConfigureMpu()
 .text._ZN5daisy6System4InitERKNS0_6ConfigE
                0x08005d5c       0xec ../../libDaisy//build\libdaisy.a(system.o)
                0x08005d5c                daisy::System::Init(daisy::System::Config const&)
 .text._ZN5daisy6System12GetPClk1FreqEv
                0x08005e48        0x4 ../../libDaisy//build\libdaisy.a(system.o)
                0x08005e48                daisy::System::GetPClk1Freq()
 .text._ZN5daisy6System22GetProgramMemoryRegionEv
                0x08005e4c       0x78 ../../libDaisy//build\libdaisy.a(system.o)
                0x08005e4c                daisy::System::GetProgramMemoryRegion()
 .text.startup._GLOBAL__sub_I__ZN5daisy9boot_infoE
                0x08005ec4       0x1c ../../libDaisy//build\libdaisy.a(system.o)
 .text.SystemInit
                0x08005ee0       0x9c ../../libDaisy//build\libdaisy.a(system_stm32h7xx.o)
                0x08005ee0                SystemInit
 .text.HAL_PCD_SetupStageCallback
                0x08005f7c        0xc ../../libDaisy//build\libdaisy.a(usbd_conf.o)
                0x08005f7c                HAL_PCD_SetupStageCallback
 .text.HAL_PCD_DataOutStageCallback
                0x08005f88       0x14 ../../libDaisy//build\libdaisy.a(usbd_conf.o)
                0x08005f88                HAL_PCD_DataOutStageCallback
 .text.HAL_PCD_DataInStageCallback
                0x08005f9c       0x14 ../../libDaisy//build\libdaisy.a(usbd_conf.o)
                0x08005f9c                HAL_PCD_DataInStageCallback
 .text.HAL_PCD_SOFCallback
                0x08005fb0        0x8 ../../libDaisy//build\libdaisy.a(usbd_conf.o)
                0x08005fb0                HAL_PCD_SOFCallback
 .text.HAL_PCD_ResetCallback
                0x08005fb8       0x24 ../../libDaisy//build\libdaisy.a(usbd_conf.o)
                0x08005fb8                HAL_PCD_ResetCallback
 .text.HAL_PCD_SuspendCallback
                0x08005fdc       0x30 ../../libDaisy//build\libdaisy.a(usbd_conf.o)
                0x08005fdc                HAL_PCD_SuspendCallback
 .text.HAL_PCD_ResumeCallback
                0x0800600c        0x8 ../../libDaisy//build\libdaisy.a(usbd_conf.o)
                0x0800600c                HAL_PCD_ResumeCallback
 .text.HAL_PCD_ISOOUTIncompleteCallback
                0x08006014        0x8 ../../libDaisy//build\libdaisy.a(usbd_conf.o)
                0x08006014                HAL_PCD_ISOOUTIncompleteCallback
 .text.HAL_PCD_ISOINIncompleteCallback
                0x0800601c        0x8 ../../libDaisy//build\libdaisy.a(usbd_conf.o)
                0x0800601c                HAL_PCD_ISOINIncompleteCallback
 .text.HAL_PCD_ConnectCallback
                0x08006024        0x8 ../../libDaisy//build\libdaisy.a(usbd_conf.o)
                0x08006024                HAL_PCD_ConnectCallback
 .text.HAL_PCD_DisconnectCallback
                0x0800602c        0x8 ../../libDaisy//build\libdaisy.a(usbd_conf.o)
                0x0800602c                HAL_PCD_DisconnectCallback
 .text.USBD_LL_OpenEP
                0x08006034       0x24 ../../libDaisy//build\libdaisy.a(usbd_conf.o)
                0x08006034                USBD_LL_OpenEP
 .text.USBD_LL_StallEP
                0x08006058       0x1c ../../libDaisy//build\libdaisy.a(usbd_conf.o)
                0x08006058                USBD_LL_StallEP
 .text.USBD_LL_ClearStallEP
                0x08006074       0x1c ../../libDaisy//build\libdaisy.a(usbd_conf.o)
                0x08006074                USBD_LL_ClearStallEP
 .text.USBD_LL_IsStallEP
                0x08006090       0x28 ../../libDaisy//build\libdaisy.a(usbd_conf.o)
                0x08006090                USBD_LL_IsStallEP
 .text.USBD_LL_SetUSBAddress
                0x080060b8       0x1c ../../libDaisy//build\libdaisy.a(usbd_conf.o)
                0x080060b8                USBD_LL_SetUSBAddress
 .text.USBD_LL_Transmit
                0x080060d4       0x1c ../../libDaisy//build\libdaisy.a(usbd_conf.o)
                0x080060d4                USBD_LL_Transmit
 .text.USBD_LL_PrepareReceive
                0x080060f0       0x1c ../../libDaisy//build\libdaisy.a(usbd_conf.o)
                0x080060f0                USBD_LL_PrepareReceive
 .text.HAL_HCD_SOF_Callback
                0x0800610c        0x8 ../../libDaisy//build\libdaisy.a(usbh_conf.o)
                0x0800610c                HAL_HCD_SOF_Callback
 .text.HAL_HCD_Connect_Callback
                0x08006114        0x8 ../../libDaisy//build\libdaisy.a(usbh_conf.o)
                0x08006114                HAL_HCD_Connect_Callback
 .text.HAL_HCD_Disconnect_Callback
                0x0800611c        0x8 ../../libDaisy//build\libdaisy.a(usbh_conf.o)
                0x0800611c                HAL_HCD_Disconnect_Callback
 .text.HAL_HCD_HC_NotifyURBChange_Callback
                0x08006124        0x4 ../../libDaisy//build\libdaisy.a(usbh_conf.o)
                0x08006124                HAL_HCD_HC_NotifyURBChange_Callback
 .text.HAL_HCD_PortEnabled_Callback
                0x08006128        0x8 ../../libDaisy//build\libdaisy.a(usbh_conf.o)
                0x08006128                HAL_HCD_PortEnabled_Callback
 .text.HAL_HCD_PortDisabled_Callback
                0x08006130        0x8 ../../libDaisy//build\libdaisy.a(usbh_conf.o)
                0x08006130                HAL_HCD_PortDisabled_Callback
 .text.USBH_LL_Stop
                0x08006138       0x1c ../../libDaisy//build\libdaisy.a(usbh_conf.o)
                0x08006138                USBH_LL_Stop
 .text.dsy_hal_map_get_port
                0x08006154       0x10 ../../libDaisy//build\libdaisy.a(hal_map.o)
                0x08006154                dsy_hal_map_get_port
 .text.dsy_hal_map_get_pin
                0x08006164       0x10 ../../libDaisy//build\libdaisy.a(hal_map.o)
                0x08006164                dsy_hal_map_get_pin
 .text.dsy_hal_map_gpio_clk_enable
                0x08006174      0x150 ../../libDaisy//build\libdaisy.a(hal_map.o)
                0x08006174                dsy_hal_map_gpio_clk_enable
 .text.HAL_MspInit
                0x080062c4        0x4 ../../libDaisy//build\libdaisy.a(stm32h7xx_hal.o)
                0x080062c4                HAL_MspInit
 .text.HAL_InitTick
                0x080062c8       0x4c ../../libDaisy//build\libdaisy.a(stm32h7xx_hal.o)
                0x080062c8                HAL_InitTick
 .text.HAL_Init
                0x08006314       0x60 ../../libDaisy//build\libdaisy.a(stm32h7xx_hal.o)
                0x08006314                HAL_Init
 .text.HAL_IncTick
                0x08006374       0x18 ../../libDaisy//build\libdaisy.a(stm32h7xx_hal.o)
                0x08006374                HAL_IncTick
 .text.HAL_GetTick
                0x0800638c        0xc ../../libDaisy//build\libdaisy.a(stm32h7xx_hal.o)
                0x0800638c                HAL_GetTick
 .text.HAL_Delay
                0x08006398       0x24 ../../libDaisy//build\libdaisy.a(stm32h7xx_hal.o)
                0x08006398                HAL_Delay
 .text.HAL_GetREVID
                0x080063bc        0xc ../../libDaisy//build\libdaisy.a(stm32h7xx_hal.o)
                0x080063bc                HAL_GetREVID
 .text.HAL_ADC_ConvHalfCpltCallback
                0x080063c8        0x4 ../../libDaisy//build\libdaisy.a(stm32h7xx_hal_adc.o)
                0x080063c8                HAL_ADC_ConvHalfCpltCallback
 .text.ADC_DMAHalfConvCplt
                0x080063cc        0xc ../../libDaisy//build\libdaisy.a(stm32h7xx_hal_adc.o)
                0x080063cc                ADC_DMAHalfConvCplt
 .text.ADC_DMAConvCplt
                0x080063d8       0x6c ../../libDaisy//build\libdaisy.a(stm32h7xx_hal_adc.o)
                0x080063d8                ADC_DMAConvCplt
 .text.ADC_DMAError
                0x08006444       0x1c ../../libDaisy//build\libdaisy.a(stm32h7xx_hal_adc.o)
                0x08006444                ADC_DMAError
 .text.HAL_ADC_ConfigChannel
                0x08006460      0x3fc ../../libDaisy//build\libdaisy.a(stm32h7xx_hal_adc.o)
                0x08006460                HAL_ADC_ConfigChannel
 .text.ADC_Enable
                0x0800685c       0xac ../../libDaisy//build\libdaisy.a(stm32h7xx_hal_adc.o)
                0x0800685c                ADC_Enable
 .text.HAL_ADC_Start_DMA
                0x08006908      0x114 ../../libDaisy//build\libdaisy.a(stm32h7xx_hal_adc.o)
                0x08006908                HAL_ADC_Start_DMA
 .text.ADC_Disable
                0x08006a1c       0x68 ../../libDaisy//build\libdaisy.a(stm32h7xx_hal_adc.o)
                0x08006a1c                ADC_Disable
 .text.ADC_ConfigureBoostMode
                0x08006a84      0x184 ../../libDaisy//build\libdaisy.a(stm32h7xx_hal_adc.o)
                0x08006a84                ADC_ConfigureBoostMode
 .text.HAL_ADC_Init
                0x08006c08      0x218 ../../libDaisy//build\libdaisy.a(stm32h7xx_hal_adc.o)
                0x08006c08                HAL_ADC_Init
 .text.HAL_ADCEx_Calibration_Start
                0x08006e20       0xa4 ../../libDaisy//build\libdaisy.a(stm32h7xx_hal_adc_ex.o)
                0x08006e20                HAL_ADCEx_Calibration_Start
 .text.HAL_ADCEx_MultiModeConfigChannel
                0x08006ec4       0xc4 ../../libDaisy//build\libdaisy.a(stm32h7xx_hal_adc_ex.o)
                0x08006ec4                HAL_ADCEx_MultiModeConfigChannel
 .text.HAL_NVIC_SetPriorityGrouping
                0x08006f88       0x24 ../../libDaisy//build\libdaisy.a(stm32h7xx_hal_cortex.o)
                0x08006f88                HAL_NVIC_SetPriorityGrouping
 .text.HAL_NVIC_SetPriority
                0x08006fac       0x7c ../../libDaisy//build\libdaisy.a(stm32h7xx_hal_cortex.o)
                0x08006fac                HAL_NVIC_SetPriority
 .text.HAL_NVIC_EnableIRQ
                0x08007028       0x1c ../../libDaisy//build\libdaisy.a(stm32h7xx_hal_cortex.o)
                0x08007028                HAL_NVIC_EnableIRQ
 .text.HAL_NVIC_DisableIRQ
                0x08007044       0x28 ../../libDaisy//build\libdaisy.a(stm32h7xx_hal_cortex.o)
                0x08007044                HAL_NVIC_DisableIRQ
 .text.HAL_SYSTICK_Config
                0x0800706c       0x2c ../../libDaisy//build\libdaisy.a(stm32h7xx_hal_cortex.o)
                0x0800706c                HAL_SYSTICK_Config
 .text.HAL_MPU_Disable
                0x08007098       0x1c ../../libDaisy//build\libdaisy.a(stm32h7xx_hal_cortex.o)
                0x08007098                HAL_MPU_Disable
 .text.HAL_MPU_Enable
                0x080070b4       0x20 ../../libDaisy//build\libdaisy.a(stm32h7xx_hal_cortex.o)
                0x080070b4                HAL_MPU_Enable
 .text.HAL_MPU_ConfigRegion
                0x080070d4       0x64 ../../libDaisy//build\libdaisy.a(stm32h7xx_hal_cortex.o)
                0x080070d4                HAL_MPU_ConfigRegion
 .text.HAL_SYSTICK_Callback
                0x08007138        0x4 ../../libDaisy//build\libdaisy.a(stm32h7xx_hal_cortex.o)
                0x08007138                HAL_SYSTICK_Callback
 .text.HAL_SYSTICK_IRQHandler
                0x0800713c        0x8 ../../libDaisy//build\libdaisy.a(stm32h7xx_hal_cortex.o)
                0x0800713c                HAL_SYSTICK_IRQHandler
 .text.DMA_CalcBaseAndBitshift
                0x08007144       0xf4 ../../libDaisy//build\libdaisy.a(stm32h7xx_hal_dma.o)
 .text.DMA_CalcDMAMUXChannelBaseAndMask
                0x08007238       0xd8 ../../libDaisy//build\libdaisy.a(stm32h7xx_hal_dma.o)
 .text.HAL_DMA_Init
                0x08007310      0x37c ../../libDaisy//build\libdaisy.a(stm32h7xx_hal_dma.o)
                0x08007310                HAL_DMA_Init
 .text.HAL_DMA_Start_IT
                0x0800768c      0x240 ../../libDaisy//build\libdaisy.a(stm32h7xx_hal_dma.o)
                0x0800768c                HAL_DMA_Start_IT
 .text.HAL_DMA_Abort_IT
                0x080078cc      0x134 ../../libDaisy//build\libdaisy.a(stm32h7xx_hal_dma.o)
                0x080078cc                HAL_DMA_Abort_IT
 .text.HAL_DMA_IRQHandler
                0x08007a00      0x6a0 ../../libDaisy//build\libdaisy.a(stm32h7xx_hal_dma.o)
                0x08007a00                HAL_DMA_IRQHandler
 .text.HAL_DMA_GetError
                0x080080a0        0x4 ../../libDaisy//build\libdaisy.a(stm32h7xx_hal_dma.o)
                0x080080a0                HAL_DMA_GetError
 .text.HAL_GPIO_Init
                0x080080a4      0x280 ../../libDaisy//build\libdaisy.a(stm32h7xx_hal_gpio.o)
                0x080080a4                HAL_GPIO_Init
 .text.HAL_GPIO_DeInit
                0x08008324      0x190 ../../libDaisy//build\libdaisy.a(stm32h7xx_hal_gpio.o)
                0x08008324                HAL_GPIO_DeInit
 .text.HAL_GPIO_ReadPin
                0x080084b4        0xc ../../libDaisy//build\libdaisy.a(stm32h7xx_hal_gpio.o)
                0x080084b4                HAL_GPIO_ReadPin
 .text.HAL_GPIO_WritePin
                0x080084c0        0x8 ../../libDaisy//build\libdaisy.a(stm32h7xx_hal_gpio.o)
                0x080084c0                HAL_GPIO_WritePin
 .text.HAL_HCD_IRQHandler
                0x080084c8      0x780 ../../libDaisy//build\libdaisy.a(stm32h7xx_hal_hcd.o)
                0x080084c8                HAL_HCD_IRQHandler
 .text.HAL_HCD_Stop
                0x08008c48       0x28 ../../libDaisy//build\libdaisy.a(stm32h7xx_hal_hcd.o)
                0x08008c48                HAL_HCD_Stop
 .text.I2C_WaitOnTXISFlagUntilTimeout
                0x08008c70       0xb8 ../../libDaisy//build\libdaisy.a(stm32h7xx_hal_i2c.o)
 .text.I2C_WaitOnSTOPFlagUntilTimeout
                0x08008d28       0xac ../../libDaisy//build\libdaisy.a(stm32h7xx_hal_i2c.o)
 .text.HAL_I2C_Init
                0x08008dd4       0xac ../../libDaisy//build\libdaisy.a(stm32h7xx_hal_i2c.o)
                0x08008dd4                HAL_I2C_Init
 .text.HAL_I2C_Master_Transmit
                0x08008e80      0x1a8 ../../libDaisy//build\libdaisy.a(stm32h7xx_hal_i2c.o)
                0x08008e80                HAL_I2C_Master_Transmit
 .text.HAL_I2C_Slave_Transmit
                0x08009028      0x1c8 ../../libDaisy//build\libdaisy.a(stm32h7xx_hal_i2c.o)
                0x08009028                HAL_I2C_Slave_Transmit
 .text.HAL_I2C_EV_IRQHandler
                0x080091f0       0x10 ../../libDaisy//build\libdaisy.a(stm32h7xx_hal_i2c.o)
                0x080091f0                HAL_I2C_EV_IRQHandler
 .text.HAL_I2C_GetState
                0x08009200        0x8 ../../libDaisy//build\libdaisy.a(stm32h7xx_hal_i2c.o)
                0x08009200                HAL_I2C_GetState
 .text.HAL_I2CEx_ConfigAnalogFilter
                0x08009208       0x54 ../../libDaisy//build\libdaisy.a(stm32h7xx_hal_i2c_ex.o)
                0x08009208                HAL_I2CEx_ConfigAnalogFilter
 .text.HAL_I2CEx_ConfigDigitalFilter
                0x0800925c       0x58 ../../libDaisy//build\libdaisy.a(stm32h7xx_hal_i2c_ex.o)
                0x0800925c                HAL_I2CEx_ConfigDigitalFilter
 .text.HAL_PCD_IRQHandler
                0x080092b4      0x69c ../../libDaisy//build\libdaisy.a(stm32h7xx_hal_pcd.o)
                0x080092b4                HAL_PCD_IRQHandler
 .text.HAL_PCD_SetAddress
                0x08009950       0x2c ../../libDaisy//build\libdaisy.a(stm32h7xx_hal_pcd.o)
                0x08009950                HAL_PCD_SetAddress
 .text.HAL_PCD_EP_Open
                0x0800997c       0x7c ../../libDaisy//build\libdaisy.a(stm32h7xx_hal_pcd.o)
                0x0800997c                HAL_PCD_EP_Open
 .text.HAL_PCD_EP_Receive
                0x080099f8       0x50 ../../libDaisy//build\libdaisy.a(stm32h7xx_hal_pcd.o)
                0x080099f8                HAL_PCD_EP_Receive
 .text.HAL_PCD_EP_Transmit
                0x08009a48       0x50 ../../libDaisy//build\libdaisy.a(stm32h7xx_hal_pcd.o)
                0x08009a48                HAL_PCD_EP_Transmit
 .text.HAL_PCD_EP_SetStall
                0x08009a98       0x88 ../../libDaisy//build\libdaisy.a(stm32h7xx_hal_pcd.o)
                0x08009a98                HAL_PCD_EP_SetStall
 .text.HAL_PCD_EP_ClrStall
                0x08009b20       0x78 ../../libDaisy//build\libdaisy.a(stm32h7xx_hal_pcd.o)
                0x08009b20                HAL_PCD_EP_ClrStall
 .text.HAL_PCDEx_LPM_Callback
                0x08009b98        0x4 ../../libDaisy//build\libdaisy.a(stm32h7xx_hal_pcd_ex.o)
                0x08009b98                HAL_PCDEx_LPM_Callback
 .text.HAL_PWREx_ConfigSupply
                0x08009b9c       0x4c ../../libDaisy//build\libdaisy.a(stm32h7xx_hal_pwr_ex.o)
                0x08009b9c                HAL_PWREx_ConfigSupply
 .text.HAL_PWREx_EnableUSBVoltageDetector
                0x08009be8       0x10 ../../libDaisy//build\libdaisy.a(stm32h7xx_hal_pwr_ex.o)
                0x08009be8                HAL_PWREx_EnableUSBVoltageDetector
 .text.QSPI_Config
                0x08009bf8      0x174 ../../libDaisy//build\libdaisy.a(stm32h7xx_hal_qspi.o)
 .text.HAL_QSPI_Init
                0x08009d6c       0xd8 ../../libDaisy//build\libdaisy.a(stm32h7xx_hal_qspi.o)
                0x08009d6c                HAL_QSPI_Init
 .text.HAL_QSPI_DeInit
                0x08009e44       0x3c ../../libDaisy//build\libdaisy.a(stm32h7xx_hal_qspi.o)
                0x08009e44                HAL_QSPI_DeInit
 .text.HAL_QSPI_Command
                0x08009e80       0xd4 ../../libDaisy//build\libdaisy.a(stm32h7xx_hal_qspi.o)
                0x08009e80                HAL_QSPI_Command
 .text.HAL_QSPI_Transmit
                0x08009f54       0xfc ../../libDaisy//build\libdaisy.a(stm32h7xx_hal_qspi.o)
                0x08009f54                HAL_QSPI_Transmit
 .text.HAL_QSPI_Receive
                0x0800a050      0x108 ../../libDaisy//build\libdaisy.a(stm32h7xx_hal_qspi.o)
                0x0800a050                HAL_QSPI_Receive
 .text.HAL_QSPI_AutoPolling
                0x0800a158       0xf0 ../../libDaisy//build\libdaisy.a(stm32h7xx_hal_qspi.o)
                0x0800a158                HAL_QSPI_AutoPolling
 .text.HAL_QSPI_MemoryMapped
                0x0800a248       0xc0 ../../libDaisy//build\libdaisy.a(stm32h7xx_hal_qspi.o)
                0x0800a248                HAL_QSPI_MemoryMapped
 .text.HAL_QSPI_ErrorCallback
                0x0800a308        0x4 ../../libDaisy//build\libdaisy.a(stm32h7xx_hal_qspi.o)
                0x0800a308                HAL_QSPI_ErrorCallback
 .text.QSPI_DMAAbortCplt
                0x0800a30c       0x38 ../../libDaisy//build\libdaisy.a(stm32h7xx_hal_qspi.o)
 .text.HAL_QSPI_AbortCpltCallback
                0x0800a344        0x4 ../../libDaisy//build\libdaisy.a(stm32h7xx_hal_qspi.o)
                0x0800a344                HAL_QSPI_AbortCpltCallback
 .text.HAL_QSPI_CmdCpltCallback
                0x0800a348        0x4 ../../libDaisy//build\libdaisy.a(stm32h7xx_hal_qspi.o)
                0x0800a348                HAL_QSPI_CmdCpltCallback
 .text.HAL_QSPI_RxCpltCallback
                0x0800a34c        0x4 ../../libDaisy//build\libdaisy.a(stm32h7xx_hal_qspi.o)
                0x0800a34c                HAL_QSPI_RxCpltCallback
 .text.HAL_QSPI_TxCpltCallback
                0x0800a350        0x4 ../../libDaisy//build\libdaisy.a(stm32h7xx_hal_qspi.o)
                0x0800a350                HAL_QSPI_TxCpltCallback
 .text.HAL_QSPI_FifoThresholdCallback
                0x0800a354        0x4 ../../libDaisy//build\libdaisy.a(stm32h7xx_hal_qspi.o)
                0x0800a354                HAL_QSPI_FifoThresholdCallback
 .text.HAL_QSPI_StatusMatchCallback
                0x0800a358        0x4 ../../libDaisy//build\libdaisy.a(stm32h7xx_hal_qspi.o)
                0x0800a358                HAL_QSPI_StatusMatchCallback
 .text.HAL_QSPI_TimeOutCallback
                0x0800a35c        0x4 ../../libDaisy//build\libdaisy.a(stm32h7xx_hal_qspi.o)
                0x0800a35c                HAL_QSPI_TimeOutCallback
 .text.HAL_QSPI_IRQHandler
                0x0800a360      0x210 ../../libDaisy//build\libdaisy.a(stm32h7xx_hal_qspi.o)
                0x0800a360                HAL_QSPI_IRQHandler
 .text.HAL_RCC_OscConfig
                0x0800a570      0x51c ../../libDaisy//build\libdaisy.a(stm32h7xx_hal_rcc.o)
                0x0800a570                HAL_RCC_OscConfig
 .text.HAL_RCC_GetSysClockFreq
                0x0800aa8c      0x140 ../../libDaisy//build\libdaisy.a(stm32h7xx_hal_rcc.o)
                0x0800aa8c                HAL_RCC_GetSysClockFreq
 .text.HAL_RCC_ClockConfig
                0x0800abcc      0x234 ../../libDaisy//build\libdaisy.a(stm32h7xx_hal_rcc.o)
                0x0800abcc                HAL_RCC_ClockConfig
 .text.HAL_RCC_GetHCLKFreq
                0x0800ae00       0x2c ../../libDaisy//build\libdaisy.a(stm32h7xx_hal_rcc.o)
                0x0800ae00                HAL_RCC_GetHCLKFreq
 .text.HAL_RCC_GetPCLK1Freq
                0x0800ae2c       0x38 ../../libDaisy//build\libdaisy.a(stm32h7xx_hal_rcc.o)
                0x0800ae2c                HAL_RCC_GetPCLK1Freq
 .text.HAL_RCC_GetPCLK2Freq
                0x0800ae64       0x38 ../../libDaisy//build\libdaisy.a(stm32h7xx_hal_rcc.o)
                0x0800ae64                HAL_RCC_GetPCLK2Freq
 .text.RCCEx_PLL2_Config
                0x0800ae9c       0xf4 ../../libDaisy//build\libdaisy.a(stm32h7xx_hal_rcc_ex.o)
 .text.RCCEx_PLL3_Config
                0x0800af90       0xf4 ../../libDaisy//build\libdaisy.a(stm32h7xx_hal_rcc_ex.o)
 .text.HAL_RCCEx_PeriphCLKConfig
                0x0800b084      0xa7c ../../libDaisy//build\libdaisy.a(stm32h7xx_hal_rcc_ex.o)
                0x0800b084                HAL_RCCEx_PeriphCLKConfig
 .text.HAL_RCCEx_GetD3PCLK1Freq
                0x0800bb00       0x24 ../../libDaisy//build\libdaisy.a(stm32h7xx_hal_rcc_ex.o)
                0x0800bb00                HAL_RCCEx_GetD3PCLK1Freq
 .text.HAL_RCCEx_GetPLL2ClockFreq
                0x0800bb24      0x17c ../../libDaisy//build\libdaisy.a(stm32h7xx_hal_rcc_ex.o)
                0x0800bb24                HAL_RCCEx_GetPLL2ClockFreq
 .text.HAL_RCCEx_GetPLL3ClockFreq
                0x0800bca0      0x17c ../../libDaisy//build\libdaisy.a(stm32h7xx_hal_rcc_ex.o)
                0x0800bca0                HAL_RCCEx_GetPLL3ClockFreq
 .text.HAL_RCCEx_GetPLL1ClockFreq
                0x0800be1c      0x17c ../../libDaisy//build\libdaisy.a(stm32h7xx_hal_rcc_ex.o)
                0x0800be1c                HAL_RCCEx_GetPLL1ClockFreq
 .text.HAL_RCCEx_GetPeriphCLKFreq
                0x0800bf98      0x198 ../../libDaisy//build\libdaisy.a(stm32h7xx_hal_rcc_ex.o)
                0x0800bf98                HAL_RCCEx_GetPeriphCLKFreq
 .text.HAL_RCCEx_GetD1SysClockFreq
                0x0800c130       0x2c ../../libDaisy//build\libdaisy.a(stm32h7xx_hal_rcc_ex.o)
                0x0800c130                HAL_RCCEx_GetD1SysClockFreq
 .text.HAL_SAI_Init.part.0
                0x0800c15c      0x348 ../../libDaisy//build\libdaisy.a(stm32h7xx_hal_sai.o)
 .text.HAL_SAI_InitProtocol
                0x0800c4a4      0x178 ../../libDaisy//build\libdaisy.a(stm32h7xx_hal_sai.o)
                0x0800c4a4                HAL_SAI_InitProtocol
 .text.HAL_SAI_Transmit_DMA
                0x0800c61c      0x124 ../../libDaisy//build\libdaisy.a(stm32h7xx_hal_sai.o)
                0x0800c61c                HAL_SAI_Transmit_DMA
 .text.HAL_SAI_Receive_DMA
                0x0800c740       0xd0 ../../libDaisy//build\libdaisy.a(stm32h7xx_hal_sai.o)
                0x0800c740                HAL_SAI_Receive_DMA
 .text.HAL_SAI_TxCpltCallback
                0x0800c810        0x4 ../../libDaisy//build\libdaisy.a(stm32h7xx_hal_sai.o)
                0x0800c810                HAL_SAI_TxCpltCallback
 .text.SAI_DMATxCplt
                0x0800c814       0x64 ../../libDaisy//build\libdaisy.a(stm32h7xx_hal_sai.o)
 .text.HAL_SAI_TxHalfCpltCallback
                0x0800c878        0x4 ../../libDaisy//build\libdaisy.a(stm32h7xx_hal_sai.o)
                0x0800c878                HAL_SAI_TxHalfCpltCallback
 .text.SAI_DMATxHalfCplt
                0x0800c87c        0xc ../../libDaisy//build\libdaisy.a(stm32h7xx_hal_sai.o)
 .text.SAI_DMARxCplt
                0x0800c888       0x64 ../../libDaisy//build\libdaisy.a(stm32h7xx_hal_sai.o)
 .text.SAI_DMARxHalfCplt
                0x0800c8ec        0xc ../../libDaisy//build\libdaisy.a(stm32h7xx_hal_sai.o)
 .text.HAL_SAI_ErrorCallback
                0x0800c8f8        0x4 ../../libDaisy//build\libdaisy.a(stm32h7xx_hal_sai.o)
                0x0800c8f8                HAL_SAI_ErrorCallback
 .text.SAI_DMAError
                0x0800c8fc       0x6c ../../libDaisy//build\libdaisy.a(stm32h7xx_hal_sai.o)
 .text.HAL_SDRAM_Init
                0x0800c968       0x54 ../../libDaisy//build\libdaisy.a(stm32h7xx_hal_sdram.o)
                0x0800c968                HAL_SDRAM_Init
 .text.HAL_SDRAM_SendCommand
                0x0800c9bc       0x40 ../../libDaisy//build\libdaisy.a(stm32h7xx_hal_sdram.o)
                0x0800c9bc                HAL_SDRAM_SendCommand
 .text.HAL_SDRAM_ProgramRefreshRate
                0x0800c9fc       0x30 ../../libDaisy//build\libdaisy.a(stm32h7xx_hal_sdram.o)
                0x0800c9fc                HAL_SDRAM_ProgramRefreshRate
 .text.HAL_UART_Transmit
                0x0800ca2c      0x120 ../../libDaisy//build\libdaisy.a(stm32h7xx_hal_uart.o)
                0x0800ca2c                HAL_UART_Transmit
 .text.HAL_UART_Transmit_DMA
                0x0800cb4c       0xa4 ../../libDaisy//build\libdaisy.a(stm32h7xx_hal_uart.o)
                0x0800cb4c                HAL_UART_Transmit_DMA
 .text.HAL_UART_Receive_DMA
                0x0800cbf0       0xac ../../libDaisy//build\libdaisy.a(stm32h7xx_hal_uart.o)
                0x0800cbf0                HAL_UART_Receive_DMA
 .text.UART_DMATransmitCplt
                0x0800cc9c       0x2c ../../libDaisy//build\libdaisy.a(stm32h7xx_hal_uart.o)
 .text.HAL_UART_TxHalfCpltCallback
                0x0800ccc8        0x4 ../../libDaisy//build\libdaisy.a(stm32h7xx_hal_uart.o)
                0x0800ccc8                HAL_UART_TxHalfCpltCallback
 .text.UART_DMATxHalfCplt
                0x0800cccc        0xc ../../libDaisy//build\libdaisy.a(stm32h7xx_hal_uart.o)
 .text.UART_DMAReceiveCplt
                0x0800ccd8       0x38 ../../libDaisy//build\libdaisy.a(stm32h7xx_hal_uart.o)
 .text.UART_DMARxHalfCplt
                0x0800cd10        0xc ../../libDaisy//build\libdaisy.a(stm32h7xx_hal_uart.o)
 .text.UART_DMAError
                0x0800cd1c       0x78 ../../libDaisy//build\libdaisy.a(stm32h7xx_hal_uart.o)
 .text.HAL_UART_IRQHandler
                0x0800cd94      0x1d0 ../../libDaisy//build\libdaisy.a(stm32h7xx_hal_uart.o)
                0x0800cd94                HAL_UART_IRQHandler
 .text.UART_DMAAbortOnError
                0x0800cf64       0x14 ../../libDaisy//build\libdaisy.a(stm32h7xx_hal_uart.o)
 .text.HAL_UART_GetState
                0x0800cf78        0xc ../../libDaisy//build\libdaisy.a(stm32h7xx_hal_uart.o)
                0x0800cf78                HAL_UART_GetState
 .text.UART_SetConfig
                0x0800cf84     0x14b8 ../../libDaisy//build\libdaisy.a(stm32h7xx_hal_uart.o)
                0x0800cf84                UART_SetConfig
 .text.UART_AdvFeatureConfig
                0x0800e43c       0xb0 ../../libDaisy//build\libdaisy.a(stm32h7xx_hal_uart.o)
                0x0800e43c                UART_AdvFeatureConfig
 .text.UART_CheckIdleState
                0x0800e4ec       0x84 ../../libDaisy//build\libdaisy.a(stm32h7xx_hal_uart.o)
                0x0800e4ec                UART_CheckIdleState
 .text.HAL_UART_Init
                0x0800e570       0x68 ../../libDaisy//build\libdaisy.a(stm32h7xx_hal_uart.o)
                0x0800e570                HAL_UART_Init
 .text.HAL_UARTEx_WakeupCallback
                0x0800e5d8        0x4 ../../libDaisy//build\libdaisy.a(stm32h7xx_hal_uart_ex.o)
                0x0800e5d8                HAL_UARTEx_WakeupCallback
 .text.HAL_UARTEx_RxFifoFullCallback
                0x0800e5dc        0x4 ../../libDaisy//build\libdaisy.a(stm32h7xx_hal_uart_ex.o)
                0x0800e5dc                HAL_UARTEx_RxFifoFullCallback
 .text.HAL_UARTEx_TxFifoEmptyCallback
                0x0800e5e0        0x4 ../../libDaisy//build\libdaisy.a(stm32h7xx_hal_uart_ex.o)
                0x0800e5e0                HAL_UARTEx_TxFifoEmptyCallback
 .text.HAL_UARTEx_DisableFifoMode
                0x0800e5e4       0x3c ../../libDaisy//build\libdaisy.a(stm32h7xx_hal_uart_ex.o)
                0x0800e5e4                HAL_UARTEx_DisableFifoMode
 .text.HAL_UARTEx_SetTxFifoThreshold
                0x0800e620       0x9c ../../libDaisy//build\libdaisy.a(stm32h7xx_hal_uart_ex.o)
                0x0800e620                HAL_UARTEx_SetTxFifoThreshold
 .text.HAL_UARTEx_SetRxFifoThreshold
                0x0800e6bc       0x9c ../../libDaisy//build\libdaisy.a(stm32h7xx_hal_uart_ex.o)
                0x0800e6bc                HAL_UARTEx_SetRxFifoThreshold
 .text.FMC_SDRAM_Init
                0x0800e758       0x7c ../../libDaisy//build\libdaisy.a(stm32h7xx_ll_fmc.o)
                0x0800e758                FMC_SDRAM_Init
 .text.FMC_SDRAM_Timing_Init
                0x0800e7d4       0x98 ../../libDaisy//build\libdaisy.a(stm32h7xx_ll_fmc.o)
                0x0800e7d4                FMC_SDRAM_Timing_Init
 .text.FMC_SDRAM_SendCommand
                0x0800e86c       0x28 ../../libDaisy//build\libdaisy.a(stm32h7xx_ll_fmc.o)
                0x0800e86c                FMC_SDRAM_SendCommand
 .text.FMC_SDRAM_ProgramRefreshRate
                0x0800e894       0x1c ../../libDaisy//build\libdaisy.a(stm32h7xx_ll_fmc.o)
                0x0800e894                FMC_SDRAM_ProgramRefreshRate
 .text.USB_SetTurnaroundTime
                0x0800e8b0      0x104 ../../libDaisy//build\libdaisy.a(stm32h7xx_ll_usb.o)
                0x0800e8b0                USB_SetTurnaroundTime
 .text.USB_FlushTxFifo
                0x0800e9b4       0x34 ../../libDaisy//build\libdaisy.a(stm32h7xx_ll_usb.o)
                0x0800e9b4                USB_FlushTxFifo
 .text.USB_GetDevSpeed
                0x0800e9e8       0x24 ../../libDaisy//build\libdaisy.a(stm32h7xx_ll_usb.o)
                0x0800e9e8                USB_GetDevSpeed
 .text.USB_ActivateEndpoint
                0x0800ea0c       0x90 ../../libDaisy//build\libdaisy.a(stm32h7xx_ll_usb.o)
                0x0800ea0c                USB_ActivateEndpoint
 .text.USB_EPStartXfer
                0x0800ea9c      0x230 ../../libDaisy//build\libdaisy.a(stm32h7xx_ll_usb.o)
                0x0800ea9c                USB_EPStartXfer
 .text.USB_EP0StartXfer
                0x0800eccc      0x174 ../../libDaisy//build\libdaisy.a(stm32h7xx_ll_usb.o)
                0x0800eccc                USB_EP0StartXfer
 .text.USB_WritePacket
                0x0800ee40       0x2c ../../libDaisy//build\libdaisy.a(stm32h7xx_ll_usb.o)
                0x0800ee40                USB_WritePacket
 .text.USB_ReadPacket
                0x0800ee6c       0x20 ../../libDaisy//build\libdaisy.a(stm32h7xx_ll_usb.o)
                0x0800ee6c                USB_ReadPacket
 .text.USB_EPSetStall
                0x0800ee8c       0x68 ../../libDaisy//build\libdaisy.a(stm32h7xx_ll_usb.o)
                0x0800ee8c                USB_EPSetStall
 .text.USB_EPClearStall
                0x0800eef4       0x58 ../../libDaisy//build\libdaisy.a(stm32h7xx_ll_usb.o)
                0x0800eef4                USB_EPClearStall
 .text.USB_SetDevAddress
                0x0800ef4c       0x24 ../../libDaisy//build\libdaisy.a(stm32h7xx_ll_usb.o)
                0x0800ef4c                USB_SetDevAddress
 .text.USB_ReadInterrupts
                0x0800ef70       0x14 ../../libDaisy//build\libdaisy.a(stm32h7xx_ll_usb.o)
                0x0800ef70                USB_ReadInterrupts
 .text.USB_ReadDevAllOutEpInterrupt
                0x0800ef84       0x1c ../../libDaisy//build\libdaisy.a(stm32h7xx_ll_usb.o)
                0x0800ef84                USB_ReadDevAllOutEpInterrupt
 .text.USB_ReadDevAllInEpInterrupt
                0x0800efa0       0x1c ../../libDaisy//build\libdaisy.a(stm32h7xx_ll_usb.o)
                0x0800efa0                USB_ReadDevAllInEpInterrupt
 .text.USB_ReadDevOutEPInterrupt
                0x0800efbc       0x1c ../../libDaisy//build\libdaisy.a(stm32h7xx_ll_usb.o)
                0x0800efbc                USB_ReadDevOutEPInterrupt
 .text.USB_ReadDevInEPInterrupt
                0x0800efd8       0x38 ../../libDaisy//build\libdaisy.a(stm32h7xx_ll_usb.o)
                0x0800efd8                USB_ReadDevInEPInterrupt
 .text.USB_GetMode
                0x0800f010        0x8 ../../libDaisy//build\libdaisy.a(stm32h7xx_ll_usb.o)
                0x0800f010                USB_GetMode
 .text.USB_ActivateSetup
                0x0800f018       0x38 ../../libDaisy//build\libdaisy.a(stm32h7xx_ll_usb.o)
                0x0800f018                USB_ActivateSetup
 .text.USB_EP0_OutStart
                0x0800f050       0x58 ../../libDaisy//build\libdaisy.a(stm32h7xx_ll_usb.o)
                0x0800f050                USB_EP0_OutStart
 .text.USB_InitFSLSPClkSel
                0x0800f0a8       0x44 ../../libDaisy//build\libdaisy.a(stm32h7xx_ll_usb.o)
                0x0800f0a8                USB_InitFSLSPClkSel
 .text.USB_HC_ReadInterrupt
                0x0800f0ec        0x8 ../../libDaisy//build\libdaisy.a(stm32h7xx_ll_usb.o)
                0x0800f0ec                USB_HC_ReadInterrupt
 .text.USB_HC_Halt
                0x0800f0f4       0xc0 ../../libDaisy//build\libdaisy.a(stm32h7xx_ll_usb.o)
                0x0800f0f4                USB_HC_Halt
 .text.USB_StopHost
                0x0800f1b4      0x2ec ../../libDaisy//build\libdaisy.a(stm32h7xx_ll_usb.o)
                0x0800f1b4                USB_StopHost
 .text.USBD_SetClassConfig
                0x0800f4a0       0x14 ../../libDaisy//build\libdaisy.a(usbd_core.o)
                0x0800f4a0                USBD_SetClassConfig
 .text.USBD_ClrClassConfig
                0x0800f4b4       0x10 ../../libDaisy//build\libdaisy.a(usbd_core.o)
                0x0800f4b4                USBD_ClrClassConfig
 .text.USBD_LL_SetupStage
                0x0800f4c4       0x5c ../../libDaisy//build\libdaisy.a(usbd_core.o)
                0x0800f4c4                USBD_LL_SetupStage
 .text.USBD_LL_DataOutStage
                0x0800f520       0x7c ../../libDaisy//build\libdaisy.a(usbd_core.o)
                0x0800f520                USBD_LL_DataOutStage
 .text.USBD_LL_DataInStage
                0x0800f59c       0xcc ../../libDaisy//build\libdaisy.a(usbd_core.o)
                0x0800f59c                USBD_LL_DataInStage
 .text.USBD_LL_Reset
                0x0800f668       0x50 ../../libDaisy//build\libdaisy.a(usbd_core.o)
                0x0800f668                USBD_LL_Reset
 .text.USBD_LL_SetSpeed
                0x0800f6b8        0x8 ../../libDaisy//build\libdaisy.a(usbd_core.o)
                0x0800f6b8                USBD_LL_SetSpeed
 .text.USBD_LL_Suspend
                0x0800f6c0       0x14 ../../libDaisy//build\libdaisy.a(usbd_core.o)
                0x0800f6c0                USBD_LL_Suspend
 .text.USBD_LL_Resume
                0x0800f6d4       0x10 ../../libDaisy//build\libdaisy.a(usbd_core.o)
                0x0800f6d4                USBD_LL_Resume
 .text.USBD_LL_SOF
                0x0800f6e4       0x1c ../../libDaisy//build\libdaisy.a(usbd_core.o)
                0x0800f6e4                USBD_LL_SOF
 .text.USBD_LL_IsoINIncomplete
                0x0800f700        0x4 ../../libDaisy//build\libdaisy.a(usbd_core.o)
                0x0800f700                USBD_LL_IsoINIncomplete
 .text.USBD_LL_IsoOUTIncomplete
                0x0800f704        0x4 ../../libDaisy//build\libdaisy.a(usbd_core.o)
                0x0800f704                USBD_LL_IsoOUTIncomplete
 .text.USBD_LL_DevConnected
                0x0800f708        0x4 ../../libDaisy//build\libdaisy.a(usbd_core.o)
                0x0800f708                USBD_LL_DevConnected
 .text.USBD_LL_DevDisconnected
                0x0800f70c       0x18 ../../libDaisy//build\libdaisy.a(usbd_core.o)
                0x0800f70c                USBD_LL_DevDisconnected
 .text.USBD_StdDevReq
                0x0800f724      0x304 ../../libDaisy//build\libdaisy.a(usbd_ctlreq.o)
                0x0800f724                USBD_StdDevReq
 .text.USBD_StdItfReq
                0x0800fa28       0x68 ../../libDaisy//build\libdaisy.a(usbd_ctlreq.o)
                0x0800fa28                USBD_StdItfReq
 .text.USBD_StdEPReq
                0x0800fa90      0x13c ../../libDaisy//build\libdaisy.a(usbd_ctlreq.o)
                0x0800fa90                USBD_StdEPReq
 .text.USBD_ParseSetupRequest
                0x0800fbcc       0x28 ../../libDaisy//build\libdaisy.a(usbd_ctlreq.o)
                0x0800fbcc                USBD_ParseSetupRequest
 .text.USBD_CtlSendData
                0x0800fbf4       0x1c ../../libDaisy//build\libdaisy.a(usbd_ioreq.o)
                0x0800fbf4                USBD_CtlSendData
 .text.USBD_CtlContinueSendData
                0x0800fc10       0x14 ../../libDaisy//build\libdaisy.a(usbd_ioreq.o)
                0x0800fc10                USBD_CtlContinueSendData
 .text.USBD_CtlContinueRx
                0x0800fc24       0x14 ../../libDaisy//build\libdaisy.a(usbd_ioreq.o)
                0x0800fc24                USBD_CtlContinueRx
 .text.USBD_CtlSendStatus
                0x0800fc38       0x18 ../../libDaisy//build\libdaisy.a(usbd_ioreq.o)
                0x0800fc38                USBD_CtlSendStatus
 .text.USBD_CtlReceiveStatus
                0x0800fc50       0x18 ../../libDaisy//build\libdaisy.a(usbd_ioreq.o)
                0x0800fc50                USBD_CtlReceiveStatus
 .text.USBH_LL_IncTimer
                0x0800fc68       0x20 ../../libDaisy//build\libdaisy.a(usbh_core.o)
                0x0800fc68                USBH_LL_IncTimer
 .text.USBH_LL_PortEnabled
                0x0800fc88        0x8 ../../libDaisy//build\libdaisy.a(usbh_core.o)
                0x0800fc88                USBH_LL_PortEnabled
 .text.USBH_LL_PortDisabled
                0x0800fc90        0x8 ../../libDaisy//build\libdaisy.a(usbh_core.o)
                0x0800fc90                USBH_LL_PortDisabled
 .text.USBH_LL_Connect
                0x0800fc98       0x18 ../../libDaisy//build\libdaisy.a(usbh_core.o)
                0x0800fc98                USBH_LL_Connect
 .text.USBH_LL_Disconnect
                0x0800fcb0       0x2c ../../libDaisy//build\libdaisy.a(usbh_core.o)
                0x0800fcb0                USBH_LL_Disconnect
 .text.USBH_FreePipe
                0x0800fcdc       0x18 ../../libDaisy//build\libdaisy.a(usbh_pipes.o)
                0x0800fcdc                USBH_FreePipe
 .text._ZN5daisy6Random4InitEv
                0x0800fcf4       0x3c ../../libDaisy//build\libdaisy.a(rng.o)
                0x0800fcf4                daisy::Random::Init()
 .text._ZN5daisy9SpiHandle4Impl7InitDmaEv
                0x0800fd30       0xec ../../libDaisy//build\libdaisy.a(spi.o)
                0x0800fd30                daisy::SpiHandle::Impl::InitDma()
 .text._ZN5daisy9SpiHandle4Impl10StartDmaTxEPhjPFvPvEPFvS3_NS0_6ResultEES3_
                0x0800fe1c       0xc8 ../../libDaisy//build\libdaisy.a(spi.o)
                0x0800fe1c                daisy::SpiHandle::Impl::StartDmaTx(unsigned char*, unsigned int, void (*)(void*), void (*)(void*, daisy::SpiHandle::Result), void*)
 .text._ZN5daisy9SpiHandle4Impl10StartDmaRxEPhjPFvPvEPFvS3_NS0_6ResultEES3_
                0x0800fee4       0xc8 ../../libDaisy//build\libdaisy.a(spi.o)
                0x0800fee4                daisy::SpiHandle::Impl::StartDmaRx(unsigned char*, unsigned int, void (*)(void*), void (*)(void*, daisy::SpiHandle::Result), void*)
 .text._ZN5daisy9SpiHandle4Impl12StartDmaRxTxEPhS2_jPFvPvEPFvS3_NS0_6ResultEES3_
                0x0800ffac       0xcc ../../libDaisy//build\libdaisy.a(spi.o)
                0x0800ffac                daisy::SpiHandle::Impl::StartDmaRxTx(unsigned char*, unsigned char*, unsigned int, void (*)(void*), void (*)(void*, daisy::SpiHandle::Result), void*)
 .text._ZN5daisy9SpiHandle4Impl8InitPinsEv
                0x08010078      0x274 ../../libDaisy//build\libdaisy.a(spi.o)
                0x08010078                daisy::SpiHandle::Impl::InitPins()
 .text.HAL_SPI_MspInit
                0x080102ec      0x1a8 ../../libDaisy//build\libdaisy.a(spi.o)
                0x080102ec                HAL_SPI_MspInit
 .text.dsy_spi_global_init
                0x08010494       0x80 ../../libDaisy//build\libdaisy.a(spi.o)
                0x08010494                dsy_spi_global_init
 .text.SPI1_IRQHandler
                0x08010514        0xc ../../libDaisy//build\libdaisy.a(spi.o)
                0x08010514                SPI1_IRQHandler
 .text.SPI2_IRQHandler
                0x08010520        0xc ../../libDaisy//build\libdaisy.a(spi.o)
                0x08010520                SPI2_IRQHandler
 .text.SPI3_IRQHandler
                0x0801052c        0xc ../../libDaisy//build\libdaisy.a(spi.o)
                0x0801052c                SPI3_IRQHandler
 .text.SPI4_IRQHandler
                0x08010538        0xc ../../libDaisy//build\libdaisy.a(spi.o)
                0x08010538                SPI4_IRQHandler
 .text.SPI5_IRQHandler
                0x08010544        0xc ../../libDaisy//build\libdaisy.a(spi.o)
                0x08010544                SPI5_IRQHandler
 .text.DMA2_Stream2_IRQHandler
                0x08010550       0x34 ../../libDaisy//build\libdaisy.a(spi.o)
                0x08010550                DMA2_Stream2_IRQHandler
 .text.DMA2_Stream3_IRQHandler
                0x08010584       0x38 ../../libDaisy//build\libdaisy.a(spi.o)
                0x08010584                DMA2_Stream3_IRQHandler
 .text.HAL_SPI_TxCpltCallback
                0x080105bc       0xc4 ../../libDaisy//build\libdaisy.a(spi.o)
                0x080105bc                HAL_SPI_TxCpltCallback
 .text.HAL_SPI_RxCpltCallback
                0x08010680       0xc4 ../../libDaisy//build\libdaisy.a(spi.o)
                0x08010680                HAL_SPI_RxCpltCallback
 .text.HAL_SPI_TxRxCpltCallback
                0x08010744       0xc4 ../../libDaisy//build\libdaisy.a(spi.o)
                0x08010744                HAL_SPI_TxRxCpltCallback
 .text.HAL_SPI_ErrorCallback
                0x08010808       0xc8 ../../libDaisy//build\libdaisy.a(spi.o)
                0x08010808                HAL_SPI_ErrorCallback
 .text.startup._GLOBAL__sub_I__Z19MapInstanceToHandleP11SPI_TypeDef
                0x080108d0      0x1b0 ../../libDaisy//build\libdaisy.a(spi.o)
 .text.HAL_TIM_Base_MspInit
                0x08010a80      0x1e0 ../../libDaisy//build\libdaisy.a(tim.o)
                0x08010a80                HAL_TIM_Base_MspInit
 .text.HAL_TIM_PeriodElapsedCallback
                0x08010c60       0x44 ../../libDaisy//build\libdaisy.a(tim.o)
                0x08010c60                HAL_TIM_PeriodElapsedCallback
 .text.TIM2_IRQHandler
                0x08010ca4        0xc ../../libDaisy//build\libdaisy.a(tim.o)
                0x08010ca4                TIM2_IRQHandler
 .text.TIM3_IRQHandler
                0x08010cb0        0xc ../../libDaisy//build\libdaisy.a(tim.o)
                0x08010cb0                TIM3_IRQHandler
 .text.TIM4_IRQHandler
                0x08010cbc        0xc ../../libDaisy//build\libdaisy.a(tim.o)
                0x08010cbc                TIM4_IRQHandler
 .text.TIM5_IRQHandler
                0x08010cc8        0xc ../../libDaisy//build\libdaisy.a(tim.o)
                0x08010cc8                TIM5_IRQHandler
 .text._ZN5daisy11TimerHandle4InitERKNS0_6ConfigE
                0x08010cd4       0xd0 ../../libDaisy//build\libdaisy.a(tim.o)
                0x08010cd4                daisy::TimerHandle::Init(daisy::TimerHandle::Config const&)
 .text._ZN5daisy11TimerHandle5StartEv
                0x08010da4       0x24 ../../libDaisy//build\libdaisy.a(tim.o)
                0x08010da4                daisy::TimerHandle::Start()
 .text.startup._GLOBAL__sub_I__ZN5daisy11TimerHandle4Impl4InitERKNS0_6ConfigE
                0x08010dc8       0x38 ../../libDaisy//build\libdaisy.a(tim.o)
 .text.HAL_MDMA_Abort_IT
                0x08010e00       0x2c ../../libDaisy//build\libdaisy.a(stm32h7xx_hal_mdma.o)
                0x08010e00                HAL_MDMA_Abort_IT
 .text.SPI_CloseTransfer
                0x08010e2c       0xb8 ../../libDaisy//build\libdaisy.a(stm32h7xx_hal_spi.o)
 .text.HAL_SPI_Init
                0x08010ee4      0x15c ../../libDaisy//build\libdaisy.a(stm32h7xx_hal_spi.o)
                0x08010ee4                HAL_SPI_Init
 .text.HAL_SPI_Transmit_DMA
                0x08011040      0x170 ../../libDaisy//build\libdaisy.a(stm32h7xx_hal_spi.o)
                0x08011040                HAL_SPI_Transmit_DMA
 .text.HAL_SPI_TransmitReceive_DMA
                0x080111b0      0x218 ../../libDaisy//build\libdaisy.a(stm32h7xx_hal_spi.o)
                0x080111b0                HAL_SPI_TransmitReceive_DMA
 .text.HAL_SPI_Receive_DMA
                0x080113c8      0x1b4 ../../libDaisy//build\libdaisy.a(stm32h7xx_hal_spi.o)
                0x080113c8                HAL_SPI_Receive_DMA
 .text.SPI_DMATransmitCplt
                0x0801157c       0x28 ../../libDaisy//build\libdaisy.a(stm32h7xx_hal_spi.o)
 .text.SPI_DMAReceiveCplt
                0x080115a4       0x28 ../../libDaisy//build\libdaisy.a(stm32h7xx_hal_spi.o)
 .text.SPI_DMATransmitReceiveCplt
                0x080115cc       0x28 ../../libDaisy//build\libdaisy.a(stm32h7xx_hal_spi.o)
 .text.HAL_SPI_TxHalfCpltCallback
                0x080115f4        0x4 ../../libDaisy//build\libdaisy.a(stm32h7xx_hal_spi.o)
                0x080115f4                HAL_SPI_TxHalfCpltCallback
 .text.SPI_DMAHalfTransmitCplt
                0x080115f8        0xc ../../libDaisy//build\libdaisy.a(stm32h7xx_hal_spi.o)
 .text.HAL_SPI_RxHalfCpltCallback
                0x08011604        0x4 ../../libDaisy//build\libdaisy.a(stm32h7xx_hal_spi.o)
                0x08011604                HAL_SPI_RxHalfCpltCallback
 .text.SPI_DMAHalfReceiveCplt
                0x08011608        0xc ../../libDaisy//build\libdaisy.a(stm32h7xx_hal_spi.o)
 .text.HAL_SPI_TxRxHalfCpltCallback
                0x08011614        0x4 ../../libDaisy//build\libdaisy.a(stm32h7xx_hal_spi.o)
                0x08011614                HAL_SPI_TxRxHalfCpltCallback
 .text.SPI_DMAHalfTransmitReceiveCplt
                0x08011618        0xc ../../libDaisy//build\libdaisy.a(stm32h7xx_hal_spi.o)
 .text.SPI_DMAError
                0x08011624       0xd8 ../../libDaisy//build\libdaisy.a(stm32h7xx_hal_spi.o)
 .text.HAL_SPI_IRQHandler
                0x080116fc      0x23c ../../libDaisy//build\libdaisy.a(stm32h7xx_hal_spi.o)
                0x080116fc                HAL_SPI_IRQHandler
 .text.SPI_DMAAbortOnError
                0x08011938       0x1c ../../libDaisy//build\libdaisy.a(stm32h7xx_hal_spi.o)
 .text.HAL_SPI_GetState
                0x08011954        0x8 ../../libDaisy//build\libdaisy.a(stm32h7xx_hal_spi.o)
                0x08011954                HAL_SPI_GetState
 .text.HAL_TIM_Base_Init
                0x0801195c      0x140 ../../libDaisy//build\libdaisy.a(stm32h7xx_hal_tim.o)
                0x0801195c                HAL_TIM_Base_Init
 .text.HAL_TIM_Base_Start
                0x08011a9c       0x34 ../../libDaisy//build\libdaisy.a(stm32h7xx_hal_tim.o)
                0x08011a9c                HAL_TIM_Base_Start
 .text.HAL_TIM_Base_Start_IT
                0x08011ad0       0x2c ../../libDaisy//build\libdaisy.a(stm32h7xx_hal_tim.o)
                0x08011ad0                HAL_TIM_Base_Start_IT
 .text.HAL_TIM_ConfigClockSource
                0x08011afc      0x17c ../../libDaisy//build\libdaisy.a(stm32h7xx_hal_tim.o)
                0x08011afc                HAL_TIM_ConfigClockSource
 .text.HAL_TIM_OC_DelayElapsedCallback
                0x08011c78        0x4 ../../libDaisy//build\libdaisy.a(stm32h7xx_hal_tim.o)
                0x08011c78                HAL_TIM_OC_DelayElapsedCallback
 .text.HAL_TIM_IC_CaptureCallback
                0x08011c7c        0x4 ../../libDaisy//build\libdaisy.a(stm32h7xx_hal_tim.o)
                0x08011c7c                HAL_TIM_IC_CaptureCallback
 .text.HAL_TIM_PWM_PulseFinishedCallback
                0x08011c80        0x4 ../../libDaisy//build\libdaisy.a(stm32h7xx_hal_tim.o)
                0x08011c80                HAL_TIM_PWM_PulseFinishedCallback
 .text.HAL_TIM_TriggerCallback
                0x08011c84        0x4 ../../libDaisy//build\libdaisy.a(stm32h7xx_hal_tim.o)
                0x08011c84                HAL_TIM_TriggerCallback
 .text.HAL_TIM_IRQHandler
                0x08011c88      0x170 ../../libDaisy//build\libdaisy.a(stm32h7xx_hal_tim.o)
                0x08011c88                HAL_TIM_IRQHandler
 .text.HAL_TIMEx_MasterConfigSynchronization
                0x08011df8       0x64 ../../libDaisy//build\libdaisy.a(stm32h7xx_hal_tim_ex.o)
                0x08011df8                HAL_TIMEx_MasterConfigSynchronization
 .text.HAL_TIMEx_CommutCallback
                0x08011e5c        0x4 ../../libDaisy//build\libdaisy.a(stm32h7xx_hal_tim_ex.o)
                0x08011e5c                HAL_TIMEx_CommutCallback
 .text.HAL_TIMEx_BreakCallback
                0x08011e60        0x4 ../../libDaisy//build\libdaisy.a(stm32h7xx_hal_tim_ex.o)
                0x08011e60                HAL_TIMEx_BreakCallback
 .text.HAL_TIMEx_Break2Callback
                0x08011e64        0x4 ../../libDaisy//build\libdaisy.a(stm32h7xx_hal_tim_ex.o)
                0x08011e64                HAL_TIMEx_Break2Callback
 .text._ZN7daisysp6Chorus4InitEf
                0x08011e68      0x194 ../../DaisySP//build\libdaisysp.a(chorus.o)
                0x08011e68                daisysp::Chorus::Init(float)
 .text._ZN7daisysp6Chorus7ProcessEf
                0x08011ffc      0x270 ../../DaisySP//build\libdaisysp.a(chorus.o)
                0x08011ffc                daisysp::Chorus::Process(float)
 .text._ZN7daisysp6Chorus11SetLfoDepthEf
                0x0801226c       0x38 ../../DaisySP//build\libdaisysp.a(chorus.o)
                0x0801226c                daisysp::Chorus::SetLfoDepth(float)
 .text._ZN7daisysp6Chorus10SetLfoFreqEf
                0x080122a4       0x74 ../../DaisySP//build\libdaisysp.a(chorus.o)
                0x080122a4                daisysp::Chorus::SetLfoFreq(float)
 .text._ZN7daisysp6Chorus8SetDelayEf
                0x08012318       0x60 ../../DaisySP//build\libdaisysp.a(chorus.o)
                0x08012318                daisysp::Chorus::SetDelay(float)
 .text._ZN7daisysp6Chorus11SetFeedbackEf
                0x08012378       0x24 ../../DaisySP//build\libdaisysp.a(chorus.o)
                0x08012378                daisysp::Chorus::SetFeedback(float)
 .text._ZN7daisysp9Overdrive4InitEv
                0x0801239c       0xc0 ../../DaisySP//build\libdaisysp.a(overdrive.o)
                0x0801239c                daisysp::Overdrive::Init()
 .text._ZN7daisysp9Overdrive7ProcessEf
                0x0801245c       0x6c ../../DaisySP//build\libdaisysp.a(overdrive.o)
                0x0801245c                daisysp::Overdrive::Process(float)
 .text._ZN7daisysp9Overdrive8SetDriveEf
                0x080124c8       0xc0 ../../DaisySP//build\libdaisysp.a(overdrive.o)
                0x080124c8                daisysp::Overdrive::SetDrive(float)
 .text._ZN7daisysp14GranularPlayer4InitEPfif
                0x08012588       0xd0 ../../DaisySP//build\libdaisysp.a(granularplayer.o)
                0x08012588                daisysp::GranularPlayer::Init(float*, int, float)
 .text._ZN7daisysp14GranularPlayer7ProcessEfff
                0x08012658      0x26c ../../DaisySP//build\libdaisysp.a(granularplayer.o)
                0x08012658                daisysp::GranularPlayer::Process(float, float, float)
 .text._ZN7daisysp6Phasor7SetFreqEf
                0x080128c4       0x20 ../../DaisySP//build\libdaisysp.a(phasor.o)
                0x080128c4                daisysp::Phasor::SetFreq(float)
 .text._ZN7daisysp6Phasor7ProcessEv
                0x080128e4       0x3c ../../DaisySP//build\libdaisysp.a(phasor.o)
                0x080128e4                daisysp::Phasor::Process()
 .text.__aeabi_atexit
                0x08012920        0xa c:/program files/daisytoolchain/bin/../lib/gcc/arm-none-eabi/10.2.1/../../../../arm-none-eabi/lib/thumb/v7e-m+dp/hard\libstdc++_nano.a(atexit_arm.o)
                0x08012920                __aeabi_atexit
 *fill*         0x0801292a        0x2 
 .text.log2f    0x0801292c       0xd0 c:/program files/daisytoolchain/bin/../lib/gcc/arm-none-eabi/10.2.1/../../../../arm-none-eabi/lib/thumb/v7e-m+dp/hard\libm.a(lib_a-sf_log2.o)
                0x0801292c                log2f
 *fill*         0x080129fc        0x4 
 .text.powf     0x08012a00      0x328 c:/program files/daisytoolchain/bin/../lib/gcc/arm-none-eabi/10.2.1/../../../../arm-none-eabi/lib/thumb/v7e-m+dp/hard\libm.a(lib_a-sf_pow.o)
                0x08012a00                powf
 .text.sinf     0x08012d28      0x20c c:/program files/daisytoolchain/bin/../lib/gcc/arm-none-eabi/10.2.1/../../../../arm-none-eabi/lib/thumb/v7e-m+dp/hard\libm.a(lib_a-sinf.o)
                0x08012d28                sinf
 .text.sqrtf    0x08012f34       0x50 c:/program files/daisytoolchain/bin/../lib/gcc/arm-none-eabi/10.2.1/../../../../arm-none-eabi/lib/thumb/v7e-m+dp/hard\libm.a(lib_a-wf_sqrt.o)
                0x08012f34                sqrtf
 .text.__ieee754_sqrtf
                0x08012f84        0x8 c:/program files/daisytoolchain/bin/../lib/gcc/arm-none-eabi/10.2.1/../../../../arm-none-eabi/lib/thumb/v7e-m+dp/hard\libm.a(lib_a-ef_sqrt.o)
                0x08012f84                __ieee754_sqrtf
 .text.with_errnof
                0x08012f8c       0x18 c:/program files/daisytoolchain/bin/../lib/gcc/arm-none-eabi/10.2.1/../../../../arm-none-eabi/lib/thumb/v7e-m+dp/hard\libm.a(lib_a-math_errf.o)
 .text.xflowf   0x08012fa4       0x20 c:/program files/daisytoolchain/bin/../lib/gcc/arm-none-eabi/10.2.1/../../../../arm-none-eabi/lib/thumb/v7e-m+dp/hard\libm.a(lib_a-math_errf.o)
 .text.__math_uflowf
                0x08012fc4        0xc c:/program files/daisytoolchain/bin/../lib/gcc/arm-none-eabi/10.2.1/../../../../arm-none-eabi/lib/thumb/v7e-m+dp/hard\libm.a(lib_a-math_errf.o)
                0x08012fc4                __math_uflowf
 .text.__math_may_uflowf
                0x08012fd0        0xc c:/program files/daisytoolchain/bin/../lib/gcc/arm-none-eabi/10.2.1/../../../../arm-none-eabi/lib/thumb/v7e-m+dp/hard\libm.a(lib_a-math_errf.o)
                0x08012fd0                __math_may_uflowf
 .text.__math_oflowf
                0x08012fdc        0xc c:/program files/daisytoolchain/bin/../lib/gcc/arm-none-eabi/10.2.1/../../../../arm-none-eabi/lib/thumb/v7e-m+dp/hard\libm.a(lib_a-math_errf.o)
                0x08012fdc                __math_oflowf
 .text.__math_divzerof
                0x08012fe8       0x24 c:/program files/daisytoolchain/bin/../lib/gcc/arm-none-eabi/10.2.1/../../../../arm-none-eabi/lib/thumb/v7e-m+dp/hard\libm.a(lib_a-math_errf.o)
                0x08012fe8                __math_divzerof
 .text.__math_invalidf
                0x0801300c       0x20 c:/program files/daisytoolchain/bin/../lib/gcc/arm-none-eabi/10.2.1/../../../../arm-none-eabi/lib/thumb/v7e-m+dp/hard\libm.a(lib_a-math_errf.o)
                0x0801300c                __math_invalidf
 .text.__cxa_atexit
                0x0801302c       0x1c c:/program files/daisytoolchain/bin/../lib/gcc/arm-none-eabi/10.2.1/../../../../arm-none-eabi/lib/thumb/v7e-m+dp/hard\libc_nano.a(lib_a-cxa_atexit.o)
                0x0801302c                __cxa_atexit
 .text.__errno  0x08013048        0xc c:/program files/daisytoolchain/bin/../lib/gcc/arm-none-eabi/10.2.1/../../../../arm-none-eabi/lib/thumb/v7e-m+dp/hard\libc_nano.a(lib_a-errno.o)
                0x08013048                __errno
 .text.__libc_init_array
                0x08013054       0x48 c:/program files/daisytoolchain/bin/../lib/gcc/arm-none-eabi/10.2.1/../../../../arm-none-eabi/lib/thumb/v7e-m+dp/hard\libc_nano.a(lib_a-init.o)
                0x08013054                __libc_init_array
 .text.memcpy   0x0801309c       0x1c c:/program files/daisytoolchain/bin/../lib/gcc/arm-none-eabi/10.2.1/../../../../arm-none-eabi/lib/thumb/v7e-m+dp/hard\libc_nano.a(lib_a-memcpy-stub.o)
                0x0801309c                memcpy
 .text.memset   0x080130b8       0x10 c:/program files/daisytoolchain/bin/../lib/gcc/arm-none-eabi/10.2.1/../../../../arm-none-eabi/lib/thumb/v7e-m+dp/hard\libc_nano.a(lib_a-memset.o)
                0x080130b8                memset
 .text.snprintf
                0x080130c8       0x68 c:/program files/daisytoolchain/bin/../lib/gcc/arm-none-eabi/10.2.1/../../../../arm-none-eabi/lib/thumb/v7e-m+dp/hard\libc_nano.a(lib_a-snprintf.o)
                0x080130c8                sniprintf
                0x080130c8                snprintf
 .text.__retarget_lock_acquire_recursive
                0x08013130        0x2 c:/program files/daisytoolchain/bin/../lib/gcc/arm-none-eabi/10.2.1/../../../../arm-none-eabi/lib/thumb/v7e-m+dp/hard\libc_nano.a(lib_a-lock.o)
                0x08013130                __retarget_lock_acquire_recursive
 .text.__retarget_lock_release_recursive
                0x08013132        0x2 c:/program files/daisytoolchain/bin/../lib/gcc/arm-none-eabi/10.2.1/../../../../arm-none-eabi/lib/thumb/v7e-m+dp/hard\libc_nano.a(lib_a-lock.o)
                0x08013132                __retarget_lock_release_recursive
 .text._malloc_r
                0x08013134       0xb4 c:/program files/daisytoolchain/bin/../lib/gcc/arm-none-eabi/10.2.1/../../../../arm-none-eabi/lib/thumb/v7e-m+dp/hard\libc_nano.a(lib_a-nano-mallocr.o)
                0x08013134                _malloc_r
 .text.__ssputs_r
                0x080131e8       0xb6 c:/program files/daisytoolchain/bin/../lib/gcc/arm-none-eabi/10.2.1/../../../../arm-none-eabi/lib/thumb/v7e-m+dp/hard\libc_nano.a(lib_a-nano-svfprintf.o)
                0x080131e8                __ssputs_r
 *fill*         0x0801329e        0x2 
 .text._svfprintf_r
                0x080132a0      0x200 c:/program files/daisytoolchain/bin/../lib/gcc/arm-none-eabi/10.2.1/../../../../arm-none-eabi/lib/thumb/v7e-m+dp/hard\libc_nano.a(lib_a-nano-svfprintf.o)
                0x080132a0                _svfiprintf_r
                0x080132a0                _svfprintf_r
 .text._printf_common