ARM GAS  C:\Users\aydan\AppData\Local\Temp\ccTG4OFo.s 			page 1


   1              		.cpu cortex-m7
   2              		.eabi_attribute 28, 1
   3              		.eabi_attribute 20, 1
   4              		.eabi_attribute 21, 1
   5              		.eabi_attribute 23, 3
   6              		.eabi_attribute 24, 1
   7              		.eabi_attribute 25, 1
   8              		.eabi_attribute 26, 1
   9              		.eabi_attribute 30, 2
  10              		.eabi_attribute 34, 1
  11              		.eabi_attribute 18, 4
  12              		.file	"chorus_module.cpp"
  13              		.text
  14              	.Ltext0:
  15              		.cfi_sections	.debug_frame
  16              		.section	.text._ZN10bkshepherd12ChorusModuleD2Ev,"ax",%progbits
  17              		.align	1
  18              		.p2align 2,,3
  19              		.global	_ZN10bkshepherd12ChorusModuleD2Ev
  20              		.arch armv7e-m
  21              		.syntax unified
  22              		.thumb
  23              		.thumb_func
  24              		.fpu fpv5-d16
  26              	_ZN10bkshepherd12ChorusModuleD2Ev:
  27              	.LVL0:
  28              	.LFB4731:
  29              		.file 1 "gml/GuitarPedal/Effect-Modules/chorus_module.cpp"
   1:gml/GuitarPedal/Effect-Modules/chorus_module.cpp **** #include "chorus_module.h"
   2:gml/GuitarPedal/Effect-Modules/chorus_module.cpp **** 
   3:gml/GuitarPedal/Effect-Modules/chorus_module.cpp **** using namespace bkshepherd;
   4:gml/GuitarPedal/Effect-Modules/chorus_module.cpp **** 
   5:gml/GuitarPedal/Effect-Modules/chorus_module.cpp **** static const int s_paramCount = 5;
   6:gml/GuitarPedal/Effect-Modules/chorus_module.cpp **** static const ParameterMetaData s_metaData[s_paramCount] = {{name: "Wet", valueType: ParameterValueT
   7:gml/GuitarPedal/Effect-Modules/chorus_module.cpp ****                                                            {name: "Delay", valueType: ParameterValu
   8:gml/GuitarPedal/Effect-Modules/chorus_module.cpp ****                                                            {name: "LFO Freq", valueType: ParameterV
   9:gml/GuitarPedal/Effect-Modules/chorus_module.cpp ****                                                            {name: "LFO Depth", valueType: Parameter
  10:gml/GuitarPedal/Effect-Modules/chorus_module.cpp ****                                                            {name: "Feedback", valueType: ParameterV
  11:gml/GuitarPedal/Effect-Modules/chorus_module.cpp **** 
  12:gml/GuitarPedal/Effect-Modules/chorus_module.cpp **** ChorusModule::ChorusModule() : BaseEffectModule(),
  13:gml/GuitarPedal/Effect-Modules/chorus_module.cpp ****                                         m_lfoFreqMin(1.0f),
  14:gml/GuitarPedal/Effect-Modules/chorus_module.cpp ****                                         m_lfoFreqMax(20.0f),
  15:gml/GuitarPedal/Effect-Modules/chorus_module.cpp ****                                         m_wet(0.0f),
  16:gml/GuitarPedal/Effect-Modules/chorus_module.cpp ****                                         m_delay(0.0f),
  17:gml/GuitarPedal/Effect-Modules/chorus_module.cpp ****                                         m_lfoFreq(1.0f),
  18:gml/GuitarPedal/Effect-Modules/chorus_module.cpp ****                                         m_lfoDepth(0.0f),
  19:gml/GuitarPedal/Effect-Modules/chorus_module.cpp ****                                         m_feedback(0.0f)
  20:gml/GuitarPedal/Effect-Modules/chorus_module.cpp **** {
  21:gml/GuitarPedal/Effect-Modules/chorus_module.cpp ****     m_name = "Chorus";
  22:gml/GuitarPedal/Effect-Modules/chorus_module.cpp ****     m_paramMetaData = s_metaData;
  23:gml/GuitarPedal/Effect-Modules/chorus_module.cpp ****     this->InitParams(s_paramCount);
  24:gml/GuitarPedal/Effect-Modules/chorus_module.cpp **** }
  25:gml/GuitarPedal/Effect-Modules/chorus_module.cpp **** 
  26:gml/GuitarPedal/Effect-Modules/chorus_module.cpp **** ChorusModule::~ChorusModule()
  30              		.loc 1 26 1 view -0
  31              		.cfi_startproc
  32              		@ args = 0, pretend = 0, frame = 0
ARM GAS  C:\Users\aydan\AppData\Local\Temp\ccTG4OFo.s 			page 2


  33              		@ frame_needed = 0, uses_anonymous_args = 0
  34              	.LBB37:
  35              		.loc 1 26 29 is_stmt 0 view .LVU1
  36 0000 034B     		ldr	r3, .L4
  37              	.LBE37:
  38              		.loc 1 26 1 view .LVU2
  39 0002 10B5     		push	{r4, lr}
  40              		.cfi_def_cfa_offset 8
  41              		.cfi_offset 4, -8
  42              		.cfi_offset 14, -4
  43              		.loc 1 26 1 view .LVU3
  44 0004 0446     		mov	r4, r0
  45              	.LBB39:
  46              		.loc 1 26 29 view .LVU4
  47 0006 0360     		str	r3, [r0]
  48              	.LVL1:
  49              	.LBB38:
  50              	.LBI38:
  51              		.file 2 "../../DaisySP/Source/Effects/chorus.h"
   1:../../DaisySP/Source/Effects/chorus.h **** /*
   2:../../DaisySP/Source/Effects/chorus.h **** Copyright (c) 2020 Electrosmith, Corp
   3:../../DaisySP/Source/Effects/chorus.h **** 
   4:../../DaisySP/Source/Effects/chorus.h **** Use of this source code is governed by an MIT-style
   5:../../DaisySP/Source/Effects/chorus.h **** license that can be found in the LICENSE file or at
   6:../../DaisySP/Source/Effects/chorus.h **** https://opensource.org/licenses/MIT.
   7:../../DaisySP/Source/Effects/chorus.h **** */
   8:../../DaisySP/Source/Effects/chorus.h **** 
   9:../../DaisySP/Source/Effects/chorus.h **** #pragma once
  10:../../DaisySP/Source/Effects/chorus.h **** #ifndef DSY_CHORUS_H
  11:../../DaisySP/Source/Effects/chorus.h **** #define DSY_CHORUS_H
  12:../../DaisySP/Source/Effects/chorus.h **** #ifdef __cplusplus
  13:../../DaisySP/Source/Effects/chorus.h **** 
  14:../../DaisySP/Source/Effects/chorus.h **** #include <stdint.h>
  15:../../DaisySP/Source/Effects/chorus.h **** #include "Utility/delayline.h"
  16:../../DaisySP/Source/Effects/chorus.h **** 
  17:../../DaisySP/Source/Effects/chorus.h **** /** @file chorus.h */
  18:../../DaisySP/Source/Effects/chorus.h **** 
  19:../../DaisySP/Source/Effects/chorus.h **** namespace daisysp
  20:../../DaisySP/Source/Effects/chorus.h **** {
  21:../../DaisySP/Source/Effects/chorus.h **** /**  
  22:../../DaisySP/Source/Effects/chorus.h ****     @brief Single Chorus engine. Used in Chorus.
  23:../../DaisySP/Source/Effects/chorus.h ****     @author Ben Sergentanis
  24:../../DaisySP/Source/Effects/chorus.h **** */
  25:../../DaisySP/Source/Effects/chorus.h **** class ChorusEngine
  26:../../DaisySP/Source/Effects/chorus.h **** {
  27:../../DaisySP/Source/Effects/chorus.h ****   public:
  28:../../DaisySP/Source/Effects/chorus.h ****     ChorusEngine() {}
  29:../../DaisySP/Source/Effects/chorus.h ****     ~ChorusEngine() {}
  30:../../DaisySP/Source/Effects/chorus.h **** 
  31:../../DaisySP/Source/Effects/chorus.h ****     /** Initialize the module
  32:../../DaisySP/Source/Effects/chorus.h ****         \param sample_rate Audio engine sample rate.
  33:../../DaisySP/Source/Effects/chorus.h ****     */
  34:../../DaisySP/Source/Effects/chorus.h ****     void Init(float sample_rate);
  35:../../DaisySP/Source/Effects/chorus.h **** 
  36:../../DaisySP/Source/Effects/chorus.h ****     /** Get the next sample
  37:../../DaisySP/Source/Effects/chorus.h ****         \param in Sample to process
  38:../../DaisySP/Source/Effects/chorus.h ****     */
ARM GAS  C:\Users\aydan\AppData\Local\Temp\ccTG4OFo.s 			page 3


  39:../../DaisySP/Source/Effects/chorus.h ****     float Process(float in);
  40:../../DaisySP/Source/Effects/chorus.h **** 
  41:../../DaisySP/Source/Effects/chorus.h ****     /** How much to modulate the delay by.
  42:../../DaisySP/Source/Effects/chorus.h ****         \param depth Works 0-1.
  43:../../DaisySP/Source/Effects/chorus.h ****     */
  44:../../DaisySP/Source/Effects/chorus.h ****     void SetLfoDepth(float depth);
  45:../../DaisySP/Source/Effects/chorus.h **** 
  46:../../DaisySP/Source/Effects/chorus.h ****     /** Set lfo frequency.
  47:../../DaisySP/Source/Effects/chorus.h ****         \param freq Frequency in Hz
  48:../../DaisySP/Source/Effects/chorus.h ****     */
  49:../../DaisySP/Source/Effects/chorus.h ****     void SetLfoFreq(float freq);
  50:../../DaisySP/Source/Effects/chorus.h **** 
  51:../../DaisySP/Source/Effects/chorus.h ****     /** Set the internal delay rate. 
  52:../../DaisySP/Source/Effects/chorus.h ****         \param delay Tuned for 0-1. Maps to .1 to 50 ms.
  53:../../DaisySP/Source/Effects/chorus.h ****     */
  54:../../DaisySP/Source/Effects/chorus.h ****     void SetDelay(float delay);
  55:../../DaisySP/Source/Effects/chorus.h **** 
  56:../../DaisySP/Source/Effects/chorus.h ****     /** Set the delay time in ms.
  57:../../DaisySP/Source/Effects/chorus.h ****         \param ms Delay time in ms, 0 to 50 ms.
  58:../../DaisySP/Source/Effects/chorus.h ****     */
  59:../../DaisySP/Source/Effects/chorus.h ****     void SetDelayMs(float ms);
  60:../../DaisySP/Source/Effects/chorus.h **** 
  61:../../DaisySP/Source/Effects/chorus.h ****     /** Set the feedback amount.
  62:../../DaisySP/Source/Effects/chorus.h ****         \param feedback Amount from 0-1.
  63:../../DaisySP/Source/Effects/chorus.h ****     */
  64:../../DaisySP/Source/Effects/chorus.h ****     void SetFeedback(float feedback);
  65:../../DaisySP/Source/Effects/chorus.h **** 
  66:../../DaisySP/Source/Effects/chorus.h ****   private:
  67:../../DaisySP/Source/Effects/chorus.h ****     float                    sample_rate_;
  68:../../DaisySP/Source/Effects/chorus.h ****     static constexpr int32_t kDelayLength
  69:../../DaisySP/Source/Effects/chorus.h ****         = 2400; // 50 ms at 48kHz = .05 * 48000
  70:../../DaisySP/Source/Effects/chorus.h **** 
  71:../../DaisySP/Source/Effects/chorus.h ****     //triangle lfos
  72:../../DaisySP/Source/Effects/chorus.h ****     float lfo_phase_;
  73:../../DaisySP/Source/Effects/chorus.h ****     float lfo_freq_;
  74:../../DaisySP/Source/Effects/chorus.h ****     float lfo_amp_;
  75:../../DaisySP/Source/Effects/chorus.h **** 
  76:../../DaisySP/Source/Effects/chorus.h ****     float feedback_;
  77:../../DaisySP/Source/Effects/chorus.h **** 
  78:../../DaisySP/Source/Effects/chorus.h ****     float delay_;
  79:../../DaisySP/Source/Effects/chorus.h **** 
  80:../../DaisySP/Source/Effects/chorus.h ****     DelayLine<float, kDelayLength> del_;
  81:../../DaisySP/Source/Effects/chorus.h **** 
  82:../../DaisySP/Source/Effects/chorus.h ****     float ProcessLfo();
  83:../../DaisySP/Source/Effects/chorus.h **** };
  84:../../DaisySP/Source/Effects/chorus.h **** 
  85:../../DaisySP/Source/Effects/chorus.h **** //wraps up all of the chorus engines
  86:../../DaisySP/Source/Effects/chorus.h **** /**  
  87:../../DaisySP/Source/Effects/chorus.h ****     @brief Chorus Effect.
  88:../../DaisySP/Source/Effects/chorus.h ****     @author Ben Sergentanis
  89:../../DaisySP/Source/Effects/chorus.h ****     @date Jan 2021
  90:../../DaisySP/Source/Effects/chorus.h ****     Based on https://www.izotope.com/en/learn/understanding-chorus-flangers-and-phasers-in-audio-pr
  91:../../DaisySP/Source/Effects/chorus.h ****     and https://www.researchgate.net/publication/236629475_Implementing_Professional_Audio_Effects_
  92:../../DaisySP/Source/Effects/chorus.h **** */
  93:../../DaisySP/Source/Effects/chorus.h **** class Chorus
  94:../../DaisySP/Source/Effects/chorus.h **** {
  95:../../DaisySP/Source/Effects/chorus.h ****   public:
ARM GAS  C:\Users\aydan\AppData\Local\Temp\ccTG4OFo.s 			page 4


  96:../../DaisySP/Source/Effects/chorus.h ****     Chorus() {}
  97:../../DaisySP/Source/Effects/chorus.h ****     ~Chorus() {}
  52              		.loc 2 97 5 is_stmt 1 view .LVU5
  53              		.loc 2 97 5 is_stmt 0 view .LVU6
  54              	.LBE38:
  55              		.loc 1 26 29 view .LVU7
  56 0008 FFF7FEFF 		bl	_ZN10bkshepherd16BaseEffectModuleD2Ev
  57              	.LVL2:
  58              		.loc 1 26 29 view .LVU8
  59              	.LBE39:
  27:gml/GuitarPedal/Effect-Modules/chorus_module.cpp **** {
  28:gml/GuitarPedal/Effect-Modules/chorus_module.cpp **** }
  60              		.loc 1 28 1 view .LVU9
  61 000c 2046     		mov	r0, r4
  62 000e 10BD     		pop	{r4, pc}
  63              	.LVL3:
  64              	.L5:
  65              		.loc 1 28 1 view .LVU10
  66              		.align	2
  67              	.L4:
  68 0010 08000000 		.word	.LANCHOR0+8
  69              		.cfi_endproc
  70              	.LFE4731:
  72              		.global	_ZN10bkshepherd12ChorusModuleD1Ev
  73              		.thumb_set _ZN10bkshepherd12ChorusModuleD1Ev,_ZN10bkshepherd12ChorusModuleD2Ev
  74              		.section	.text._ZN10bkshepherd12ChorusModuleD0Ev,"ax",%progbits
  75              		.align	1
  76              		.p2align 2,,3
  77              		.global	_ZN10bkshepherd12ChorusModuleD0Ev
  78              		.syntax unified
  79              		.thumb
  80              		.thumb_func
  81              		.fpu fpv5-d16
  83              	_ZN10bkshepherd12ChorusModuleD0Ev:
  84              	.LVL4:
  85              	.LFB4733:
  26:gml/GuitarPedal/Effect-Modules/chorus_module.cpp **** {
  86              		.loc 1 26 1 is_stmt 1 view -0
  87              		.cfi_startproc
  88              		@ args = 0, pretend = 0, frame = 0
  89              		@ frame_needed = 0, uses_anonymous_args = 0
  90              	.LBB40:
  91              	.LBB41:
  26:gml/GuitarPedal/Effect-Modules/chorus_module.cpp **** {
  92              		.loc 1 26 29 is_stmt 0 view .LVU12
  93 0000 064B     		ldr	r3, .L8
  94              	.LBE41:
  95              	.LBE40:
  26:gml/GuitarPedal/Effect-Modules/chorus_module.cpp **** {
  96              		.loc 1 26 1 view .LVU13
  97 0002 10B5     		push	{r4, lr}
  98              		.cfi_def_cfa_offset 8
  99              		.cfi_offset 4, -8
 100              		.cfi_offset 14, -4
  26:gml/GuitarPedal/Effect-Modules/chorus_module.cpp **** {
 101              		.loc 1 26 1 view .LVU14
 102 0004 0446     		mov	r4, r0
ARM GAS  C:\Users\aydan\AppData\Local\Temp\ccTG4OFo.s 			page 5


 103              	.LVL5:
 104              	.LBB44:
 105              	.LBI40:
  26:gml/GuitarPedal/Effect-Modules/chorus_module.cpp **** {
 106              		.loc 1 26 1 is_stmt 1 view .LVU15
 107              	.LBB43:
  26:gml/GuitarPedal/Effect-Modules/chorus_module.cpp **** {
 108              		.loc 1 26 29 is_stmt 0 view .LVU16
 109 0006 0360     		str	r3, [r0]
 110              	.LVL6:
 111              	.LBB42:
 112              	.LBI42:
 113              		.loc 2 97 5 is_stmt 1 view .LVU17
 114              		.loc 2 97 5 is_stmt 0 view .LVU18
 115              	.LBE42:
  26:gml/GuitarPedal/Effect-Modules/chorus_module.cpp **** {
 116              		.loc 1 26 29 view .LVU19
 117 0008 FFF7FEFF 		bl	_ZN10bkshepherd16BaseEffectModuleD2Ev
 118              	.LVL7:
  26:gml/GuitarPedal/Effect-Modules/chorus_module.cpp **** {
 119              		.loc 1 26 29 view .LVU20
 120              	.LBE43:
 121              	.LBE44:
 122              		.loc 1 28 1 view .LVU21
 123 000c 44F69C31 		movw	r1, #19356
 124 0010 2046     		mov	r0, r4
 125 0012 FFF7FEFF 		bl	_ZdlPvj
 126              	.LVL8:
 127 0016 2046     		mov	r0, r4
 128 0018 10BD     		pop	{r4, pc}
 129              	.LVL9:
 130              	.L9:
 131              		.loc 1 28 1 view .LVU22
 132 001a 00BF     		.align	2
 133              	.L8:
 134 001c 08000000 		.word	.LANCHOR0+8
 135              		.cfi_endproc
 136              	.LFE4733:
 138              		.section	.text._ZN10bkshepherd12ChorusModule16ParameterChangedEi,"ax",%progbits
 139              		.align	1
 140              		.p2align 2,,3
 141              		.global	_ZN10bkshepherd12ChorusModule16ParameterChangedEi
 142              		.syntax unified
 143              		.thumb
 144              		.thumb_func
 145              		.fpu fpv5-d16
 147              	_ZN10bkshepherd12ChorusModule16ParameterChangedEi:
 148              	.LVL10:
 149              	.LFB4735:
  29:gml/GuitarPedal/Effect-Modules/chorus_module.cpp **** 
  30:gml/GuitarPedal/Effect-Modules/chorus_module.cpp **** void ChorusModule::Init(float sample_rate)
  31:gml/GuitarPedal/Effect-Modules/chorus_module.cpp **** {
  32:gml/GuitarPedal/Effect-Modules/chorus_module.cpp ****     BaseEffectModule::Init(sample_rate);
  33:gml/GuitarPedal/Effect-Modules/chorus_module.cpp ****     m_chorus.Init(sample_rate);
  34:gml/GuitarPedal/Effect-Modules/chorus_module.cpp ****     for(int i = 0; i < s_paramCount; ++i)
  35:gml/GuitarPedal/Effect-Modules/chorus_module.cpp ****         ParameterChanged(i);
  36:gml/GuitarPedal/Effect-Modules/chorus_module.cpp **** }
ARM GAS  C:\Users\aydan\AppData\Local\Temp\ccTG4OFo.s 			page 6


  37:gml/GuitarPedal/Effect-Modules/chorus_module.cpp **** 
  38:gml/GuitarPedal/Effect-Modules/chorus_module.cpp **** void ChorusModule::ParameterChanged(int parameter_id)
  39:gml/GuitarPedal/Effect-Modules/chorus_module.cpp **** {
 150              		.loc 1 39 1 is_stmt 1 view -0
 151              		.cfi_startproc
 152              		@ args = 0, pretend = 0, frame = 8
 153              		@ frame_needed = 0, uses_anonymous_args = 0
  40:gml/GuitarPedal/Effect-Modules/chorus_module.cpp ****     (void)parameter_id;
 154              		.loc 1 40 5 view .LVU24
  41:gml/GuitarPedal/Effect-Modules/chorus_module.cpp ****     m_wet = GetParameterAsMagnitude(0);
 155              		.loc 1 41 5 view .LVU25
  39:gml/GuitarPedal/Effect-Modules/chorus_module.cpp ****     (void)parameter_id;
 156              		.loc 1 39 1 is_stmt 0 view .LVU26
 157 0000 2DE9F041 		push	{r4, r5, r6, r7, r8, lr}
 158              		.cfi_def_cfa_offset 24
 159              		.cfi_offset 4, -24
 160              		.cfi_offset 5, -20
 161              		.cfi_offset 6, -16
 162              		.cfi_offset 7, -12
 163              		.cfi_offset 8, -8
 164              		.cfi_offset 14, -4
 165 0004 0446     		mov	r4, r0
 166 0006 82B0     		sub	sp, sp, #8
 167              		.cfi_def_cfa_offset 32
 168              		.loc 1 41 36 view .LVU27
 169 0008 0021     		movs	r1, #0
 170              	.LVL11:
 171              		.loc 1 41 11 view .LVU28
 172 000a 04F58045 		add	r5, r4, #16384
 173              		.loc 1 41 36 view .LVU29
 174 000e FFF7FEFF 		bl	_ZN10bkshepherd16BaseEffectModule23GetParameterAsMagnitudeEi
 175              	.LVL12:
  42:gml/GuitarPedal/Effect-Modules/chorus_module.cpp ****     m_delay = GetParameterAsMagnitude(1);
 176              		.loc 1 42 38 view .LVU30
 177 0012 2046     		mov	r0, r4
 178 0014 0121     		movs	r1, #1
  41:gml/GuitarPedal/Effect-Modules/chorus_module.cpp ****     m_wet = GetParameterAsMagnitude(0);
 179              		.loc 1 41 11 view .LVU31
 180 0016 05F68833 		addw	r3, r5, #2952
 181              		.loc 1 42 13 view .LVU32
 182 001a 05F68C38 		addw	r8, r5, #2956
  43:gml/GuitarPedal/Effect-Modules/chorus_module.cpp ****     const float lfo = GetParameterAsMagnitude(2);
  44:gml/GuitarPedal/Effect-Modules/chorus_module.cpp ****     m_lfoFreq = m_lfoFreqMin + (lfo * lfo * (m_lfoFreqMax - m_lfoFreqMin));
 183              		.loc 1 44 15 view .LVU33
 184 001e 05F53967 		add	r7, r5, #2960
  45:gml/GuitarPedal/Effect-Modules/chorus_module.cpp ****     m_lfoDepth = GetParameterAsMagnitude(3);
 185              		.loc 1 45 16 view .LVU34
 186 0022 05F69436 		addw	r6, r5, #2964
  41:gml/GuitarPedal/Effect-Modules/chorus_module.cpp ****     m_delay = GetParameterAsMagnitude(1);
 187              		.loc 1 41 11 view .LVU35
 188 0026 83ED000A 		vstr.32	s0, [r3]
  42:gml/GuitarPedal/Effect-Modules/chorus_module.cpp ****     const float lfo = GetParameterAsMagnitude(2);
 189              		.loc 1 42 5 is_stmt 1 view .LVU36
  42:gml/GuitarPedal/Effect-Modules/chorus_module.cpp ****     const float lfo = GetParameterAsMagnitude(2);
 190              		.loc 1 42 38 is_stmt 0 view .LVU37
 191 002a FFF7FEFF 		bl	_ZN10bkshepherd16BaseEffectModule23GetParameterAsMagnitudeEi
 192              	.LVL13:
ARM GAS  C:\Users\aydan\AppData\Local\Temp\ccTG4OFo.s 			page 7


  43:gml/GuitarPedal/Effect-Modules/chorus_module.cpp ****     m_lfoFreq = m_lfoFreqMin + (lfo * lfo * (m_lfoFreqMax - m_lfoFreqMin));
 193              		.loc 1 43 46 view .LVU38
 194 002e 2046     		mov	r0, r4
 195 0030 0221     		movs	r1, #2
  42:gml/GuitarPedal/Effect-Modules/chorus_module.cpp ****     const float lfo = GetParameterAsMagnitude(2);
 196              		.loc 1 42 13 view .LVU39
 197 0032 88ED000A 		vstr.32	s0, [r8]
  43:gml/GuitarPedal/Effect-Modules/chorus_module.cpp ****     m_lfoFreq = m_lfoFreqMin + (lfo * lfo * (m_lfoFreqMax - m_lfoFreqMin));
 198              		.loc 1 43 5 is_stmt 1 view .LVU40
  43:gml/GuitarPedal/Effect-Modules/chorus_module.cpp ****     m_lfoFreq = m_lfoFreqMin + (lfo * lfo * (m_lfoFreqMax - m_lfoFreqMin));
 199              		.loc 1 43 46 is_stmt 0 view .LVU41
 200 0036 FFF7FEFF 		bl	_ZN10bkshepherd16BaseEffectModule23GetParameterAsMagnitudeEi
 201              	.LVL14:
  44:gml/GuitarPedal/Effect-Modules/chorus_module.cpp ****     m_lfoDepth = GetParameterAsMagnitude(3);
 202              		.loc 1 44 5 is_stmt 1 view .LVU42
  44:gml/GuitarPedal/Effect-Modules/chorus_module.cpp ****     m_lfoDepth = GetParameterAsMagnitude(3);
 203              		.loc 1 44 46 is_stmt 0 view .LVU43
 204 003a 05F68433 		addw	r3, r5, #2948
  44:gml/GuitarPedal/Effect-Modules/chorus_module.cpp ****     m_lfoDepth = GetParameterAsMagnitude(3);
 205              		.loc 1 44 17 view .LVU44
 206 003e 04F59742 		add	r2, r4, #19328
  44:gml/GuitarPedal/Effect-Modules/chorus_module.cpp ****     m_lfoDepth = GetParameterAsMagnitude(3);
 207              		.loc 1 44 37 view .LVU45
 208 0042 20EE000A 		vmul.f32	s0, s0, s0
 209              	.LVL15:
  44:gml/GuitarPedal/Effect-Modules/chorus_module.cpp ****     m_lfoDepth = GetParameterAsMagnitude(3);
 210              		.loc 1 44 59 view .LVU46
 211 0046 93ED007A 		vldr.32	s14, [r3]
 212              		.loc 1 45 41 view .LVU47
 213 004a 2046     		mov	r0, r4
  44:gml/GuitarPedal/Effect-Modules/chorus_module.cpp ****     m_lfoDepth = GetParameterAsMagnitude(3);
 214              		.loc 1 44 17 view .LVU48
 215 004c D2ED007A 		vldr.32	s15, [r2]
 216              		.loc 1 45 41 view .LVU49
 217 0050 0321     		movs	r1, #3
  46:gml/GuitarPedal/Effect-Modules/chorus_module.cpp ****     m_feedback = GetParameterAsMagnitude(4);
 218              		.loc 1 46 16 view .LVU50
 219 0052 05F69835 		addw	r5, r5, #2968
  44:gml/GuitarPedal/Effect-Modules/chorus_module.cpp ****     m_lfoDepth = GetParameterAsMagnitude(3);
 220              		.loc 1 44 59 view .LVU51
 221 0056 37EE677A 		vsub.f32	s14, s14, s15
  44:gml/GuitarPedal/Effect-Modules/chorus_module.cpp ****     m_lfoDepth = GetParameterAsMagnitude(3);
 222              		.loc 1 44 30 view .LVU52
 223 005a E0EE077A 		vfma.f32	s15, s0, s14
  44:gml/GuitarPedal/Effect-Modules/chorus_module.cpp ****     m_lfoDepth = GetParameterAsMagnitude(3);
 224              		.loc 1 44 15 view .LVU53
 225 005e C7ED007A 		vstr.32	s15, [r7]
  45:gml/GuitarPedal/Effect-Modules/chorus_module.cpp ****     m_feedback = GetParameterAsMagnitude(4);
 226              		.loc 1 45 5 is_stmt 1 view .LVU54
  45:gml/GuitarPedal/Effect-Modules/chorus_module.cpp ****     m_feedback = GetParameterAsMagnitude(4);
 227              		.loc 1 45 41 is_stmt 0 view .LVU55
 228 0062 FFF7FEFF 		bl	_ZN10bkshepherd16BaseEffectModule23GetParameterAsMagnitudeEi
 229              	.LVL16:
 230              		.loc 1 46 41 view .LVU56
 231 0066 0421     		movs	r1, #4
 232 0068 2046     		mov	r0, r4
  45:gml/GuitarPedal/Effect-Modules/chorus_module.cpp ****     m_feedback = GetParameterAsMagnitude(4);
ARM GAS  C:\Users\aydan\AppData\Local\Temp\ccTG4OFo.s 			page 8


 233              		.loc 1 45 16 view .LVU57
 234 006a 86ED000A 		vstr.32	s0, [r6]
 235              		.loc 1 46 5 is_stmt 1 view .LVU58
 236              		.loc 1 46 41 is_stmt 0 view .LVU59
 237 006e FFF7FEFF 		bl	_ZN10bkshepherd16BaseEffectModule23GetParameterAsMagnitudeEi
 238              	.LVL17:
 239 0072 F0EE407A 		vmov.f32	s15, s0
  47:gml/GuitarPedal/Effect-Modules/chorus_module.cpp **** 
  48:gml/GuitarPedal/Effect-Modules/chorus_module.cpp ****     m_chorus.SetDelay(m_delay);
 240              		.loc 1 48 22 view .LVU60
 241 0076 04F12400 		add	r0, r4, #36
 242 007a 98ED000A 		vldr.32	s0, [r8]
  46:gml/GuitarPedal/Effect-Modules/chorus_module.cpp **** 
 243              		.loc 1 46 16 view .LVU61
 244 007e C5ED007A 		vstr.32	s15, [r5]
 245              		.loc 1 48 5 is_stmt 1 view .LVU62
 246              		.loc 1 48 22 is_stmt 0 view .LVU63
 247 0082 0190     		str	r0, [sp, #4]
 248 0084 FFF7FEFF 		bl	_ZN7daisysp6Chorus8SetDelayEf
 249              	.LVL18:
  49:gml/GuitarPedal/Effect-Modules/chorus_module.cpp ****     m_chorus.SetLfoFreq(m_lfoFreq);
 250              		.loc 1 49 5 is_stmt 1 view .LVU64
 251              		.loc 1 49 24 is_stmt 0 view .LVU65
 252 0088 97ED000A 		vldr.32	s0, [r7]
 253 008c 0198     		ldr	r0, [sp, #4]
 254 008e FFF7FEFF 		bl	_ZN7daisysp6Chorus10SetLfoFreqEf
 255              	.LVL19:
  50:gml/GuitarPedal/Effect-Modules/chorus_module.cpp ****     m_chorus.SetLfoDepth(m_lfoDepth);
 256              		.loc 1 50 5 is_stmt 1 view .LVU66
 257              		.loc 1 50 25 is_stmt 0 view .LVU67
 258 0092 96ED000A 		vldr.32	s0, [r6]
 259 0096 0198     		ldr	r0, [sp, #4]
 260 0098 FFF7FEFF 		bl	_ZN7daisysp6Chorus11SetLfoDepthEf
 261              	.LVL20:
  51:gml/GuitarPedal/Effect-Modules/chorus_module.cpp ****     m_chorus.SetFeedback(m_feedback);
 262              		.loc 1 51 5 is_stmt 1 view .LVU68
 263              		.loc 1 51 25 is_stmt 0 view .LVU69
 264 009c 95ED000A 		vldr.32	s0, [r5]
 265 00a0 0198     		ldr	r0, [sp, #4]
  52:gml/GuitarPedal/Effect-Modules/chorus_module.cpp **** }
 266              		.loc 1 52 1 view .LVU70
 267 00a2 02B0     		add	sp, sp, #8
 268              		.cfi_def_cfa_offset 24
 269              		@ sp needed
 270 00a4 BDE8F041 		pop	{r4, r5, r6, r7, r8, lr}
 271              		.cfi_restore 14
 272              		.cfi_restore 8
 273              		.cfi_restore 7
 274              		.cfi_restore 6
 275              		.cfi_restore 5
 276              		.cfi_restore 4
 277              		.cfi_def_cfa_offset 0
 278              	.LVL21:
  51:gml/GuitarPedal/Effect-Modules/chorus_module.cpp ****     m_chorus.SetFeedback(m_feedback);
 279              		.loc 1 51 25 view .LVU71
 280 00a8 FFF7FEBF 		b	_ZN7daisysp6Chorus11SetFeedbackEf
 281              	.LVL22:
ARM GAS  C:\Users\aydan\AppData\Local\Temp\ccTG4OFo.s 			page 9


 282              		.cfi_endproc
 283              	.LFE4735:
 285              		.section	.rodata._ZN10bkshepherd12ChorusModuleC2Ev.str1.4,"aMS",%progbits,1
 286              		.align	2
 287              	.LC0:
 288 0000 43686F72 		.ascii	"Chorus\000"
 288      757300
 289              		.section	.text._ZN10bkshepherd12ChorusModuleC2Ev,"ax",%progbits
 290              		.align	1
 291              		.p2align 2,,3
 292              		.global	_ZN10bkshepherd12ChorusModuleC2Ev
 293              		.syntax unified
 294              		.thumb
 295              		.thumb_func
 296              		.fpu fpv5-d16
 298              	_ZN10bkshepherd12ChorusModuleC2Ev:
 299              	.LVL23:
 300              	.LFB4728:
  12:gml/GuitarPedal/Effect-Modules/chorus_module.cpp ****                                         m_lfoFreqMin(1.0f),
 301              		.loc 1 12 1 is_stmt 1 view -0
 302              		.cfi_startproc
 303              		@ args = 0, pretend = 0, frame = 0
 304              		@ frame_needed = 0, uses_anonymous_args = 0
  12:gml/GuitarPedal/Effect-Modules/chorus_module.cpp ****                                         m_lfoFreqMin(1.0f),
 305              		.loc 1 12 1 is_stmt 0 view .LVU73
 306 0000 38B5     		push	{r3, r4, r5, lr}
 307              		.cfi_def_cfa_offset 16
 308              		.cfi_offset 3, -16
 309              		.cfi_offset 4, -12
 310              		.cfi_offset 5, -8
 311              		.cfi_offset 14, -4
  12:gml/GuitarPedal/Effect-Modules/chorus_module.cpp ****                                         m_lfoFreqMin(1.0f),
 312              		.loc 1 12 1 view .LVU74
 313 0002 0446     		mov	r4, r0
 314              	.LBB45:
  19:gml/GuitarPedal/Effect-Modules/chorus_module.cpp **** {
 315              		.loc 1 19 56 view .LVU75
 316 0004 FFF7FEFF 		bl	_ZN10bkshepherd16BaseEffectModuleC2Ev
 317              	.LVL24:
  19:gml/GuitarPedal/Effect-Modules/chorus_module.cpp **** {
 318              		.loc 1 19 56 view .LVU76
 319 0008 134A     		ldr	r2, .L14
 320 000a 4FF07E51 		mov	r1, #1065353216
 321 000e 04F58043 		add	r3, r4, #16384
 322 0012 1248     		ldr	r0, .L14+4
 323 0014 2260     		str	r2, [r4]
 324              	.LVL25:
 325              	.LBB46:
 326              	.LBI46:
  96:../../DaisySP/Source/Effects/chorus.h ****     ~Chorus() {}
 327              		.loc 2 96 5 is_stmt 1 view .LVU77
 328              	.LBE46:
 329              	.LBE45:
  96:../../DaisySP/Source/Effects/chorus.h ****     ~Chorus() {}
 330              		.loc 2 96 14 view .LVU78
 331              	.LBB47:
  19:gml/GuitarPedal/Effect-Modules/chorus_module.cpp **** {
ARM GAS  C:\Users\aydan\AppData\Local\Temp\ccTG4OFo.s 			page 10


 332              		.loc 1 19 56 is_stmt 0 view .LVU79
 333 0016 04F59742 		add	r2, r4, #19328
  21:gml/GuitarPedal/Effect-Modules/chorus_module.cpp ****     m_paramMetaData = s_metaData;
 334              		.loc 1 21 12 view .LVU80
 335 001a 114D     		ldr	r5, .L14+8
  19:gml/GuitarPedal/Effect-Modules/chorus_module.cpp **** {
 336              		.loc 1 19 56 view .LVU81
 337 001c 1160     		str	r1, [r2]	@ float
 338 001e 03F68432 		addw	r2, r3, #2948
 339 0022 1060     		str	r0, [r2]	@ float
 340 0024 0022     		movs	r2, #0
 341 0026 03F68830 		addw	r0, r3, #2952
 342 002a 0260     		str	r2, [r0]	@ float
 343 002c 03F68C30 		addw	r0, r3, #2956
 344 0030 0260     		str	r2, [r0]	@ float
 345 0032 03F53960 		add	r0, r3, #2960
 346 0036 0160     		str	r1, [r0]	@ float
 347 0038 03F69431 		addw	r1, r3, #2964
 348 003c 03F69833 		addw	r3, r3, #2968
  23:gml/GuitarPedal/Effect-Modules/chorus_module.cpp **** }
 349              		.loc 1 23 21 view .LVU82
 350 0040 2046     		mov	r0, r4
  19:gml/GuitarPedal/Effect-Modules/chorus_module.cpp **** {
 351              		.loc 1 19 56 view .LVU83
 352 0042 0A60     		str	r2, [r1]	@ float
  23:gml/GuitarPedal/Effect-Modules/chorus_module.cpp **** }
 353              		.loc 1 23 21 view .LVU84
 354 0044 0521     		movs	r1, #5
  19:gml/GuitarPedal/Effect-Modules/chorus_module.cpp **** {
 355              		.loc 1 19 56 view .LVU85
 356 0046 1A60     		str	r2, [r3]	@ float
  21:gml/GuitarPedal/Effect-Modules/chorus_module.cpp ****     m_paramMetaData = s_metaData;
 357              		.loc 1 21 5 is_stmt 1 view .LVU86
  22:gml/GuitarPedal/Effect-Modules/chorus_module.cpp ****     this->InitParams(s_paramCount);
 358              		.loc 1 22 21 is_stmt 0 view .LVU87
 359 0048 064B     		ldr	r3, .L14+12
  21:gml/GuitarPedal/Effect-Modules/chorus_module.cpp ****     m_paramMetaData = s_metaData;
 360              		.loc 1 21 12 view .LVU88
 361 004a 6560     		str	r5, [r4, #4]
  22:gml/GuitarPedal/Effect-Modules/chorus_module.cpp ****     this->InitParams(s_paramCount);
 362              		.loc 1 22 5 is_stmt 1 view .LVU89
  22:gml/GuitarPedal/Effect-Modules/chorus_module.cpp ****     this->InitParams(s_paramCount);
 363              		.loc 1 22 21 is_stmt 0 view .LVU90
 364 004c 2361     		str	r3, [r4, #16]
  23:gml/GuitarPedal/Effect-Modules/chorus_module.cpp **** }
 365              		.loc 1 23 5 is_stmt 1 view .LVU91
  23:gml/GuitarPedal/Effect-Modules/chorus_module.cpp **** }
 366              		.loc 1 23 21 is_stmt 0 view .LVU92
 367 004e FFF7FEFF 		bl	_ZN10bkshepherd16BaseEffectModule10InitParamsEi
 368              	.LVL26:
 369              	.LBE47:
  24:gml/GuitarPedal/Effect-Modules/chorus_module.cpp **** 
 370              		.loc 1 24 1 view .LVU93
 371 0052 2046     		mov	r0, r4
 372 0054 38BD     		pop	{r3, r4, r5, pc}
 373              	.LVL27:
 374              	.L15:
ARM GAS  C:\Users\aydan\AppData\Local\Temp\ccTG4OFo.s 			page 11


  24:gml/GuitarPedal/Effect-Modules/chorus_module.cpp **** 
 375              		.loc 1 24 1 view .LVU94
 376 0056 00BF     		.align	2
 377              	.L14:
 378 0058 08000000 		.word	.LANCHOR0+8
 379 005c 0000A041 		.word	1101004800
 380 0060 00000000 		.word	.LC0
 381 0064 00000000 		.word	.LANCHOR1
 382              		.cfi_endproc
 383              	.LFE4728:
 385              		.global	_ZN10bkshepherd12ChorusModuleC1Ev
 386              		.thumb_set _ZN10bkshepherd12ChorusModuleC1Ev,_ZN10bkshepherd12ChorusModuleC2Ev
 387              		.section	.text._ZN10bkshepherd12ChorusModule4InitEf,"ax",%progbits
 388              		.align	1
 389              		.p2align 2,,3
 390              		.global	_ZN10bkshepherd12ChorusModule4InitEf
 391              		.syntax unified
 392              		.thumb
 393              		.thumb_func
 394              		.fpu fpv5-d16
 396              	_ZN10bkshepherd12ChorusModule4InitEf:
 397              	.LVL28:
 398              	.LFB4734:
  31:gml/GuitarPedal/Effect-Modules/chorus_module.cpp ****     BaseEffectModule::Init(sample_rate);
 399              		.loc 1 31 1 is_stmt 1 view -0
 400              		.cfi_startproc
 401              		@ args = 0, pretend = 0, frame = 0
 402              		@ frame_needed = 0, uses_anonymous_args = 0
  32:gml/GuitarPedal/Effect-Modules/chorus_module.cpp ****     m_chorus.Init(sample_rate);
 403              		.loc 1 32 5 view .LVU96
  31:gml/GuitarPedal/Effect-Modules/chorus_module.cpp ****     BaseEffectModule::Init(sample_rate);
 404              		.loc 1 31 1 is_stmt 0 view .LVU97
 405 0000 38B5     		push	{r3, r4, r5, lr}
 406              		.cfi_def_cfa_offset 16
 407              		.cfi_offset 3, -16
 408              		.cfi_offset 4, -12
 409              		.cfi_offset 5, -8
 410              		.cfi_offset 14, -4
 411 0002 2DED028B 		vpush.64	{d8}
 412              		.cfi_def_cfa_offset 24
 413              		.cfi_offset 80, -24
 414              		.cfi_offset 81, -20
  31:gml/GuitarPedal/Effect-Modules/chorus_module.cpp ****     BaseEffectModule::Init(sample_rate);
 415              		.loc 1 31 1 view .LVU98
 416 0006 B0EE408A 		vmov.f32	s16, s0
 417 000a 0546     		mov	r5, r0
  32:gml/GuitarPedal/Effect-Modules/chorus_module.cpp ****     m_chorus.Init(sample_rate);
 418              		.loc 1 32 27 view .LVU99
 419 000c FFF7FEFF 		bl	_ZN10bkshepherd16BaseEffectModule4InitEf
 420              	.LVL29:
  33:gml/GuitarPedal/Effect-Modules/chorus_module.cpp ****     for(int i = 0; i < s_paramCount; ++i)
 421              		.loc 1 33 5 is_stmt 1 view .LVU100
 422              	.LBB48:
  34:gml/GuitarPedal/Effect-Modules/chorus_module.cpp ****         ParameterChanged(i);
 423              		.loc 1 34 13 is_stmt 0 view .LVU101
 424 0010 0024     		movs	r4, #0
 425              	.LBE48:
ARM GAS  C:\Users\aydan\AppData\Local\Temp\ccTG4OFo.s 			page 12


  33:gml/GuitarPedal/Effect-Modules/chorus_module.cpp ****     for(int i = 0; i < s_paramCount; ++i)
 426              		.loc 1 33 18 view .LVU102
 427 0012 05F12400 		add	r0, r5, #36
 428 0016 B0EE480A 		vmov.f32	s0, s16
 429 001a FFF7FEFF 		bl	_ZN7daisysp6Chorus4InitEf
 430              	.LVL30:
  34:gml/GuitarPedal/Effect-Modules/chorus_module.cpp ****         ParameterChanged(i);
 431              		.loc 1 34 5 is_stmt 1 view .LVU103
 432              	.LBB49:
  34:gml/GuitarPedal/Effect-Modules/chorus_module.cpp ****         ParameterChanged(i);
 433              		.loc 1 34 22 view .LVU104
 434              	.L17:
  35:gml/GuitarPedal/Effect-Modules/chorus_module.cpp **** }
 435              		.loc 1 35 9 discriminator 2 view .LVU105
  35:gml/GuitarPedal/Effect-Modules/chorus_module.cpp **** }
 436              		.loc 1 35 27 is_stmt 0 discriminator 2 view .LVU106
 437 001e 2B68     		ldr	r3, [r5]
  35:gml/GuitarPedal/Effect-Modules/chorus_module.cpp **** }
 438              		.loc 1 35 25 discriminator 2 view .LVU107
 439 0020 2146     		mov	r1, r4
  34:gml/GuitarPedal/Effect-Modules/chorus_module.cpp ****         ParameterChanged(i);
 440              		.loc 1 34 5 discriminator 2 view .LVU108
 441 0022 0134     		adds	r4, r4, #1
 442              	.LVL31:
  35:gml/GuitarPedal/Effect-Modules/chorus_module.cpp **** }
 443              		.loc 1 35 25 discriminator 2 view .LVU109
 444 0024 2846     		mov	r0, r5
 445 0026 DB6A     		ldr	r3, [r3, #44]
 446 0028 9847     		blx	r3
 447              	.LVL32:
  34:gml/GuitarPedal/Effect-Modules/chorus_module.cpp ****         ParameterChanged(i);
 448              		.loc 1 34 5 is_stmt 1 discriminator 2 view .LVU110
  34:gml/GuitarPedal/Effect-Modules/chorus_module.cpp ****         ParameterChanged(i);
 449              		.loc 1 34 22 discriminator 2 view .LVU111
 450 002a 052C     		cmp	r4, #5
 451 002c F7D1     		bne	.L17
 452              	.LBE49:
  36:gml/GuitarPedal/Effect-Modules/chorus_module.cpp **** 
 453              		.loc 1 36 1 is_stmt 0 view .LVU112
 454 002e BDEC028B 		vldm	sp!, {d8}
 455              		.cfi_restore 80
 456              		.cfi_restore 81
 457              		.cfi_def_cfa_offset 16
 458              	.LVL33:
  36:gml/GuitarPedal/Effect-Modules/chorus_module.cpp **** 
 459              		.loc 1 36 1 view .LVU113
 460 0032 38BD     		pop	{r3, r4, r5, pc}
  36:gml/GuitarPedal/Effect-Modules/chorus_module.cpp **** 
 461              		.loc 1 36 1 view .LVU114
 462              		.cfi_endproc
 463              	.LFE4734:
 465              		.section	.text._ZN10bkshepherd12ChorusModule11ProcessMonoEf,"ax",%progbits
 466              		.align	1
 467              		.p2align 2,,3
 468              		.global	_ZN10bkshepherd12ChorusModule11ProcessMonoEf
 469              		.syntax unified
 470              		.thumb
ARM GAS  C:\Users\aydan\AppData\Local\Temp\ccTG4OFo.s 			page 13


 471              		.thumb_func
 472              		.fpu fpv5-d16
 474              	_ZN10bkshepherd12ChorusModule11ProcessMonoEf:
 475              	.LVL34:
 476              	.LFB4736:
  53:gml/GuitarPedal/Effect-Modules/chorus_module.cpp **** 
  54:gml/GuitarPedal/Effect-Modules/chorus_module.cpp **** void ChorusModule::ProcessMono(float in)
  55:gml/GuitarPedal/Effect-Modules/chorus_module.cpp **** {
 477              		.loc 1 55 1 is_stmt 1 view -0
 478              		.cfi_startproc
 479              		@ args = 0, pretend = 0, frame = 8
 480              		@ frame_needed = 0, uses_anonymous_args = 0
  56:gml/GuitarPedal/Effect-Modules/chorus_module.cpp ****     BaseEffectModule::ProcessMono(in);
 481              		.loc 1 56 5 view .LVU116
  55:gml/GuitarPedal/Effect-Modules/chorus_module.cpp ****     BaseEffectModule::ProcessMono(in);
 482              		.loc 1 55 1 is_stmt 0 view .LVU117
 483 0000 30B5     		push	{r4, r5, lr}
 484              		.cfi_def_cfa_offset 12
 485              		.cfi_offset 4, -12
 486              		.cfi_offset 5, -8
 487              		.cfi_offset 14, -4
 488 0002 0446     		mov	r4, r0
  57:gml/GuitarPedal/Effect-Modules/chorus_module.cpp ****     m_chorus.Process(m_audioLeft);
  58:gml/GuitarPedal/Effect-Modules/chorus_module.cpp ****     m_audioLeft = m_chorus.GetLeft() * m_wet + m_audioLeft * (1.0f - m_wet);
 489              		.loc 1 58 40 view .LVU118
 490 0004 44F68835 		movw	r5, #19336
  55:gml/GuitarPedal/Effect-Modules/chorus_module.cpp ****     BaseEffectModule::ProcessMono(in);
 491              		.loc 1 55 1 view .LVU119
 492 0008 2DED028B 		vpush.64	{d8}
 493              		.cfi_def_cfa_offset 20
 494              		.cfi_offset 80, -20
 495              		.cfi_offset 81, -16
 496 000c 83B0     		sub	sp, sp, #12
 497              		.cfi_def_cfa_offset 32
 498              		.loc 1 58 40 view .LVU120
 499 000e 2544     		add	r5, r5, r4
  56:gml/GuitarPedal/Effect-Modules/chorus_module.cpp ****     m_chorus.Process(m_audioLeft);
 500              		.loc 1 56 34 view .LVU121
 501 0010 FFF7FEFF 		bl	_ZN10bkshepherd16BaseEffectModule11ProcessMonoEf
 502              	.LVL35:
  57:gml/GuitarPedal/Effect-Modules/chorus_module.cpp ****     m_chorus.Process(m_audioLeft);
 503              		.loc 1 57 5 is_stmt 1 view .LVU122
  57:gml/GuitarPedal/Effect-Modules/chorus_module.cpp ****     m_chorus.Process(m_audioLeft);
 504              		.loc 1 57 21 is_stmt 0 view .LVU123
 505 0014 04F12400 		add	r0, r4, #36
 506 0018 94ED050A 		vldr.32	s0, [r4, #20]
 507              		.loc 1 58 68 view .LVU124
 508 001c B7EE008A 		vmov.f32	s16, #1.0e+0
  57:gml/GuitarPedal/Effect-Modules/chorus_module.cpp ****     m_chorus.Process(m_audioLeft);
 509              		.loc 1 57 21 view .LVU125
 510 0020 0190     		str	r0, [sp, #4]
 511 0022 FFF7FEFF 		bl	_ZN7daisysp6Chorus7ProcessEf
 512              	.LVL36:
 513              		.loc 1 58 5 is_stmt 1 view .LVU126
 514              		.loc 1 58 35 is_stmt 0 view .LVU127
 515 0026 0198     		ldr	r0, [sp, #4]
 516 0028 FFF7FEFF 		bl	_ZN7daisysp6Chorus7GetLeftEv
ARM GAS  C:\Users\aydan\AppData\Local\Temp\ccTG4OFo.s 			page 14


 517              	.LVL37:
 518              		.loc 1 58 40 view .LVU128
 519 002c 95ED007A 		vldr.32	s14, [r5]
 520              		.loc 1 58 60 view .LVU129
 521 0030 D4ED056A 		vldr.32	s13, [r4, #20]
 522              		.loc 1 58 68 view .LVU130
 523 0034 78EE477A 		vsub.f32	s15, s16, s14
  59:gml/GuitarPedal/Effect-Modules/chorus_module.cpp ****     m_audioRight = m_chorus.GetRight() * m_wet + m_audioRight * (1.0f - m_wet);
 524              		.loc 1 59 37 view .LVU131
 525 0038 0198     		ldr	r0, [sp, #4]
  58:gml/GuitarPedal/Effect-Modules/chorus_module.cpp ****     m_audioRight = m_chorus.GetRight() * m_wet + m_audioRight * (1.0f - m_wet);
 526              		.loc 1 58 60 view .LVU132
 527 003a 67EEA67A 		vmul.f32	s15, s15, s13
  58:gml/GuitarPedal/Effect-Modules/chorus_module.cpp ****     m_audioRight = m_chorus.GetRight() * m_wet + m_audioRight * (1.0f - m_wet);
 528              		.loc 1 58 46 view .LVU133
 529 003e E0EE077A 		vfma.f32	s15, s0, s14
  58:gml/GuitarPedal/Effect-Modules/chorus_module.cpp ****     m_audioRight = m_chorus.GetRight() * m_wet + m_audioRight * (1.0f - m_wet);
 530              		.loc 1 58 17 view .LVU134
 531 0042 C4ED057A 		vstr.32	s15, [r4, #20]
 532              		.loc 1 59 5 is_stmt 1 view .LVU135
 533              		.loc 1 59 37 is_stmt 0 view .LVU136
 534 0046 FFF7FEFF 		bl	_ZN7daisysp6Chorus8GetRightEv
 535              	.LVL38:
 536              		.loc 1 59 42 view .LVU137
 537 004a D5ED007A 		vldr.32	s15, [r5]
 538              		.loc 1 59 63 view .LVU138
 539 004e 94ED067A 		vldr.32	s14, [r4, #24]
 540              		.loc 1 59 71 view .LVU139
 541 0052 38EE678A 		vsub.f32	s16, s16, s15
 542              		.loc 1 59 63 view .LVU140
 543 0056 28EE078A 		vmul.f32	s16, s16, s14
 544              		.loc 1 59 48 view .LVU141
 545 005a A0EE278A 		vfma.f32	s16, s0, s15
 546              		.loc 1 59 18 view .LVU142
 547 005e 84ED068A 		vstr.32	s16, [r4, #24]
  60:gml/GuitarPedal/Effect-Modules/chorus_module.cpp **** }
 548              		.loc 1 60 1 view .LVU143
 549 0062 03B0     		add	sp, sp, #12
 550              		.cfi_def_cfa_offset 20
 551              		@ sp needed
 552 0064 BDEC028B 		vldm	sp!, {d8}
 553              		.cfi_restore 80
 554              		.cfi_restore 81
 555              		.cfi_def_cfa_offset 12
 556 0068 30BD     		pop	{r4, r5, pc}
 557              		.loc 1 60 1 view .LVU144
 558              		.cfi_endproc
 559              	.LFE4736:
 561 006a 00BF     		.section	.text._ZN10bkshepherd12ChorusModule13ProcessStereoEff,"ax",%progbits
 562              		.align	1
 563              		.p2align 2,,3
 564              		.global	_ZN10bkshepherd12ChorusModule13ProcessStereoEff
 565              		.syntax unified
 566              		.thumb
 567              		.thumb_func
 568              		.fpu fpv5-d16
 570              	_ZN10bkshepherd12ChorusModule13ProcessStereoEff:
ARM GAS  C:\Users\aydan\AppData\Local\Temp\ccTG4OFo.s 			page 15


 571              	.LVL39:
 572              	.LFB4737:
  61:gml/GuitarPedal/Effect-Modules/chorus_module.cpp **** 
  62:gml/GuitarPedal/Effect-Modules/chorus_module.cpp **** void ChorusModule::ProcessStereo(float inL, float inR)
  63:gml/GuitarPedal/Effect-Modules/chorus_module.cpp **** {
 573              		.loc 1 63 1 is_stmt 1 view -0
 574              		.cfi_startproc
 575              		@ args = 0, pretend = 0, frame = 8
 576              		@ frame_needed = 0, uses_anonymous_args = 0
  64:gml/GuitarPedal/Effect-Modules/chorus_module.cpp ****     ProcessMono(inL);
 577              		.loc 1 64 5 view .LVU146
  63:gml/GuitarPedal/Effect-Modules/chorus_module.cpp ****     ProcessMono(inL);
 578              		.loc 1 63 1 is_stmt 0 view .LVU147
 579 0000 10B5     		push	{r4, lr}
 580              		.cfi_def_cfa_offset 8
 581              		.cfi_offset 4, -8
 582              		.cfi_offset 14, -4
 583              		.loc 1 64 20 view .LVU148
 584 0002 0368     		ldr	r3, [r0]
  63:gml/GuitarPedal/Effect-Modules/chorus_module.cpp ****     ProcessMono(inL);
 585              		.loc 1 63 1 view .LVU149
 586 0004 82B0     		sub	sp, sp, #8
 587              		.cfi_def_cfa_offset 16
  63:gml/GuitarPedal/Effect-Modules/chorus_module.cpp ****     ProcessMono(inL);
 588              		.loc 1 63 1 view .LVU150
 589 0006 0446     		mov	r4, r0
 590              		.loc 1 64 16 view .LVU151
 591 0008 DB68     		ldr	r3, [r3, #12]
  63:gml/GuitarPedal/Effect-Modules/chorus_module.cpp ****     ProcessMono(inL);
 592              		.loc 1 63 1 view .LVU152
 593 000a CDED010A 		vstr.32	s1, [sp, #4]	@ int
 594              		.loc 1 64 16 view .LVU153
 595 000e 9847     		blx	r3
 596              	.LVL40:
  65:gml/GuitarPedal/Effect-Modules/chorus_module.cpp ****     BaseEffectModule::ProcessStereo(m_audioLeft, inR);
 597              		.loc 1 65 5 is_stmt 1 view .LVU154
 598              		.loc 1 65 36 is_stmt 0 view .LVU155
 599 0010 DDED010A 		vldr.32	s1, [sp, #4]	@ int
 600 0014 94ED050A 		vldr.32	s0, [r4, #20]
 601 0018 2046     		mov	r0, r4
 602 001a FFF7FEFF 		bl	_ZN10bkshepherd16BaseEffectModule13ProcessStereoEff
 603              	.LVL41:
  66:gml/GuitarPedal/Effect-Modules/chorus_module.cpp ****     m_audioRight = m_chorus.GetRight() * m_wet + m_audioRight * (1.0f - m_wet);
 604              		.loc 1 66 5 is_stmt 1 view .LVU156
 605              		.loc 1 66 37 is_stmt 0 view .LVU157
 606 001e 04F12400 		add	r0, r4, #36
 607 0022 FFF7FEFF 		bl	_ZN7daisysp6Chorus8GetRightEv
 608              	.LVL42:
 609              		.loc 1 66 42 view .LVU158
 610 0026 44F68833 		movw	r3, #19336
 611              		.loc 1 66 71 view .LVU159
 612 002a F7EE007A 		vmov.f32	s15, #1.0e+0
 613              		.loc 1 66 63 view .LVU160
 614 002e D4ED066A 		vldr.32	s13, [r4, #24]
 615              		.loc 1 66 42 view .LVU161
 616 0032 2344     		add	r3, r3, r4
 617 0034 93ED007A 		vldr.32	s14, [r3]
ARM GAS  C:\Users\aydan\AppData\Local\Temp\ccTG4OFo.s 			page 16


 618              		.loc 1 66 71 view .LVU162
 619 0038 77EEC77A 		vsub.f32	s15, s15, s14
 620              		.loc 1 66 63 view .LVU163
 621 003c 67EEA67A 		vmul.f32	s15, s15, s13
 622              		.loc 1 66 48 view .LVU164
 623 0040 E0EE077A 		vfma.f32	s15, s0, s14
 624              		.loc 1 66 18 view .LVU165
 625 0044 C4ED067A 		vstr.32	s15, [r4, #24]
  67:gml/GuitarPedal/Effect-Modules/chorus_module.cpp **** }
 626              		.loc 1 67 1 view .LVU166
 627 0048 02B0     		add	sp, sp, #8
 628              		.cfi_def_cfa_offset 8
 629              		@ sp needed
 630 004a 10BD     		pop	{r4, pc}
 631              		.loc 1 67 1 view .LVU167
 632              		.cfi_endproc
 633              	.LFE4737:
 635              		.section	.text._ZN10bkshepherd12ChorusModule19GetBrightnessForLEDEi,"ax",%progbits
 636              		.align	1
 637              		.p2align 2,,3
 638              		.global	_ZN10bkshepherd12ChorusModule19GetBrightnessForLEDEi
 639              		.syntax unified
 640              		.thumb
 641              		.thumb_func
 642              		.fpu fpv5-d16
 644              	_ZN10bkshepherd12ChorusModule19GetBrightnessForLEDEi:
 645              	.LVL43:
 646              	.LFB4738:
  68:gml/GuitarPedal/Effect-Modules/chorus_module.cpp **** 
  69:gml/GuitarPedal/Effect-Modules/chorus_module.cpp **** float ChorusModule::GetBrightnessForLED(int led_id)
  70:gml/GuitarPedal/Effect-Modules/chorus_module.cpp **** {
 647              		.loc 1 70 1 is_stmt 1 view -0
 648              		.cfi_startproc
 649              		@ args = 0, pretend = 0, frame = 0
 650              		@ frame_needed = 0, uses_anonymous_args = 0
  71:gml/GuitarPedal/Effect-Modules/chorus_module.cpp ****     float value = BaseEffectModule::GetBrightnessForLED(led_id);
 651              		.loc 1 71 5 view .LVU169
  70:gml/GuitarPedal/Effect-Modules/chorus_module.cpp ****     float value = BaseEffectModule::GetBrightnessForLED(led_id);
 652              		.loc 1 70 1 is_stmt 0 view .LVU170
 653 0000 38B5     		push	{r3, r4, r5, lr}
 654              		.cfi_def_cfa_offset 16
 655              		.cfi_offset 3, -16
 656              		.cfi_offset 4, -12
 657              		.cfi_offset 5, -8
 658              		.cfi_offset 14, -4
  70:gml/GuitarPedal/Effect-Modules/chorus_module.cpp ****     float value = BaseEffectModule::GetBrightnessForLED(led_id);
 659              		.loc 1 70 1 view .LVU171
 660 0002 0C46     		mov	r4, r1
 661 0004 0546     		mov	r5, r0
 662              		.loc 1 71 56 view .LVU172
 663 0006 FFF7FEFF 		bl	_ZN10bkshepherd16BaseEffectModule19GetBrightnessForLEDEi
 664              	.LVL44:
  72:gml/GuitarPedal/Effect-Modules/chorus_module.cpp ****     if (led_id == 1)
 665              		.loc 1 72 5 is_stmt 1 view .LVU173
 666 000a 012C     		cmp	r4, #1
 667 000c 00D0     		beq	.L27
  73:gml/GuitarPedal/Effect-Modules/chorus_module.cpp ****         return value * m_wet;
ARM GAS  C:\Users\aydan\AppData\Local\Temp\ccTG4OFo.s 			page 17


  74:gml/GuitarPedal/Effect-Modules/chorus_module.cpp ****     return value;
  75:gml/GuitarPedal/Effect-Modules/chorus_module.cpp **** }
 668              		.loc 1 75 1 is_stmt 0 view .LVU174
 669 000e 38BD     		pop	{r3, r4, r5, pc}
 670              	.LVL45:
 671              	.L27:
  73:gml/GuitarPedal/Effect-Modules/chorus_module.cpp ****         return value * m_wet;
 672              		.loc 1 73 9 is_stmt 1 view .LVU175
  73:gml/GuitarPedal/Effect-Modules/chorus_module.cpp ****         return value * m_wet;
 673              		.loc 1 73 24 is_stmt 0 view .LVU176
 674 0010 44F68833 		movw	r3, #19336
 675 0014 2B44     		add	r3, r3, r5
 676 0016 D3ED007A 		vldr.32	s15, [r3]
 677 001a 20EE270A 		vmul.f32	s0, s0, s15
 678              	.LVL46:
 679              		.loc 1 75 1 view .LVU177
 680 001e 38BD     		pop	{r3, r4, r5, pc}
 681              		.loc 1 75 1 view .LVU178
 682              		.cfi_endproc
 683              	.LFE4738:
 685              		.global	_ZTVN10bkshepherd12ChorusModuleE
 686              		.section	.rodata.str1.4,"aMS",%progbits,1
 687              		.align	2
 688              	.LC1:
 689 0000 57657400 		.ascii	"Wet\000"
 690              		.align	2
 691              	.LC2:
 692 0004 44656C61 		.ascii	"Delay\000"
 692      7900
 693 000a 0000     		.align	2
 694              	.LC3:
 695 000c 4C464F20 		.ascii	"LFO Freq\000"
 695      46726571 
 695      00
 696 0015 000000   		.align	2
 697              	.LC4:
 698 0018 4C464F20 		.ascii	"LFO Depth\000"
 698      44657074 
 698      6800
 699 0022 0000     		.align	2
 700              	.LC5:
 701 0024 46656564 		.ascii	"Feedback\000"
 701      6261636B 
 701      00
 702              		.section	.rodata._ZL10s_metaData,"a"
 703              		.align	2
 704              		.set	.LANCHOR1,. + 0
 707              	_ZL10s_metaData:
 708 0000 00000000 		.word	.LC1
 709 0004 01       		.byte	1
 710 0005 000000   		.space	3
 711 0008 00000000 		.word	0
 712 000c 00000000 		.space	4
 713 0010 53       		.byte	83
 714 0011 000000   		.space	3
 715 0014 00000000 		.word	0
 716 0018 14000000 		.word	20
ARM GAS  C:\Users\aydan\AppData\Local\Temp\ccTG4OFo.s 			page 18


 717 001c 04000000 		.word	.LC2
 718 0020 01       		.byte	1
 719 0021 000000   		.space	3
 720 0024 00000000 		.word	0
 721 0028 00000000 		.space	4
 722 002c 40       		.byte	64
 723 002d 000000   		.space	3
 724 0030 01000000 		.word	1
 725 0034 15000000 		.word	21
 726 0038 0C000000 		.word	.LC3
 727 003c 01       		.byte	1
 728 003d 000000   		.space	3
 729 0040 00000000 		.word	0
 730 0044 00000000 		.space	4
 731 0048 23       		.byte	35
 732 0049 000000   		.space	3
 733 004c 02000000 		.word	2
 734 0050 16000000 		.word	22
 735 0054 18000000 		.word	.LC4
 736 0058 01       		.byte	1
 737 0059 000000   		.space	3
 738 005c 00000000 		.word	0
 739 0060 00000000 		.space	4
 740 0064 28       		.byte	40
 741 0065 000000   		.space	3
 742 0068 03000000 		.word	3
 743 006c 17000000 		.word	23
 744 0070 24000000 		.word	.LC5
 745 0074 01       		.byte	1
 746 0075 000000   		.space	3
 747 0078 00000000 		.word	0
 748 007c 00000000 		.space	4
 749 0080 1E       		.byte	30
 750 0081 000000   		.space	3
 751 0084 04000000 		.word	4
 752 0088 18000000 		.word	24
 753              		.section	.rodata._ZTVN10bkshepherd12ChorusModuleE,"a"
 754              		.align	2
 755              		.set	.LANCHOR0,. + 0
 758              	_ZTVN10bkshepherd12ChorusModuleE:
 759 0000 00000000 		.word	0
 760 0004 00000000 		.word	0
 761 0008 00000000 		.word	_ZN10bkshepherd12ChorusModuleD1Ev
 762 000c 00000000 		.word	_ZN10bkshepherd12ChorusModuleD0Ev
 763 0010 00000000 		.word	_ZN10bkshepherd12ChorusModule4InitEf
 764 0014 00000000 		.word	_ZN10bkshepherd12ChorusModule11ProcessMonoEf
 765 0018 00000000 		.word	_ZN10bkshepherd12ChorusModule13ProcessStereoEff
 766 001c 00000000 		.word	_ZN10bkshepherd12ChorusModule19GetBrightnessForLEDEi
 767 0020 00000000 		.word	_ZN10bkshepherd16BaseEffectModule10SetEnabledEb
 768 0024 00000000 		.word	_ZN10bkshepherd16BaseEffectModule8SetTempoEm
 769 0028 00000000 		.word	_ZN10bkshepherd16BaseEffectModule8UpdateUIEf
 770 002c 00000000 		.word	_ZN10bkshepherd16BaseEffectModule6DrawUIERN5daisy21OneBitGraphicsDisplayEiiNS1_9RectangleEb
 771 0030 00000000 		.word	_ZN10bkshepherd16BaseEffectModule10InitParamsEi
 772 0034 00000000 		.word	_ZN10bkshepherd12ChorusModule16ParameterChangedEi
 773              		.text
 774              	.Letext0:
 775              		.file 3 "c:\\program files\\daisytoolchain\\arm-none-eabi\\include\\machine\\_default_types.h"
ARM GAS  C:\Users\aydan\AppData\Local\Temp\ccTG4OFo.s 			page 19


 776              		.file 4 "c:\\program files\\daisytoolchain\\arm-none-eabi\\include\\sys\\_stdint.h"
 777              		.file 5 "c:\\program files\\daisytoolchain\\arm-none-eabi\\include\\stdint.h"
 778              		.file 6 "c:\\program files\\daisytoolchain\\lib\\gcc\\arm-none-eabi\\10.2.1\\include\\stddef.h"
 779              		.file 7 "c:\\program files\\daisytoolchain\\arm-none-eabi\\include\\c++\\10.2.1\\cmath"
 780              		.file 8 "c:\\program files\\daisytoolchain\\arm-none-eabi\\include\\c++\\10.2.1\\bits\\std_abs.h"
 781              		.file 9 "c:\\program files\\daisytoolchain\\arm-none-eabi\\include\\c++\\10.2.1\\cstdint"
 782              		.file 10 "c:\\program files\\daisytoolchain\\arm-none-eabi\\include\\c++\\10.2.1\\cstdlib"
 783              		.file 11 "c:\\program files\\daisytoolchain\\arm-none-eabi\\include\\c++\\10.2.1\\type_traits"
 784              		.file 12 "c:\\program files\\daisytoolchain\\arm-none-eabi\\include\\c++\\10.2.1\\debug\\debug.h"
 785              		.file 13 "c:\\program files\\daisytoolchain\\arm-none-eabi\\include\\c++\\10.2.1\\cwchar"
 786              		.file 14 "c:\\program files\\daisytoolchain\\arm-none-eabi\\include\\c++\\10.2.1\\bits\\stl_pair.h
 787              		.file 15 "c:\\program files\\daisytoolchain\\arm-none-eabi\\include\\c++\\10.2.1\\bits\\exception_
 788              		.file 16 "c:\\program files\\daisytoolchain\\arm-none-eabi\\include\\c++\\10.2.1\\arm-none-eabi\\t
 789              		.file 17 "c:\\program files\\daisytoolchain\\arm-none-eabi\\include\\c++\\10.2.1\\clocale"
 790              		.file 18 "c:\\program files\\daisytoolchain\\arm-none-eabi\\include\\c++\\10.2.1\\cstdio"
 791              		.file 19 "c:\\program files\\daisytoolchain\\arm-none-eabi\\include\\c++\\10.2.1\\bits\\basic_stri
 792              		.file 20 "c:\\program files\\daisytoolchain\\arm-none-eabi\\include\\c++\\10.2.1\\bits\\charconv.h
 793              		.file 21 "c:\\program files\\daisytoolchain\\arm-none-eabi\\include\\c++\\10.2.1\\bits\\algorithmf
 794              		.file 22 "c:\\program files\\daisytoolchain\\arm-none-eabi\\include\\c++\\10.2.1\\cstring"
 795              		.file 23 "c:\\program files\\daisytoolchain\\arm-none-eabi\\include\\c++\\10.2.1\\cstdarg"
 796              		.file 24 "c:\\program files\\daisytoolchain\\arm-none-eabi\\include\\c++\\10.2.1\\bits\\predefined
 797              		.file 25 "c:\\program files\\daisytoolchain\\arm-none-eabi\\include\\sys\\_types.h"
 798              		.file 26 "c:\\program files\\daisytoolchain\\arm-none-eabi\\include\\sys\\reent.h"
 799              		.file 27 "c:\\program files\\daisytoolchain\\arm-none-eabi\\include\\sys\\lock.h"
 800              		.file 28 "c:\\program files\\daisytoolchain\\arm-none-eabi\\include\\math.h"
 801              		.file 29 "c:\\program files\\daisytoolchain\\arm-none-eabi\\include\\stdlib.h"
 802              		.file 30 "c:\\program files\\daisytoolchain\\arm-none-eabi\\include\\c++\\10.2.1\\math.h"
 803              		.file 31 "../../DaisySP/Source/Control/adenv.h"
 804              		.file 32 "../../DaisySP/Source/Utility/dsp.h"
 805              		.file 33 "../../DaisySP/Source/Utility/delayline.h"
 806              		.file 34 "c:\\program files\\daisytoolchain\\lib\\gcc\\arm-none-eabi\\10.2.1\\include\\stdarg.h"
 807              		.file 35 "c:\\program files\\daisytoolchain\\arm-none-eabi\\include\\wchar.h"
 808              		.file 36 "c:\\program files\\daisytoolchain\\arm-none-eabi\\include\\locale.h"
 809              		.file 37 "c:\\program files\\daisytoolchain\\arm-none-eabi\\include\\stdio.h"
 810              		.file 38 "c:\\program files\\daisytoolchain\\arm-none-eabi\\include\\c++\\10.2.1\\stdlib.h"
 811              		.file 39 "c:\\program files\\daisytoolchain\\arm-none-eabi\\include\\string.h"
 812              		.file 40 "../../libDaisy/src/daisy_core.h"
 813              		.file 41 "../../libDaisy/src/util/wav_format.h"
 814              		.file 42 "../../libDaisy/src/dev/max11300.h"
 815              		.file 43 "../../libDaisy/src/daisy_seed.h"
 816              		.file 44 "gml/GuitarPedal/Effect-Modules/base_effect_module.h"
 817              		.file 45 "gml/GuitarPedal/Effect-Modules/chorus_module.h"
 818              		.file 46 "../../libDaisy/src/dev/sr_595.h"
 819              		.file 47 "c:\\program files\\daisytoolchain\\arm-none-eabi\\include\\c++\\10.2.1\\new"
 820              		.file 48 "<built-in>"
ARM GAS  C:\Users\aydan\AppData\Local\Temp\ccTG4OFo.s 			page 20


DEFINED SYMBOLS
                            *ABS*:00000000 chorus_module.cpp
C:\Users\aydan\AppData\Local\Temp\ccTG4OFo.s:17     .text._ZN10bkshepherd12ChorusModuleD2Ev:00000000 $t
C:\Users\aydan\AppData\Local\Temp\ccTG4OFo.s:26     .text._ZN10bkshepherd12ChorusModuleD2Ev:00000000 _ZN10bkshepherd12ChorusModuleD2Ev
C:\Users\aydan\AppData\Local\Temp\ccTG4OFo.s:68     .text._ZN10bkshepherd12ChorusModuleD2Ev:00000010 $d
C:\Users\aydan\AppData\Local\Temp\ccTG4OFo.s:26     .text._ZN10bkshepherd12ChorusModuleD2Ev:00000000 _ZN10bkshepherd12ChorusModuleD1Ev
C:\Users\aydan\AppData\Local\Temp\ccTG4OFo.s:75     .text._ZN10bkshepherd12ChorusModuleD0Ev:00000000 $t
C:\Users\aydan\AppData\Local\Temp\ccTG4OFo.s:83     .text._ZN10bkshepherd12ChorusModuleD0Ev:00000000 _ZN10bkshepherd12ChorusModuleD0Ev
C:\Users\aydan\AppData\Local\Temp\ccTG4OFo.s:134    .text._ZN10bkshepherd12ChorusModuleD0Ev:0000001c $d
C:\Users\aydan\AppData\Local\Temp\ccTG4OFo.s:139    .text._ZN10bkshepherd12ChorusModule16ParameterChangedEi:00000000 $t
C:\Users\aydan\AppData\Local\Temp\ccTG4OFo.s:147    .text._ZN10bkshepherd12ChorusModule16ParameterChangedEi:00000000 _ZN10bkshepherd12ChorusModule16ParameterChangedEi
C:\Users\aydan\AppData\Local\Temp\ccTG4OFo.s:286    .rodata._ZN10bkshepherd12ChorusModuleC2Ev.str1.4:00000000 $d
C:\Users\aydan\AppData\Local\Temp\ccTG4OFo.s:290    .text._ZN10bkshepherd12ChorusModuleC2Ev:00000000 $t
C:\Users\aydan\AppData\Local\Temp\ccTG4OFo.s:298    .text._ZN10bkshepherd12ChorusModuleC2Ev:00000000 _ZN10bkshepherd12ChorusModuleC2Ev
C:\Users\aydan\AppData\Local\Temp\ccTG4OFo.s:378    .text._ZN10bkshepherd12ChorusModuleC2Ev:00000058 $d
C:\Users\aydan\AppData\Local\Temp\ccTG4OFo.s:298    .text._ZN10bkshepherd12ChorusModuleC2Ev:00000000 _ZN10bkshepherd12ChorusModuleC1Ev
C:\Users\aydan\AppData\Local\Temp\ccTG4OFo.s:388    .text._ZN10bkshepherd12ChorusModule4InitEf:00000000 $t
C:\Users\aydan\AppData\Local\Temp\ccTG4OFo.s:396    .text._ZN10bkshepherd12ChorusModule4InitEf:00000000 _ZN10bkshepherd12ChorusModule4InitEf
C:\Users\aydan\AppData\Local\Temp\ccTG4OFo.s:466    .text._ZN10bkshepherd12ChorusModule11ProcessMonoEf:00000000 $t
C:\Users\aydan\AppData\Local\Temp\ccTG4OFo.s:474    .text._ZN10bkshepherd12ChorusModule11ProcessMonoEf:00000000 _ZN10bkshepherd12ChorusModule11ProcessMonoEf
C:\Users\aydan\AppData\Local\Temp\ccTG4OFo.s:562    .text._ZN10bkshepherd12ChorusModule13ProcessStereoEff:00000000 $t
C:\Users\aydan\AppData\Local\Temp\ccTG4OFo.s:570    .text._ZN10bkshepherd12ChorusModule13ProcessStereoEff:00000000 _ZN10bkshepherd12ChorusModule13ProcessStereoEff
C:\Users\aydan\AppData\Local\Temp\ccTG4OFo.s:636    .text._ZN10bkshepherd12ChorusModule19GetBrightnessForLEDEi:00000000 $t
C:\Users\aydan\AppData\Local\Temp\ccTG4OFo.s:644    .text._ZN10bkshepherd12ChorusModule19GetBrightnessForLEDEi:00000000 _ZN10bkshepherd12ChorusModule19GetBrightnessForLEDEi
C:\Users\aydan\AppData\Local\Temp\ccTG4OFo.s:758    .rodata._ZTVN10bkshepherd12ChorusModuleE:00000000 _ZTVN10bkshepherd12ChorusModuleE
C:\Users\aydan\AppData\Local\Temp\ccTG4OFo.s:687    .rodata.str1.4:00000000 $d
C:\Users\aydan\AppData\Local\Temp\ccTG4OFo.s:703    .rodata._ZL10s_metaData:00000000 $d
C:\Users\aydan\AppData\Local\Temp\ccTG4OFo.s:707    .rodata._ZL10s_metaData:00000000 _ZL10s_metaData
C:\Users\aydan\AppData\Local\Temp\ccTG4OFo.s:754    .rodata._ZTVN10bkshepherd12ChorusModuleE:00000000 $d

UNDEFINED SYMBOLS
_ZN10bkshepherd16BaseEffectModuleD2Ev
_ZdlPvj
_ZN10bkshepherd16BaseEffectModule23GetParameterAsMagnitudeEi
_ZN7daisysp6Chorus8SetDelayEf
_ZN7daisysp6Chorus10SetLfoFreqEf
_ZN7daisysp6Chorus11SetLfoDepthEf
_ZN7daisysp6Chorus11SetFeedbackEf
_ZN10bkshepherd16BaseEffectModuleC2Ev
_ZN10bkshepherd16BaseEffectModule10InitParamsEi
_ZN10bkshepherd16BaseEffectModule4InitEf
_ZN7daisysp6Chorus4InitEf
_ZN10bkshepherd16BaseEffectModule11ProcessMonoEf
_ZN7daisysp6Chorus7ProcessEf
_ZN7daisysp6Chorus7GetLeftEv
_ZN7daisysp6Chorus8GetRightEv
_ZN10bkshepherd16BaseEffectModule13ProcessStereoEff
_ZN10bkshepherd16BaseEffectModule19GetBrightnessForLEDEi
_ZN10bkshepherd16BaseEffectModule10SetEnabledEb
_ZN10bkshepherd16BaseEffectModule8SetTempoEm
_ZN10bkshepherd16BaseEffectModule8UpdateUIEf
_ZN10bkshepherd16BaseEffectModule6DrawUIERN5daisy21OneBitGraphicsDisplayEiiNS1_9RectangleEb
