ARM GAS  C:\Users\aydan\AppData\Local\Temp\ccKw3sPd.s 			page 1


   1              		.cpu cortex-m7
   2              		.eabi_attribute 28, 1
   3              		.eabi_attribute 20, 1
   4              		.eabi_attribute 21, 1
   5              		.eabi_attribute 23, 3
   6              		.eabi_attribute 24, 1
   7              		.eabi_attribute 25, 1
   8              		.eabi_attribute 26, 1
   9              		.eabi_attribute 30, 2
  10              		.eabi_attribute 34, 1
  11              		.eabi_attribute 18, 4
  12              		.file	"audio_utilities.cpp"
  13              		.text
  14              	.Ltext0:
  15              		.cfi_sections	.debug_frame
  16              		.section	.text._Z13tempo_to_freqm,"ax",%progbits
  17              		.align	1
  18              		.p2align 2,,3
  19              		.global	_Z13tempo_to_freqm
  20              		.arch armv7e-m
  21              		.syntax unified
  22              		.thumb
  23              		.thumb_func
  24              		.fpu fpv5-d16
  26              	_Z13tempo_to_freqm:
  27              	.LVL0:
  28              	.LFB544:
  29              		.file 1 "gml/GuitarPedal/Util/audio_utilities.cpp"
   1:gml/GuitarPedal/Util/audio_utilities.cpp **** #include "audio_utilities.h"
   2:gml/GuitarPedal/Util/audio_utilities.cpp **** 
   3:gml/GuitarPedal/Util/audio_utilities.cpp **** float tempo_to_freq(uint32_t tempo)
   4:gml/GuitarPedal/Util/audio_utilities.cpp **** {
  30              		.loc 1 4 1 view -0
  31              		.cfi_startproc
  32              		@ args = 0, pretend = 0, frame = 0
  33              		@ frame_needed = 0, uses_anonymous_args = 0
  34              		@ link register save eliminated.
   5:gml/GuitarPedal/Util/audio_utilities.cpp ****     return tempo / 60.0f;
  35              		.loc 1 5 5 view .LVU1
  36              		.loc 1 5 18 is_stmt 0 view .LVU2
  37 0000 07EE900A 		vmov	s15, r0	@ int
  38              		.loc 1 5 20 view .LVU3
  39 0004 9FED030A 		vldr.32	s0, .L3
  40              		.loc 1 5 18 view .LVU4
  41 0008 F8EE677A 		vcvt.f32.u32	s15, s15
   6:gml/GuitarPedal/Util/audio_utilities.cpp **** }
  42              		.loc 1 6 1 view .LVU5
  43 000c 87EE800A 		vdiv.f32	s0, s15, s0
  44 0010 7047     		bx	lr
  45              	.L4:
  46 0012 00BF     		.align	2
  47              	.L3:
  48 0014 00007042 		.word	1114636288
  49              		.cfi_endproc
  50              	.LFE544:
  52              		.section	.text._Z13freq_to_tempof,"ax",%progbits
  53              		.align	1
ARM GAS  C:\Users\aydan\AppData\Local\Temp\ccKw3sPd.s 			page 2


  54              		.p2align 2,,3
  55              		.global	_Z13freq_to_tempof
  56              		.syntax unified
  57              		.thumb
  58              		.thumb_func
  59              		.fpu fpv5-d16
  61              	_Z13freq_to_tempof:
  62              	.LVL1:
  63              	.LFB545:
   7:gml/GuitarPedal/Util/audio_utilities.cpp **** 
   8:gml/GuitarPedal/Util/audio_utilities.cpp **** uint32_t freq_to_tempo(float freq)
   9:gml/GuitarPedal/Util/audio_utilities.cpp **** {
  64              		.loc 1 9 1 is_stmt 1 view -0
  65              		.cfi_startproc
  66              		@ args = 0, pretend = 0, frame = 0
  67              		@ frame_needed = 0, uses_anonymous_args = 0
  68              		@ link register save eliminated.
  10:gml/GuitarPedal/Util/audio_utilities.cpp ****     return freq * 60.0f;
  69              		.loc 1 10 5 view .LVU7
  70              		.loc 1 10 17 is_stmt 0 view .LVU8
  71 0000 DFED047A 		vldr.32	s15, .L6
  72 0004 20EE270A 		vmul.f32	s0, s0, s15
  73              	.LVL2:
  11:gml/GuitarPedal/Util/audio_utilities.cpp **** }
  74              		.loc 1 11 1 view .LVU9
  75 0008 FCEEC07A 		vcvt.u32.f32	s15, s0
  76 000c 17EE900A 		vmov	r0, s15	@ int
  77 0010 7047     		bx	lr
  78              	.L7:
  79 0012 00BF     		.align	2
  80              	.L6:
  81 0014 00007042 		.word	1114636288
  82              		.cfi_endproc
  83              	.LFE545:
  85              		.section	.text._Z11ms_to_tempom,"ax",%progbits
  86              		.align	1
  87              		.p2align 2,,3
  88              		.global	_Z11ms_to_tempom
  89              		.syntax unified
  90              		.thumb
  91              		.thumb_func
  92              		.fpu fpv5-d16
  94              	_Z11ms_to_tempom:
  95              	.LVL3:
  96              	.LFB546:
  12:gml/GuitarPedal/Util/audio_utilities.cpp **** 
  13:gml/GuitarPedal/Util/audio_utilities.cpp **** uint32_t ms_to_tempo(uint32_t ms)
  14:gml/GuitarPedal/Util/audio_utilities.cpp **** {
  97              		.loc 1 14 1 is_stmt 1 view -0
  98              		.cfi_startproc
  99              		@ args = 0, pretend = 0, frame = 0
 100              		@ frame_needed = 0, uses_anonymous_args = 0
 101              		@ link register save eliminated.
  15:gml/GuitarPedal/Util/audio_utilities.cpp ****     return 60000 / ms;
 102              		.loc 1 15 5 view .LVU11
 103              		.loc 1 15 20 is_stmt 0 view .LVU12
 104 0000 4EF66023 		movw	r3, #60000
ARM GAS  C:\Users\aydan\AppData\Local\Temp\ccKw3sPd.s 			page 3


  16:gml/GuitarPedal/Util/audio_utilities.cpp **** }
 105              		.loc 1 16 1 view .LVU13
 106 0004 B3FBF0F0 		udiv	r0, r3, r0
 107              	.LVL4:
 108              		.loc 1 16 1 view .LVU14
 109 0008 7047     		bx	lr
 110              		.cfi_endproc
 111              	.LFE546:
 113 000a 00BF     		.section	.text._Z10s_to_tempof,"ax",%progbits
 114              		.align	1
 115              		.p2align 2,,3
 116              		.global	_Z10s_to_tempof
 117              		.syntax unified
 118              		.thumb
 119              		.thumb_func
 120              		.fpu fpv5-d16
 122              	_Z10s_to_tempof:
 123              	.LVL5:
 124              	.LFB547:
  17:gml/GuitarPedal/Util/audio_utilities.cpp **** 
  18:gml/GuitarPedal/Util/audio_utilities.cpp **** uint32_t s_to_tempo(float seconds)
  19:gml/GuitarPedal/Util/audio_utilities.cpp **** {
 125              		.loc 1 19 1 is_stmt 1 view -0
 126              		.cfi_startproc
 127              		@ args = 0, pretend = 0, frame = 0
 128              		@ frame_needed = 0, uses_anonymous_args = 0
 129              		@ link register save eliminated.
  20:gml/GuitarPedal/Util/audio_utilities.cpp ****     return 60 / seconds;
 130              		.loc 1 20 5 view .LVU16
 131              		.loc 1 20 15 is_stmt 0 view .LVU17
 132 0000 9FED047A 		vldr.32	s14, .L10
 133 0004 C7EE007A 		vdiv.f32	s15, s14, s0
  21:gml/GuitarPedal/Util/audio_utilities.cpp **** }...
 134              		.loc 1 21 1 view .LVU18
 135 0008 FCEEE77A 		vcvt.u32.f32	s15, s15
 136 000c 17EE900A 		vmov	r0, s15	@ int
 137 0010 7047     		bx	lr
 138              	.L11:
 139 0012 00BF     		.align	2
 140              	.L10:
 141 0014 00007042 		.word	1114636288
 142              		.cfi_endproc
 143              	.LFE547:
 145              		.text
 146              	.Letext0:
 147              		.file 2 "c:\\program files\\daisytoolchain\\arm-none-eabi\\include\\machine\\_default_types.h"
 148              		.file 3 "c:\\program files\\daisytoolchain\\arm-none-eabi\\include\\sys\\_stdint.h"
 149              		.file 4 "c:\\program files\\daisytoolchain\\arm-none-eabi\\include\\c++\\10.2.1\\cmath"
 150              		.file 5 "c:\\program files\\daisytoolchain\\arm-none-eabi\\include\\c++\\10.2.1\\bits\\std_abs.h"
 151              		.file 6 "c:\\program files\\daisytoolchain\\arm-none-eabi\\include\\c++\\10.2.1\\arm-none-eabi\\th
 152              		.file 7 "c:\\program files\\daisytoolchain\\arm-none-eabi\\include\\math.h"
 153              		.file 8 "c:\\program files\\daisytoolchain\\arm-none-eabi\\include\\c++\\10.2.1\\math.h"
 154              		.file 9 "<built-in>"
ARM GAS  C:\Users\aydan\AppData\Local\Temp\ccKw3sPd.s 			page 4


DEFINED SYMBOLS
                            *ABS*:00000000 audio_utilities.cpp
C:\Users\aydan\AppData\Local\Temp\ccKw3sPd.s:17     .text._Z13tempo_to_freqm:00000000 $t
C:\Users\aydan\AppData\Local\Temp\ccKw3sPd.s:26     .text._Z13tempo_to_freqm:00000000 _Z13tempo_to_freqm
C:\Users\aydan\AppData\Local\Temp\ccKw3sPd.s:48     .text._Z13tempo_to_freqm:00000014 $d
C:\Users\aydan\AppData\Local\Temp\ccKw3sPd.s:53     .text._Z13freq_to_tempof:00000000 $t
C:\Users\aydan\AppData\Local\Temp\ccKw3sPd.s:61     .text._Z13freq_to_tempof:00000000 _Z13freq_to_tempof
C:\Users\aydan\AppData\Local\Temp\ccKw3sPd.s:81     .text._Z13freq_to_tempof:00000014 $d
C:\Users\aydan\AppData\Local\Temp\ccKw3sPd.s:86     .text._Z11ms_to_tempom:00000000 $t
C:\Users\aydan\AppData\Local\Temp\ccKw3sPd.s:94     .text._Z11ms_to_tempom:00000000 _Z11ms_to_tempom
C:\Users\aydan\AppData\Local\Temp\ccKw3sPd.s:114    .text._Z10s_to_tempof:00000000 $t
C:\Users\aydan\AppData\Local\Temp\ccKw3sPd.s:122    .text._Z10s_to_tempof:00000000 _Z10s_to_tempof
C:\Users\aydan\AppData\Local\Temp\ccKw3sPd.s:141    .text._Z10s_to_tempof:00000014 $d

NO UNDEFINED SYMBOLS
