ARM GAS  C:\Users\aydan\AppData\Local\Temp\cc6qc9jx.s 			page 1


   1              		.cpu cortex-m7
   2              		.eabi_attribute 28, 1
   3              		.eabi_attribute 20, 1
   4              		.eabi_attribute 21, 1
   5              		.eabi_attribute 23, 3
   6              		.eabi_attribute 24, 1
   7              		.eabi_attribute 25, 1
   8              		.eabi_attribute 26, 1
   9              		.eabi_attribute 30, 2
  10              		.eabi_attribute 34, 1
  11              		.eabi_attribute 18, 4
  12              		.file	"reverb_module.cpp"
  13              		.text
  14              	.Ltext0:
  15              		.cfi_sections	.debug_frame
  16              		.section	.text._ZN10bkshepherd12ReverbModuleD2Ev,"ax",%progbits
  17              		.align	1
  18              		.p2align 2,,3
  19              		.global	_ZN10bkshepherd12ReverbModuleD2Ev
  20              		.arch armv7e-m
  21              		.syntax unified
  22              		.thumb
  23              		.thumb_func
  24              		.fpu fpv5-d16
  26              	_ZN10bkshepherd12ReverbModuleD2Ev:
  27              	.LVL0:
  28              	.LFB4739:
  29              		.file 1 "gml/GuitarPedal/Effect-Modules/reverb_module.cpp"
   1:gml/GuitarPedal/Effect-Modules/reverb_module.cpp **** #include "reverb_module.h"
   2:gml/GuitarPedal/Effect-Modules/reverb_module.cpp **** 
   3:gml/GuitarPedal/Effect-Modules/reverb_module.cpp **** using namespace bkshepherd;
   4:gml/GuitarPedal/Effect-Modules/reverb_module.cpp **** 
   5:gml/GuitarPedal/Effect-Modules/reverb_module.cpp **** static const int s_paramCount = 3;
   6:gml/GuitarPedal/Effect-Modules/reverb_module.cpp **** static const ParameterMetaData s_metaData[s_paramCount] = {{name: "Time", valueType: ParameterValue
   7:gml/GuitarPedal/Effect-Modules/reverb_module.cpp ****                                                            {name: "Damp", valueType: ParameterValue
   8:gml/GuitarPedal/Effect-Modules/reverb_module.cpp ****                                                            {name: "Mix", valueType: ParameterValueT
   9:gml/GuitarPedal/Effect-Modules/reverb_module.cpp **** 
  10:gml/GuitarPedal/Effect-Modules/reverb_module.cpp **** ReverbModule::ReverbModule() : BaseEffectModule(),
  11:gml/GuitarPedal/Effect-Modules/reverb_module.cpp ****                                         m_timeMin(0.6f),
  12:gml/GuitarPedal/Effect-Modules/reverb_module.cpp ****                                         m_timeMax(1.0f),
  13:gml/GuitarPedal/Effect-Modules/reverb_module.cpp ****                                         m_lpFreqMin(600.0f),
  14:gml/GuitarPedal/Effect-Modules/reverb_module.cpp ****                                         m_lpFreqMax(16000.0f),
  15:gml/GuitarPedal/Effect-Modules/reverb_module.cpp ****                                         m_feedback(0.6f),
  16:gml/GuitarPedal/Effect-Modules/reverb_module.cpp ****                                         m_lpFreq(16000.0f),
  17:gml/GuitarPedal/Effect-Modules/reverb_module.cpp ****                                         m_mix(0.0f)
  18:gml/GuitarPedal/Effect-Modules/reverb_module.cpp **** {
  19:gml/GuitarPedal/Effect-Modules/reverb_module.cpp ****     m_name = "Reverb";
  20:gml/GuitarPedal/Effect-Modules/reverb_module.cpp ****     m_paramMetaData = s_metaData;
  21:gml/GuitarPedal/Effect-Modules/reverb_module.cpp ****     this->InitParams(s_paramCount);
  22:gml/GuitarPedal/Effect-Modules/reverb_module.cpp **** }
  23:gml/GuitarPedal/Effect-Modules/reverb_module.cpp **** 
  24:gml/GuitarPedal/Effect-Modules/reverb_module.cpp **** ReverbModule::~ReverbModule()
  30              		.loc 1 24 1 view -0
  31              		.cfi_startproc
  32              		@ args = 0, pretend = 0, frame = 0
  33              		@ frame_needed = 0, uses_anonymous_args = 0
  34              	.LBB18:
ARM GAS  C:\Users\aydan\AppData\Local\Temp\cc6qc9jx.s 			page 2


  35              		.loc 1 24 29 is_stmt 0 view .LVU1
  36 0000 034B     		ldr	r3, .L4
  37              	.LBE18:
  38              		.loc 1 24 1 view .LVU2
  39 0002 10B5     		push	{r4, lr}
  40              		.cfi_def_cfa_offset 8
  41              		.cfi_offset 4, -8
  42              		.cfi_offset 14, -4
  43              		.loc 1 24 1 view .LVU3
  44 0004 0446     		mov	r4, r0
  45              	.LBB20:
  46              		.loc 1 24 29 view .LVU4
  47 0006 0360     		str	r3, [r0]
  48              	.LVL1:
  49              	.LBB19:
  50              	.LBI19:
  51              		.file 2 "../../DaisySP/DaisySP-LGPL/Source/Effects/reverbsc.h"
   1:../../DaisySP/DaisySP-LGPL/Source/Effects/reverbsc.h **** /*
   2:../../DaisySP/DaisySP-LGPL/Source/Effects/reverbsc.h **** Copyright (c) 2023 Electrosmith, Corp, Sean Costello, Istvan Varga, Paul Batchelor
   3:../../DaisySP/DaisySP-LGPL/Source/Effects/reverbsc.h **** 
   4:../../DaisySP/DaisySP-LGPL/Source/Effects/reverbsc.h **** Use of this source code is governed by the LGPL V2.1
   5:../../DaisySP/DaisySP-LGPL/Source/Effects/reverbsc.h **** license that can be found in the LICENSE file or at
   6:../../DaisySP/DaisySP-LGPL/Source/Effects/reverbsc.h **** https://opensource.org/license/lgpl-2-1/
   7:../../DaisySP/DaisySP-LGPL/Source/Effects/reverbsc.h **** */
   8:../../DaisySP/DaisySP-LGPL/Source/Effects/reverbsc.h **** 
   9:../../DaisySP/DaisySP-LGPL/Source/Effects/reverbsc.h **** #pragma once
  10:../../DaisySP/DaisySP-LGPL/Source/Effects/reverbsc.h **** #ifndef DSYSP_REVERBSC_H
  11:../../DaisySP/DaisySP-LGPL/Source/Effects/reverbsc.h **** #define DSYSP_REVERBSC_H
  12:../../DaisySP/DaisySP-LGPL/Source/Effects/reverbsc.h **** 
  13:../../DaisySP/DaisySP-LGPL/Source/Effects/reverbsc.h **** #define DSY_REVERBSC_MAX_SIZE 98936
  14:../../DaisySP/DaisySP-LGPL/Source/Effects/reverbsc.h **** 
  15:../../DaisySP/DaisySP-LGPL/Source/Effects/reverbsc.h **** namespace daisysp
  16:../../DaisySP/DaisySP-LGPL/Source/Effects/reverbsc.h **** {
  17:../../DaisySP/DaisySP-LGPL/Source/Effects/reverbsc.h **** /**Delay line for internal reverb use
  18:../../DaisySP/DaisySP-LGPL/Source/Effects/reverbsc.h **** */
  19:../../DaisySP/DaisySP-LGPL/Source/Effects/reverbsc.h **** typedef struct
  20:../../DaisySP/DaisySP-LGPL/Source/Effects/reverbsc.h **** {
  21:../../DaisySP/DaisySP-LGPL/Source/Effects/reverbsc.h ****     int    write_pos;         /**< write position */
  22:../../DaisySP/DaisySP-LGPL/Source/Effects/reverbsc.h ****     int    buffer_size;       /**< buffer size */
  23:../../DaisySP/DaisySP-LGPL/Source/Effects/reverbsc.h ****     int    read_pos;          /**< read position */
  24:../../DaisySP/DaisySP-LGPL/Source/Effects/reverbsc.h ****     int    read_pos_frac;     /**< fractional component of read pos */
  25:../../DaisySP/DaisySP-LGPL/Source/Effects/reverbsc.h ****     int    read_pos_frac_inc; /**< increment for fractional */
  26:../../DaisySP/DaisySP-LGPL/Source/Effects/reverbsc.h ****     int    dummy;             /**<  dummy var */
  27:../../DaisySP/DaisySP-LGPL/Source/Effects/reverbsc.h ****     int    seed_val;          /**< randseed */
  28:../../DaisySP/DaisySP-LGPL/Source/Effects/reverbsc.h ****     int    rand_line_cnt;     /**< number of random lines */
  29:../../DaisySP/DaisySP-LGPL/Source/Effects/reverbsc.h ****     float  filter_state;      /**< state of filter */
  30:../../DaisySP/DaisySP-LGPL/Source/Effects/reverbsc.h ****     float *buf;               /**< buffer ptr */
  31:../../DaisySP/DaisySP-LGPL/Source/Effects/reverbsc.h **** } ReverbScDl;
  32:../../DaisySP/DaisySP-LGPL/Source/Effects/reverbsc.h **** 
  33:../../DaisySP/DaisySP-LGPL/Source/Effects/reverbsc.h **** /** Stereo Reverb */
  34:../../DaisySP/DaisySP-LGPL/Source/Effects/reverbsc.h **** class ReverbSc
  35:../../DaisySP/DaisySP-LGPL/Source/Effects/reverbsc.h **** {
  36:../../DaisySP/DaisySP-LGPL/Source/Effects/reverbsc.h ****   public:
  37:../../DaisySP/DaisySP-LGPL/Source/Effects/reverbsc.h ****     ReverbSc() {}
  38:../../DaisySP/DaisySP-LGPL/Source/Effects/reverbsc.h ****     ~ReverbSc() {}
  52              		.loc 2 38 5 is_stmt 1 view .LVU5
  53              		.loc 2 38 5 is_stmt 0 view .LVU6
ARM GAS  C:\Users\aydan\AppData\Local\Temp\cc6qc9jx.s 			page 3


  54              	.LBE19:
  55              		.loc 1 24 29 view .LVU7
  56 0008 FFF7FEFF 		bl	_ZN10bkshepherd16BaseEffectModuleD2Ev
  57              	.LVL2:
  58              		.loc 1 24 29 view .LVU8
  59              	.LBE20:
  25:gml/GuitarPedal/Effect-Modules/reverb_module.cpp **** {
  26:gml/GuitarPedal/Effect-Modules/reverb_module.cpp **** }
  60              		.loc 1 26 1 view .LVU9
  61 000c 2046     		mov	r0, r4
  62 000e 10BD     		pop	{r4, pc}
  63              	.LVL3:
  64              	.L5:
  65              		.loc 1 26 1 view .LVU10
  66              		.align	2
  67              	.L4:
  68 0010 08000000 		.word	.LANCHOR0+8
  69              		.cfi_endproc
  70              	.LFE4739:
  72              		.global	_ZN10bkshepherd12ReverbModuleD1Ev
  73              		.thumb_set _ZN10bkshepherd12ReverbModuleD1Ev,_ZN10bkshepherd12ReverbModuleD2Ev
  74              		.section	.text._ZN10bkshepherd12ReverbModuleD0Ev,"ax",%progbits
  75              		.align	1
  76              		.p2align 2,,3
  77              		.global	_ZN10bkshepherd12ReverbModuleD0Ev
  78              		.syntax unified
  79              		.thumb
  80              		.thumb_func
  81              		.fpu fpv5-d16
  83              	_ZN10bkshepherd12ReverbModuleD0Ev:
  84              	.LVL4:
  85              	.LFB4741:
  24:gml/GuitarPedal/Effect-Modules/reverb_module.cpp **** {
  86              		.loc 1 24 1 is_stmt 1 view -0
  87              		.cfi_startproc
  88              		@ args = 0, pretend = 0, frame = 0
  89              		@ frame_needed = 0, uses_anonymous_args = 0
  90              	.LBB21:
  91              	.LBB22:
  24:gml/GuitarPedal/Effect-Modules/reverb_module.cpp **** {
  92              		.loc 1 24 29 is_stmt 0 view .LVU12
  93 0000 054B     		ldr	r3, .L8
  94              	.LBE22:
  95              	.LBE21:
  24:gml/GuitarPedal/Effect-Modules/reverb_module.cpp **** {
  96              		.loc 1 24 1 view .LVU13
  97 0002 10B5     		push	{r4, lr}
  98              		.cfi_def_cfa_offset 8
  99              		.cfi_offset 4, -8
 100              		.cfi_offset 14, -4
  24:gml/GuitarPedal/Effect-Modules/reverb_module.cpp **** {
 101              		.loc 1 24 1 view .LVU14
 102 0004 0446     		mov	r4, r0
 103              	.LVL5:
 104              	.LBB25:
 105              	.LBI21:
  24:gml/GuitarPedal/Effect-Modules/reverb_module.cpp **** {
ARM GAS  C:\Users\aydan\AppData\Local\Temp\cc6qc9jx.s 			page 4


 106              		.loc 1 24 1 is_stmt 1 view .LVU15
 107              	.LBB24:
  24:gml/GuitarPedal/Effect-Modules/reverb_module.cpp **** {
 108              		.loc 1 24 29 is_stmt 0 view .LVU16
 109 0006 0360     		str	r3, [r0]
 110              	.LVL6:
 111              	.LBB23:
 112              	.LBI23:
 113              		.loc 2 38 5 is_stmt 1 view .LVU17
 114              		.loc 2 38 5 is_stmt 0 view .LVU18
 115              	.LBE23:
  24:gml/GuitarPedal/Effect-Modules/reverb_module.cpp **** {
 116              		.loc 1 24 29 view .LVU19
 117 0008 FFF7FEFF 		bl	_ZN10bkshepherd16BaseEffectModuleD2Ev
 118              	.LVL7:
  24:gml/GuitarPedal/Effect-Modules/reverb_module.cpp **** {
 119              		.loc 1 24 29 view .LVU20
 120              	.LBE24:
 121              	.LBE25:
 122              		.loc 1 26 1 view .LVU21
 123 000c 0349     		ldr	r1, .L8+4
 124 000e 2046     		mov	r0, r4
 125 0010 FFF7FEFF 		bl	_ZdlPvj
 126              	.LVL8:
 127 0014 2046     		mov	r0, r4
 128 0016 10BD     		pop	{r4, pc}
 129              	.LVL9:
 130              	.L9:
 131              		.loc 1 26 1 view .LVU22
 132              		.align	2
 133              	.L8:
 134 0018 08000000 		.word	.LANCHOR0+8
 135 001c 840B0600 		.word	396164
 136              		.cfi_endproc
 137              	.LFE4741:
 139              		.section	.text._ZN10bkshepherd12ReverbModule16ParameterChangedEi,"ax",%progbits
 140              		.align	1
 141              		.p2align 2,,3
 142              		.global	_ZN10bkshepherd12ReverbModule16ParameterChangedEi
 143              		.syntax unified
 144              		.thumb
 145              		.thumb_func
 146              		.fpu fpv5-d16
 148              	_ZN10bkshepherd12ReverbModule16ParameterChangedEi:
 149              	.LVL10:
 150              	.LFB4743:
  27:gml/GuitarPedal/Effect-Modules/reverb_module.cpp **** 
  28:gml/GuitarPedal/Effect-Modules/reverb_module.cpp **** void ReverbModule::Init(float sample_rate)
  29:gml/GuitarPedal/Effect-Modules/reverb_module.cpp **** {
  30:gml/GuitarPedal/Effect-Modules/reverb_module.cpp ****     BaseEffectModule::Init(sample_rate);
  31:gml/GuitarPedal/Effect-Modules/reverb_module.cpp ****     m_reverbStereo.Init(sample_rate);
  32:gml/GuitarPedal/Effect-Modules/reverb_module.cpp ****     for(int i = 0; i < s_paramCount; ++i)
  33:gml/GuitarPedal/Effect-Modules/reverb_module.cpp ****         ParameterChanged(i);
  34:gml/GuitarPedal/Effect-Modules/reverb_module.cpp **** }
  35:gml/GuitarPedal/Effect-Modules/reverb_module.cpp **** 
  36:gml/GuitarPedal/Effect-Modules/reverb_module.cpp **** void ReverbModule::ParameterChanged(int parameter_id)
  37:gml/GuitarPedal/Effect-Modules/reverb_module.cpp **** {
ARM GAS  C:\Users\aydan\AppData\Local\Temp\cc6qc9jx.s 			page 5


 151              		.loc 1 37 1 is_stmt 1 view -0
 152              		.cfi_startproc
 153              		@ args = 0, pretend = 0, frame = 0
 154              		@ frame_needed = 0, uses_anonymous_args = 0
  38:gml/GuitarPedal/Effect-Modules/reverb_module.cpp ****     (void)parameter_id;
 155              		.loc 1 38 5 view .LVU24
  39:gml/GuitarPedal/Effect-Modules/reverb_module.cpp ****     m_feedback = m_timeMin + GetParameterAsMagnitude(0) * (m_timeMax - m_timeMin);
 156              		.loc 1 39 5 view .LVU25
  37:gml/GuitarPedal/Effect-Modules/reverb_module.cpp ****     (void)parameter_id;
 157              		.loc 1 37 1 is_stmt 0 view .LVU26
 158 0000 F8B5     		push	{r3, r4, r5, r6, r7, lr}
 159              		.cfi_def_cfa_offset 24
 160              		.cfi_offset 3, -24
 161              		.cfi_offset 4, -20
 162              		.cfi_offset 5, -16
 163              		.cfi_offset 6, -12
 164              		.cfi_offset 7, -8
 165              		.cfi_offset 14, -4
 166              		.loc 1 39 18 view .LVU27
 167 0002 00F5C024 		add	r4, r0, #393216
 168              		.loc 1 39 53 view .LVU28
 169 0006 0021     		movs	r1, #0
 170              	.LVL11:
  37:gml/GuitarPedal/Effect-Modules/reverb_module.cpp ****     (void)parameter_id;
 171              		.loc 1 37 1 view .LVU29
 172 0008 0546     		mov	r5, r0
 173              		.loc 1 39 18 view .LVU30
 174 000a 04F66836 		addw	r6, r4, #2920
 175              		.loc 1 39 16 view .LVU31
 176 000e 04F67837 		addw	r7, r4, #2936
  37:gml/GuitarPedal/Effect-Modules/reverb_module.cpp ****     (void)parameter_id;
 177              		.loc 1 37 1 view .LVU32
 178 0012 2DED028B 		vpush.64	{d8}
 179              		.cfi_def_cfa_offset 32
 180              		.cfi_offset 80, -32
 181              		.cfi_offset 81, -28
 182              		.loc 1 39 18 view .LVU33
 183 0016 96ED008A 		vldr.32	s16, [r6]
 184              		.loc 1 39 53 view .LVU34
 185 001a FFF7FEFF 		bl	_ZN10bkshepherd16BaseEffectModule23GetParameterAsMagnitudeEi
 186              	.LVL12:
 187              		.loc 1 39 60 view .LVU35
 188 001e 04F66C33 		addw	r3, r4, #2924
 189              		.loc 1 39 70 view .LVU36
 190 0022 96ED007A 		vldr.32	s14, [r6]
  40:gml/GuitarPedal/Effect-Modules/reverb_module.cpp ****     float invertedFreq = 1.0f - GetParameterAsMagnitude(1);
 191              		.loc 1 40 56 view .LVU37
 192 0026 0121     		movs	r1, #1
 193 0028 2846     		mov	r0, r5
  39:gml/GuitarPedal/Effect-Modules/reverb_module.cpp ****     m_feedback = m_timeMin + GetParameterAsMagnitude(0) * (m_timeMax - m_timeMin);
 194              		.loc 1 39 70 view .LVU38
 195 002a D3ED007A 		vldr.32	s15, [r3]
  41:gml/GuitarPedal/Effect-Modules/reverb_module.cpp ****     invertedFreq = invertedFreq * invertedFreq;
  42:gml/GuitarPedal/Effect-Modules/reverb_module.cpp ****     m_lpFreq = m_lpFreqMin + invertedFreq * (m_lpFreqMax - m_lpFreqMin);
 196              		.loc 1 42 14 view .LVU39
 197 002e 04F67C36 		addw	r6, r4, #2940
  39:gml/GuitarPedal/Effect-Modules/reverb_module.cpp ****     float invertedFreq = 1.0f - GetParameterAsMagnitude(1);
ARM GAS  C:\Users\aydan\AppData\Local\Temp\cc6qc9jx.s 			page 6


 198              		.loc 1 39 70 view .LVU40
 199 0032 77EEC77A 		vsub.f32	s15, s15, s14
  39:gml/GuitarPedal/Effect-Modules/reverb_module.cpp ****     float invertedFreq = 1.0f - GetParameterAsMagnitude(1);
 200              		.loc 1 39 28 view .LVU41
 201 0036 A0EE278A 		vfma.f32	s16, s0, s15
  39:gml/GuitarPedal/Effect-Modules/reverb_module.cpp ****     float invertedFreq = 1.0f - GetParameterAsMagnitude(1);
 202              		.loc 1 39 16 view .LVU42
 203 003a 87ED008A 		vstr.32	s16, [r7]
  40:gml/GuitarPedal/Effect-Modules/reverb_module.cpp ****     float invertedFreq = 1.0f - GetParameterAsMagnitude(1);
 204              		.loc 1 40 5 is_stmt 1 view .LVU43
  40:gml/GuitarPedal/Effect-Modules/reverb_module.cpp ****     float invertedFreq = 1.0f - GetParameterAsMagnitude(1);
 205              		.loc 1 40 56 is_stmt 0 view .LVU44
 206 003e FFF7FEFF 		bl	_ZN10bkshepherd16BaseEffectModule23GetParameterAsMagnitudeEi
 207              	.LVL13:
 208              		.loc 1 42 16 view .LVU45
 209 0042 04F53763 		add	r3, r4, #2928
  40:gml/GuitarPedal/Effect-Modules/reverb_module.cpp ****     float invertedFreq = 1.0f - GetParameterAsMagnitude(1);
 210              		.loc 1 40 58 view .LVU46
 211 0046 F7EE007A 		vmov.f32	s15, #1.0e+0
  43:gml/GuitarPedal/Effect-Modules/reverb_module.cpp ****     m_mix = GetParameterAsMagnitude(2);
 212              		.loc 1 43 36 view .LVU47
 213 004a 0221     		movs	r1, #2
  42:gml/GuitarPedal/Effect-Modules/reverb_module.cpp ****     m_mix = GetParameterAsMagnitude(2);
 214              		.loc 1 42 16 view .LVU48
 215 004c 93ED007A 		vldr.32	s14, [r3]
  42:gml/GuitarPedal/Effect-Modules/reverb_module.cpp ****     m_mix = GetParameterAsMagnitude(2);
 216              		.loc 1 42 46 view .LVU49
 217 0050 04F67433 		addw	r3, r4, #2932
 218              		.loc 1 43 11 view .LVU50
 219 0054 04F53864 		add	r4, r4, #2944
 220              		.loc 1 43 36 view .LVU51
 221 0058 2846     		mov	r0, r5
  40:gml/GuitarPedal/Effect-Modules/reverb_module.cpp ****     invertedFreq = invertedFreq * invertedFreq;
 222              		.loc 1 40 58 view .LVU52
 223 005a 37EEC00A 		vsub.f32	s0, s15, s0
 224              	.LVL14:
  41:gml/GuitarPedal/Effect-Modules/reverb_module.cpp ****     m_lpFreq = m_lpFreqMin + invertedFreq * (m_lpFreqMax - m_lpFreqMin);
 225              		.loc 1 41 5 is_stmt 1 view .LVU53
  42:gml/GuitarPedal/Effect-Modules/reverb_module.cpp ****     m_mix = GetParameterAsMagnitude(2);
 226              		.loc 1 42 5 view .LVU54
  42:gml/GuitarPedal/Effect-Modules/reverb_module.cpp ****     m_mix = GetParameterAsMagnitude(2);
 227              		.loc 1 42 58 is_stmt 0 view .LVU55
 228 005e D3ED007A 		vldr.32	s15, [r3]
 229 0062 77EEC77A 		vsub.f32	s15, s15, s14
  41:gml/GuitarPedal/Effect-Modules/reverb_module.cpp ****     m_lpFreq = m_lpFreqMin + invertedFreq * (m_lpFreqMax - m_lpFreqMin);
 230              		.loc 1 41 18 view .LVU56
 231 0066 20EE000A 		vmul.f32	s0, s0, s0
 232              	.LVL15:
  42:gml/GuitarPedal/Effect-Modules/reverb_module.cpp ****     m_mix = GetParameterAsMagnitude(2);
 233              		.loc 1 42 28 view .LVU57
 234 006a A7EE807A 		vfma.f32	s14, s15, s0
  42:gml/GuitarPedal/Effect-Modules/reverb_module.cpp ****     m_mix = GetParameterAsMagnitude(2);
 235              		.loc 1 42 14 view .LVU58
 236 006e 86ED007A 		vstr.32	s14, [r6]
 237              		.loc 1 43 5 is_stmt 1 view .LVU59
 238              		.loc 1 43 36 is_stmt 0 view .LVU60
 239 0072 FFF7FEFF 		bl	_ZN10bkshepherd16BaseEffectModule23GetParameterAsMagnitudeEi
ARM GAS  C:\Users\aydan\AppData\Local\Temp\cc6qc9jx.s 			page 7


 240              	.LVL16:
 241              		.loc 1 43 11 view .LVU61
 242 0076 84ED000A 		vstr.32	s0, [r4]
  44:gml/GuitarPedal/Effect-Modules/reverb_module.cpp **** 
  45:gml/GuitarPedal/Effect-Modules/reverb_module.cpp ****     m_reverbStereo.SetFeedback(m_feedback);
 243              		.loc 1 45 5 is_stmt 1 view .LVU62
 244              	.LVL17:
 245              	.LBB26:
 246              	.LBI26:
  39:../../DaisySP/DaisySP-LGPL/Source/Effects/reverbsc.h ****     /** Initializes the reverb module, and sets the sample_rate at which the Process function will 
  40:../../DaisySP/DaisySP-LGPL/Source/Effects/reverbsc.h ****         Returns 0 if all good, or 1 if it runs out of delay times exceed maximum allowed.
  41:../../DaisySP/DaisySP-LGPL/Source/Effects/reverbsc.h ****     */
  42:../../DaisySP/DaisySP-LGPL/Source/Effects/reverbsc.h ****     int Init(float sample_rate);
  43:../../DaisySP/DaisySP-LGPL/Source/Effects/reverbsc.h **** 
  44:../../DaisySP/DaisySP-LGPL/Source/Effects/reverbsc.h ****     /** Process the input through the reverb, and updates values of out1, and out2 with the new pro
  45:../../DaisySP/DaisySP-LGPL/Source/Effects/reverbsc.h ****     */
  46:../../DaisySP/DaisySP-LGPL/Source/Effects/reverbsc.h ****     int Process(const float &in1, const float &in2, float *out1, float *out2);
  47:../../DaisySP/DaisySP-LGPL/Source/Effects/reverbsc.h **** 
  48:../../DaisySP/DaisySP-LGPL/Source/Effects/reverbsc.h ****     /** controls the reverb time. reverb tail becomes infinite when set to 1.0
  49:../../DaisySP/DaisySP-LGPL/Source/Effects/reverbsc.h ****         \param fb - sets reverb time. range: 0.0 to 1.0
  50:../../DaisySP/DaisySP-LGPL/Source/Effects/reverbsc.h ****     */
  51:../../DaisySP/DaisySP-LGPL/Source/Effects/reverbsc.h ****     inline void SetFeedback(const float &fb) { feedback_ = fb; }
 247              		.loc 2 51 17 view .LVU63
 248              	.LBB27:
 249              		.loc 2 51 48 view .LVU64
 250              		.loc 2 51 58 is_stmt 0 view .LVU65
 251 007a 3B68     		ldr	r3, [r7]	@ float
 252              	.LBE27:
 253              	.LBE26:
  46:gml/GuitarPedal/Effect-Modules/reverb_module.cpp ****     m_reverbStereo.SetLpFreq(m_lpFreq);
  47:gml/GuitarPedal/Effect-Modules/reverb_module.cpp **** }
 254              		.loc 1 47 1 view .LVU66
 255 007c BDEC028B 		vldm	sp!, {d8}
 256              		.cfi_restore 80
 257              		.cfi_restore 81
 258              		.cfi_def_cfa_offset 24
 259              	.LBB29:
 260              	.LBB28:
 261              		.loc 2 51 58 view .LVU67
 262 0080 6B62     		str	r3, [r5, #36]	@ float
 263              	.LVL18:
 264              		.loc 2 51 58 view .LVU68
 265              	.LBE28:
 266              	.LBE29:
  46:gml/GuitarPedal/Effect-Modules/reverb_module.cpp ****     m_reverbStereo.SetLpFreq(m_lpFreq);
 267              		.loc 1 46 5 is_stmt 1 view .LVU69
 268              	.LBB30:
 269              	.LBI30:
  52:../../DaisySP/DaisySP-LGPL/Source/Effects/reverbsc.h ****     /** controls the internal dampening filter's cutoff frequency.
  53:../../DaisySP/DaisySP-LGPL/Source/Effects/reverbsc.h ****         \param freq - low pass frequency. range: 0.0 to sample_rate / 2
  54:../../DaisySP/DaisySP-LGPL/Source/Effects/reverbsc.h ****     */
  55:../../DaisySP/DaisySP-LGPL/Source/Effects/reverbsc.h ****     inline void SetLpFreq(const float &freq) { lpfreq_ = freq; }
 270              		.loc 2 55 17 view .LVU70
 271              	.LBB31:
 272              		.loc 2 55 48 view .LVU71
 273              		.loc 2 55 56 is_stmt 0 view .LVU72
 274 0082 3368     		ldr	r3, [r6]	@ float
ARM GAS  C:\Users\aydan\AppData\Local\Temp\cc6qc9jx.s 			page 8


 275 0084 AB62     		str	r3, [r5, #40]	@ float
 276              	.LVL19:
 277              		.loc 2 55 56 view .LVU73
 278              	.LBE31:
 279              	.LBE30:
 280              		.loc 1 47 1 view .LVU74
 281 0086 F8BD     		pop	{r3, r4, r5, r6, r7, pc}
 282              		.loc 1 47 1 view .LVU75
 283              		.cfi_endproc
 284              	.LFE4743:
 286              		.section	.rodata._ZN10bkshepherd12ReverbModuleC2Ev.str1.4,"aMS",%progbits,1
 287              		.align	2
 288              	.LC0:
 289 0000 52657665 		.ascii	"Reverb\000"
 289      726200
 290              		.section	.text._ZN10bkshepherd12ReverbModuleC2Ev,"ax",%progbits
 291              		.align	1
 292              		.p2align 2,,3
 293              		.global	_ZN10bkshepherd12ReverbModuleC2Ev
 294              		.syntax unified
 295              		.thumb
 296              		.thumb_func
 297              		.fpu fpv5-d16
 299              	_ZN10bkshepherd12ReverbModuleC2Ev:
 300              	.LVL20:
 301              	.LFB4736:
  10:gml/GuitarPedal/Effect-Modules/reverb_module.cpp ****                                         m_timeMin(0.6f),
 302              		.loc 1 10 1 is_stmt 1 view -0
 303              		.cfi_startproc
 304              		@ args = 0, pretend = 0, frame = 0
 305              		@ frame_needed = 0, uses_anonymous_args = 0
  10:gml/GuitarPedal/Effect-Modules/reverb_module.cpp ****                                         m_timeMin(0.6f),
 306              		.loc 1 10 1 is_stmt 0 view .LVU77
 307 0000 10B5     		push	{r4, lr}
 308              		.cfi_def_cfa_offset 8
 309              		.cfi_offset 4, -8
 310              		.cfi_offset 14, -4
  10:gml/GuitarPedal/Effect-Modules/reverb_module.cpp ****                                         m_timeMin(0.6f),
 311              		.loc 1 10 1 view .LVU78
 312 0002 0446     		mov	r4, r0
 313              	.LBB32:
  17:gml/GuitarPedal/Effect-Modules/reverb_module.cpp **** {
 314              		.loc 1 17 51 view .LVU79
 315 0004 FFF7FEFF 		bl	_ZN10bkshepherd16BaseEffectModuleC2Ev
 316              	.LVL21:
  17:gml/GuitarPedal/Effect-Modules/reverb_module.cpp **** {
 317              		.loc 1 17 51 view .LVU80
 318 0008 144A     		ldr	r2, .L14
 319 000a 4FF07E50 		mov	r0, #1065353216
 320 000e 04F5C023 		add	r3, r4, #393216
 321 0012 1349     		ldr	r1, .L14+4
 322 0014 2260     		str	r2, [r4]
 323              	.LVL22:
 324              	.LBB33:
 325              	.LBI33:
  37:../../DaisySP/DaisySP-LGPL/Source/Effects/reverbsc.h ****     ~ReverbSc() {}
 326              		.loc 2 37 5 is_stmt 1 view .LVU81
ARM GAS  C:\Users\aydan\AppData\Local\Temp\cc6qc9jx.s 			page 9


  37:../../DaisySP/DaisySP-LGPL/Source/Effects/reverbsc.h ****     ~ReverbSc() {}
 327              		.loc 2 37 5 is_stmt 0 view .LVU82
 328              	.LBE33:
  17:gml/GuitarPedal/Effect-Modules/reverb_module.cpp **** {
 329              		.loc 1 17 51 view .LVU83
 330 0016 03F66832 		addw	r2, r3, #2920
 331 001a 1160     		str	r1, [r2]	@ float
 332 001c 03F66C32 		addw	r2, r3, #2924
 333 0020 1060     		str	r0, [r2]	@ float
 334 0022 03F53762 		add	r2, r3, #2928
 335 0026 0F48     		ldr	r0, .L14+8
 336 0028 1060     		str	r0, [r2]	@ float
 337 002a 03F67430 		addw	r0, r3, #2932
 338 002e 0E4A     		ldr	r2, .L14+12
 339 0030 0260     		str	r2, [r0]	@ float
 340 0032 03F67830 		addw	r0, r3, #2936
 341 0036 0160     		str	r1, [r0]	@ float
 342 0038 03F67C31 		addw	r1, r3, #2940
 343 003c 0020     		movs	r0, #0
 344 003e 03F53863 		add	r3, r3, #2944
 345 0042 0A60     		str	r2, [r1]	@ float
  20:gml/GuitarPedal/Effect-Modules/reverb_module.cpp ****     this->InitParams(s_paramCount);
 346              		.loc 1 20 21 view .LVU84
 347 0044 094A     		ldr	r2, .L14+16
  19:gml/GuitarPedal/Effect-Modules/reverb_module.cpp ****     m_paramMetaData = s_metaData;
 348              		.loc 1 19 12 view .LVU85
 349 0046 0A49     		ldr	r1, .L14+20
  17:gml/GuitarPedal/Effect-Modules/reverb_module.cpp **** {
 350              		.loc 1 17 51 view .LVU86
 351 0048 1860     		str	r0, [r3]	@ float
  19:gml/GuitarPedal/Effect-Modules/reverb_module.cpp ****     m_paramMetaData = s_metaData;
 352              		.loc 1 19 5 is_stmt 1 view .LVU87
  21:gml/GuitarPedal/Effect-Modules/reverb_module.cpp **** }
 353              		.loc 1 21 21 is_stmt 0 view .LVU88
 354 004a 2046     		mov	r0, r4
  19:gml/GuitarPedal/Effect-Modules/reverb_module.cpp ****     m_paramMetaData = s_metaData;
 355              		.loc 1 19 12 view .LVU89
 356 004c 6160     		str	r1, [r4, #4]
  20:gml/GuitarPedal/Effect-Modules/reverb_module.cpp ****     this->InitParams(s_paramCount);
 357              		.loc 1 20 5 is_stmt 1 view .LVU90
  21:gml/GuitarPedal/Effect-Modules/reverb_module.cpp **** }
 358              		.loc 1 21 21 is_stmt 0 view .LVU91
 359 004e 0321     		movs	r1, #3
  20:gml/GuitarPedal/Effect-Modules/reverb_module.cpp ****     this->InitParams(s_paramCount);
 360              		.loc 1 20 21 view .LVU92
 361 0050 2261     		str	r2, [r4, #16]
  21:gml/GuitarPedal/Effect-Modules/reverb_module.cpp **** }
 362              		.loc 1 21 5 is_stmt 1 view .LVU93
  21:gml/GuitarPedal/Effect-Modules/reverb_module.cpp **** }
 363              		.loc 1 21 21 is_stmt 0 view .LVU94
 364 0052 FFF7FEFF 		bl	_ZN10bkshepherd16BaseEffectModule10InitParamsEi
 365              	.LVL23:
 366              	.LBE32:
  22:gml/GuitarPedal/Effect-Modules/reverb_module.cpp **** 
 367              		.loc 1 22 1 view .LVU95
 368 0056 2046     		mov	r0, r4
 369 0058 10BD     		pop	{r4, pc}
ARM GAS  C:\Users\aydan\AppData\Local\Temp\cc6qc9jx.s 			page 10


 370              	.LVL24:
 371              	.L15:
  22:gml/GuitarPedal/Effect-Modules/reverb_module.cpp **** 
 372              		.loc 1 22 1 view .LVU96
 373 005a 00BF     		.align	2
 374              	.L14:
 375 005c 08000000 		.word	.LANCHOR0+8
 376 0060 9A99193F 		.word	1058642330
 377 0064 00001644 		.word	1142292480
 378 0068 00007A46 		.word	1182400512
 379 006c 00000000 		.word	.LANCHOR1
 380 0070 00000000 		.word	.LC0
 381              		.cfi_endproc
 382              	.LFE4736:
 384              		.global	_ZN10bkshepherd12ReverbModuleC1Ev
 385              		.thumb_set _ZN10bkshepherd12ReverbModuleC1Ev,_ZN10bkshepherd12ReverbModuleC2Ev
 386              		.section	.text._ZN10bkshepherd12ReverbModule4InitEf,"ax",%progbits
 387              		.align	1
 388              		.p2align 2,,3
 389              		.global	_ZN10bkshepherd12ReverbModule4InitEf
 390              		.syntax unified
 391              		.thumb
 392              		.thumb_func
 393              		.fpu fpv5-d16
 395              	_ZN10bkshepherd12ReverbModule4InitEf:
 396              	.LVL25:
 397              	.LFB4742:
  29:gml/GuitarPedal/Effect-Modules/reverb_module.cpp ****     BaseEffectModule::Init(sample_rate);
 398              		.loc 1 29 1 is_stmt 1 view -0
 399              		.cfi_startproc
 400              		@ args = 0, pretend = 0, frame = 0
 401              		@ frame_needed = 0, uses_anonymous_args = 0
  30:gml/GuitarPedal/Effect-Modules/reverb_module.cpp ****     m_reverbStereo.Init(sample_rate);
 402              		.loc 1 30 5 view .LVU98
  29:gml/GuitarPedal/Effect-Modules/reverb_module.cpp ****     BaseEffectModule::Init(sample_rate);
 403              		.loc 1 29 1 is_stmt 0 view .LVU99
 404 0000 38B5     		push	{r3, r4, r5, lr}
 405              		.cfi_def_cfa_offset 16
 406              		.cfi_offset 3, -16
 407              		.cfi_offset 4, -12
 408              		.cfi_offset 5, -8
 409              		.cfi_offset 14, -4
 410 0002 2DED028B 		vpush.64	{d8}
 411              		.cfi_def_cfa_offset 24
 412              		.cfi_offset 80, -24
 413              		.cfi_offset 81, -20
  29:gml/GuitarPedal/Effect-Modules/reverb_module.cpp ****     BaseEffectModule::Init(sample_rate);
 414              		.loc 1 29 1 view .LVU100
 415 0006 B0EE408A 		vmov.f32	s16, s0
 416 000a 0546     		mov	r5, r0
  30:gml/GuitarPedal/Effect-Modules/reverb_module.cpp ****     m_reverbStereo.Init(sample_rate);
 417              		.loc 1 30 27 view .LVU101
 418 000c FFF7FEFF 		bl	_ZN10bkshepherd16BaseEffectModule4InitEf
 419              	.LVL26:
  31:gml/GuitarPedal/Effect-Modules/reverb_module.cpp ****     for(int i = 0; i < s_paramCount; ++i)
 420              		.loc 1 31 5 is_stmt 1 view .LVU102
 421              	.LBB34:
ARM GAS  C:\Users\aydan\AppData\Local\Temp\cc6qc9jx.s 			page 11


  32:gml/GuitarPedal/Effect-Modules/reverb_module.cpp ****         ParameterChanged(i);
 422              		.loc 1 32 13 is_stmt 0 view .LVU103
 423 0010 0024     		movs	r4, #0
 424              	.LBE34:
  31:gml/GuitarPedal/Effect-Modules/reverb_module.cpp ****     for(int i = 0; i < s_paramCount; ++i)
 425              		.loc 1 31 24 view .LVU104
 426 0012 05F12400 		add	r0, r5, #36
 427 0016 B0EE480A 		vmov.f32	s0, s16
 428 001a FFF7FEFF 		bl	_ZN7daisysp8ReverbSc4InitEf
 429              	.LVL27:
  32:gml/GuitarPedal/Effect-Modules/reverb_module.cpp ****         ParameterChanged(i);
 430              		.loc 1 32 5 is_stmt 1 view .LVU105
 431              	.LBB35:
  32:gml/GuitarPedal/Effect-Modules/reverb_module.cpp ****         ParameterChanged(i);
 432              		.loc 1 32 22 view .LVU106
 433              	.L17:
  33:gml/GuitarPedal/Effect-Modules/reverb_module.cpp **** }
 434              		.loc 1 33 9 discriminator 2 view .LVU107
  33:gml/GuitarPedal/Effect-Modules/reverb_module.cpp **** }
 435              		.loc 1 33 27 is_stmt 0 discriminator 2 view .LVU108
 436 001e 2B68     		ldr	r3, [r5]
  33:gml/GuitarPedal/Effect-Modules/reverb_module.cpp **** }
 437              		.loc 1 33 25 discriminator 2 view .LVU109
 438 0020 2146     		mov	r1, r4
  32:gml/GuitarPedal/Effect-Modules/reverb_module.cpp ****         ParameterChanged(i);
 439              		.loc 1 32 5 discriminator 2 view .LVU110
 440 0022 0134     		adds	r4, r4, #1
 441              	.LVL28:
  33:gml/GuitarPedal/Effect-Modules/reverb_module.cpp **** }
 442              		.loc 1 33 25 discriminator 2 view .LVU111
 443 0024 2846     		mov	r0, r5
 444 0026 DB6A     		ldr	r3, [r3, #44]
 445 0028 9847     		blx	r3
 446              	.LVL29:
  32:gml/GuitarPedal/Effect-Modules/reverb_module.cpp ****         ParameterChanged(i);
 447              		.loc 1 32 5 is_stmt 1 discriminator 2 view .LVU112
  32:gml/GuitarPedal/Effect-Modules/reverb_module.cpp ****         ParameterChanged(i);
 448              		.loc 1 32 22 discriminator 2 view .LVU113
 449 002a 032C     		cmp	r4, #3
 450 002c F7D1     		bne	.L17
 451              	.LBE35:
  34:gml/GuitarPedal/Effect-Modules/reverb_module.cpp **** 
 452              		.loc 1 34 1 is_stmt 0 view .LVU114
 453 002e BDEC028B 		vldm	sp!, {d8}
 454              		.cfi_restore 80
 455              		.cfi_restore 81
 456              		.cfi_def_cfa_offset 16
 457              	.LVL30:
  34:gml/GuitarPedal/Effect-Modules/reverb_module.cpp **** 
 458              		.loc 1 34 1 view .LVU115
 459 0032 38BD     		pop	{r3, r4, r5, pc}
  34:gml/GuitarPedal/Effect-Modules/reverb_module.cpp **** 
 460              		.loc 1 34 1 view .LVU116
 461              		.cfi_endproc
 462              	.LFE4742:
 464              		.section	.text._ZN10bkshepherd12ReverbModule11ProcessMonoEf,"ax",%progbits
 465              		.align	1
ARM GAS  C:\Users\aydan\AppData\Local\Temp\cc6qc9jx.s 			page 12


 466              		.p2align 2,,3
 467              		.global	_ZN10bkshepherd12ReverbModule11ProcessMonoEf
 468              		.syntax unified
 469              		.thumb
 470              		.thumb_func
 471              		.fpu fpv5-d16
 473              	_ZN10bkshepherd12ReverbModule11ProcessMonoEf:
 474              	.LVL31:
 475              	.LFB4744:
  48:gml/GuitarPedal/Effect-Modules/reverb_module.cpp **** 
  49:gml/GuitarPedal/Effect-Modules/reverb_module.cpp **** void ReverbModule::ProcessMono(float in)
  50:gml/GuitarPedal/Effect-Modules/reverb_module.cpp **** {
 476              		.loc 1 50 1 is_stmt 1 view -0
 477              		.cfi_startproc
 478              		@ args = 0, pretend = 0, frame = 16
 479              		@ frame_needed = 0, uses_anonymous_args = 0
  51:gml/GuitarPedal/Effect-Modules/reverb_module.cpp ****     BaseEffectModule::ProcessMono(in);
 480              		.loc 1 51 5 view .LVU118
  50:gml/GuitarPedal/Effect-Modules/reverb_module.cpp ****     BaseEffectModule::ProcessMono(in);
 481              		.loc 1 50 1 is_stmt 0 view .LVU119
 482 0000 10B5     		push	{r4, lr}
 483              		.cfi_def_cfa_offset 8
 484              		.cfi_offset 4, -8
 485              		.cfi_offset 14, -4
 486 0002 0446     		mov	r4, r0
 487 0004 86B0     		sub	sp, sp, #24
 488              		.cfi_def_cfa_offset 32
 489              		.loc 1 51 34 view .LVU120
 490 0006 FFF7FEFF 		bl	_ZN10bkshepherd16BaseEffectModule11ProcessMonoEf
 491              	.LVL32:
  52:gml/GuitarPedal/Effect-Modules/reverb_module.cpp **** 
  53:gml/GuitarPedal/Effect-Modules/reverb_module.cpp ****     float wetl, wetr;
 492              		.loc 1 53 5 is_stmt 1 view .LVU121
  54:gml/GuitarPedal/Effect-Modules/reverb_module.cpp ****     const float sendl = m_audioLeft;
 493              		.loc 1 54 5 view .LVU122
 494              		.loc 1 54 17 is_stmt 0 view .LVU123
 495 000a 6069     		ldr	r0, [r4, #20]	@ float
  55:gml/GuitarPedal/Effect-Modules/reverb_module.cpp ****     const float sendr = m_audioRight;
  56:gml/GuitarPedal/Effect-Modules/reverb_module.cpp ****     m_reverbStereo.Process(sendl, sendr, &wetl, &wetr);
 496              		.loc 1 56 27 view .LVU124
 497 000c 03AA     		add	r2, sp, #12
  55:gml/GuitarPedal/Effect-Modules/reverb_module.cpp ****     const float sendr = m_audioRight;
 498              		.loc 1 55 17 view .LVU125
 499 000e A169     		ldr	r1, [r4, #24]	@ float
 500              		.loc 1 56 27 view .LVU126
 501 0010 02AB     		add	r3, sp, #8
 502 0012 0092     		str	r2, [sp]
 503 0014 05AA     		add	r2, sp, #20
  54:gml/GuitarPedal/Effect-Modules/reverb_module.cpp ****     const float sendl = m_audioLeft;
 504              		.loc 1 54 17 view .LVU127
 505 0016 0490     		str	r0, [sp, #16]	@ float
  55:gml/GuitarPedal/Effect-Modules/reverb_module.cpp ****     const float sendr = m_audioRight;
 506              		.loc 1 55 5 is_stmt 1 view .LVU128
 507              		.loc 1 56 27 is_stmt 0 view .LVU129
 508 0018 04F12400 		add	r0, r4, #36
  55:gml/GuitarPedal/Effect-Modules/reverb_module.cpp ****     const float sendr = m_audioRight;
 509              		.loc 1 55 17 view .LVU130
ARM GAS  C:\Users\aydan\AppData\Local\Temp\cc6qc9jx.s 			page 13


 510 001c 0591     		str	r1, [sp, #20]	@ float
 511              		.loc 1 56 5 is_stmt 1 view .LVU131
 512              		.loc 1 56 27 is_stmt 0 view .LVU132
 513 001e 04A9     		add	r1, sp, #16
 514 0020 FFF7FEFF 		bl	_ZN7daisysp8ReverbSc7ProcessERKfS2_PfS3_
 515              	.LVL33:
  57:gml/GuitarPedal/Effect-Modules/reverb_module.cpp ****     m_audioLeft = wetl * m_mix + sendl * (1.0f - m_mix);
 516              		.loc 1 57 5 is_stmt 1 view .LVU133
 517              		.loc 1 57 26 is_stmt 0 view .LVU134
 518 0024 0E4B     		ldr	r3, .L22
 519              		.loc 1 57 48 view .LVU135
 520 0026 F7EE007A 		vmov.f32	s15, #1.0e+0
 521              		.loc 1 57 40 view .LVU136
 522 002a 9DED047A 		vldr.32	s14, [sp, #16]
 523              		.loc 1 57 26 view .LVU137
 524 002e 2344     		add	r3, r3, r4
  58:gml/GuitarPedal/Effect-Modules/reverb_module.cpp ****     m_audioRight = wetr * m_mix + sendr * (1.0f - m_mix);
 525              		.loc 1 58 41 view .LVU138
 526 0030 9DED055A 		vldr.32	s10, [sp, #20]
  57:gml/GuitarPedal/Effect-Modules/reverb_module.cpp ****     m_audioLeft = wetl * m_mix + sendl * (1.0f - m_mix);
 527              		.loc 1 57 32 view .LVU139
 528 0034 DDED025A 		vldr.32	s11, [sp, #8]
  57:gml/GuitarPedal/Effect-Modules/reverb_module.cpp ****     m_audioLeft = wetl * m_mix + sendl * (1.0f - m_mix);
 529              		.loc 1 57 26 view .LVU140
 530 0038 D3ED006A 		vldr.32	s13, [r3]
 531              		.loc 1 58 33 view .LVU141
 532 003c 9DED036A 		vldr.32	s12, [sp, #12]
  57:gml/GuitarPedal/Effect-Modules/reverb_module.cpp ****     m_audioLeft = wetl * m_mix + sendl * (1.0f - m_mix);
 533              		.loc 1 57 48 view .LVU142
 534 0040 77EEE67A 		vsub.f32	s15, s15, s13
  57:gml/GuitarPedal/Effect-Modules/reverb_module.cpp ****     m_audioLeft = wetl * m_mix + sendl * (1.0f - m_mix);
 535              		.loc 1 57 40 view .LVU143
 536 0044 27EE877A 		vmul.f32	s14, s15, s14
 537              		.loc 1 58 41 view .LVU144
 538 0048 67EE857A 		vmul.f32	s15, s15, s10
  57:gml/GuitarPedal/Effect-Modules/reverb_module.cpp ****     m_audioLeft = wetl * m_mix + sendl * (1.0f - m_mix);
 539              		.loc 1 57 32 view .LVU145
 540 004c A6EEA57A 		vfma.f32	s14, s13, s11
 541              		.loc 1 58 33 view .LVU146
 542 0050 E6EE867A 		vfma.f32	s15, s13, s12
  57:gml/GuitarPedal/Effect-Modules/reverb_module.cpp ****     m_audioLeft = wetl * m_mix + sendl * (1.0f - m_mix);
 543              		.loc 1 57 17 view .LVU147
 544 0054 84ED057A 		vstr.32	s14, [r4, #20]
 545              		.loc 1 58 5 is_stmt 1 view .LVU148
 546              		.loc 1 58 18 is_stmt 0 view .LVU149
 547 0058 C4ED067A 		vstr.32	s15, [r4, #24]
  59:gml/GuitarPedal/Effect-Modules/reverb_module.cpp **** }
 548              		.loc 1 59 1 view .LVU150
 549 005c 06B0     		add	sp, sp, #24
 550              		.cfi_def_cfa_offset 8
 551              		@ sp needed
 552 005e 10BD     		pop	{r4, pc}
 553              	.LVL34:
 554              	.L23:
 555              		.loc 1 59 1 view .LVU151
 556              		.align	2
 557              	.L22:
ARM GAS  C:\Users\aydan\AppData\Local\Temp\cc6qc9jx.s 			page 14


 558 0060 800B0600 		.word	396160
 559              		.cfi_endproc
 560              	.LFE4744:
 562              		.section	.text._ZN10bkshepherd12ReverbModule13ProcessStereoEff,"ax",%progbits
 563              		.align	1
 564              		.p2align 2,,3
 565              		.global	_ZN10bkshepherd12ReverbModule13ProcessStereoEff
 566              		.syntax unified
 567              		.thumb
 568              		.thumb_func
 569              		.fpu fpv5-d16
 571              	_ZN10bkshepherd12ReverbModule13ProcessStereoEff:
 572              	.LVL35:
 573              	.LFB4745:
  60:gml/GuitarPedal/Effect-Modules/reverb_module.cpp **** 
  61:gml/GuitarPedal/Effect-Modules/reverb_module.cpp **** void ReverbModule::ProcessStereo(float inL, float inR)
  62:gml/GuitarPedal/Effect-Modules/reverb_module.cpp **** {
 574              		.loc 1 62 1 is_stmt 1 view -0
 575              		.cfi_startproc
 576              		@ args = 0, pretend = 0, frame = 16
 577              		@ frame_needed = 0, uses_anonymous_args = 0
  63:gml/GuitarPedal/Effect-Modules/reverb_module.cpp ****     BaseEffectModule::ProcessStereo(inL, inR);
 578              		.loc 1 63 5 view .LVU153
  62:gml/GuitarPedal/Effect-Modules/reverb_module.cpp ****     BaseEffectModule::ProcessStereo(inL, inR);
 579              		.loc 1 62 1 is_stmt 0 view .LVU154
 580 0000 10B5     		push	{r4, lr}
 581              		.cfi_def_cfa_offset 8
 582              		.cfi_offset 4, -8
 583              		.cfi_offset 14, -4
 584 0002 0446     		mov	r4, r0
 585 0004 2DED028B 		vpush.64	{d8}
 586              		.cfi_def_cfa_offset 16
 587              		.cfi_offset 80, -16
 588              		.cfi_offset 81, -12
 589 0008 86B0     		sub	sp, sp, #24
 590              		.cfi_def_cfa_offset 40
  62:gml/GuitarPedal/Effect-Modules/reverb_module.cpp ****     BaseEffectModule::ProcessStereo(inL, inR);
 591              		.loc 1 62 1 view .LVU155
 592 000a B0EE408A 		vmov.f32	s16, s0
 593 000e F0EE608A 		vmov.f32	s17, s1
 594              		.loc 1 63 36 view .LVU156
 595 0012 FFF7FEFF 		bl	_ZN10bkshepherd16BaseEffectModule13ProcessStereoEff
 596              	.LVL36:
  64:gml/GuitarPedal/Effect-Modules/reverb_module.cpp **** 
  65:gml/GuitarPedal/Effect-Modules/reverb_module.cpp ****     float wetl, wetr;
 597              		.loc 1 65 5 is_stmt 1 view .LVU157
  66:gml/GuitarPedal/Effect-Modules/reverb_module.cpp ****     const float sendl = m_audioLeft;
 598              		.loc 1 66 5 view .LVU158
 599              		.loc 1 66 17 is_stmt 0 view .LVU159
 600 0016 6169     		ldr	r1, [r4, #20]	@ float
  67:gml/GuitarPedal/Effect-Modules/reverb_module.cpp ****     const float sendr = m_audioRight;
  68:gml/GuitarPedal/Effect-Modules/reverb_module.cpp ****     m_reverbStereo.Process(sendl, sendr, &wetl, &wetr);
 601              		.loc 1 68 27 view .LVU160
 602 0018 03A8     		add	r0, sp, #12
  67:gml/GuitarPedal/Effect-Modules/reverb_module.cpp ****     const float sendr = m_audioRight;
 603              		.loc 1 67 17 view .LVU161
 604 001a A269     		ldr	r2, [r4, #24]	@ float
ARM GAS  C:\Users\aydan\AppData\Local\Temp\cc6qc9jx.s 			page 15


 605              		.loc 1 68 27 view .LVU162
 606 001c 02AB     		add	r3, sp, #8
 607 001e 0090     		str	r0, [sp]
 608 0020 04F12400 		add	r0, r4, #36
  66:gml/GuitarPedal/Effect-Modules/reverb_module.cpp ****     const float sendl = m_audioLeft;
 609              		.loc 1 66 17 view .LVU163
 610 0024 0491     		str	r1, [sp, #16]	@ float
  67:gml/GuitarPedal/Effect-Modules/reverb_module.cpp ****     const float sendr = m_audioRight;
 611              		.loc 1 67 5 is_stmt 1 view .LVU164
 612              		.loc 1 68 27 is_stmt 0 view .LVU165
 613 0026 04A9     		add	r1, sp, #16
  67:gml/GuitarPedal/Effect-Modules/reverb_module.cpp ****     const float sendr = m_audioRight;
 614              		.loc 1 67 17 view .LVU166
 615 0028 0592     		str	r2, [sp, #20]	@ float
 616              		.loc 1 68 5 is_stmt 1 view .LVU167
 617              		.loc 1 68 27 is_stmt 0 view .LVU168
 618 002a 05AA     		add	r2, sp, #20
 619 002c FFF7FEFF 		bl	_ZN7daisysp8ReverbSc7ProcessERKfS2_PfS3_
 620              	.LVL37:
  69:gml/GuitarPedal/Effect-Modules/reverb_module.cpp ****     m_audioLeft = wetl * m_mix + inL * (1.0f - m_mix);
 621              		.loc 1 69 5 is_stmt 1 view .LVU169
 622              		.loc 1 69 26 is_stmt 0 view .LVU170
 623 0030 0D4B     		ldr	r3, .L26
 624              		.loc 1 69 46 view .LVU171
 625 0032 B7EE007A 		vmov.f32	s14, #1.0e+0
 626              		.loc 1 69 32 view .LVU172
 627 0036 DDED025A 		vldr.32	s11, [sp, #8]
 628              		.loc 1 69 26 view .LVU173
 629 003a 2344     		add	r3, r3, r4
  70:gml/GuitarPedal/Effect-Modules/reverb_module.cpp ****     m_audioRight = wetr * m_mix + inR * (1.0f - m_mix);
 630              		.loc 1 70 33 view .LVU174
 631 003c 9DED036A 		vldr.32	s12, [sp, #12]
  69:gml/GuitarPedal/Effect-Modules/reverb_module.cpp ****     m_audioLeft = wetl * m_mix + inL * (1.0f - m_mix);
 632              		.loc 1 69 26 view .LVU175
 633 0040 D3ED006A 		vldr.32	s13, [r3]
  69:gml/GuitarPedal/Effect-Modules/reverb_module.cpp ****     m_audioLeft = wetl * m_mix + inL * (1.0f - m_mix);
 634              		.loc 1 69 46 view .LVU176
 635 0044 77EE667A 		vsub.f32	s15, s14, s13
  69:gml/GuitarPedal/Effect-Modules/reverb_module.cpp ****     m_audioLeft = wetl * m_mix + inL * (1.0f - m_mix);
 636              		.loc 1 69 38 view .LVU177
 637 0048 27EE888A 		vmul.f32	s16, s15, s16
 638              	.LVL38:
 639              		.loc 1 70 39 view .LVU178
 640 004c 67EEA87A 		vmul.f32	s15, s15, s17
  69:gml/GuitarPedal/Effect-Modules/reverb_module.cpp ****     m_audioLeft = wetl * m_mix + inL * (1.0f - m_mix);
 641              		.loc 1 69 32 view .LVU179
 642 0050 A6EEA58A 		vfma.f32	s16, s13, s11
 643              		.loc 1 70 33 view .LVU180
 644 0054 E6EE867A 		vfma.f32	s15, s13, s12
  69:gml/GuitarPedal/Effect-Modules/reverb_module.cpp ****     m_audioLeft = wetl * m_mix + inL * (1.0f - m_mix);
 645              		.loc 1 69 17 view .LVU181
 646 0058 84ED058A 		vstr.32	s16, [r4, #20]
 647              		.loc 1 70 5 is_stmt 1 view .LVU182
 648              		.loc 1 70 18 is_stmt 0 view .LVU183
 649 005c C4ED067A 		vstr.32	s15, [r4, #24]
  71:gml/GuitarPedal/Effect-Modules/reverb_module.cpp **** }
 650              		.loc 1 71 1 view .LVU184
ARM GAS  C:\Users\aydan\AppData\Local\Temp\cc6qc9jx.s 			page 16


 651 0060 06B0     		add	sp, sp, #24
 652              		.cfi_def_cfa_offset 16
 653              		@ sp needed
 654 0062 BDEC028B 		vldm	sp!, {d8}
 655              		.cfi_restore 80
 656              		.cfi_restore 81
 657              		.cfi_def_cfa_offset 8
 658 0066 10BD     		pop	{r4, pc}
 659              	.LVL39:
 660              	.L27:
 661              		.loc 1 71 1 view .LVU185
 662              		.align	2
 663              	.L26:
 664 0068 800B0600 		.word	396160
 665              		.cfi_endproc
 666              	.LFE4745:
 668              		.section	.text._ZN10bkshepherd12ReverbModule19GetBrightnessForLEDEi,"ax",%progbits
 669              		.align	1
 670              		.p2align 2,,3
 671              		.global	_ZN10bkshepherd12ReverbModule19GetBrightnessForLEDEi
 672              		.syntax unified
 673              		.thumb
 674              		.thumb_func
 675              		.fpu fpv5-d16
 677              	_ZN10bkshepherd12ReverbModule19GetBrightnessForLEDEi:
 678              	.LVL40:
 679              	.LFB4746:
  72:gml/GuitarPedal/Effect-Modules/reverb_module.cpp **** 
  73:gml/GuitarPedal/Effect-Modules/reverb_module.cpp **** float ReverbModule::GetBrightnessForLED(int led_id)
  74:gml/GuitarPedal/Effect-Modules/reverb_module.cpp **** {
 680              		.loc 1 74 1 is_stmt 1 view -0
 681              		.cfi_startproc
 682              		@ args = 0, pretend = 0, frame = 0
 683              		@ frame_needed = 0, uses_anonymous_args = 0
 684              		@ link register save eliminated.
  75:gml/GuitarPedal/Effect-Modules/reverb_module.cpp ****     float value = BaseEffectModule::GetBrightnessForLED(led_id);
 685              		.loc 1 75 5 view .LVU187
 686              		.loc 1 75 56 is_stmt 0 view .LVU188
 687 0000 FFF7FEBF 		b	_ZN10bkshepherd16BaseEffectModule19GetBrightnessForLEDEi
 688              	.LVL41:
 689              		.loc 1 75 56 view .LVU189
 690              		.cfi_endproc
 691              	.LFE4746:
 693              		.global	_ZTVN10bkshepherd12ReverbModuleE
 694              		.section	.rodata.str1.4,"aMS",%progbits,1
 695              		.align	2
 696              	.LC1:
 697 0000 54696D65 		.ascii	"Time\000"
 697      00
 698 0005 000000   		.align	2
 699              	.LC2:
 700 0008 44616D70 		.ascii	"Damp\000"
 700      00
 701 000d 000000   		.align	2
 702              	.LC3:
 703 0010 4D697800 		.ascii	"Mix\000"
 704              		.section	.rodata._ZL10s_metaData,"a"
ARM GAS  C:\Users\aydan\AppData\Local\Temp\cc6qc9jx.s 			page 17


 705              		.align	2
 706              		.set	.LANCHOR1,. + 0
 709              	_ZL10s_metaData:
 710 0000 00000000 		.word	.LC1
 711 0004 01       		.byte	1
 712 0005 000000   		.space	3
 713 0008 00000000 		.word	0
 714 000c 00000000 		.space	4
 715 0010 39       		.byte	57
 716 0011 000000   		.space	3
 717 0014 00000000 		.word	0
 718 0018 01000000 		.word	1
 719 001c 08000000 		.word	.LC2
 720 0020 01       		.byte	1
 721 0021 000000   		.space	3
 722 0024 00000000 		.word	0
 723 0028 00000000 		.space	4
 724 002c 28       		.byte	40
 725 002d 000000   		.space	3
 726 0030 01000000 		.word	1
 727 0034 15000000 		.word	21
 728 0038 10000000 		.word	.LC3
 729 003c 01       		.byte	1
 730 003d 000000   		.space	3
 731 0040 00000000 		.word	0
 732 0044 00000000 		.space	4
 733 0048 39       		.byte	57
 734 0049 000000   		.space	3
 735 004c 02000000 		.word	2
 736 0050 16000000 		.word	22
 737              		.section	.rodata._ZTVN10bkshepherd12ReverbModuleE,"a"
 738              		.align	2
 739              		.set	.LANCHOR0,. + 0
 742              	_ZTVN10bkshepherd12ReverbModuleE:
 743 0000 00000000 		.word	0
 744 0004 00000000 		.word	0
 745 0008 00000000 		.word	_ZN10bkshepherd12ReverbModuleD1Ev
 746 000c 00000000 		.word	_ZN10bkshepherd12ReverbModuleD0Ev
 747 0010 00000000 		.word	_ZN10bkshepherd12ReverbModule4InitEf
 748 0014 00000000 		.word	_ZN10bkshepherd12ReverbModule11ProcessMonoEf
 749 0018 00000000 		.word	_ZN10bkshepherd12ReverbModule13ProcessStereoEff
 750 001c 00000000 		.word	_ZN10bkshepherd12ReverbModule19GetBrightnessForLEDEi
 751 0020 00000000 		.word	_ZN10bkshepherd16BaseEffectModule10SetEnabledEb
 752 0024 00000000 		.word	_ZN10bkshepherd16BaseEffectModule8SetTempoEm
 753 0028 00000000 		.word	_ZN10bkshepherd16BaseEffectModule8UpdateUIEf
 754 002c 00000000 		.word	_ZN10bkshepherd16BaseEffectModule6DrawUIERN5daisy21OneBitGraphicsDisplayEiiNS1_9RectangleEb
 755 0030 00000000 		.word	_ZN10bkshepherd16BaseEffectModule10InitParamsEi
 756 0034 00000000 		.word	_ZN10bkshepherd12ReverbModule16ParameterChangedEi
 757              		.text
 758              	.Letext0:
 759              		.file 3 "c:\\program files\\daisytoolchain\\arm-none-eabi\\include\\machine\\_default_types.h"
 760              		.file 4 "c:\\program files\\daisytoolchain\\arm-none-eabi\\include\\sys\\_stdint.h"
 761              		.file 5 "c:\\program files\\daisytoolchain\\arm-none-eabi\\include\\stdint.h"
 762              		.file 6 "c:\\program files\\daisytoolchain\\lib\\gcc\\arm-none-eabi\\10.2.1\\include\\stddef.h"
 763              		.file 7 "c:\\program files\\daisytoolchain\\arm-none-eabi\\include\\c++\\10.2.1\\cmath"
 764              		.file 8 "c:\\program files\\daisytoolchain\\arm-none-eabi\\include\\c++\\10.2.1\\bits\\std_abs.h"
 765              		.file 9 "c:\\program files\\daisytoolchain\\arm-none-eabi\\include\\c++\\10.2.1\\cstdint"
ARM GAS  C:\Users\aydan\AppData\Local\Temp\cc6qc9jx.s 			page 18


 766              		.file 10 "c:\\program files\\daisytoolchain\\arm-none-eabi\\include\\c++\\10.2.1\\cstdlib"
 767              		.file 11 "c:\\program files\\daisytoolchain\\arm-none-eabi\\include\\c++\\10.2.1\\type_traits"
 768              		.file 12 "c:\\program files\\daisytoolchain\\arm-none-eabi\\include\\c++\\10.2.1\\debug\\debug.h"
 769              		.file 13 "c:\\program files\\daisytoolchain\\arm-none-eabi\\include\\c++\\10.2.1\\cwchar"
 770              		.file 14 "c:\\program files\\daisytoolchain\\arm-none-eabi\\include\\c++\\10.2.1\\bits\\stl_pair.h
 771              		.file 15 "c:\\program files\\daisytoolchain\\arm-none-eabi\\include\\c++\\10.2.1\\bits\\exception_
 772              		.file 16 "c:\\program files\\daisytoolchain\\arm-none-eabi\\include\\c++\\10.2.1\\arm-none-eabi\\t
 773              		.file 17 "c:\\program files\\daisytoolchain\\arm-none-eabi\\include\\c++\\10.2.1\\clocale"
 774              		.file 18 "c:\\program files\\daisytoolchain\\arm-none-eabi\\include\\c++\\10.2.1\\cstdio"
 775              		.file 19 "c:\\program files\\daisytoolchain\\arm-none-eabi\\include\\c++\\10.2.1\\bits\\basic_stri
 776              		.file 20 "c:\\program files\\daisytoolchain\\arm-none-eabi\\include\\c++\\10.2.1\\bits\\charconv.h
 777              		.file 21 "c:\\program files\\daisytoolchain\\arm-none-eabi\\include\\c++\\10.2.1\\bits\\algorithmf
 778              		.file 22 "c:\\program files\\daisytoolchain\\arm-none-eabi\\include\\c++\\10.2.1\\cstring"
 779              		.file 23 "c:\\program files\\daisytoolchain\\arm-none-eabi\\include\\c++\\10.2.1\\cstdarg"
 780              		.file 24 "c:\\program files\\daisytoolchain\\arm-none-eabi\\include\\c++\\10.2.1\\bits\\predefined
 781              		.file 25 "c:\\program files\\daisytoolchain\\arm-none-eabi\\include\\sys\\_types.h"
 782              		.file 26 "c:\\program files\\daisytoolchain\\arm-none-eabi\\include\\sys\\reent.h"
 783              		.file 27 "c:\\program files\\daisytoolchain\\arm-none-eabi\\include\\sys\\lock.h"
 784              		.file 28 "c:\\program files\\daisytoolchain\\arm-none-eabi\\include\\math.h"
 785              		.file 29 "c:\\program files\\daisytoolchain\\arm-none-eabi\\include\\stdlib.h"
 786              		.file 30 "c:\\program files\\daisytoolchain\\arm-none-eabi\\include\\c++\\10.2.1\\math.h"
 787              		.file 31 "../../DaisySP/Source/Control/adenv.h"
 788              		.file 32 "../../DaisySP/Source/Utility/dsp.h"
 789              		.file 33 "c:\\program files\\daisytoolchain\\lib\\gcc\\arm-none-eabi\\10.2.1\\include\\stdarg.h"
 790              		.file 34 "c:\\program files\\daisytoolchain\\arm-none-eabi\\include\\wchar.h"
 791              		.file 35 "c:\\program files\\daisytoolchain\\arm-none-eabi\\include\\locale.h"
 792              		.file 36 "c:\\program files\\daisytoolchain\\arm-none-eabi\\include\\stdio.h"
 793              		.file 37 "c:\\program files\\daisytoolchain\\arm-none-eabi\\include\\c++\\10.2.1\\stdlib.h"
 794              		.file 38 "c:\\program files\\daisytoolchain\\arm-none-eabi\\include\\string.h"
 795              		.file 39 "../../libDaisy/src/daisy_core.h"
 796              		.file 40 "../../libDaisy/src/util/wav_format.h"
 797              		.file 41 "../../libDaisy/src/dev/max11300.h"
 798              		.file 42 "../../libDaisy/src/daisy_seed.h"
 799              		.file 43 "gml/GuitarPedal/Effect-Modules/base_effect_module.h"
 800              		.file 44 "gml/GuitarPedal/Effect-Modules/reverb_module.h"
 801              		.file 45 "../../libDaisy/src/dev/sr_595.h"
 802              		.file 46 "c:\\program files\\daisytoolchain\\arm-none-eabi\\include\\c++\\10.2.1\\new"
 803              		.file 47 "<built-in>"
ARM GAS  C:\Users\aydan\AppData\Local\Temp\cc6qc9jx.s 			page 19


DEFINED SYMBOLS
                            *ABS*:00000000 reverb_module.cpp
C:\Users\aydan\AppData\Local\Temp\cc6qc9jx.s:17     .text._ZN10bkshepherd12ReverbModuleD2Ev:00000000 $t
C:\Users\aydan\AppData\Local\Temp\cc6qc9jx.s:26     .text._ZN10bkshepherd12ReverbModuleD2Ev:00000000 _ZN10bkshepherd12ReverbModuleD2Ev
C:\Users\aydan\AppData\Local\Temp\cc6qc9jx.s:68     .text._ZN10bkshepherd12ReverbModuleD2Ev:00000010 $d
C:\Users\aydan\AppData\Local\Temp\cc6qc9jx.s:26     .text._ZN10bkshepherd12ReverbModuleD2Ev:00000000 _ZN10bkshepherd12ReverbModuleD1Ev
C:\Users\aydan\AppData\Local\Temp\cc6qc9jx.s:75     .text._ZN10bkshepherd12ReverbModuleD0Ev:00000000 $t
C:\Users\aydan\AppData\Local\Temp\cc6qc9jx.s:83     .text._ZN10bkshepherd12ReverbModuleD0Ev:00000000 _ZN10bkshepherd12ReverbModuleD0Ev
C:\Users\aydan\AppData\Local\Temp\cc6qc9jx.s:134    .text._ZN10bkshepherd12ReverbModuleD0Ev:00000018 $d
C:\Users\aydan\AppData\Local\Temp\cc6qc9jx.s:140    .text._ZN10bkshepherd12ReverbModule16ParameterChangedEi:00000000 $t
C:\Users\aydan\AppData\Local\Temp\cc6qc9jx.s:148    .text._ZN10bkshepherd12ReverbModule16ParameterChangedEi:00000000 _ZN10bkshepherd12ReverbModule16ParameterChangedEi
C:\Users\aydan\AppData\Local\Temp\cc6qc9jx.s:287    .rodata._ZN10bkshepherd12ReverbModuleC2Ev.str1.4:00000000 $d
C:\Users\aydan\AppData\Local\Temp\cc6qc9jx.s:291    .text._ZN10bkshepherd12ReverbModuleC2Ev:00000000 $t
C:\Users\aydan\AppData\Local\Temp\cc6qc9jx.s:299    .text._ZN10bkshepherd12ReverbModuleC2Ev:00000000 _ZN10bkshepherd12ReverbModuleC2Ev
C:\Users\aydan\AppData\Local\Temp\cc6qc9jx.s:375    .text._ZN10bkshepherd12ReverbModuleC2Ev:0000005c $d
C:\Users\aydan\AppData\Local\Temp\cc6qc9jx.s:299    .text._ZN10bkshepherd12ReverbModuleC2Ev:00000000 _ZN10bkshepherd12ReverbModuleC1Ev
C:\Users\aydan\AppData\Local\Temp\cc6qc9jx.s:387    .text._ZN10bkshepherd12ReverbModule4InitEf:00000000 $t
C:\Users\aydan\AppData\Local\Temp\cc6qc9jx.s:395    .text._ZN10bkshepherd12ReverbModule4InitEf:00000000 _ZN10bkshepherd12ReverbModule4InitEf
C:\Users\aydan\AppData\Local\Temp\cc6qc9jx.s:465    .text._ZN10bkshepherd12ReverbModule11ProcessMonoEf:00000000 $t
C:\Users\aydan\AppData\Local\Temp\cc6qc9jx.s:473    .text._ZN10bkshepherd12ReverbModule11ProcessMonoEf:00000000 _ZN10bkshepherd12ReverbModule11ProcessMonoEf
C:\Users\aydan\AppData\Local\Temp\cc6qc9jx.s:558    .text._ZN10bkshepherd12ReverbModule11ProcessMonoEf:00000060 $d
C:\Users\aydan\AppData\Local\Temp\cc6qc9jx.s:563    .text._ZN10bkshepherd12ReverbModule13ProcessStereoEff:00000000 $t
C:\Users\aydan\AppData\Local\Temp\cc6qc9jx.s:571    .text._ZN10bkshepherd12ReverbModule13ProcessStereoEff:00000000 _ZN10bkshepherd12ReverbModule13ProcessStereoEff
C:\Users\aydan\AppData\Local\Temp\cc6qc9jx.s:664    .text._ZN10bkshepherd12ReverbModule13ProcessStereoEff:00000068 $d
C:\Users\aydan\AppData\Local\Temp\cc6qc9jx.s:669    .text._ZN10bkshepherd12ReverbModule19GetBrightnessForLEDEi:00000000 $t
C:\Users\aydan\AppData\Local\Temp\cc6qc9jx.s:677    .text._ZN10bkshepherd12ReverbModule19GetBrightnessForLEDEi:00000000 _ZN10bkshepherd12ReverbModule19GetBrightnessForLEDEi
C:\Users\aydan\AppData\Local\Temp\cc6qc9jx.s:742    .rodata._ZTVN10bkshepherd12ReverbModuleE:00000000 _ZTVN10bkshepherd12ReverbModuleE
C:\Users\aydan\AppData\Local\Temp\cc6qc9jx.s:695    .rodata.str1.4:00000000 $d
C:\Users\aydan\AppData\Local\Temp\cc6qc9jx.s:705    .rodata._ZL10s_metaData:00000000 $d
C:\Users\aydan\AppData\Local\Temp\cc6qc9jx.s:709    .rodata._ZL10s_metaData:00000000 _ZL10s_metaData
C:\Users\aydan\AppData\Local\Temp\cc6qc9jx.s:738    .rodata._ZTVN10bkshepherd12ReverbModuleE:00000000 $d

UNDEFINED SYMBOLS
_ZN10bkshepherd16BaseEffectModuleD2Ev
_ZdlPvj
_ZN10bkshepherd16BaseEffectModule23GetParameterAsMagnitudeEi
_ZN10bkshepherd16BaseEffectModuleC2Ev
_ZN10bkshepherd16BaseEffectModule10InitParamsEi
_ZN10bkshepherd16BaseEffectModule4InitEf
_ZN7daisysp8ReverbSc4InitEf
_ZN10bkshepherd16BaseEffectModule11ProcessMonoEf
_ZN7daisysp8ReverbSc7ProcessERKfS2_PfS3_
_ZN10bkshepherd16BaseEffectModule13ProcessStereoEff
_ZN10bkshepherd16BaseEffectModule19GetBrightnessForLEDEi
_ZN10bkshepherd16BaseEffectModule10SetEnabledEb
_ZN10bkshepherd16BaseEffectModule8SetTempoEm
_ZN10bkshepherd16BaseEffectModule8UpdateUIEf
_ZN10bkshepherd16BaseEffectModule6DrawUIERN5daisy21OneBitGraphicsDisplayEiiNS1_9RectangleEb
