Archive member included to satisfy reference by file (symbol)

../../libDaisy/build\libdaisy.a(stm32h7xx_hal.o)
                              build_production_permanent/thermal_monitor.o (HAL_GetREVID)
../../libDaisy/build\libdaisy.a(stm32h7xx_hal_adc.o)
                              build_production_permanent/thermal_monitor.o (HAL_ADC_PollForConversion)
../../libDaisy/build\libdaisy.a(stm32h7xx_hal_adc_ex.o)
                              build_production_permanent/thermal_monitor.o (HAL_ADCEx_Calibration_Start)
../../libDaisy/build\libdaisy.a(stm32h7xx_hal_cortex.o)
                              ../../libDaisy/build\libdaisy.a(stm32h7xx_hal.o) (HAL_NVIC_SetPriorityGrouping)
../../libDaisy/build\libdaisy.a(stm32h7xx_hal_dma.o)
                              ../../libDaisy/build\libdaisy.a(stm32h7xx_hal_adc.o) (HAL_DMA_Start_IT)
../../libDaisy/build\libdaisy.a(stm32h7xx_hal_rcc.o)
                              ../../libDaisy/build\libdaisy.a(stm32h7xx_hal.o) (HAL_RCC_GetSysClockFreq)
../../libDaisy/build\libdaisy.a(stm32h7xx_hal_rcc_ex.o)
                              ../../libDaisy/build\libdaisy.a(stm32h7xx_hal_adc.o) (HAL_RCCEx_GetPeriphCLKFreq)
../../libDaisy/build\libdaisy.a(daisy_seed.o)
                              build_production_permanent/controls.o (daisy::DaisySeed::DelayMs(unsigned int))
../../libDaisy/build\libdaisy.a(codec_ak4556.o)
                              ../../libDaisy/build\libdaisy.a(daisy_seed.o) (daisy::Ak4556::Init(dsy_gpio_pin))
../../libDaisy/build\libdaisy.a(codec_wm8731.o)
                              ../../libDaisy/build\libdaisy.a(daisy_seed.o) (daisy::Wm8731::Init(daisy::Wm8731::Config const&, daisy::I2CHandle))
../../libDaisy/build\libdaisy.a(sdram.o)
                              ../../libDaisy/build\libdaisy.a(daisy_seed.o) (SdramHandle::Init())
../../libDaisy/build\libdaisy.a(audio.o)
                              ../../libDaisy/build\libdaisy.a(daisy_seed.o) (daisy::AudioHandle::Init(daisy::AudioHandle::Config const&, daisy::SaiHandle))
../../libDaisy/build\libdaisy.a(adc.o)
                              build_production_permanent/controls.o (daisy::AdcChannelConfig::InitSingle(dsy_gpio_pin, daisy::AdcChannelConfig::ConversionSpeed))
../../libDaisy/build\libdaisy.a(gpio.o)
                              build_production_permanent/controls.o (daisy::GPIO::Init(daisy::Pin, daisy::GPIO::Mode, daisy::GPIO::Pull, daisy::GPIO::Speed))
../../libDaisy/build\libdaisy.a(i2c.o)
                              ../../libDaisy/build\libdaisy.a(daisy_seed.o) (daisy::I2CHandle::Init(daisy::I2CHandle::Config const&))
../../libDaisy/build\libdaisy.a(qspi.o)
                              ../../libDaisy/build\libdaisy.a(daisy_seed.o) (daisy::QSPIHandle::Init(daisy::QSPIHandle::Config const&))
../../libDaisy/build\libdaisy.a(sai.o)
                              ../../libDaisy/build\libdaisy.a(daisy_seed.o) (daisy::SaiHandle::Init(daisy::SaiHandle::Config const&))
../../libDaisy/build\libdaisy.a(uart.o)
                              build_production_permanent/telemetry.o (daisy::UartHandler::Init(daisy::UartHandler::Config const&))
../../libDaisy/build\libdaisy.a(dma.o)
                              ../../libDaisy/build\libdaisy.a(uart.o) (dsy_dma_invalidate_cache_for_buffer)
../../libDaisy/build\libdaisy.a(system.o)
                              ../../libDaisy/build\libdaisy.a(daisy_seed.o) (daisy::System::DeInit())
../../libDaisy/build\libdaisy.a(system_stm32h7xx.o)
                              build_production_permanent/startup_stm32h750xx.o (SystemInit)
../../libDaisy/build\libdaisy.a(usbd_conf.o)
                              ../../libDaisy/build\libdaisy.a(system.o) (hpcd_USB_OTG_HS)
../../libDaisy/build\libdaisy.a(usbh_conf.o)
                              ../../libDaisy/build\libdaisy.a(system.o) (hhcd_USB_OTG_HS)
../../libDaisy/build\libdaisy.a(hal_map.o)
                              ../../libDaisy/build\libdaisy.a(gpio.o) (dsy_hal_map_get_port)
../../libDaisy/build\libdaisy.a(oled_fonts.o)
                              build_production_permanent/base_effect_module.o (Font_11x18)
../../libDaisy/build\libdaisy.a(stm32h7xx_hal_gpio.o)
                              ../../libDaisy/build\libdaisy.a(stm32h7xx_hal_rcc.o) (HAL_GPIO_Init)
../../libDaisy/build\libdaisy.a(stm32h7xx_hal_hcd.o)
                              ../../libDaisy/build\libdaisy.a(usbh_conf.o) (HAL_HCD_HC_Init)
../../libDaisy/build\libdaisy.a(stm32h7xx_hal_i2c.o)
                              ../../libDaisy/build\libdaisy.a(i2c.o) (HAL_I2C_Init)
../../libDaisy/build\libdaisy.a(stm32h7xx_hal_i2c_ex.o)
                              ../../libDaisy/build\libdaisy.a(i2c.o) (HAL_I2CEx_ConfigAnalogFilter)
../../libDaisy/build\libdaisy.a(stm32h7xx_hal_pcd.o)
                              ../../libDaisy/build\libdaisy.a(usbd_conf.o) (HAL_PCD_Init)
../../libDaisy/build\libdaisy.a(stm32h7xx_hal_pcd_ex.o)
                              ../../libDaisy/build\libdaisy.a(usbd_conf.o) (HAL_PCDEx_SetTxFiFo)
[...]
Memory Configuration

Name             Origin             Length             Attributes
FLASH            0x08000000         0x00020000         xr
DTCMRAM          0x20000000         0x00020000         xrw
SRAM             0x24000000         0x00080000         xrw
RAM_D2           0x30000000         0x00048000         xrw
RAM_D3           0x38000000         0x00010000         xrw
BACKUP_SRAM      0x38800000         0x00001000         xrw
ITCMRAM          0x00000000         0x00010000         xrw
SDRAM            0xc0000000         0x04000000         xrw
QSPIFLASH        0x90000000         0x00800000         xr
*default*        0x00000000         0xffffffff

Linker script and memory map

LOAD c:/program files/daisytoolchain/bin/../lib/gcc/arm-none-eabi/10.2.1/thumb/v7e-m+dp/hard/crti.o
LOAD c:/program files/daisytoolchain/bin/../lib/gcc/arm-none-eabi/10.2.1/thumb/v7e-m+dp/hard/crtbegin.o
LOAD c:/program files/daisytoolchain/bin/../lib/gcc/arm-none-eabi/10.2.1/../../../../arm-none-eabi/lib/thumb/v7e-m+dp/hard/crt0.o
LOAD build_production_permanent/startup_stm32h750xx.o
LOAD build_production_permanent/main.o
LOAD build_production_permanent/controls.o
LOAD build_production_permanent/audio_engine.o
LOAD build_production_permanent/tuner.o
LOAD build_production_permanent/telemetry.o
LOAD build_production_permanent/thermal_monitor.o
LOAD build_production_permanent/base_effect_module.o
LOAD build_production_permanent/chorus_module.o
LOAD build_production_permanent/reverb_module.o
LOAD build_production_permanent/crusher_module.o
LOAD build_production_permanent/granulardelay_module.o
LOAD build_production_permanent/audio_utilities.o
LOAD build_production_permanent/granularplayermod.o
LOAD build_production_permanent/chopper.o
LOAD build_production_permanent/reverbsc.o
LOAD build_production_permanent/tone.o
LOAD ../../libDaisy/build\libdaisy.a
LOAD c:/program files/daisytoolchain/bin/../lib/gcc/arm-none-eabi/10.2.1/../../../../arm-none-eabi/lib/thumb/v7e-m+dp/hard\libnosys.a
LOAD ../../DaisySP/build\libdaisysp.a
LOAD c:/program files/daisytoolchain/bin/../lib/gcc/arm-none-eabi/10.2.1/../../../../arm-none-eabi/lib/thumb/v7e-m+dp/hard\libstdc++_nano.a
LOAD c:/program files/daisytoolchain/bin/../lib/gcc/arm-none-eabi/10.2.1/../../../../arm-none-eabi/lib/thumb/v7e-m+dp/hard\libm.a
LOAD c:/program files/daisytoolchain/bin/../lib/gcc/arm-none-eabi/10.2.1/../../../../arm-none-eabi/lib/thumb/v7e-m+dp/hard\libc_nano.a
START GROUP
LOAD c:/program files/daisytoolchain/bin/../lib/gcc/arm-none-eabi/10.2.1/thumb/v7e-m+dp/hard\libgcc.a
LOAD c:/program files/daisytoolchain/bin/../lib/gcc/arm-none-eabi/10.2.1/../../../../arm-none-eabi/lib/thumb/v7e-m+dp/hard\libc_nano.a
END GROUP
START GROUP
LOAD c:/program files/daisytoolchain/bin/../lib/gcc/arm-none-eabi/10.2.1/thumb/v7e-m+dp/hard\libgcc.a
LOAD c:/program files/daisytoolchain/bin/../lib/gcc/arm-none-eabi/10.2.1/../../../../arm-none-eabi/lib/thumb/v7e-m+dp/hard\libc_nano.a
LOAD c:/program files/daisytoolchain/bin/../lib/gcc/arm-none-eabi/10.2.1/../../../../arm-none-eabi/lib/thumb/v7e-m+dp/hard\libnosys.a
END GROUP
START GROUP
LOAD c:/program files/daisytoolchain/bin/../lib/gcc/arm-none-eabi/10.2.1/thumb/v7e-m+dp/hard\libgcc.a
LOAD c:/program files/daisytoolchain/bin/../lib/gcc/arm-none-eabi/10.2.1/../../../../arm-none-eabi/lib/thumb/v7e-m+dp/hard\libc_nano.a
LOAD c:/program files/daisytoolchain/bin/../lib/gcc/arm-none-eabi/10.2.1/../../../../arm-none-eabi/lib/thumb/v7e-m+dp/hard\libnosys.a
END GROUP
LOAD c:/program files/daisytoolchain/bin/../lib/gcc/arm-none-eabi/10.2.1/thumb/v7e-m+dp/hard/crtend.o
LOAD c:/program files/daisytoolchain/bin/../lib/gcc/arm-none-eabi/10.2.1/thumb/v7e-m+dp/hard/crtn.o
                0x20020000                _estack = 0x20020000

.isr_vector     0x08000000      0x298
                0x08000000                . = ALIGN (0x4)
 *(.isr_vector)
 .isr_vector    0x08000000      0x298 build_production_permanent/startup_stm32h750xx.o
                0x08000000                g_pfnVectors
                0x08000298                . = ALIGN (0x4)

.text           0x080002a0    0x19708
                0x080002a0                . = ALIGN (0x4)
                0x080002a0                _stext = .
 *(.text)
 .text          0x080002a0       0x40 c:/program files/daisytoolchain/bin/../lib/gcc/arm-none-eabi/10.2.1/thumb/v7e-m+dp/hard/crtbegin.o
 .text          0x080002e0       0x10 c:/program files/daisytoolchain/bin/../lib/gcc/arm-none-eabi/10.2.1/../../../../arm-none-eabi/lib/thumb/v7e-m+dp/hard\libc_nano.a(lib_a-strlen.o)
                0x080002e0                strlen
 .text          0x080002f0       0xa0 c:/program files/daisytoolchain/bin/../lib/gcc/arm-none-eabi/10.2.1/../../../../arm-none-eabi/lib/thumb/v7e-m+dp/hard\libc_nano.a(lib_a-memchr.o)
                0x080002f0                memchr
 .text          0x08000390      0x378 c:/program files/daisytoolchain/bin/../lib/gcc/arm-none-eabi/10.2.1/thumb/v7e-m+dp/hard\libgcc.a(_arm_addsubdf3.o)
                0x08000390                __aeabi_drsub
                0x08000398                __aeabi_dsub
                0x08000398                __subdf3
                0x0800039c                __aeabi_dadd
                0x0800039c                __adddf3
                0x08000614                __floatunsidf
                0x08000614                __aeabi_ui2d
                0x08000634                __floatsidf
                0x08000634                __aeabi_i2d
                0x08000658                __aeabi_f2d
                0x08000658                __extendsfdf2
                0x0800069c                __floatundidf
                0x0800069c                __aeabi_ul2d
                0x080006ac                __floatdidf
                0x080006ac                __aeabi_l2d
 .text          0x08000708       0x30 c:/program files/daisytoolchain/bin/../lib/gcc/arm-none-eabi/10.2.1/thumb/v7e-m+dp/hard\libgcc.a(_aeabi_uldivmod.o)
                0x08000708                __aeabi_uldivmod
 .text          0x08000738      0x2d0 c:/program files/daisytoolchain/bin/../lib/gcc/arm-none-eabi/10.2.1/thumb/v7e-m+dp/hard\libgcc.a(_udivmoddi4.o)
                0x08000738                __udivmoddi4
 .text          0x08000a08        0x4 c:/program files/daisytoolchain/bin/../lib/gcc/arm-none-eabi/10.2.1/thumb/v7e-m+dp/hard\libgcc.a(_dvmd_tls.o)
                0x08000a08                __aeabi_idiv0
                0x08000a08                __aeabi_ldiv0
 *(.text*)
 .text.Default_Handler
                0x08000a0c        0x4 build_production_permanent/startup_stm32h750xx.o
                0x08000a0c                RTC_Alarm_IRQHandler
                0x08000a0c                HASH_RNG_IRQHandler
                0x08000a0c                EXTI2_IRQHandler
                0x08000a0c                TIM8_CC_IRQHandler
                0x08000a0c                HRTIM1_Master_IRQHandler
                0x08000a0c                DebugMon_Handler
                0x08000a0c                TIM1_CC_IRQHandler
                0x08000a0c                BDMA_Channel6_IRQHandler
                0x08000a0c                DMA2_Stream5_IRQHandler
                0x08000a0c                HRTIM1_FLT_IRQHandler
                0x08000a0c                JPEG_IRQHandler
                0x08000a0c                BDMA_Channel1_IRQHandler
                0x08000a0c                HRTIM1_TIMD_IRQHandler
                0x08000a0c                TAMP_STAMP_IRQHandler
                0x08000a0c                PendSV_Handler
                0x08000a0c                NMI_Handler
                0x08000a0c                EXTI3_IRQHandler
                0x08000a0c                LPTIM4_IRQHandler
                0x08000a0c                TIM8_TRG_COM_TIM14_IRQHandler
                0x08000a0c                LPTIM2_IRQHandler
                0x08000a0c                DFSDM1_FLT1_IRQHandler
                0x08000a0c                DMAMUX2_OVR_IRQHandler
                0x08000a0c                TIM8_UP_TIM13_IRQHandler
                0x08000a0c                I2C3_ER_IRQHandler
                0x08000a0c                DFSDM1_FLT2_IRQHandler
                0x08000a0c                MDMA_IRQHandler
                0x08000a0c                LPTIM3_IRQHandler
                0x08000a0c                HSEM1_IRQHandler
                0x08000a0c                EXTI0_IRQHandler
                0x08000a0c                FPU_IRQHandler
                0x08000a0c                OTG_HS_WKUP_IRQHandler
                0x08000a0c                FDCAN1_IT1_IRQHandler
                0x08000a0c                UsageFault_Handler
                0x08000a0c                LTDC_ER_IRQHandler
                0x08000a0c                HRTIM1_TIME_IRQHandler
                0x08000a0c                TIM6_DAC_IRQHandler
                0x08000a0c                DCMI_IRQHandler
                0x08000a0c                HRTIM1_TIMC_IRQHandler
                0x08000a0c                SAI2_IRQHandler
                0x08000a0c                DFSDM1_FLT3_IRQHandler
                0x08000a0c                TIM17_IRQHandler
                0x08000a0c                CRYP_IRQHandler
                0x08000a0c                BDMA_Channel7_IRQHandler
                0x08000a0c                LPTIM5_IRQHandler
                0x08000a0c                ADC3_IRQHandler
                0x08000a0c                DMA2_Stream0_IRQHandler
                0x08000a0c                BDMA_Channel2_IRQHandler
                0x08000a0c                DMAMUX1_OVR_IRQHandler
                0x08000a0c                TIM16_IRQHandler
                0x08000a0c                BDMA_Channel5_IRQHandler
                0x08000a0c                RCC_IRQHandler
                0x08000a0c                TIM8_BRK_TIM12_IRQHandler
                0x08000a0c                TIM1_TRG_COM_IRQHandler
                0x08000a0c                Default_Handler
                0x08000a0c                ECC_IRQHandler
                0x08000a0c                CEC_IRQHandler
                0x08000a0c                EXTI15_10_IRQHandler
                0x08000a0c                BDMA_Channel0_IRQHandler
                0x08000a0c                ADC_IRQHandler
                0x08000a0c                DMA1_Stream7_IRQHandler
                0x08000a0c                HRTIM1_TIMA_IRQHandler
                0x08000a0c                TIM7_IRQHandler
                0x08000a0c                SDMMC1_IRQHandler
                0x08000a0c                DMA2_Stream7_IRQHandler
                0x08000a0c                TIM15_IRQHandler
                0x08000a0c                PVD_AVD_IRQHandler
                0x08000a0c                EXTI9_5_IRQHandler
                0x08000a0c                RTC_WKUP_IRQHandler
                0x08000a0c                LTDC_IRQHandler
                0x08000a0c                SAI3_IRQHandler
                0x08000a0c                ETH_WKUP_IRQHandler
                0x08000a0c                SPDIF_RX_IRQHandler
                0x08000a0c                MemManage_Handler
                0x08000a0c                SVC_Handler
                0x08000a0c                CRS_IRQHandler
                0x08000a0c                EXTI4_IRQHandler
                0x08000a0c                HRTIM1_TIMB_IRQHandler
                0x08000a0c                FDCAN2_IT1_IRQHandler
                0x08000a0c                ETH_IRQHandler
                0x08000a0c                TIM1_UP_IRQHandler
                0x08000a0c                BDMA_Channel4_IRQHandler
                0x08000a0c                WWDG_IRQHandler
                0x08000a0c                SPI6_IRQHandler
                0x08000a0c                I2C4_EV_IRQHandler
                0x08000a0c                MDIOS_IRQHandler
                0x08000a0c                FDCAN2_IT0_IRQHandler
                0x08000a0c                FDCAN1_IT0_IRQHandler
                0x08000a0c                OTG_FS_WKUP_IRQHandler
                0x08000a0c                DMA2D_IRQHandler
                0x08000a0c                TIM1_BRK_IRQHandler
                0x08000a0c                EXTI1_IRQHandler
                0x08000a0c                SDMMC2_IRQHandler
                0x08000a0c                OTG_FS_EP1_OUT_IRQHandler
                0x08000a0c                BDMA_Channel3_IRQHandler
                0x08000a0c                MDIOS_WKUP_IRQHandler
                0x08000a0c                DFSDM1_FLT0_IRQHandler
                0x08000a0c                SAI4_IRQHandler
                0x08000a0c                I2C2_ER_IRQHandler
                0x08000a0c                DMA2_Stream1_IRQHandler
                0x08000a0c                FLASH_IRQHandler
                0x08000a0c                BusFault_Handler
                0x08000a0c                OTG_FS_IRQHandler
                0x08000a0c                WAKEUP_PIN_IRQHandler
                0x08000a0c                OTG_FS_EP1_IN_IRQHandler
                0x08000a0c                I2C1_ER_IRQHandler
                0x08000a0c                FMC_IRQHandler
                0x08000a0c                FDCAN_CAL_IRQHandler
                0x08000a0c                SWPMI1_IRQHandler
                0x08000a0c                COMP1_IRQHandler
                0x08000a0c                LPTIM1_IRQHandler
                0x08000a0c                I2C4_ER_IRQHandler
                0x08000a0c                DMA2_Stream6_IRQHandler
                0x08000a0c                SAI1_IRQHandler
 .text.Reset_Handler
                0x08000a10       0x44 build_production_permanent/startup_stm32h750xx.o
                0x08000a10                Reset_Handler
 .text._ZN5daisy9DaisySeedD2Ev
                0x08000a54        0x4 build_production_permanent/main.o
                0x08000a54                daisy::DaisySeed::~DaisySeed()
                0x08000a54                daisy::DaisySeed::~DaisySeed()
 .text._ZN12_GLOBAL__N_113AudioCallbackEPKPKfPPfj
                0x08000a58       0x14 build_production_permanent/main.o
 .text.startup.main
                0x08000a6c      0x1f8 build_production_permanent/main.o
                0x08000a6c                main
 .text.startup._GLOBAL__sub_I_main
                0x08000c64       0x84 build_production_permanent/main.o
 .text._ZN3app11AudioEngineD2Ev
                0x08000ce8       0x34 build_production_permanent/main.o
                0x08000ce8                app::AudioEngine::~AudioEngine()
                0x08000ce8                app::AudioEngine::~AudioEngine()
 .text._ZN3app18AnalogRotaryLadder4InitEPKtitt.part.0
                0x08000d1c       0x54 build_production_permanent/controls.o
 .text._ZNK3app18AnalogRotaryLadder20DecodeWithHysteresisEt
                0x08000d70       0xbc build_production_permanent/controls.o
                0x08000d70                app::AnalogRotaryLadder::DecodeWithHysteresis(unsigned short) const
 .text._ZN3app8ControlsC2Ev
                0x08000e2c       0x68 build_production_permanent/controls.o
                0x08000e2c                app::Controls::Controls()
                0x08000e2c                app::Controls::Controls()
 .text._ZN3app8Controls7PublishEv
                0x08000e94       0x60 build_production_permanent/controls.o
                0x08000e94                app::Controls::Publish()
 .text._ZN3app8Controls4InitERN5daisy9DaisySeedERNS_14ControlMailboxE
                0x08000ef4      0x2d0 build_production_permanent/controls.o
                0x08000ef4                app::Controls::Init(daisy::DaisySeed&, app::ControlMailbox&)
 .text._ZN3app8Controls7ProcessERN5daisy9DaisySeedEm
                0x080011c4      0x258 build_production_permanent/controls.o
                0x080011c4                app::Controls::Process(daisy::DaisySeed&, unsigned long)
 .text._ZN3app8Controls22RequestThermalShutdownEv
                0x0800141c       0x14 build_production_permanent/controls.o
                0x0800141c                app::Controls::RequestThermalShutdown()
 .text._ZN3app11AudioEngine16StringContainsCiEPKcS2_.part.0
                0x08001430       0x58 build_production_permanent/audio_engine.o
 .text._ZN3app11AudioEngine15ApplyParametersEhPKt.part.0
                0x08001488       0xb4 build_production_permanent/audio_engine.o
 .text._ZN3app11AudioEngine19FindParamByKeywordsEPN10bkshepherd16BaseEffectModuleEPKcS5_S5_.part.0
                0x0800153c       0x90 build_production_permanent/audio_engine.o
 .text._ZN3app11AudioEngineC2Ev
                0x080015cc       0xdc build_production_permanent/audio_engine.o
                0x080015cc                app::AudioEngine::AudioEngine()
                0x080015cc                app::AudioEngine::AudioEngine()
 .text._ZN3app11AudioEngine14BuildParamMapsEv
                0x080016a8      0x2ec build_production_permanent/audio_engine.o
                0x080016a8                app::AudioEngine::BuildParamMaps()
 .text._ZN3app11AudioEngine22ApplySnapshotIfChangedEv
                0x08001994      0x1a0 build_production_permanent/audio_engine.o
                0x08001994                app::AudioEngine::ApplySnapshotIfChanged()
 .text._ZN3app11AudioEngine14StepTransitionEv
                0x08001b34       0x78 build_production_permanent/audio_engine.o
                0x08001b34                app::AudioEngine::StepTransition()
 .text._ZN3app11AudioEngine7ProcessEPKPKfPPfj
                0x08001bac      0x1fc build_production_permanent/audio_engine.o
                0x08001bac                app::AudioEngine::Process(float const* const*, float**, unsigned int)
 .text._ZN3app11AudioEngine4InitEfRNS_14ControlMailboxERNS_12TunerCaptureE
                0x08001da8       0xd8 build_production_permanent/audio_engine.o
                0x08001da8                app::AudioEngine::Init(float, app::ControlMailbox&, app::TunerCapture&)
 .text._ZN3app13TunerAnalyzer9DetectYinEPKfifRfS3_m.part.0
                0x08001e80      0x368 build_production_permanent/tuner.o
 .text._ZN3app12TunerCaptureC2Ev
                0x080021e8        0x8 build_production_permanent/tuner.o
                0x080021e8                app::TunerCapture::TunerCapture()
                0x080021e8                app::TunerCapture::TunerCapture()
 .text._ZN3app12TunerCapture4InitEv
                0x080021f0       0x20 build_production_permanent/tuner.o
                0x080021f0                app::TunerCapture::Init()
 .text._ZN3app12TunerCapture10WriteBlockEPKfj
                0x08002210       0x34 build_production_permanent/tuner.o
                0x08002210                app::TunerCapture::WriteBlock(float const*, unsigned int)
 .text._ZNK3app12TunerCapture18CopyAnalysisWindowEPfi
                0x08002244       0x68 build_production_permanent/tuner.o
                0x08002244                app::TunerCapture::CopyAnalysisWindow(float*, int) const
 .text._ZN3app13TunerAnalyzerC2Ev
                0x080022ac       0x2c build_production_permanent/tuner.o
                0x080022ac                app::TunerAnalyzer::TunerAnalyzer()
                0x080022ac                app::TunerAnalyzer::TunerAnalyzer()
 .text._ZN3app13TunerAnalyzer5ResetEm
                0x080022d8       0x2c build_production_permanent/tuner.o
                0x080022d8                app::TunerAnalyzer::Reset(unsigned long)
 .text._ZN3app13TunerAnalyzer15FrequencyToNoteEfPcjRf
                0x08002304       0xd0 build_production_permanent/tuner.o
                0x08002304                app::TunerAnalyzer::FrequencyToNote(float, char*, unsigned int, float&)
 .text._ZN3app13TunerAnalyzer7Median5EPKf
                0x080023d4       0xec build_production_permanent/tuner.o
                0x080023d4                app::TunerAnalyzer::Median5(float const*)
 .text._ZN3app13TunerAnalyzer7AnalyzeEPKfifffm
                0x080024c0      0x284 build_production_permanent/tuner.o
                0x080024c0                app::TunerAnalyzer::Analyze(float const*, int, float, float, float, unsigned long)
 .text._ZN3app9TelemetryC2Ev
                0x08002744        0x8 build_production_permanent/telemetry.o
                0x08002744                app::Telemetry::Telemetry()
                0x08002744                app::Telemetry::Telemetry()
 .text._ZN3app9Telemetry4InitEv
                0x0800274c       0x38 build_production_permanent/telemetry.o
                0x0800274c                app::Telemetry::Init()
 .text._ZN3app9Telemetry10SendEffectEi
                0x08002784       0x34 build_production_permanent/telemetry.o
                0x08002784                app::Telemetry::SendEffect(int)
 .text._ZN3app9Telemetry8SendPotsEPKf
                0x080027b8      0x184 build_production_permanent/telemetry.o
                0x080027b8                app::Telemetry::SendPots(float const*)
 .text._ZN3app9Telemetry14SendFootswitchEbPKci
                0x0800293c       0x3c build_production_permanent/telemetry.o
                0x0800293c                app::Telemetry::SendFootswitch(bool, char const*, int)
 .text._ZN3app9Telemetry9SendTunerERKNS_11TunerResultE
                0x08002978       0xcc build_production_permanent/telemetry.o
                0x08002978                app::Telemetry::SendTuner(app::TunerResult const&)
 .text._ZN3app9Telemetry17SendTunerDisabledEv
                0x08002a44       0x34 build_production_permanent/telemetry.o
                0x08002a44                app::Telemetry::SendTunerDisabled()
 .text._ZN3app9Telemetry16SendThermalFaultEf
                0x08002a78       0x60 build_production_permanent/telemetry.o
                0x08002a78                app::Telemetry::SendThermalFault(float)
 .text._ZN3app9Telemetry26SendTemperatureSensorFaultEi
                0x08002ad8       0x34 build_production_permanent/telemetry.o
                0x08002ad8                app::Telemetry::SendTemperatureSensorFault(int)
 .text._ZN3app25InternalTemperatureSensor4InitEv.part.0
                0x08002b0c       0xf8 build_production_permanent/thermal_monitor.o
 .text._ZN3app25InternalTemperatureSensor19ReadChannelAveragedEmRt.part.0
                0x08002c04       0x74 build_production_permanent/thermal_monitor.o
 .text._ZN3app25InternalTemperatureSensor19ConvertTemperatureCEmmmmmllRf
                0x08002c78       0xfc build_production_permanent/thermal_monitor.o
                0x08002c78                app::InternalTemperatureSensor::ConvertTemperatureC(unsigned long, unsigned long, unsigned long, unsigned long, unsigned long, long, long, float&)
 .text._ZN3app25InternalTemperatureSensor4ReadEv
                0x08002d74       0x84 build_production_permanent/thermal_monitor.o
                0x08002d74                app::InternalTemperatureSensor::Read()
 .text._ZN3app13ThermalPolicy7ProcessERKNS_13ThermalSampleE
                0x08002df8      0x160 build_production_permanent/thermal_monitor.o
                0x08002df8                app::ThermalPolicy::Process(app::ThermalSample const&)
 .text._ZN3app13ThermalPolicy21TakeFaultNotificationEv
                0x08002f58       0x10 build_production_permanent/thermal_monitor.o
                0x08002f58                app::ThermalPolicy::TakeFaultNotification()
 .text._ZN3app14ThermalMonitorC2Ev
                0x08002f68       0x60 build_production_permanent/thermal_monitor.o
                0x08002f68                app::ThermalMonitor::ThermalMonitor()
                0x08002f68                app::ThermalMonitor::ThermalMonitor()
 .text._ZN3app14ThermalMonitor7ServiceEm
                0x08002fc8       0x60 build_production_permanent/thermal_monitor.o
                0x08002fc8                app::ThermalMonitor::Service(unsigned long)
 .text._ZN3app14ThermalMonitor4InitEmb
                0x08003028       0x98 build_production_permanent/thermal_monitor.o
                0x08003028                app::ThermalMonitor::Init(unsigned long, bool)
 .text._ZNK3app14ThermalMonitor10FaultLedOnEm
                0x080030c0       0x44 build_production_permanent/thermal_monitor.o
                0x080030c0                app::ThermalMonitor::FaultLedOn(unsigned long) const
 .text._ZN10bkshepherd16BaseEffectModule4InitEf
                0x08003104        0x8 build_production_permanent/base_effect_module.o
                0x08003104                bkshepherd::BaseEffectModule::Init(float)
 .text._ZN10bkshepherd16BaseEffectModule11ProcessMonoEf
                0x0800310c        0xc build_production_permanent/base_effect_module.o
                0x0800310c                bkshepherd::BaseEffectModule::ProcessMono(float)
 .text._ZN10bkshepherd16BaseEffectModule13ProcessStereoEff
                0x08003118        0xc build_production_permanent/base_effect_module.o
                0x08003118                bkshepherd::BaseEffectModule::ProcessStereo(float, float)
 .text._ZN10bkshepherd16BaseEffectModule19GetBrightnessForLEDEi
                0x08003124       0x18 build_production_permanent/base_effect_module.o
                0x08003124                bkshepherd::BaseEffectModule::GetBrightnessForLED(int)
 .text._ZN10bkshepherd16BaseEffectModule10SetEnabledEb
                0x0800313c        0x4 build_production_permanent/base_effect_module.o
                0x0800313c                bkshepherd::BaseEffectModule::SetEnabled(bool)
 .text._ZN10bkshepherd16BaseEffectModule8SetTempoEm
                0x08003140        0x4 build_production_permanent/base_effect_module.o
                0x08003140                bkshepherd::BaseEffectModule::SetTempo(unsigned long)
 .text._ZN10bkshepherd16BaseEffectModule16ParameterChangedEi
                0x08003144        0x4 build_production_permanent/base_effect_module.o
                0x08003144                bkshepherd::BaseEffectModule::ParameterChanged(int)
 .text._ZN10bkshepherd16BaseEffectModule8UpdateUIEf
                0x08003148        0x4 build_production_permanent/base_effect_module.o
                0x08003148                bkshepherd::BaseEffectModule::UpdateUI(float)
 .text._ZN10bkshepherd16BaseEffectModuleD2Ev
                0x0800314c       0x18 build_production_permanent/base_effect_module.o
                0x0800314c                bkshepherd::BaseEffectModule::~BaseEffectModule()
                0x0800314c                bkshepherd::BaseEffectModule::~BaseEffectModule()
 .text._ZN10bkshepherd16BaseEffectModuleD0Ev
                0x08003164       0x20 build_production_permanent/base_effect_module.o
                0x08003164                bkshepherd::BaseEffectModule::~BaseEffectModule()
 .text._ZN10bkshepherd16BaseEffectModule10InitParamsEi
                0x08003184       0x54 build_production_permanent/base_effect_module.o
                0x08003184                bkshepherd::BaseEffectModule::InitParams(int)
 .text._ZN10bkshepherd16BaseEffectModule6DrawUIERN5daisy21OneBitGraphicsDisplayEiiNS1_9RectangleEb
                0x080031d8      0x21c build_production_permanent/base_effect_module.o
                0x080031d8                bkshepherd::BaseEffectModule::DrawUI(daisy::OneBitGraphicsDisplay&, int, int, daisy::Rectangle, bool)
 .text._ZN10bkshepherd16BaseEffectModuleC2Ev
                0x080033f4       0x28 build_production_permanent/base_effect_module.o
                0x080033f4                bkshepherd::BaseEffectModule::BaseEffectModule()
                0x080033f4                bkshepherd::BaseEffectModule::BaseEffectModule()
 .text._ZN10bkshepherd16BaseEffectModule17GetParameterCountEv
                0x0800341c        0x4 build_production_permanent/base_effect_module.o
                0x0800341c                bkshepherd::BaseEffectModule::GetParameterCount()
 .text._ZN10bkshepherd16BaseEffectModule16GetParameterNameEi
                0x08003420       0x24 build_production_permanent/base_effect_module.o
                0x08003420                bkshepherd::BaseEffectModule::GetParameterName(int)
 .text._ZN10bkshepherd16BaseEffectModule23GetParameterAsMagnitudeEi
                0x08003444       0x30 build_production_permanent/base_effect_module.o
                0x08003444                bkshepherd::BaseEffectModule::GetParameterAsMagnitude(int)
 .text._ZN10bkshepherd16BaseEffectModule25GetParameterAsBinnedValueEi
                0x08003474       0x7c build_production_permanent/base_effect_module.o
                0x08003474                bkshepherd::BaseEffectModule::GetParameterAsBinnedValue(int)
 .text._ZN10bkshepherd16BaseEffectModule27GetMappedParameterIDForKnobEi
                0x080034f0       0x34 build_production_permanent/base_effect_module.o
                0x080034f0                bkshepherd::BaseEffectModule::GetMappedParameterIDForKnob(int)
 .text._ZN10bkshepherd16BaseEffectModule15SetParameterRawEih
                0x08003524       0x34 build_production_permanent/base_effect_module.o
                0x08003524                bkshepherd::BaseEffectModule::SetParameterRaw(int, unsigned char)
 .text._ZN10bkshepherd16BaseEffectModule23SetParameterAsMagnitudeEif
                0x08003558       0x7c build_production_permanent/base_effect_module.o
                0x08003558                bkshepherd::BaseEffectModule::SetParameterAsMagnitude(int, float)
 .text._ZN10bkshepherd16BaseEffectModule12GetAudioLeftEv
                0x080035d4        0x8 build_production_permanent/base_effect_module.o
                0x080035d4                bkshepherd::BaseEffectModule::GetAudioLeft()
 .text._ZN10bkshepherd16BaseEffectModule13GetAudioRightEv
                0x080035dc        0x8 build_production_permanent/base_effect_module.o
                0x080035dc                bkshepherd::BaseEffectModule::GetAudioRight()
 .text._ZN10bkshepherd12ChorusModuleD2Ev
                0x080035e4       0x14 build_production_permanent/chorus_module.o
                0x080035e4                bkshepherd::ChorusModule::~ChorusModule()
                0x080035e4                bkshepherd::ChorusModule::~ChorusModule()
 .text._ZN10bkshepherd12ChorusModuleD0Ev
                0x080035f8       0x20 build_production_permanent/chorus_module.o
                0x080035f8                bkshepherd::ChorusModule::~ChorusModule()
 .text._ZN10bkshepherd12ChorusModule16ParameterChangedEi
                0x08003618       0xac build_production_permanent/chorus_module.o
                0x08003618                bkshepherd::ChorusModule::ParameterChanged(int)
 .text._ZN10bkshepherd12ChorusModuleC2Ev
                0x080036c4       0x68 build_production_permanent/chorus_module.o
                0x080036c4                bkshepherd::ChorusModule::ChorusModule()
                0x080036c4                bkshepherd::ChorusModule::ChorusModule()
 .text._ZN10bkshepherd12ChorusModule4InitEf
                0x0800372c       0x34 build_production_permanent/chorus_module.o
                0x0800372c                bkshepherd::ChorusModule::Init(float)
 .text._ZN10bkshepherd12ChorusModule11ProcessMonoEf
                0x08003760       0x6c build_production_permanent/chorus_module.o
                0x08003760                bkshepherd::ChorusModule::ProcessMono(float)
 .text._ZN10bkshepherd12ChorusModule13ProcessStereoEff
                0x080037cc       0x4c build_production_permanent/chorus_module.o
                0x080037cc                bkshepherd::ChorusModule::ProcessStereo(float, float)
 .text._ZN10bkshepherd12ChorusModule19GetBrightnessForLEDEi
                0x08003818       0x20 build_production_permanent/chorus_module.o
                0x08003818                bkshepherd::ChorusModule::GetBrightnessForLED(int)
 .text._ZN10bkshepherd12ReverbModuleD2Ev
                0x08003838       0x14 build_production_permanent/reverb_module.o
                0x08003838                bkshepherd::ReverbModule::~ReverbModule()
                0x08003838                bkshepherd::ReverbModule::~ReverbModule()
 .text._ZN10bkshepherd12ReverbModuleD0Ev
                0x0800384c       0x20 build_production_permanent/reverb_module.o
                0x0800384c                bkshepherd::ReverbModule::~ReverbModule()
 .text._ZN10bkshepherd12ReverbModule16ParameterChangedEi
                0x0800386c       0x88 build_production_permanent/reverb_module.o
                0x0800386c                bkshepherd::ReverbModule::ParameterChanged(int)
 .text._ZN10bkshepherd12ReverbModuleC2Ev
                0x080038f4       0x74 build_production_permanent/reverb_module.o
                0x080038f4                bkshepherd::ReverbModule::ReverbModule()
                0x080038f4                bkshepherd::ReverbModule::ReverbModule()
 .text._ZN10bkshepherd12ReverbModule4InitEf
                0x08003968       0x34 build_production_permanent/reverb_module.o
                0x08003968                bkshepherd::ReverbModule::Init(float)
 .text._ZN10bkshepherd12ReverbModule11ProcessMonoEf
                0x0800399c       0x64 build_production_permanent/reverb_module.o
                0x0800399c                bkshepherd::ReverbModule::ProcessMono(float)
 .text._ZN10bkshepherd12ReverbModule13ProcessStereoEff
                0x08003a00       0x6c build_production_permanent/reverb_module.o
                0x08003a00                bkshepherd::ReverbModule::ProcessStereo(float, float)
 .text._ZN10bkshepherd12ReverbModule19GetBrightnessForLEDEi
                0x08003a6c        0x4 build_production_permanent/reverb_module.o
                0x08003a6c                bkshepherd::ReverbModule::GetBrightnessForLED(int)
 .text._ZN10bkshepherd13CrusherModuleD2Ev
                0x08003a70       0x14 build_production_permanent/crusher_module.o
                0x08003a70                bkshepherd::CrusherModule::~CrusherModule()
                0x08003a70                bkshepherd::CrusherModule::~CrusherModule()
 .text._ZN10bkshepherd13CrusherModuleD0Ev
                0x08003a84       0x1c build_production_permanent/crusher_module.o
                0x08003a84                bkshepherd::CrusherModule::~CrusherModule()
 .text._ZN10bkshepherd13CrusherModule16ParameterChangedEi
                0x08003aa0       0xa8 build_production_permanent/crusher_module.o
                0x08003aa0                bkshepherd::CrusherModule::ParameterChanged(int)
 .text._ZN10bkshepherd13CrusherModuleC2Ev
                0x08003b48       0x5c build_production_permanent/crusher_module.o
                0x08003b48                bkshepherd::CrusherModule::CrusherModule()
                0x08003b48                bkshepherd::CrusherModule::CrusherModule()
 .text._ZN10bkshepherd13CrusherModule4InitEf
                0x08003ba4       0x3c build_production_permanent/crusher_module.o
                0x08003ba4                bkshepherd::CrusherModule::Init(float)
 .text._ZN10bkshepherd13CrusherModule11ProcessMonoEf
                0x08003be0       0x38 build_production_permanent/crusher_module.o
                0x08003be0                bkshepherd::CrusherModule::ProcessMono(float)
 .text._ZN10bkshepherd13CrusherModule13ProcessStereoEff
                0x08003c18       0x4c build_production_permanent/crusher_module.o
                0x08003c18                bkshepherd::CrusherModule::ProcessStereo(float, float)
 .text._ZN10bkshepherd19GranularDelayModule13ProcessStereoEff
                0x08003c64        0x8 build_production_permanent/granulardelay_module.o
                0x08003c64                bkshepherd::GranularDelayModule::ProcessStereo(float, float)
 .text._ZN10bkshepherd19GranularDelayModuleD2Ev
                0x08003c6c       0x14 build_production_permanent/granulardelay_module.o
                0x08003c6c                bkshepherd::GranularDelayModule::~GranularDelayModule()
                0x08003c6c                bkshepherd::GranularDelayModule::~GranularDelayModule()
 .text._ZN10bkshepherd19GranularDelayModuleD0Ev
                0x08003c80       0x20 build_production_permanent/granulardelay_module.o
                0x08003c80                bkshepherd::GranularDelayModule::~GranularDelayModule()
 .text._ZN10bkshepherd19GranularDelayModule16ParameterChangedEi
                0x08003ca0      0x188 build_production_permanent/granulardelay_module.o
                0x08003ca0                bkshepherd::GranularDelayModule::ParameterChanged(int)
 .text._ZN7daisysp6Looper7ProcessEf
                0x08003e28      0x294 build_production_permanent/granulardelay_module.o
                0x08003e28                daisysp::Looper::Process(float)
 .text._ZN10bkshepherd19GranularDelayModuleC2Ev
                0x080040bc       0xa4 build_production_permanent/granulardelay_module.o
                0x080040bc                bkshepherd::GranularDelayModule::GranularDelayModule()
                0x080040bc                bkshepherd::GranularDelayModule::GranularDelayModule()
 .text._ZN10bkshepherd19GranularDelayModule4InitEf
                0x08004160       0xa0 build_production_permanent/granulardelay_module.o
                0x08004160                bkshepherd::GranularDelayModule::Init(float)
 .text._ZN10bkshepherd19GranularDelayModule11ProcessMonoEf
                0x08004200      0x190 build_production_permanent/granulardelay_module.o
                0x08004200                bkshepherd::GranularDelayModule::ProcessMono(float)
 .text._ZN10bkshepherd19GranularDelayModule19GetBrightnessForLEDEi
                0x08004390       0x2c build_production_permanent/granulardelay_module.o
                0x08004390                bkshepherd::GranularDelayModule::GetBrightnessForLED(int)
 *fill*         0x080043bc        0x4 
 .text._ZN17GranularPlayerMod4InitEPfifff
                0x080043c0      0x1b4 build_production_permanent/granularplayermod.o
                0x080043c0                GranularPlayerMod::Init(float*, int, float, float, float)
 .text._ZN17GranularPlayerMod15setEnvelopeModeEi
                0x08004574        0xc build_production_permanent/granularplayermod.o
                0x08004574                GranularPlayerMod::setEnvelopeMode(int)
 .text._ZN17GranularPlayerMod15setStereoSpreadEf
                0x08004580        0xc build_production_permanent/granularplayermod.o
                0x08004580                GranularPlayerMod::setStereoSpread(float)
 .text._ZN17GranularPlayerMod10getLeftOutEv
                0x0800458c        0xc build_production_permanent/granularplayermod.o
                0x0800458c                GranularPlayerMod::getLeftOut()
 .text._ZN17GranularPlayerMod11getRightOutEv
                0x08004598        0xc build_production_permanent/granularplayermod.o
                0x08004598                GranularPlayerMod::getRightOut()
 *fill*         0x080045a4        0x4 
 .text._ZN17GranularPlayerMod7ProcessEffff
                0x080045a8      0x578 build_production_permanent/granularplayermod.o
                0x080045a8                GranularPlayerMod::Process(float, float, float, float)
 .text._ZN7daisysp8ReverbSc17NextRandomLinesegEPNS_10ReverbScDlEi
                0x08004b20      0x108 build_production_permanent/reverbsc.o
                0x08004b20                daisysp::ReverbSc::NextRandomLineseg(daisysp::ReverbScDl*, int)
 .text._ZN7daisysp8ReverbSc13InitDelayLineEPNS_10ReverbScDlEi
                0x08004c28       0xe4 build_production_permanent/reverbsc.o
                0x08004c28                daisysp::ReverbSc::InitDelayLine(daisysp::ReverbScDl*, int)
 *fill*         0x08004d0c        0x4 
 .text._ZN7daisysp8ReverbSc4InitEf
                0x08004d10       0xd8 build_production_permanent/reverbsc.o
                0x08004d10                daisysp::ReverbSc::Init(float)
 .text._ZN7daisysp8ReverbSc7ProcessERKfS2_PfS3_
                0x08004de8      0x2ac build_production_permanent/reverbsc.o
                0x08004de8                daisysp::ReverbSc::Process(float const&, float const&, float*, float*)
 .text._ZN7daisysp4Tone4InitEf
                0x08005094       0x1c build_production_permanent/tone.o
                0x08005094                daisysp::Tone::Init(float)
 .text._ZN7daisysp4Tone21CalculateCoefficientsEv
                0x080050b0       0x68 build_production_permanent/tone.o
                0x080050b0                daisysp::Tone::CalculateCoefficients()
 .text.HAL_MspInit
                0x08005118        0x4 ../../libDaisy/build\libdaisy.a(stm32h7xx_hal.o)
                0x08005118                HAL_MspInit
 .text.HAL_InitTick
                0x0800511c       0x4c ../../libDaisy/build\libdaisy.a(stm32h7xx_hal.o)
                0x0800511c                HAL_InitTick
 .text.HAL_Init
                0x08005168       0x60 ../../libDaisy/build\libdaisy.a(stm32h7xx_hal.o)
                0x08005168                HAL_Init
 .text.HAL_IncTick
                0x080051c8       0x18 ../../libDaisy/build\libdaisy.a(stm32h7xx_hal.o)
                0x080051c8                HAL_IncTick
 .text.HAL_GetTick
                0x080051e0        0xc ../../libDaisy/build\libdaisy.a(stm32h7xx_hal.o)
                0x080051e0                HAL_GetTick
 .text.HAL_Delay
                0x080051ec       0x24 ../../libDaisy/build\libdaisy.a(stm32h7xx_hal.o)
                0x080051ec                HAL_Delay
 .text.HAL_GetREVID
                0x08005210        0xc ../../libDaisy/build\libdaisy.a(stm32h7xx_hal.o)
                0x08005210                HAL_GetREVID
 .text.HAL_ADC_PollForConversion
                0x0800521c      0x110 ../../libDaisy/build\libdaisy.a(stm32h7xx_hal_adc.o)
                0x0800521c                HAL_ADC_PollForConversion
 .text.HAL_ADC_GetValue
                0x0800532c        0x8 ../../libDaisy/build\libdaisy.a(stm32h7xx_hal_adc.o)
                0x0800532c                HAL_ADC_GetValue
 .text.HAL_ADC_ConvHalfCpltCallback
                0x08005334        0x4 ../../libDaisy/build\libdaisy.a(stm32h7xx_hal_adc.o)
                0x08005334                HAL_ADC_ConvHalfCpltCallback
 .text.ADC_DMAHalfConvCplt
                0x08005338        0xc ../../libDaisy/build\libdaisy.a(stm32h7xx_hal_adc.o)
                0x08005338                ADC_DMAHalfConvCplt
 .text.ADC_DMAConvCplt
                0x08005344       0x6c ../../libDaisy/build\libdaisy.a(stm32h7xx_hal_adc.o)
                0x08005344                ADC_DMAConvCplt
 .text.ADC_DMAError
                0x080053b0       0x1c ../../libDaisy/build\libdaisy.a(stm32h7xx_hal_adc.o)
                0x080053b0                ADC_DMAError
 .text.HAL_ADC_ConfigChannel
                0x080053cc      0x3fc ../../libDaisy/build\libdaisy.a(stm32h7xx_hal_adc.o)
                0x080053cc                HAL_ADC_ConfigChannel
 .text.ADC_ConversionStop
                0x080057c8       0xf4 ../../libDaisy/build\libdaisy.a(stm32h7xx_hal_adc.o)
                0x080057c8                ADC_ConversionStop
 .text.ADC_Enable
                0x080058bc       0xac ../../libDaisy/build\libdaisy.a(stm32h7xx_hal_adc.o)
                0x080058bc                ADC_Enable
 .text.HAL_ADC_Start
                0x08005968      0x100 ../../libDaisy/build\libdaisy.a(stm32h7xx_hal_adc.o)
                0x08005968                HAL_ADC_Start
 .text.HAL_ADC_Start_DMA
                0x08005a68      0x114 ../../libDaisy/build\libdaisy.a(stm32h7xx_hal_adc.o)
                0x08005a68                HAL_ADC_Start_DMA
 .text.ADC_Disable
                0x08005b7c       0x68 ../../libDaisy/build\libdaisy.a(stm32h7xx_hal_adc.o)
                0x08005b7c                ADC_Disable
 .text.HAL_ADC_Stop
                0x08005be4       0x48 ../../libDaisy/build\libdaisy.a(stm32h7xx_hal_adc.o)
                0x08005be4                HAL_ADC_Stop
 .text.ADC_ConfigureBoostMode
                0x08005c2c      0x184 ../../libDaisy/build\libdaisy.a(stm32h7xx_hal_adc.o)
                0x08005c2c                ADC_ConfigureBoostMode
 .text.HAL_ADC_Init
                0x08005db0      0x218 ../../libDaisy/build\libdaisy.a(stm32h7xx_hal_adc.o)
                0x08005db0                HAL_ADC_Init
 .text.HAL_ADCEx_Calibration_Start
                0x08005fc8       0xa4 ../../libDaisy/build\libdaisy.a(stm32h7xx_hal_adc_ex.o)
                0x08005fc8                HAL_ADCEx_Calibration_Start
 .text.HAL_ADCEx_MultiModeConfigChannel
                0x0800606c       0xc4 ../../libDaisy/build\libdaisy.a(stm32h7xx_hal_adc_ex.o)
                0x0800606c                HAL_ADCEx_MultiModeConfigChannel
 .text.HAL_NVIC_SetPriorityGrouping
                0x08006130       0x24 ../../libDaisy/build\libdaisy.a(stm32h7xx_hal_cortex.o)
                0x08006130                HAL_NVIC_SetPriorityGrouping
 .text.HAL_NVIC_SetPriority
                0x08006154       0x7c ../../libDaisy/build\libdaisy.a(stm32h7xx_hal_cortex.o)
                0x08006154                HAL_NVIC_SetPriority
 .text.HAL_NVIC_EnableIRQ
                0x080061d0       0x1c ../../libDaisy/build\libdaisy.a(stm32h7xx_hal_cortex.o)
                0x080061d0                HAL_NVIC_EnableIRQ
 .text.HAL_NVIC_DisableIRQ
                0x080061ec       0x28 ../../libDaisy/build\libdaisy.a(stm32h7xx_hal_cortex.o)
                0x080061ec                HAL_NVIC_DisableIRQ
 .text.HAL_SYSTICK_Config
                0x08006214       0x2c ../../libDaisy/build\libdaisy.a(stm32h7xx_hal_cortex.o)
                0x08006214                HAL_SYSTICK_Config
 .text.HAL_MPU_Disable
                0x08006240       0x1c ../../libDaisy/build\libdaisy.a(stm32h7xx_hal_cortex.o)
                0x08006240                HAL_MPU_Disable
 .text.HAL_MPU_Enable
                0x0800625c       0x20 ../../libDaisy/build\libdaisy.a(stm32h7xx_hal_cortex.o)
                0x0800625c                HAL_MPU_Enable
 .text.HAL_MPU_ConfigRegion
                0x0800627c       0x64 ../../libDaisy/build\libdaisy.a(stm32h7xx_hal_cortex.o)
                0x0800627c                HAL_MPU_ConfigRegion
 .text.HAL_SYSTICK_Callback
                0x080062e0        0x4 ../../libDaisy/build\libdaisy.a(stm32h7xx_hal_cortex.o)
                0x080062e0                HAL_SYSTICK_Callback
 .text.HAL_SYSTICK_IRQHandler
                0x080062e4        0x8 ../../libDaisy/build\libdaisy.a(stm32h7xx_hal_cortex.o)
                0x080062e4                HAL_SYSTICK_IRQHandler
 .text.DMA_CalcBaseAndBitshift
                0x080062ec       0xf4 ../../libDaisy/build\libdaisy.a(stm32h7xx_hal_dma.o)
 .text.DMA_CalcDMAMUXChannelBaseAndMask
                0x080063e0       0xd8 ../../libDaisy/build\libdaisy.a(stm32h7xx_hal_dma.o)
 .text.HAL_DMA_Init
                0x080064b8      0x37c ../../libDaisy/build\libdaisy.a(stm32h7xx_hal_dma.o)
                0x080064b8                HAL_DMA_Init
 .text.HAL_DMA_Start_IT
                0x08006834      0x240 ../../libDaisy/build\libdaisy.a(stm32h7xx_hal_dma.o)
                0x08006834                HAL_DMA_Start_IT
 .text.HAL_DMA_Abort_IT
                0x08006a74      0x134 ../../libDaisy/build\libdaisy.a(stm32h7xx_hal_dma.o)
                0x08006a74                HAL_DMA_Abort_IT
 .text.HAL_DMA_IRQHandler
                0x08006ba8      0x6a0 ../../libDaisy/build\libdaisy.a(stm32h7xx_hal_dma.o)
                0x08006ba8                HAL_DMA_IRQHandler
 .text.HAL_DMA_GetError
                0x08007248        0x4 ../../libDaisy/build\libdaisy.a(stm32h7xx_hal_dma.o)
                0x08007248                HAL_DMA_GetError
 .text.HAL_RCC_OscConfig
                0x0800724c      0x51c ../../libDaisy/build\libdaisy.a(stm32h7xx_hal_rcc.o)
                0x0800724c                HAL_RCC_OscConfig
 .text.HAL_RCC_GetSysClockFreq
                0x08007768      0x140 ../../libDaisy/build\libdaisy.a(stm32h7xx_hal_rcc.o)
                0x08007768                HAL_RCC_GetSysClockFreq
 .text.HAL_RCC_ClockConfig
                0x080078a8      0x234 ../../libDaisy/build\libdaisy.a(stm32h7xx_hal_rcc.o)
                0x080078a8                HAL_RCC_ClockConfig
 .text.HAL_RCC_GetHCLKFreq
                0x08007adc       0x2c ../../libDaisy/build\libdaisy.a(stm32h7xx_hal_rcc.o)
                0x08007adc                HAL_RCC_GetHCLKFreq
 .text.HAL_RCC_GetPCLK1Freq
                0x08007b08       0x38 ../../libDaisy/build\libdaisy.a(stm32h7xx_hal_rcc.o)
                0x08007b08                HAL_RCC_GetPCLK1Freq
 .text.HAL_RCC_GetPCLK2Freq
                0x08007b40       0x38 ../../libDaisy/build\libdaisy.a(stm32h7xx_hal_rcc.o)
                0x08007b40                HAL_RCC_GetPCLK2Freq
 .text.RCCEx_PLL2_Config
                0x08007b78       0xf4 ../../libDaisy/build\libdaisy.a(stm32h7xx_hal_rcc_ex.o)
 .text.RCCEx_PLL3_Config
                0x08007c6c       0xf4 ../../libDaisy/build\libdaisy.a(stm32h7xx_hal_rcc_ex.o)
 .text.HAL_RCCEx_PeriphCLKConfig
                0x08007d60      0xa7c ../../libDaisy/build\libdaisy.a(stm32h7xx_hal_rcc_ex.o)
                0x08007d60                HAL_RCCEx_PeriphCLKConfig
 .text.HAL_RCCEx_GetD3PCLK1Freq
                0x080087dc       0x24 ../../libDaisy/build\libdaisy.a(stm32h7xx_hal_rcc_ex.o)
                0x080087dc                HAL_RCCEx_GetD3PCLK1Freq
 .text.HAL_RCCEx_GetPLL2ClockFreq
                0x08008800      0x17c ../../libDaisy/build\libdaisy.a(stm32h7xx_hal_rcc_ex.o)
                0x08008800                HAL_RCCEx_GetPLL2ClockFreq
 .text.HAL_RCCEx_GetPLL3ClockFreq
                0x0800897c      0x17c ../../libDaisy/build\libdaisy.a(stm32h7xx_hal_rcc_ex.o)
                0x0800897c                HAL_RCCEx_GetPLL3ClockFreq
 .text.HAL_RCCEx_GetPLL1ClockFreq
                0x08008af8      0x17c ../../libDaisy/build\libdaisy.a(stm32h7xx_hal_rcc_ex.o)
                0x08008af8                HAL_RCCEx_GetPLL1ClockFreq
 .text.HAL_RCCEx_GetPeriphCLKFreq
                0x08008c74      0x198 ../../libDaisy/build\libdaisy.a(stm32h7xx_hal_rcc_ex.o)
                0x08008c74                HAL_RCCEx_GetPeriphCLKFreq
 .text.HAL_RCCEx_GetD1SysClockFreq
                0x08008e0c       0x2c ../../libDaisy/build\libdaisy.a(stm32h7xx_hal_rcc_ex.o)
                0x08008e0c                HAL_RCCEx_GetD1SysClockFreq
 .text._ZN5daisy9DaisySeed7DelayMsEj
                0x08008e38        0x8 ../../libDaisy/build\libdaisy.a(daisy_seed.o)
                0x08008e38                daisy::DaisySeed::DelayMs(unsigned int)
 .text._ZN5daisy9DaisySeed10StartAudioEPFvPKPKfPPfjE
                0x08008e40        0x8 ../../libDaisy/build\libdaisy.a(daisy_seed.o)
                0x08008e40                daisy::DaisySeed::StartAudio(void (*)(float const* const*, float**, unsigned int))
 .text._ZN5daisy9DaisySeed18SetAudioSampleRateENS_9SaiHandle6Config10SampleRateE
                0x08008e48       0x38 ../../libDaisy/build\libdaisy.a(daisy_seed.o)
                0x08008e48                daisy::DaisySeed::SetAudioSampleRate(daisy::SaiHandle::Config::SampleRate)
 .text._ZN5daisy9DaisySeed15AudioSampleRateEv
                0x08008e80        0x8 ../../libDaisy/build\libdaisy.a(daisy_seed.o)
                0x08008e80                daisy::DaisySeed::AudioSampleRate()
 .text._ZN5daisy9DaisySeed17SetAudioBlockSizeEj
                0x08008e88       0x38 ../../libDaisy/build\libdaisy.a(daisy_seed.o)
                0x08008e88                daisy::DaisySeed::SetAudioBlockSize(unsigned int)
 .text._ZN5daisy9DaisySeed6SetLedEb
                0x08008ec0        0x8 ../../libDaisy/build\libdaisy.a(daisy_seed.o)
                0x08008ec0                daisy::DaisySeed::SetLed(bool)
 .text._ZN5daisy9DaisySeed17CheckBoardVersionEv
                0x08008ec8       0x6c ../../libDaisy/build\libdaisy.a(daisy_seed.o)
                0x08008ec8                daisy::DaisySeed::CheckBoardVersion()
 .text._ZN5daisy9DaisySeed14ConfigureAudioEv
                0x08008f34      0x10c ../../libDaisy/build\libdaisy.a(daisy_seed.o)
                0x08008f34                daisy::DaisySeed::ConfigureAudio()
 .text._ZN5daisy9DaisySeed4InitEb
                0x08009040      0x108 ../../libDaisy/build\libdaisy.a(daisy_seed.o)
                0x08009040                daisy::DaisySeed::Init(bool)
 .text._ZN5daisy6Ak45564InitE12dsy_gpio_pin
                0x08009148       0x44 ../../libDaisy/build\libdaisy.a(codec_ak4556.o)
                0x08009148                daisy::Ak4556::Init(dsy_gpio_pin)
 .text._ZN5daisy6Wm873120WriteControlRegisterEht
                0x0800918c       0x3c ../../libDaisy/build\libdaisy.a(codec_wm8731.o)
                0x0800918c                daisy::Wm8731::WriteControlRegister(unsigned char, unsigned short)
 .text._ZN5daisy6Wm87314InitERKNS0_6ConfigENS_9I2CHandleE
                0x080091c8      0x1bc ../../libDaisy/build\libdaisy.a(codec_wm8731.o)
                0x080091c8                daisy::Wm8731::Init(daisy::Wm8731::Config const&, daisy::I2CHandle)
 .text._ZN11SdramHandle10DeviceInitEv
                0x08009384       0x98 ../../libDaisy/build\libdaisy.a(sdram.o)
                0x08009384                SdramHandle::DeviceInit()
 .text._ZN11SdramHandle4InitEv
                0x0800941c       0x7c ../../libDaisy/build\libdaisy.a(sdram.o)
                0x0800941c                SdramHandle::Init()
 .text.HAL_SDRAM_MspInit
                0x08009498      0x1a8 ../../libDaisy/build\libdaisy.a(sdram.o)
                0x08009498                HAL_SDRAM_MspInit
 .text._ZN5daisy11AudioHandle4Impl16InternalCallbackEPlS2_j
                0x08009640      0xbbc ../../libDaisy/build\libdaisy.a(audio.o)
                0x08009640                daisy::AudioHandle::Impl::InternalCallback(long*, long*, unsigned int)
 .text._ZN5daisy11AudioHandle4InitERKNS0_6ConfigENS_9SaiHandleE
                0x0800a1fc       0x70 ../../libDaisy/build\libdaisy.a(audio.o)
                0x0800a1fc                daisy::AudioHandle::Init(daisy::AudioHandle::Config const&, daisy::SaiHandle)
 .text._ZNK5daisy11AudioHandle9GetConfigEv
                0x0800a26c        0x8 ../../libDaisy/build\libdaisy.a(audio.o)
                0x0800a26c                daisy::AudioHandle::GetConfig() const
 .text._ZN5daisy11AudioHandle12SetBlockSizeEj
                0x0800a274       0x1c ../../libDaisy/build\libdaisy.a(audio.o)
                0x0800a274                daisy::AudioHandle::SetBlockSize(unsigned int)
 .text._ZN5daisy11AudioHandle13GetSampleRateEv
                0x0800a290        0x8 ../../libDaisy/build\libdaisy.a(audio.o)
                0x0800a290                daisy::AudioHandle::GetSampleRate()
 .text._ZN5daisy11AudioHandle13SetSampleRateENS_9SaiHandle6Config10SampleRateE
                0x0800a298       0x88 ../../libDaisy/build\libdaisy.a(audio.o)
                0x0800a298                daisy::AudioHandle::SetSampleRate(daisy::SaiHandle::Config::SampleRate)
 .text._ZN5daisy11AudioHandle5StartEPFvPKPKfPPfjE
                0x0800a320       0x44 ../../libDaisy/build\libdaisy.a(audio.o)
                0x0800a320                daisy::AudioHandle::Start(void (*)(float const* const*, float**, unsigned int))
 .text.startup._GLOBAL__sub_I__ZN5daisy11AudioHandle4Impl4InitENS0_6ConfigENS_9SaiHandleE
                0x0800a364       0x24 ../../libDaisy/build\libdaisy.a(audio.o)
 .text._ZN5daisy16AdcChannelConfig10InitSingleE12dsy_gpio_pinNS0_15ConversionSpeedE
                0x0800a388       0x28 ../../libDaisy/build\libdaisy.a(adc.o)
                0x0800a388                daisy::AdcChannelConfig::InitSingle(dsy_gpio_pin, daisy::AdcChannelConfig::ConversionSpeed)
 .text._ZN5daisy9AdcHandle4InitEPNS_16AdcChannelConfigEjNS0_12OverSamplingE
                0x0800a3b0      0x41c ../../libDaisy/build\libdaisy.a(adc.o)
                0x0800a3b0                daisy::AdcHandle::Init(daisy::AdcChannelConfig*, unsigned int, daisy::AdcHandle::OverSampling)
 .text._ZN5daisy9AdcHandle5StartEv
                0x0800a7cc       0x2c ../../libDaisy/build\libdaisy.a(adc.o)
                0x0800a7cc                daisy::AdcHandle::Start()
 .text._ZNK5daisy9AdcHandle8GetFloatEh
                0x0800a7f8       0x20 ../../libDaisy/build\libdaisy.a(adc.o)
                0x0800a7f8                daisy::AdcHandle::GetFloat(unsigned char) const
 .text.HAL_ADC_MspInit
                0x0800a818       0x98 ../../libDaisy/build\libdaisy.a(adc.o)
                0x0800a818                HAL_ADC_MspInit
 .text.DMA1_Stream2_IRQHandler
                0x0800a8b0        0xc ../../libDaisy/build\libdaisy.a(adc.o)
                0x0800a8b0                DMA1_Stream2_IRQHandler
 .text.HAL_ADC_ConvCpltCallback
                0x0800a8bc      0x148 ../../libDaisy/build\libdaisy.a(adc.o)
                0x0800a8bc                HAL_ADC_ConvCpltCallback
 .text.HAL_ADC_ErrorCallback
                0x0800aa04        0x4 ../../libDaisy/build\libdaisy.a(adc.o)
                0x0800aa04                HAL_ADC_ErrorCallback
 .text._ZN5daisy4GPIO4InitENS_3PinENS0_4ModeENS0_4PullENS0_5SpeedE
                0x0800aa08      0x1cc ../../libDaisy/build\libdaisy.a(gpio.o)
                0x0800aa08                daisy::GPIO::Init(daisy::Pin, daisy::GPIO::Mode, daisy::GPIO::Pull, daisy::GPIO::Speed)
 .text._ZN5daisy4GPIO4ReadEv
                0x0800abd4       0x18 ../../libDaisy/build\libdaisy.a(gpio.o)
                0x0800abd4                daisy::GPIO::Read()
 .text._ZN5daisy4GPIO5WriteEb
                0x0800abec       0x14 ../../libDaisy/build\libdaisy.a(gpio.o)
                0x0800abec                daisy::GPIO::Write(bool)
 .text.dsy_gpio_init
                0x0800ac00      0x1b8 ../../libDaisy/build\libdaisy.a(gpio.o)
                0x0800ac00                dsy_gpio_init
 .text.dsy_gpio_write
                0x0800adb8       0x24 ../../libDaisy/build\libdaisy.a(gpio.o)
                0x0800adb8                dsy_gpio_write
 .text._ZN5daisy9I2CHandle4Impl8InitPinsEv
                0x0800addc       0x58 ../../libDaisy/build\libdaisy.a(i2c.o)
                0x0800addc                daisy::I2CHandle::Impl::InitPins()
 .text.HAL_I2C_MspInit
                0x0800ae34      0x1b4 ../../libDaisy/build\libdaisy.a(i2c.o)
                0x0800ae34                HAL_I2C_MspInit
 .text.dsy_i2c_global_init
                0x0800afe8       0x78 ../../libDaisy/build\libdaisy.a(i2c.o)
                0x0800afe8                dsy_i2c_global_init
 .text.DMA1_Stream6_IRQHandler
                0x0800b060       0x34 ../../libDaisy/build\libdaisy.a(i2c.o)
                0x0800b060                DMA1_Stream6_IRQHandler
 .text.I2C1_EV_IRQHandler
                0x0800b094        0xc ../../libDaisy/build\libdaisy.a(i2c.o)
                0x0800b094                I2C1_EV_IRQHandler
 .text.I2C2_EV_IRQHandler
                0x0800b0a0        0xc ../../libDaisy/build\libdaisy.a(i2c.o)
                0x0800b0a0                I2C2_EV_IRQHandler
 .text.I2C3_EV_IRQHandler
                0x0800b0ac        0xc ../../libDaisy/build\libdaisy.a(i2c.o)
                0x0800b0ac                I2C3_EV_IRQHandler
 .text._ZN5daisy9I2CHandle4InitERKNS0_6ConfigE
                0x0800b0b8      0x12c ../../libDaisy/build\libdaisy.a(i2c.o)
                0x0800b0b8                daisy::I2CHandle::Init(daisy::I2CHandle::Config const&)
 .text._ZN5daisy9I2CHandle16TransmitBlockingEtPhtm
                0x0800b1e4       0x50 ../../libDaisy/build\libdaisy.a(i2c.o)
                0x0800b1e4                daisy::I2CHandle::TransmitBlocking(unsigned short, unsigned char*, unsigned short, unsigned long)
 .text.startup._GLOBAL__sub_I__ZN5daisy9I2CHandle4Impl10GlobalInitEv
                0x0800b234       0x18 ../../libDaisy/build\libdaisy.a(i2c.o)
 .text._ZN5daisy10QSPIHandle4Impl11WriteEnableEv
                0x0800b24c       0x8c ../../libDaisy/build\libdaisy.a(qspi.o)
                0x0800b24c                daisy::QSPIHandle::Impl::WriteEnable()
 .text._ZN5daisy10QSPIHandle4Impl17DummyCyclesConfigENS0_6Config6DeviceE
                0x0800b2d8      0x118 ../../libDaisy/build\libdaisy.a(qspi.o)
                0x0800b2d8                daisy::QSPIHandle::Impl::DummyCyclesConfig(daisy::QSPIHandle::Config::Device)
 .text._ZN5daisy10QSPIHandle4Impl10QuadEnableEv
                0x0800b3f0      0x158 ../../libDaisy/build\libdaisy.a(qspi.o)
                0x0800b3f0                daisy::QSPIHandle::Impl::QuadEnable()
 .text._ZN5daisy10QSPIHandle4InitERKNS0_6ConfigE
                0x0800b548      0x198 ../../libDaisy/build\libdaisy.a(qspi.o)
                0x0800b548                daisy::QSPIHandle::Init(daisy::QSPIHandle::Config const&)
 .text.HAL_QSPI_MspInit
                0x0800b6e0      0x11c ../../libDaisy/build\libdaisy.a(qspi.o)
                0x0800b6e0                HAL_QSPI_MspInit
 .text.HAL_QSPI_MspDeInit
                0x0800b7fc       0x54 ../../libDaisy/build\libdaisy.a(qspi.o)
                0x0800b7fc                HAL_QSPI_MspDeInit
 .text.QUADSPI_IRQHandler
                0x0800b850        0xc ../../libDaisy/build\libdaisy.a(qspi.o)
                0x0800b850                QUADSPI_IRQHandler
 .text.startup._GLOBAL__sub_I__ZN5daisy10QSPIHandle4Impl4InitERKNS0_6ConfigE
                0x0800b85c       0x28 ../../libDaisy/build\libdaisy.a(qspi.o)
 .text._ZN5daisy9SaiHandle4Impl7InitDmaENS1_15PeripheralBlockE
                0x0800b884       0xa0 ../../libDaisy/build\libdaisy.a(sai.o)
                0x0800b884                daisy::SaiHandle::Impl::InitDma(daisy::SaiHandle::Impl::PeripheralBlock)
 .text._ZN5daisy9SaiHandle4Impl8InitPinsEv
                0x0800b924       0xa8 ../../libDaisy/build\libdaisy.a(sai.o)
                0x0800b924                daisy::SaiHandle::Impl::InitPins()
 .text.HAL_SAI_MspInit
                0x0800b9cc      0x164 ../../libDaisy/build\libdaisy.a(sai.o)
                0x0800b9cc                HAL_SAI_MspInit
 .text.DMA1_Stream0_IRQHandler
                0x0800bb30        0xc ../../libDaisy/build\libdaisy.a(sai.o)
                0x0800bb30                DMA1_Stream0_IRQHandler
 .text.DMA1_Stream1_IRQHandler
                0x0800bb3c        0xc ../../libDaisy/build\libdaisy.a(sai.o)
                0x0800bb3c                DMA1_Stream1_IRQHandler
 .text.DMA1_Stream3_IRQHandler
                0x0800bb48        0xc ../../libDaisy/build\libdaisy.a(sai.o)
                0x0800bb48                DMA1_Stream3_IRQHandler
 .text.DMA1_Stream4_IRQHandler
                0x0800bb54        0xc ../../libDaisy/build\libdaisy.a(sai.o)
                0x0800bb54                DMA1_Stream4_IRQHandler
 .text.HAL_SAI_RxHalfCpltCallback
                0x0800bb60       0x78 ../../libDaisy/build\libdaisy.a(sai.o)
                0x0800bb60                HAL_SAI_RxHalfCpltCallback
 .text.HAL_SAI_RxCpltCallback
                0x0800bbd8       0x70 ../../libDaisy/build\libdaisy.a(sai.o)
                0x0800bbd8                HAL_SAI_RxCpltCallback
 .text._ZN5daisy9SaiHandle4InitERKNS0_6ConfigE
                0x0800bc48      0x1f0 ../../libDaisy/build\libdaisy.a(sai.o)
                0x0800bc48                daisy::SaiHandle::Init(daisy::SaiHandle::Config const&)
 .text._ZNK5daisy9SaiHandle9GetConfigEv
                0x0800be38        0x4 ../../libDaisy/build\libdaisy.a(sai.o)
                0x0800be38                daisy::SaiHandle::GetConfig() const
 .text._ZN5daisy9SaiHandle8StartDmaEPlS1_jPFvS1_S1_jE
                0x0800be3c       0xbc ../../libDaisy/build\libdaisy.a(sai.o)
                0x0800be3c                daisy::SaiHandle::StartDma(long*, long*, unsigned int, void (*)(long*, long*, unsigned int))
 .text._ZN5daisy9SaiHandle13GetSampleRateEv
                0x0800bef8       0x24 ../../libDaisy/build\libdaisy.a(sai.o)
                0x0800bef8                daisy::SaiHandle::GetSampleRate()
 .text._ZNK5daisy9SaiHandle9GetOffsetEv
                0x0800bf1c        0x8 ../../libDaisy/build\libdaisy.a(sai.o)
                0x0800bf1c                daisy::SaiHandle::GetOffset() const
 .text._ZL20UART_CheckRxListenerPN5daisy11UartHandler4ImplE
                0x0800bf24       0x84 ../../libDaisy/build\libdaisy.a(uart.o)
 .text._ZN5daisy11UartHandler4Impl10StartDmaTxEPhjPFvPvEPFvS3_NS0_6ResultEES3_
                0x0800bfa8      0x184 ../../libDaisy/build\libdaisy.a(uart.o)
                0x0800bfa8                daisy::UartHandler::Impl::StartDmaTx(unsigned char*, unsigned int, void (*)(void*), void (*)(void*, daisy::UartHandler::Result), void*)
 .text._ZN5daisy11UartHandler4Impl10StartDmaRxEPhjPFvPvEPFvS3_NS0_6ResultEES3_
                0x0800c12c      0x184 ../../libDaisy/build\libdaisy.a(uart.o)
                0x0800c12c                daisy::UartHandler::Impl::StartDmaRx(unsigned char*, unsigned int, void (*)(void*), void (*)(void*, daisy::UartHandler::Result), void*)
 .text._ZN5daisy11UartHandler4Impl19DmaTransferFinishedEP20__UART_HandleTypeDefNS0_6ResultE
                0x0800c2b0       0xc0 ../../libDaisy/build\libdaisy.a(uart.o)
                0x0800c2b0                daisy::UartHandler::Impl::DmaTransferFinished(__UART_HandleTypeDef*, daisy::UartHandler::Result)
 .text._ZN5daisy11UartHandler4Impl8InitPinsEv
                0x0800c370      0x154 ../../libDaisy/build\libdaisy.a(uart.o)
                0x0800c370                daisy::UartHandler::Impl::InitPins()
 .text.HAL_UART_MspInit
                0x0800c4c4      0x210 ../../libDaisy/build\libdaisy.a(uart.o)
                0x0800c4c4                HAL_UART_MspInit
 .text.dsy_uart_global_init
                0x0800c6d4      0x110 ../../libDaisy/build\libdaisy.a(uart.o)
                0x0800c6d4                dsy_uart_global_init
 .text.USART1_IRQHandler
                0x0800c7e4       0x2c ../../libDaisy/build\libdaisy.a(uart.o)
                0x0800c7e4                USART1_IRQHandler
 .text.USART2_IRQHandler
                0x0800c810       0x34 ../../libDaisy/build\libdaisy.a(uart.o)
                0x0800c810                USART2_IRQHandler
 .text.USART3_IRQHandler
                0x0800c844       0x34 ../../libDaisy/build\libdaisy.a(uart.o)
                0x0800c844                USART3_IRQHandler
 .text.UART4_IRQHandler
                0x0800c878       0x34 ../../libDaisy/build\libdaisy.a(uart.o)
                0x0800c878                UART4_IRQHandler
 .text.UART5_IRQHandler
                0x0800c8ac       0x34 ../../libDaisy/build\libdaisy.a(uart.o)
                0x0800c8ac                UART5_IRQHandler
 .text.USART6_IRQHandler
                0x0800c8e0       0x34 ../../libDaisy/build\libdaisy.a(uart.o)
                0x0800c8e0                USART6_IRQHandler
 .text.UART7_IRQHandler
                0x0800c914       0x34 ../../libDaisy/build\libdaisy.a(uart.o)
                0x0800c914                UART7_IRQHandler
 .text.UART8_IRQHandler
                0x0800c948       0x34 ../../libDaisy/build\libdaisy.a(uart.o)
                0x0800c948                UART8_IRQHandler
 .text.LPUART1_IRQHandler
                0x0800c97c       0x34 ../../libDaisy/build\libdaisy.a(uart.o)
                0x0800c97c                LPUART1_IRQHandler
 .text.DMA1_Stream5_IRQHandler
                0x0800c9b0       0x34 ../../libDaisy/build\libdaisy.a(uart.o)
                0x0800c9b0                DMA1_Stream5_IRQHandler
 .text.DMA2_Stream4_IRQHandler
                0x0800c9e4       0x38 ../../libDaisy/build\libdaisy.a(uart.o)
                0x0800c9e4                DMA2_Stream4_IRQHandler
 .text.HAL_UART_TxCpltCallback
                0x0800ca1c        0x8 ../../libDaisy/build\libdaisy.a(uart.o)
                0x0800ca1c                HAL_UART_TxCpltCallback
 .text.HAL_UART_RxCpltCallback
                0x0800ca24       0x94 ../../libDaisy/build\libdaisy.a(uart.o)
                0x0800ca24                HAL_UART_RxCpltCallback
 .text.HAL_UART_RxHalfCpltCallback
                0x0800cab8       0x90 ../../libDaisy/build\libdaisy.a(uart.o)
                0x0800cab8                HAL_UART_RxHalfCpltCallback
 .text.HAL_UART_ErrorCallback
                0x0800cb48        0x8 ../../libDaisy/build\libdaisy.a(uart.o)
                0x0800cb48                HAL_UART_ErrorCallback
 .text._ZN5daisy11UartHandler4InitERKNS0_6ConfigE
                0x0800cb50       0xd4 ../../libDaisy/build\libdaisy.a(uart.o)
                0x0800cb50                daisy::UartHandler::Init(daisy::UartHandler::Config const&)
 .text._ZN5daisy11UartHandler16BlockingTransmitEPhjm
                0x0800cc24       0x14 ../../libDaisy/build\libdaisy.a(uart.o)
                0x0800cc24                daisy::UartHandler::BlockingTransmit(unsigned char*, unsigned int, unsigned long)
 .text.startup._GLOBAL__sub_I__Z19MapInstanceToHandleP13USART_TypeDef
                0x0800cc38      0x194 ../../libDaisy/build\libdaisy.a(uart.o)
 .text.dsy_dma_init
                0x0800cdcc      0x100 ../../libDaisy/build\libdaisy.a(dma.o)
                0x0800cdcc                dsy_dma_init
 .text.dsy_dma_invalidate_cache_for_buffer
                0x0800cecc       0x2c ../../libDaisy/build\libdaisy.a(dma.o)
                0x0800cecc                dsy_dma_invalidate_cache_for_buffer
 .text._ZN5daisy11TimerHandleD2Ev
                0x0800cef8        0x4 ../../libDaisy/build\libdaisy.a(system.o)
                0x0800cef8                daisy::TimerHandle::~TimerHandle()
                0x0800cef8                daisy::TimerHandle::~TimerHandle()
 .text.SysTick_Handler
                0x0800cefc       0x10 ../../libDaisy/build\libdaisy.a(system.o)
                0x0800cefc                SysTick_Handler
 .text.OTG_HS_EP1_OUT_IRQHandler
                0x0800cf0c       0x24 ../../libDaisy/build\libdaisy.a(system.o)
                0x0800cf0c                OTG_HS_EP1_OUT_IRQHandler
 .text.OTG_HS_EP1_IN_IRQHandler
                0x0800cf30       0x24 ../../libDaisy/build\libdaisy.a(system.o)
                0x0800cf30                OTG_HS_EP1_IN_IRQHandler
 .text.OTG_HS_IRQHandler
                0x0800cf54       0x24 ../../libDaisy/build\libdaisy.a(system.o)
                0x0800cf54                OTG_HS_IRQHandler
 .text.HardFault_Handler
                0x0800cf78       0xe0 ../../libDaisy/build\libdaisy.a(system.o)
                0x0800cf78                HardFault_Handler
 .text._ZN5daisy6System6GetNowEv
                0x0800d058        0x4 ../../libDaisy/build\libdaisy.a(system.o)
                0x0800d058                daisy::System::GetNow()
 .text._ZN5daisy6System5DelayEm
                0x0800d05c        0x4 ../../libDaisy/build\libdaisy.a(system.o)
                0x0800d05c                daisy::System::Delay(unsigned long)
 .text._ZN5daisy6System20GetBootloaderVersionEv
                0x0800d060       0x34 ../../libDaisy/build\libdaisy.a(system.o)
                0x0800d060                daisy::System::GetBootloaderVersion()
 .text._ZN5daisy6System15ConfigureClocksEv
                0x0800d094      0x194 ../../libDaisy/build\libdaisy.a(system.o)
                0x0800d094                daisy::System::ConfigureClocks()
 .text._ZN5daisy6System12ConfigureMpuEv
                0x0800d228       0x7c ../../libDaisy/build\libdaisy.a(system.o)
                0x0800d228                daisy::System::ConfigureMpu()
 .text._ZN5daisy6System4InitERKNS0_6ConfigE
                0x0800d2a4       0xec ../../libDaisy/build\libdaisy.a(system.o)
                0x0800d2a4                daisy::System::Init(daisy::System::Config const&)
 .text._ZN5daisy6System12GetPClk1FreqEv
                0x0800d390        0x4 ../../libDaisy/build\libdaisy.a(system.o)
                0x0800d390                daisy::System::GetPClk1Freq()
 .text._ZN5daisy6System22GetProgramMemoryRegionEv
                0x0800d394       0x78 ../../libDaisy/build\libdaisy.a(system.o)
                0x0800d394                daisy::System::GetProgramMemoryRegion()
 .text.startup._GLOBAL__sub_I__ZN5daisy9boot_infoE
                0x0800d40c       0x1c ../../libDaisy/build\libdaisy.a(system.o)
 .text.SystemInit
                0x0800d428       0x9c ../../libDaisy/build\libdaisy.a(system_stm32h7xx.o)
                0x0800d428                SystemInit
 .text.HAL_PCD_SetupStageCallback
                0x0800d4c4        0xc ../../libDaisy/build\libdaisy.a(usbd_conf.o)
                0x0800d4c4                HAL_PCD_SetupStageCallback
 .text.HAL_PCD_DataOutStageCallback
                0x0800d4d0       0x14 ../../libDaisy/build\libdaisy.a(usbd_conf.o)
                0x0800d4d0                HAL_PCD_DataOutStageCallback
 .text.HAL_PCD_DataInStageCallback
                0x0800d4e4       0x14 ../../libDaisy/build\libdaisy.a(usbd_conf.o)
                0x0800d4e4                HAL_PCD_DataInStageCallback
 .text.HAL_PCD_SOFCallback
                0x0800d4f8        0x8 ../../libDaisy/build\libdaisy.a(usbd_conf.o)
                0x0800d4f8                HAL_PCD_SOFCallback
 .text.HAL_PCD_ResetCallback
                0x0800d500       0x24 ../../libDaisy/build\libdaisy.a(usbd_conf.o)
                0x0800d500                HAL_PCD_ResetCallback
 .text.HAL_PCD_SuspendCallback
                0x0800d524       0x30 ../../libDaisy/build\libdaisy.a(usbd_conf.o)
                0x0800d524                HAL_PCD_SuspendCallback
 .text.HAL_PCD_ResumeCallback
                0x0800d554        0x8 ../../libDaisy/build\libdaisy.a(usbd_conf.o)
                0x0800d554                HAL_PCD_ResumeCallback
 .text.HAL_PCD_ISOOUTIncompleteCallback
                0x0800d55c        0x8 ../../libDaisy/build\libdaisy.a(usbd_conf.o)
                0x0800d55c                HAL_PCD_ISOOUTIncompleteCallback
 .text.HAL_PCD_ISOINIncompleteCallback
                0x0800d564        0x8 ../../libDaisy/build\libdaisy.a(usbd_conf.o)
                0x0800d564                HAL_PCD_ISOINIncompleteCallback
 .text.HAL_PCD_ConnectCallback
                0x0800d56c        0x8 ../../libDaisy/build\libdaisy.a(usbd_conf.o)
                0x0800d56c                HAL_PCD_ConnectCallback
 .text.HAL_PCD_DisconnectCallback
                0x0800d574        0x8 ../../libDaisy/build\libdaisy.a(usbd_conf.o)
                0x0800d574                HAL_PCD_DisconnectCallback
 .text.USBD_LL_OpenEP
                0x0800d57c       0x24 ../../libDaisy/build\libdaisy.a(usbd_conf.o)
                0x0800d57c                USBD_LL_OpenEP
 .text.USBD_LL_StallEP
                0x0800d5a0       0x1c ../../libDaisy/build\libdaisy.a(usbd_conf.o)
                0x0800d5a0                USBD_LL_StallEP
 .text.USBD_LL_ClearStallEP
                0x0800d5bc       0x1c ../../libDaisy/build\libdaisy.a(usbd_conf.o)
                0x0800d5bc                USBD_LL_ClearStallEP
 .text.USBD_LL_IsStallEP
                0x0800d5d8       0x28 ../../libDaisy/build\libdaisy.a(usbd_conf.o)
                0x0800d5d8                USBD_LL_IsStallEP
 .text.USBD_LL_SetUSBAddress
                0x0800d600       0x1c ../../libDaisy/build\libdaisy.a(usbd_conf.o)
                0x0800d600                USBD_LL_SetUSBAddress
 .text.USBD_LL_Transmit
                0x0800d61c       0x1c ../../libDaisy/build\libdaisy.a(usbd_conf.o)
                0x0800d61c                USBD_LL_Transmit
 .text.USBD_LL_PrepareReceive
                0x0800d638       0x1c ../../libDaisy/build\libdaisy.a(usbd_conf.o)
                0x0800d638                USBD_LL_PrepareReceive
 .text.HAL_HCD_SOF_Callback
                0x0800d654        0x8 ../../libDaisy/build\libdaisy.a(usbh_conf.o)
                0x0800d654                HAL_HCD_SOF_Callback
 .text.HAL_HCD_Connect_Callback
                0x0800d65c        0x8 ../../libDaisy/build\libdaisy.a(usbh_conf.o)
                0x0800d65c                HAL_HCD_Connect_Callback
 .text.HAL_HCD_Disconnect_Callback
                0x0800d664        0x8 ../../libDaisy/build\libdaisy.a(usbh_conf.o)
                0x0800d664                HAL_HCD_Disconnect_Callback
 .text.HAL_HCD_HC_NotifyURBChange_Callback
                0x0800d66c        0x4 ../../libDaisy/build\libdaisy.a(usbh_conf.o)
                0x0800d66c                HAL_HCD_HC_NotifyURBChange_Callback
 .text.HAL_HCD_PortEnabled_Callback
                0x0800d670        0x8 ../../libDaisy/build\libdaisy.a(usbh_conf.o)
                0x0800d670                HAL_HCD_PortEnabled_Callback
 .text.HAL_HCD_PortDisabled_Callback
                0x0800d678        0x8 ../../libDaisy/build\libdaisy.a(usbh_conf.o)
                0x0800d678                HAL_HCD_PortDisabled_Callback
 .text.USBH_LL_Stop
                0x0800d680       0x1c ../../libDaisy/build\libdaisy.a(usbh_conf.o)
                0x0800d680                USBH_LL_Stop
 .text.dsy_hal_map_get_port
                0x0800d69c       0x10 ../../libDaisy/build\libdaisy.a(hal_map.o)
                0x0800d69c                dsy_hal_map_get_port
 .text.dsy_hal_map_get_pin
                0x0800d6ac       0x10 ../../libDaisy/build\libdaisy.a(hal_map.o)
                0x0800d6ac                dsy_hal_map_get_pin
 .text.dsy_hal_map_gpio_clk_enable
                0x0800d6bc      0x150 ../../libDaisy/build\libdaisy.a(hal_map.o)
                0x0800d6bc                dsy_hal_map_gpio_clk_enable
 .text.HAL_GPIO_Init
                0x0800d80c      0x280 ../../libDaisy/build\libdaisy.a(stm32h7xx_hal_gpio.o)
                0x0800d80c                HAL_GPIO_Init
 .text.HAL_GPIO_DeInit
                0x0800da8c      0x190 ../../libDaisy/build\libdaisy.a(stm32h7xx_hal_gpio.o)
                0x0800da8c                HAL_GPIO_DeInit
 .text.HAL_GPIO_ReadPin
                0x0800dc1c        0xc ../../libDaisy/build\libdaisy.a(stm32h7xx_hal_gpio.o)
                0x0800dc1c                HAL_GPIO_ReadPin
 .text.HAL_GPIO_WritePin
                0x0800dc28        0x8 ../../libDaisy/build\libdaisy.a(stm32h7xx_hal_gpio.o)
                0x0800dc28                HAL_GPIO_WritePin
 .text.HAL_HCD_IRQHandler
                0x0800dc30      0x780 ../../libDaisy/build\libdaisy.a(stm32h7xx_hal_hcd.o)
                0x0800dc30                HAL_HCD_IRQHandler
 .text.HAL_HCD_Stop
                0x0800e3b0       0x28 ../../libDaisy/build\libdaisy.a(stm32h7xx_hal_hcd.o)
                0x0800e3b0                HAL_HCD_Stop
 .text.I2C_WaitOnTXISFlagUntilTimeout
                0x0800e3d8       0xb8 ../../libDaisy/build\libdaisy.a(stm32h7xx_hal_i2c.o)
 .text.I2C_WaitOnSTOPFlagUntilTimeout
                0x0800e490       0xac ../../libDaisy/build\libdaisy.a(stm32h7xx_hal_i2c.o)
 .text.HAL_I2C_Init
                0x0800e53c       0xac ../../libDaisy/build\libdaisy.a(stm32h7xx_hal_i2c.o)
                0x0800e53c                HAL_I2C_Init
 .text.HAL_I2C_Master_Transmit
                0x0800e5e8      0x1a8 ../../libDaisy/build\libdaisy.a(stm32h7xx_hal_i2c.o)
                0x0800e5e8                HAL_I2C_Master_Transmit
 .text.HAL_I2C_Slave_Transmit
                0x0800e790      0x1c8 ../../libDaisy/build\libdaisy.a(stm32h7xx_hal_i2c.o)
                0x0800e790                HAL_I2C_Slave_Transmit
 .text.HAL_I2C_EV_IRQHandler
                0x0800e958       0x10 ../../libDaisy/build\libdaisy.a(stm32h7xx_hal_i2c.o)
                0x0800e958                HAL_I2C_EV_IRQHandler
 .text.HAL_I2C_GetState
                0x0800e968        0x8 ../../libDaisy/build\libdaisy.a(stm32h7xx_hal_i2c.o)
                0x0800e968                HAL_I2C_GetState
 .text.HAL_I2CEx_ConfigAnalogFilter
                0x0800e970       0x54 ../../libDaisy/build\libdaisy.a(stm32h7xx_hal_i2c_ex.o)
                0x0800e970                HAL_I2CEx_ConfigAnalogFilter
 .text.HAL_I2CEx_ConfigDigitalFilter
                0x0800e9c4       0x58 ../../libDaisy/build\libdaisy.a(stm32h7xx_hal_i2c_ex.o)
                0x0800e9c4                HAL_I2CEx_ConfigDigitalFilter
 .text.HAL_PCD_IRQHandler
                0x0800ea1c      0x69c ../../libDaisy/build\libdaisy.a(stm32h7xx_hal_pcd.o)
                0x0800ea1c                HAL_PCD_IRQHandler
 .text.HAL_PCD_SetAddress
                0x0800f0b8       0x2c ../../libDaisy/build\libdaisy.a(stm32h7xx_hal_pcd.o)
                0x0800f0b8                HAL_PCD_SetAddress
 .text.HAL_PCD_EP_Open
                0x0800f0e4       0x7c ../../libDaisy/build\libdaisy.a(stm32h7xx_hal_pcd.o)
                0x0800f0e4                HAL_PCD_EP_Open
 .text.HAL_PCD_EP_Receive
                0x0800f160       0x50 ../../libDaisy/build\libdaisy.a(stm32h7xx_hal_pcd.o)
                0x0800f160                HAL_PCD_EP_Receive
 .text.HAL_PCD_EP_Transmit
                0x0800f1b0       0x50 ../../libDaisy/build\libdaisy.a(stm32h7xx_hal_pcd.o)
                0x0800f1b0                HAL_PCD_EP_Transmit
 .text.HAL_PCD_EP_SetStall
                0x0800f200       0x88 ../../libDaisy/build\libdaisy.a(stm32h7xx_hal_pcd.o)
                0x0800f200                HAL_PCD_EP_SetStall
 .text.HAL_PCD_EP_ClrStall
                0x0800f288       0x78 ../../libDaisy/build\libdaisy.a(stm32h7xx_hal_pcd.o)
                0x0800f288                HAL_PCD_EP_ClrStall
 .text.HAL_PCDEx_LPM_Callback
                0x0800f300        0x4 ../../libDaisy/build\libdaisy.a(stm32h7xx_hal_pcd_ex.o)
                0x0800f300                HAL_PCDEx_LPM_Callback
 .text.HAL_PWREx_ConfigSupply
                0x0800f304       0x4c ../../libDaisy/build\libdaisy.a(stm32h7xx_hal_pwr_ex.o)
                0x0800f304                HAL_PWREx_ConfigSupply
 .text.HAL_PWREx_EnableUSBVoltageDetector
                0x0800f350       0x10 ../../libDaisy/build\libdaisy.a(stm32h7xx_hal_pwr_ex.o)
                0x0800f350                HAL_PWREx_EnableUSBVoltageDetector
 .text.QSPI_Config
                0x0800f360      0x174 ../../libDaisy/build\libdaisy.a(stm32h7xx_hal_qspi.o)
 .text.HAL_QSPI_Init
                0x0800f4d4       0xd8 ../../libDaisy/build\libdaisy.a(stm32h7xx_hal_qspi.o)
                0x0800f4d4                HAL_QSPI_Init
 .text.HAL_QSPI_DeInit
                0x0800f5ac       0x3c ../../libDaisy/build\libdaisy.a(stm32h7xx_hal_qspi.o)
                0x0800f5ac                HAL_QSPI_DeInit
 .text.HAL_QSPI_Command
                0x0800f5e8       0xd4 ../../libDaisy/build\libdaisy.a(stm32h7xx_hal_qspi.o)
                0x0800f5e8                HAL_QSPI_Command
 .text.HAL_QSPI_Transmit
                0x0800f6bc       0xfc ../../libDaisy/build\libdaisy.a(stm32h7xx_hal_qspi.o)
                0x0800f6bc                HAL_QSPI_Transmit
 .text.HAL_QSPI_Receive
                0x0800f7b8      0x108 ../../libDaisy/build\libdaisy.a(stm32h7xx_hal_qspi.o)
                0x0800f7b8                HAL_QSPI_Receive
 .text.HAL_QSPI_AutoPolling
                0x0800f8c0       0xf0 ../../libDaisy/build\libdaisy.a(stm32h7xx_hal_qspi.o)
                0x0800f8c0                HAL_QSPI_AutoPolling
 .text.HAL_QSPI_MemoryMapped
                0x0800f9b0       0xc0 ../../libDaisy/build\libdaisy.a(stm32h7xx_hal_qspi.o)
                0x0800f9b0                HAL_QSPI_MemoryMapped
 .text.HAL_QSPI_ErrorCallback
                0x0800fa70        0x4 ../../libDaisy/build\libdaisy.a(stm32h7xx_hal_qspi.o)
                0x0800fa70                HAL_QSPI_ErrorCallback
 .text.QSPI_DMAAbortCplt
                0x0800fa74       0x38 ../../libDaisy/build\libdaisy.a(stm32h7xx_hal_qspi.o)
 .text.HAL_QSPI_AbortCpltCallback
                0x0800faac        0x4 ../../libDaisy/build\libdaisy.a(stm32h7xx_hal_qspi.o)
                0x0800faac                HAL_QSPI_AbortCpltCallback
 .text.HAL_QSPI_CmdCpltCallback
                0x0800fab0        0x4 ../../libDaisy/build\libdaisy.a(stm32h7xx_hal_qspi.o)
                0x0800fab0                HAL_QSPI_CmdCpltCallback
 .text.HAL_QSPI_RxCpltCallback
                0x0800fab4        0x4 ../../libDaisy/build\libdaisy.a(stm32h7xx_hal_qspi.o)
                0x0800fab4                HAL_QSPI_RxCpltCallback
 .text.HAL_QSPI_TxCpltCallback
                0x0800fab8        0x4 ../../libDaisy/build\libdaisy.a(stm32h7xx_hal_qspi.o)
                0x0800fab8                HAL_QSPI_TxCpltCallback
 .text.HAL_QSPI_FifoThresholdCallback
                0x0800fabc        0x4 ../../libDaisy/build\libdaisy.a(stm32h7xx_hal_qspi.o)
                0x0800fabc                HAL_QSPI_FifoThresholdCallback
 .text.HAL_QSPI_StatusMatchCallback
                0x0800fac0        0x4 ../../libDaisy/build\libdaisy.a(stm32h7xx_hal_qspi.o)
                0x0800fac0                HAL_QSPI_StatusMatchCallback
 .text.HAL_QSPI_TimeOutCallback
                0x0800fac4        0x4 ../../libDaisy/build\libdaisy.a(stm32h7xx_hal_qspi.o)
                0x0800fac4                HAL_QSPI_TimeOutCallback
 .text.HAL_QSPI_IRQHandler
                0x0800fac8      0x210 ../../libDaisy/build\libdaisy.a(stm32h7xx_hal_qspi.o)
                0x0800fac8                HAL_QSPI_IRQHandler
 .text.HAL_SAI_Init.part.0
                0x0800fcd8      0x348 ../../libDaisy/build\libdaisy.a(stm32h7xx_hal_sai.o)
 .text.HAL_SAI_InitProtocol
                0x08010020      0x178 ../../libDaisy/build\libdaisy.a(stm32h7xx_hal_sai.o)
                0x08010020                HAL_SAI_InitProtocol
 .text.HAL_SAI_Transmit_DMA
                0x08010198      0x124 ../../libDaisy/build\libdaisy.a(stm32h7xx_hal_sai.o)
                0x08010198                HAL_SAI_Transmit_DMA
 .text.HAL_SAI_Receive_DMA
                0x080102bc       0xd0 ../../libDaisy/build\libdaisy.a(stm32h7xx_hal_sai.o)
                0x080102bc                HAL_SAI_Receive_DMA
 .text.HAL_SAI_TxCpltCallback
                0x0801038c        0x4 ../../libDaisy/build\libdaisy.a(stm32h7xx_hal_sai.o)
                0x0801038c                HAL_SAI_TxCpltCallback
 .text.SAI_DMATxCplt
                0x08010390       0x64 ../../libDaisy/build\libdaisy.a(stm32h7xx_hal_sai.o)
 .text.HAL_SAI_TxHalfCpltCallback
                0x080103f4        0x4 ../../libDaisy/build\libdaisy.a(stm32h7xx_hal_sai.o)
                0x080103f4                HAL_SAI_TxHalfCpltCallback
 .text.SAI_DMATxHalfCplt
                0x080103f8        0xc ../../libDaisy/build\libdaisy.a(stm32h7xx_hal_sai.o)
 .text.SAI_DMARxCplt
                0x08010404       0x64 ../../libDaisy/build\libdaisy.a(stm32h7xx_hal_sai.o)
 .text.SAI_DMARxHalfCplt
                0x08010468        0xc ../../libDaisy/build\libdaisy.a(stm32h7xx_hal_sai.o)
 .text.HAL_SAI_ErrorCallback
                0x08010474        0x4 ../../libDaisy/build\libdaisy.a(stm32h7xx_hal_sai.o)
                0x08010474                HAL_SAI_ErrorCallback
 .text.SAI_DMAError
                0x08010478       0x6c ../../libDaisy/build\libdaisy.a(stm32h7xx_hal_sai.o)
 .text.HAL_SDRAM_Init
                0x080104e4       0x54 ../../libDaisy/build\libdaisy.a(stm32h7xx_hal_sdram.o)
                0x080104e4                HAL_SDRAM_Init
 .text.HAL_SDRAM_SendCommand
                0x08010538       0x40 ../../libDaisy/build\libdaisy.a(stm32h7xx_hal_sdram.o)
                0x08010538                HAL_SDRAM_SendCommand
 .text.HAL_SDRAM_ProgramRefreshRate
                0x08010578       0x30 ../../libDaisy/build\libdaisy.a(stm32h7xx_hal_sdram.o)
                0x08010578                HAL_SDRAM_ProgramRefreshRate
 .text.HAL_UART_Transmit
                0x080105a8      0x120 ../../libDaisy/build\libdaisy.a(stm32h7xx_hal_uart.o)
                0x080105a8                HAL_UART_Transmit
 .text.HAL_UART_Transmit_DMA
                0x080106c8       0xa4 ../../libDaisy/build\libdaisy.a(stm32h7xx_hal_uart.o)
                0x080106c8                HAL_UART_Transmit_DMA
 .text.HAL_UART_Receive_DMA
                0x0801076c       0xac ../../libDaisy/build\libdaisy.a(stm32h7xx_hal_uart.o)
                0x0801076c                HAL_UART_Receive_DMA
 .text.UART_DMATransmitCplt
                0x08010818       0x2c ../../libDaisy/build\libdaisy.a(stm32h7xx_hal_uart.o)
 .text.HAL_UART_TxHalfCpltCallback
                0x08010844        0x4 ../../libDaisy/build\libdaisy.a(stm32h7xx_hal_uart.o)
                0x08010844                HAL_UART_TxHalfCpltCallback
 .text.UART_DMATxHalfCplt
                0x08010848        0xc ../../libDaisy/build\libdaisy.a(stm32h7xx_hal_uart.o)
 .text.UART_DMAReceiveCplt
                0x08010854       0x38 ../../libDaisy/build\libdaisy.a(stm32h7xx_hal_uart.o)
 .text.UART_DMARxHalfCplt
                0x0801088c        0xc ../../libDaisy/build\libdaisy.a(stm32h7xx_hal_uart.o)
 .text.UART_DMAError
                0x08010898       0x78 ../../libDaisy/build\libdaisy.a(stm32h7xx_hal_uart.o)
 .text.HAL_UART_IRQHandler
                0x08010910      0x1d0 ../../libDaisy/build\libdaisy.a(stm32h7xx_hal_uart.o)
                0x08010910                HAL_UART_IRQHandler
 .text.UART_DMAAbortOnError
                0x08010ae0       0x14 ../../libDaisy/build\libdaisy.a(stm32h7xx_hal_uart.o)
 .text.HAL_UART_GetState
                0x08010af4        0xc ../../libDaisy/build\libdaisy.a(stm32h7xx_hal_uart.o)
                0x08010af4                HAL_UART_GetState
 .text.UART_SetConfig
                0x08010b00     0x14b8 ../../libDaisy/build\libdaisy.a(stm32h7xx_hal_uart.o)
                0x08010b00                UART_SetConfig
 .text.UART_AdvFeatureConfig
                0x08011fb8       0xb0 ../../libDaisy/build\libdaisy.a(stm32h7xx_hal_uart.o)
                0x08011fb8                UART_AdvFeatureConfig
 .text.UART_CheckIdleState
                0x08012068       0x84 ../../libDaisy/build\libdaisy.a(stm32h7xx_hal_uart.o)
                0x08012068                UART_CheckIdleState
 .text.HAL_UART_Init
                0x080120ec       0x68 ../../libDaisy/build\libdaisy.a(stm32h7xx_hal_uart.o)
                0x080120ec                HAL_UART_Init
 .text.HAL_UARTEx_WakeupCallback
                0x08012154        0x4 ../../libDaisy/build\libdaisy.a(stm32h7xx_hal_uart_ex.o)
                0x08012154                HAL_UARTEx_WakeupCallback
 .text.HAL_UARTEx_RxFifoFullCallback
                0x08012158        0x4 ../../libDaisy/build\libdaisy.a(stm32h7xx_hal_uart_ex.o)
                0x08012158                HAL_UARTEx_RxFifoFullCallback
 .text.HAL_UARTEx_TxFifoEmptyCallback
                0x0801215c        0x4 ../../libDaisy/build\libdaisy.a(stm32h7xx_hal_uart_ex.o)
                0x0801215c                HAL_UARTEx_TxFifoEmptyCallback
 .text.HAL_UARTEx_DisableFifoMode
                0x08012160       0x3c ../../libDaisy/build\libdaisy.a(stm32h7xx_hal_uart_ex.o)
                0x08012160                HAL_UARTEx_DisableFifoMode
 .text.HAL_UARTEx_SetTxFifoThreshold
                0x0801219c       0x9c ../../libDaisy/build\libdaisy.a(stm32h7xx_hal_uart_ex.o)
                0x0801219c                HAL_UARTEx_SetTxFifoThreshold
 .text.HAL_UARTEx_SetRxFifoThreshold
                0x08012238       0x9c ../../libDaisy/build\libdaisy.a(stm32h7xx_hal_uart_ex.o)
                0x08012238                HAL_UARTEx_SetRxFifoThreshold
 .text.FMC_SDRAM_Init
                0x080122d4       0x7c ../../libDaisy/build\libdaisy.a(stm32h7xx_ll_fmc.o)
                0x080122d4                FMC_SDRAM_Init
 .text.FMC_SDRAM_Timing_Init
                0x08012350       0x98 ../../libDaisy/build\libdaisy.a(stm32h7xx_ll_fmc.o)
                0x08012350                FMC_SDRAM_Timing_Init
 .text.FMC_SDRAM_SendCommand
                0x080123e8       0x28 ../../libDaisy/build\libdaisy.a(stm32h7xx_ll_fmc.o)
                0x080123e8                FMC_SDRAM_SendCommand
 .text.FMC_SDRAM_ProgramRefreshRate
                0x08012410       0x1c ../../libDaisy/build\libdaisy.a(stm32h7xx_ll_fmc.o)
                0x08012410                FMC_SDRAM_ProgramRefreshRate
 .text.USB_SetTurnaroundTime
                0x0801242c      0x104 ../../libDaisy/build\libdaisy.a(stm32h7xx_ll_usb.o)
                0x0801242c                USB_SetTurnaroundTime
 .text.USB_FlushTxFifo
                0x08012530       0x34 ../../libDaisy/build\libdaisy.a(stm32h7xx_ll_usb.o)
                0x08012530                USB_FlushTxFifo
 .text.USB_GetDevSpeed
                0x08012564       0x24 ../../libDaisy/build\libdaisy.a(stm32h7xx_ll_usb.o)
                0x08012564                USB_GetDevSpeed
 .text.USB_ActivateEndpoint
                0x08012588       0x90 ../../libDaisy/build\libdaisy.a(stm32h7xx_ll_usb.o)
                0x08012588                USB_ActivateEndpoint
 .text.USB_EPStartXfer
                0x08012618      0x230 ../../libDaisy/build\libdaisy.a(stm32h7xx_ll_usb.o)
                0x08012618                USB_EPStartXfer
 .text.USB_EP0StartXfer
                0x08012848      0x174 ../../libDaisy/build\libdaisy.a(stm32h7xx_ll_usb.o)
                0x08012848                USB_EP0StartXfer
 .text.USB_WritePacket
                0x080129bc       0x2c ../../libDaisy/build\libdaisy.a(stm32h7xx_ll_usb.o)
                0x080129bc                USB_WritePacket
 .text.USB_ReadPacket
                0x080129e8       0x20 ../../libDaisy/build\libdaisy.a(stm32h7xx_ll_usb.o)
                0x080129e8                USB_ReadPacket
 .text.USB_EPSetStall
                0x08012a08       0x68 ../../libDaisy/build\libdaisy.a(stm32h7xx_ll_usb.o)
                0x08012a08                USB_EPSetStall
 .text.USB_EPClearStall
                0x08012a70       0x58 ../../libDaisy/build\libdaisy.a(stm32h7xx_ll_usb.o)
                0x08012a70                USB_EPClearStall
 .text.USB_SetDevAddress
                0x08012ac8       0x24 ../../libDaisy/build\libdaisy.a(stm32h7xx_ll_usb.o)
                0x08012ac8                USB_SetDevAddress
 .text.USB_ReadInterrupts
                0x08012aec       0x14 ../../libDaisy/build\libdaisy.a(stm32h7xx_ll_usb.o)
                0x08012aec                USB_ReadInterrupts
 .text.USB_ReadDevAllOutEpInterrupt
                0x08012b00       0x1c ../../libDaisy/build\libdaisy.a(stm32h7xx_ll_usb.o)
                0x08012b00                USB_ReadDevAllOutEpInterrupt
 .text.USB_ReadDevAllInEpInterrupt
                0x08012b1c       0x1c ../../libDaisy/build\libdaisy.a(stm32h7xx_ll_usb.o)
                0x08012b1c                USB_ReadDevAllInEpInterrupt
 .text.USB_ReadDevOutEPInterrupt
                0x08012b38       0x1c ../../libDaisy/build\libdaisy.a(stm32h7xx_ll_usb.o)
                0x08012b38                USB_ReadDevOutEPInterrupt
 .text.USB_ReadDevInEPInterrupt
                0x08012b54       0x38 ../../libDaisy/build\libdaisy.a(stm32h7xx_ll_usb.o)
                0x08012b54                USB_ReadDevInEPInterrupt
 .text.USB_GetMode
                0x08012b8c        0x8 ../../libDaisy/build\libdaisy.a(stm32h7xx_ll_usb.o)
                0x08012b8c                USB_GetMode
 .text.USB_ActivateSetup
                0x08012b94       0x38 ../../libDaisy/build\libdaisy.a(stm32h7xx_ll_usb.o)
                0x08012b94                USB_ActivateSetup
 .text.USB_EP0_OutStart
                0x08012bcc       0x58 ../../libDaisy/build\libdaisy.a(stm32h7xx_ll_usb.o)
                0x08012bcc                USB_EP0_OutStart
 .text.USB_InitFSLSPClkSel
                0x08012c24       0x44 ../../libDaisy/build\libdaisy.a(stm32h7xx_ll_usb.o)
                0x08012c24                USB_InitFSLSPClkSel
 .text.USB_HC_ReadInterrupt