ARM GAS  C:\Users\aydan\AppData\Local\Temp\ccTJoTh8.s 			page 1


   1              		.cpu cortex-m7
   2              		.eabi_attribute 28, 1
   3              		.eabi_attribute 20, 1
   4              		.eabi_attribute 21, 1
   5              		.eabi_attribute 23, 3
   6              		.eabi_attribute 24, 1
   7              		.eabi_attribute 25, 1
   8              		.eabi_attribute 26, 1
   9              		.eabi_attribute 30, 2
  10              		.eabi_attribute 34, 1
  11              		.eabi_attribute 18, 4
  12              		.file	"main.cpp"
  13              		.text
  14              	.Ltext0:
  15              		.cfi_sections	.debug_frame
  16              		.section	.text._ZN5daisy9DaisySeedD2Ev,"axG",%progbits,_ZN5daisy9DaisySeedD5Ev,comdat
  17              		.align	1
  18              		.p2align 2,,3
  19              		.weak	_ZN5daisy9DaisySeedD2Ev
  20              		.arch armv7e-m
  21              		.syntax unified
  22              		.thumb
  23              		.thumb_func
  24              		.fpu fpv5-d16
  26              	_ZN5daisy9DaisySeedD2Ev:
  27              	.LVL0:
  28              	.LFB2555:
  29              		.file 1 "../../libDaisy/src/daisy_seed.h"
   1:../../libDaisy/src/daisy_seed.h **** #pragma once
   2:../../libDaisy/src/daisy_seed.h **** #ifndef DSY_SEED_H
   3:../../libDaisy/src/daisy_seed.h **** #define DSY_SEED_H
   4:../../libDaisy/src/daisy_seed.h **** 
   5:../../libDaisy/src/daisy_seed.h **** #include "daisy.h"
   6:../../libDaisy/src/daisy_seed.h **** 
   7:../../libDaisy/src/daisy_seed.h **** //Uncomment this out if you're still using the rev2 hardware
   8:../../libDaisy/src/daisy_seed.h **** //#define SEED_REV2
   9:../../libDaisy/src/daisy_seed.h **** 
  10:../../libDaisy/src/daisy_seed.h **** namespace daisy
  11:../../libDaisy/src/daisy_seed.h **** {
  12:../../libDaisy/src/daisy_seed.h **** /**
  13:../../libDaisy/src/daisy_seed.h ****    @brief This is the higher-level interface for the Daisy board. \n 
  14:../../libDaisy/src/daisy_seed.h ****     All basic peripheral configuration/initialization is setup here. \n
  15:../../libDaisy/src/daisy_seed.h **** 
  16:../../libDaisy/src/daisy_seed.h ****    @ingroup boards
  17:../../libDaisy/src/daisy_seed.h **** */
  18:../../libDaisy/src/daisy_seed.h **** class DaisySeed
  19:../../libDaisy/src/daisy_seed.h **** {
  20:../../libDaisy/src/daisy_seed.h ****   public:
  21:../../libDaisy/src/daisy_seed.h ****     DaisySeed() {}
  22:../../libDaisy/src/daisy_seed.h ****     ~DaisySeed() {}
  30              		.loc 1 22 5 view -0
  31              		.cfi_startproc
  32              		@ args = 0, pretend = 0, frame = 0
  33              		@ frame_needed = 0, uses_anonymous_args = 0
  34              		@ link register save eliminated.
  35              	.LBB81:
  36              	.LBI81:
ARM GAS  C:\Users\aydan\AppData\Local\Temp\ccTJoTh8.s 			page 2


  37              		.file 2 "../../libDaisy/src/sys/system.h"
   1:../../libDaisy/src/sys/system.h **** #ifndef DSY_SYSTEM_H
   2:../../libDaisy/src/sys/system.h **** #define DSY_SYSTEM_H
   3:../../libDaisy/src/sys/system.h **** 
   4:../../libDaisy/src/sys/system.h **** #ifndef UNIT_TEST // for unit tests, a dummy implementation is provided below
   5:../../libDaisy/src/sys/system.h **** 
   6:../../libDaisy/src/sys/system.h **** #include <cstdint>
   7:../../libDaisy/src/sys/system.h **** #include "per/tim.h"
   8:../../libDaisy/src/sys/system.h **** 
   9:../../libDaisy/src/sys/system.h **** namespace daisy
  10:../../libDaisy/src/sys/system.h **** {
  11:../../libDaisy/src/sys/system.h **** /** A handle for interacting with the Core System.
  12:../../libDaisy/src/sys/system.h ****  ** This includes the Clock tree, MPU, global DMA initialization,
  13:../../libDaisy/src/sys/system.h ****  ** cache handling, and any other necessary global initiailzation
  14:../../libDaisy/src/sys/system.h ****  **
  15:../../libDaisy/src/sys/system.h ****  ** @author shensley
  16:../../libDaisy/src/sys/system.h ****  ** @ingroup system
  17:../../libDaisy/src/sys/system.h ****  */
  18:../../libDaisy/src/sys/system.h **** class System
  19:../../libDaisy/src/sys/system.h **** {
  20:../../libDaisy/src/sys/system.h ****   public:
  21:../../libDaisy/src/sys/system.h ****     /** Contains settings for initializing the System */
  22:../../libDaisy/src/sys/system.h ****     struct Config
  23:../../libDaisy/src/sys/system.h ****     {
  24:../../libDaisy/src/sys/system.h ****         /** Specifies the system clock frequency that feeds APB/AHB clocks, etc. */
  25:../../libDaisy/src/sys/system.h ****         enum class SysClkFreq
  26:../../libDaisy/src/sys/system.h ****         {
  27:../../libDaisy/src/sys/system.h ****             FREQ_400MHZ,
  28:../../libDaisy/src/sys/system.h ****             FREQ_480MHZ,
  29:../../libDaisy/src/sys/system.h ****         };
  30:../../libDaisy/src/sys/system.h **** 
  31:../../libDaisy/src/sys/system.h ****         /** Method to call on the struct to set to defaults
  32:../../libDaisy/src/sys/system.h ****          ** CPU Freq set to 400MHz
  33:../../libDaisy/src/sys/system.h ****          ** Cache Enabled
  34:../../libDaisy/src/sys/system.h ****          ** */
  35:../../libDaisy/src/sys/system.h ****         void Defaults()
  36:../../libDaisy/src/sys/system.h ****         {
  37:../../libDaisy/src/sys/system.h ****             cpu_freq    = SysClkFreq::FREQ_400MHZ;
  38:../../libDaisy/src/sys/system.h ****             use_dcache  = true;
  39:../../libDaisy/src/sys/system.h ****             use_icache  = true;
  40:../../libDaisy/src/sys/system.h ****             skip_clocks = false;
  41:../../libDaisy/src/sys/system.h ****         }
  42:../../libDaisy/src/sys/system.h **** 
  43:../../libDaisy/src/sys/system.h ****         /** Method to call on the struct to set to boost mode:
  44:../../libDaisy/src/sys/system.h ****          ** CPU Freq set to 480MHz
  45:../../libDaisy/src/sys/system.h ****          ** Cache Enabled
  46:../../libDaisy/src/sys/system.h ****          ** */
  47:../../libDaisy/src/sys/system.h ****         void Boost()
  48:../../libDaisy/src/sys/system.h ****         {
  49:../../libDaisy/src/sys/system.h ****             cpu_freq    = SysClkFreq::FREQ_480MHZ;
  50:../../libDaisy/src/sys/system.h ****             use_dcache  = true;
  51:../../libDaisy/src/sys/system.h ****             use_icache  = true;
  52:../../libDaisy/src/sys/system.h ****             skip_clocks = false;
  53:../../libDaisy/src/sys/system.h ****         }
  54:../../libDaisy/src/sys/system.h **** 
  55:../../libDaisy/src/sys/system.h ****         SysClkFreq cpu_freq;
  56:../../libDaisy/src/sys/system.h ****         bool       use_dcache;
ARM GAS  C:\Users\aydan\AppData\Local\Temp\ccTJoTh8.s 			page 3


  57:../../libDaisy/src/sys/system.h ****         bool       use_icache;
  58:../../libDaisy/src/sys/system.h ****         bool       skip_clocks;
  59:../../libDaisy/src/sys/system.h ****     };
  60:../../libDaisy/src/sys/system.h **** 
  61:../../libDaisy/src/sys/system.h ****     /** Describes the different regions of memory available to the Daisy */
  62:../../libDaisy/src/sys/system.h ****     enum MemoryRegion
  63:../../libDaisy/src/sys/system.h ****     {
  64:../../libDaisy/src/sys/system.h ****         INTERNAL_FLASH = 0,
  65:../../libDaisy/src/sys/system.h ****         ITCMRAM,
  66:../../libDaisy/src/sys/system.h ****         DTCMRAM,
  67:../../libDaisy/src/sys/system.h ****         SRAM_D1,
  68:../../libDaisy/src/sys/system.h ****         SRAM_D2,
  69:../../libDaisy/src/sys/system.h ****         SRAM_D3,
  70:../../libDaisy/src/sys/system.h ****         SDRAM,
  71:../../libDaisy/src/sys/system.h ****         QSPI,
  72:../../libDaisy/src/sys/system.h ****         INVALID_ADDRESS,
  73:../../libDaisy/src/sys/system.h ****     };
  74:../../libDaisy/src/sys/system.h **** 
  75:../../libDaisy/src/sys/system.h ****     /** Bootloader struct for controlling bootloading parameters */
  76:../../libDaisy/src/sys/system.h ****     struct BootInfo
  77:../../libDaisy/src/sys/system.h ****     {
  78:../../libDaisy/src/sys/system.h ****         enum class Type : uint32_t
  79:../../libDaisy/src/sys/system.h ****         {
  80:../../libDaisy/src/sys/system.h ****             INVALID      = 0x00000000,
  81:../../libDaisy/src/sys/system.h ****             JUMP         = 0xDEADBEEF,
  82:../../libDaisy/src/sys/system.h ****             SKIP_TIMEOUT = 0x5AFEB007,
  83:../../libDaisy/src/sys/system.h ****             INF_TIMEOUT  = 0xB0074EFA,
  84:../../libDaisy/src/sys/system.h ****         } status;
  85:../../libDaisy/src/sys/system.h ****         uint32_t data;
  86:../../libDaisy/src/sys/system.h ****         enum class Version : uint32_t
  87:../../libDaisy/src/sys/system.h ****         {
  88:../../libDaisy/src/sys/system.h ****             LT_v6_0 = 0, // Less than v6.0
  89:../../libDaisy/src/sys/system.h ****             NONE,        // No bootloader present
  90:../../libDaisy/src/sys/system.h ****             v6_0,        // v6.0
  91:../../libDaisy/src/sys/system.h ****             v6_1,        // v6.1 or greater
  92:../../libDaisy/src/sys/system.h ****             LAST
  93:../../libDaisy/src/sys/system.h ****         } version;
  94:../../libDaisy/src/sys/system.h ****     };
  95:../../libDaisy/src/sys/system.h **** 
  96:../../libDaisy/src/sys/system.h ****     System() {}
  97:../../libDaisy/src/sys/system.h ****     ~System() {}
  38              		.loc 2 97 5 view .LVU1
  39              		.loc 2 97 5 is_stmt 0 view .LVU2
  40              	.LBE81:
  41              	.LBB82:
  42              	.LBI82:
  43              		.file 3 "../../libDaisy/src/hid/usb.h"
   1:../../libDaisy/src/hid/usb.h **** #pragma once
   2:../../libDaisy/src/hid/usb.h **** #ifndef DSY_HID_USB_H
   3:../../libDaisy/src/hid/usb.h **** #define DSY_HID_USB_H
   4:../../libDaisy/src/hid/usb.h **** #include <stdint.h>
   5:../../libDaisy/src/hid/usb.h **** #include <stdlib.h>
   6:../../libDaisy/src/hid/usb.h **** 
   7:../../libDaisy/src/hid/usb.h **** namespace daisy
   8:../../libDaisy/src/hid/usb.h **** /** @addtogroup human_interface
   9:../../libDaisy/src/hid/usb.h ****     @{
  10:../../libDaisy/src/hid/usb.h **** */
ARM GAS  C:\Users\aydan\AppData\Local\Temp\ccTJoTh8.s 			page 4


  11:../../libDaisy/src/hid/usb.h **** 
  12:../../libDaisy/src/hid/usb.h **** {
  13:../../libDaisy/src/hid/usb.h **** /** 
  14:../../libDaisy/src/hid/usb.h ****     @brief Interface for initializing and using the USB Peripherals on the daisy
  15:../../libDaisy/src/hid/usb.h ****     @author Stephen Hensley
  16:../../libDaisy/src/hid/usb.h ****     @date December 2019
  17:../../libDaisy/src/hid/usb.h **** */
  18:../../libDaisy/src/hid/usb.h **** class UsbHandle
  19:../../libDaisy/src/hid/usb.h **** {
  20:../../libDaisy/src/hid/usb.h ****   public:
  21:../../libDaisy/src/hid/usb.h ****     /** Return values for USBHandle Functions */
  22:../../libDaisy/src/hid/usb.h ****     enum class Result
  23:../../libDaisy/src/hid/usb.h ****     {
  24:../../libDaisy/src/hid/usb.h ****         OK,
  25:../../libDaisy/src/hid/usb.h ****         ERR,
  26:../../libDaisy/src/hid/usb.h ****     };
  27:../../libDaisy/src/hid/usb.h **** 
  28:../../libDaisy/src/hid/usb.h ****     /** Specified which of the two USB Peripherals to initialize. */
  29:../../libDaisy/src/hid/usb.h ****     enum UsbPeriph
  30:../../libDaisy/src/hid/usb.h ****     {
  31:../../libDaisy/src/hid/usb.h ****         FS_INTERNAL, /**< Internal pin */
  32:../../libDaisy/src/hid/usb.h ****         FS_EXTERNAL, /**< FS External D+ pin is Pin 38 (GPIO32). FS External D- pin is Pin 37 (GPIO
  33:../../libDaisy/src/hid/usb.h ****         FS_BOTH,     /**< Both */
  34:../../libDaisy/src/hid/usb.h ****     };
  35:../../libDaisy/src/hid/usb.h **** 
  36:../../libDaisy/src/hid/usb.h **** 
  37:../../libDaisy/src/hid/usb.h ****     /** Function called upon reception of a buffer */
  38:../../libDaisy/src/hid/usb.h ****     typedef void (*ReceiveCallback)(uint8_t* buff, uint32_t* len);
  39:../../libDaisy/src/hid/usb.h **** 
  40:../../libDaisy/src/hid/usb.h ****     UsbHandle() {}
  41:../../libDaisy/src/hid/usb.h **** 
  42:../../libDaisy/src/hid/usb.h ****     ~UsbHandle() {}
  44              		.loc 3 42 5 is_stmt 1 view .LVU3
  45              		.loc 3 42 5 is_stmt 0 view .LVU4
  46              	.LBE82:
  47              	.LBB83:
  48              	.LBI83:
  49              		.file 4 "../../libDaisy/src/per/adc.h"
   1:../../libDaisy/src/per/adc.h **** #pragma once
   2:../../libDaisy/src/per/adc.h **** #ifndef DSY_ADC_H
   3:../../libDaisy/src/per/adc.h **** #define DSY_ADC_H /**< Macro */
   4:../../libDaisy/src/per/adc.h **** #include <stdint.h>
   5:../../libDaisy/src/per/adc.h **** #include <stdlib.h>
   6:../../libDaisy/src/per/adc.h **** #include "daisy_core.h"
   7:../../libDaisy/src/per/adc.h **** #include "per/gpio.h"
   8:../../libDaisy/src/per/adc.h **** 
   9:../../libDaisy/src/per/adc.h **** #define DSY_ADC_MAX_CHANNELS 16 /**< Maximum number of ADC channels */
  10:../../libDaisy/src/per/adc.h **** 
  11:../../libDaisy/src/per/adc.h **** namespace daisy
  12:../../libDaisy/src/per/adc.h **** {
  13:../../libDaisy/src/per/adc.h **** /** @addtogroup per_analog
  14:../../libDaisy/src/per/adc.h ****     @{
  15:../../libDaisy/src/per/adc.h **** */
  16:../../libDaisy/src/per/adc.h **** 
  17:../../libDaisy/src/per/adc.h **** /* While there may not be many configuration options here,
  18:../../libDaisy/src/per/adc.h **** using a struct like this allows us to add more configuration
  19:../../libDaisy/src/per/adc.h **** later without breaking existing functionality.
ARM GAS  C:\Users\aydan\AppData\Local\Temp\ccTJoTh8.s 			page 5


  20:../../libDaisy/src/per/adc.h **** */
  21:../../libDaisy/src/per/adc.h **** 
  22:../../libDaisy/src/per/adc.h **** /** @brief   Configuration Structure for an ADC Channel 
  23:../../libDaisy/src/per/adc.h ****  *  @details This can be used to configure a a single input, 
  24:../../libDaisy/src/per/adc.h ****  *           or a multiplexed input, allowing up to 8 inputs on 
  25:../../libDaisy/src/per/adc.h ****  *           one channel.
  26:../../libDaisy/src/per/adc.h ****  *  @note    Sharing data lines to multiple muxes _is_ possible, but
  27:../../libDaisy/src/per/adc.h ****  *           each channel sharing data lines must be set to the maximum
  28:../../libDaisy/src/per/adc.h ****  *           number of channels, even if some multiplexers have fewer
  29:../../libDaisy/src/per/adc.h ****  *           inputs connected.
  30:../../libDaisy/src/per/adc.h **** */
  31:../../libDaisy/src/per/adc.h **** struct AdcChannelConfig
  32:../../libDaisy/src/per/adc.h **** {
  33:../../libDaisy/src/per/adc.h ****     /** Which pin to use for multiplexing */
  34:../../libDaisy/src/per/adc.h ****     enum MuxPin
  35:../../libDaisy/src/per/adc.h ****     {
  36:../../libDaisy/src/per/adc.h ****         MUX_SEL_0,    /**< & */
  37:../../libDaisy/src/per/adc.h ****         MUX_SEL_1,    /**< & */
  38:../../libDaisy/src/per/adc.h ****         MUX_SEL_2,    /**< & */
  39:../../libDaisy/src/per/adc.h ****         MUX_SEL_LAST, /**< & */
  40:../../libDaisy/src/per/adc.h ****     };
  41:../../libDaisy/src/per/adc.h **** 
  42:../../libDaisy/src/per/adc.h ****     /** \brief per channel conversion speed added to fixed time based on bitdepth, etc. */
  43:../../libDaisy/src/per/adc.h ****     enum ConversionSpeed
  44:../../libDaisy/src/per/adc.h ****     {
  45:../../libDaisy/src/per/adc.h ****         SPEED_1CYCLES_5,
  46:../../libDaisy/src/per/adc.h ****         SPEED_2CYCLES_5,
  47:../../libDaisy/src/per/adc.h ****         SPEED_8CYCLES_5,
  48:../../libDaisy/src/per/adc.h ****         SPEED_16CYCLES_5,
  49:../../libDaisy/src/per/adc.h ****         SPEED_32CYCLES_5,
  50:../../libDaisy/src/per/adc.h ****         SPEED_64CYCLES_5,
  51:../../libDaisy/src/per/adc.h ****         SPEED_387CYCLES_5,
  52:../../libDaisy/src/per/adc.h ****         SPEED_810CYCLES_5,
  53:../../libDaisy/src/per/adc.h ****     };
  54:../../libDaisy/src/per/adc.h **** 
  55:../../libDaisy/src/per/adc.h ****     /** Initializes a single ADC pin as an ADC. 
  56:../../libDaisy/src/per/adc.h ****     \param pin Pin to init.
  57:../../libDaisy/src/per/adc.h ****     \param speed conversion speed for this pin defaults to 8.5 cycles
  58:../../libDaisy/src/per/adc.h ****      */
  59:../../libDaisy/src/per/adc.h ****     void InitSingle(dsy_gpio_pin pin, ConversionSpeed speed = SPEED_8CYCLES_5);
  60:../../libDaisy/src/per/adc.h **** 
  61:../../libDaisy/src/per/adc.h ****     /** 
  62:../../libDaisy/src/per/adc.h ****     Initializes a single ADC pin as a Multiplexed ADC.
  63:../../libDaisy/src/per/adc.h ****     Requires a CD405X Multiplexer connected to the pin.
  64:../../libDaisy/src/per/adc.h ****     You only need to supply the mux pins that are required,
  65:../../libDaisy/src/per/adc.h ****     e.g. a 4052 mux would only require mux_0 and mux_1.
  66:../../libDaisy/src/per/adc.h ****     Internal Callbacks handle the pin addressing.
  67:../../libDaisy/src/per/adc.h ****     \param adc_pin &
  68:../../libDaisy/src/per/adc.h ****     \param mux_channels must be 1-8
  69:../../libDaisy/src/per/adc.h ****     \param mux_0 First mux pin
  70:../../libDaisy/src/per/adc.h ****     \param mux_1 Second mux pin
  71:../../libDaisy/src/per/adc.h ****     \param mux_2 Third mux pin
  72:../../libDaisy/src/per/adc.h ****     \param speed conversion speed for this pin defaults to 8.5 cycles
  73:../../libDaisy/src/per/adc.h ****     */
  74:../../libDaisy/src/per/adc.h ****     void InitMux(dsy_gpio_pin    adc_pin,
  75:../../libDaisy/src/per/adc.h ****                  size_t          mux_channels,
  76:../../libDaisy/src/per/adc.h ****                  dsy_gpio_pin    mux_0,
ARM GAS  C:\Users\aydan\AppData\Local\Temp\ccTJoTh8.s 			page 6


  77:../../libDaisy/src/per/adc.h ****                  dsy_gpio_pin    mux_1 = {DSY_GPIOX, 0},
  78:../../libDaisy/src/per/adc.h ****                  dsy_gpio_pin    mux_2 = {DSY_GPIOX, 0},
  79:../../libDaisy/src/per/adc.h ****                  ConversionSpeed speed = SPEED_8CYCLES_5);
  80:../../libDaisy/src/per/adc.h **** 
  81:../../libDaisy/src/per/adc.h ****     dsy_gpio        pin_;                   /**< & */
  82:../../libDaisy/src/per/adc.h ****     dsy_gpio        mux_pin_[MUX_SEL_LAST]; /**< & */
  83:../../libDaisy/src/per/adc.h ****     uint8_t         mux_channels_;          /**< & */
  84:../../libDaisy/src/per/adc.h ****     ConversionSpeed speed_;
  85:../../libDaisy/src/per/adc.h **** };
  86:../../libDaisy/src/per/adc.h **** 
  87:../../libDaisy/src/per/adc.h **** /**
  88:../../libDaisy/src/per/adc.h ****    @brief Handler for analog to digital conversion
  89:../../libDaisy/src/per/adc.h **** */
  90:../../libDaisy/src/per/adc.h **** class AdcHandle
  91:../../libDaisy/src/per/adc.h **** {
  92:../../libDaisy/src/per/adc.h ****   public:
  93:../../libDaisy/src/per/adc.h ****     /** Supported oversampling amounts */
  94:../../libDaisy/src/per/adc.h ****     enum OverSampling
  95:../../libDaisy/src/per/adc.h ****     {
  96:../../libDaisy/src/per/adc.h ****         OVS_NONE, /**< & */
  97:../../libDaisy/src/per/adc.h ****         OVS_4,    /**< & */
  98:../../libDaisy/src/per/adc.h ****         OVS_8,    /**< & */
  99:../../libDaisy/src/per/adc.h ****         OVS_16,   /**< & */
 100:../../libDaisy/src/per/adc.h ****         OVS_32,   /**< & */
 101:../../libDaisy/src/per/adc.h ****         OVS_64,   /**< & */
 102:../../libDaisy/src/per/adc.h ****         OVS_128,  /**< & */
 103:../../libDaisy/src/per/adc.h ****         OVS_256,  /**< & */
 104:../../libDaisy/src/per/adc.h ****         OVS_512,  /**< & */
 105:../../libDaisy/src/per/adc.h ****         OVS_1024, /**< & */
 106:../../libDaisy/src/per/adc.h ****         OVS_LAST, /**< & */
 107:../../libDaisy/src/per/adc.h ****     };
 108:../../libDaisy/src/per/adc.h **** 
 109:../../libDaisy/src/per/adc.h ****     AdcHandle() {}
 110:../../libDaisy/src/per/adc.h ****     ~AdcHandle() {}
  50              		.loc 4 110 5 is_stmt 1 view .LVU5
  51              		.loc 4 110 5 is_stmt 0 view .LVU6
  52              	.LBE83:
  53              	.LBB84:
  54              	.LBI84:
  55              		.file 5 "../../libDaisy/src/hid/audio.h"
   1:../../libDaisy/src/hid/audio.h **** #ifndef DSY_AUDIO_H
   2:../../libDaisy/src/hid/audio.h **** #define DSY_AUDIO_H /**< & */
   3:../../libDaisy/src/hid/audio.h **** 
   4:../../libDaisy/src/hid/audio.h **** #include "per/sai.h"
   5:../../libDaisy/src/hid/audio.h **** 
   6:../../libDaisy/src/hid/audio.h **** namespace daisy
   7:../../libDaisy/src/hid/audio.h **** {
   8:../../libDaisy/src/hid/audio.h **** /** @brief Audio Engine Handle
   9:../../libDaisy/src/hid/audio.h ****  *  @ingroup audio 
  10:../../libDaisy/src/hid/audio.h ****  *  @details This class allows for higher level access to an audio engine.
  11:../../libDaisy/src/hid/audio.h ****  *           If you're using a SOM like the DaisySeed or DaisyPatchSM (or any 
  12:../../libDaisy/src/hid/audio.h ****  *            board that includes one of those objects) then the intialization
  13:../../libDaisy/src/hid/audio.h ****  *            is already taken  care of.
  14:../../libDaisy/src/hid/audio.h ****  *           If you're setting up your own custom hardware, or need to make changes
  15:../../libDaisy/src/hid/audio.h ****  *           you will have to take the following steps:
  16:../../libDaisy/src/hid/audio.h ****  *             1. Create and Initialize an SaiHandle or two depending on your requirements
  17:../../libDaisy/src/hid/audio.h ****  *             2. Initialize the Audio Handle with the desired settings and the Initialized SaiHand
ARM GAS  C:\Users\aydan\AppData\Local\Temp\ccTJoTh8.s 			page 7


  18:../../libDaisy/src/hid/audio.h ****  *             3. If the connected codec requires special configuration or initialization, do so
  19:../../libDaisy/src/hid/audio.h ****  *             4. Write a callback method using either the AudioCallback or the InterleavingAudioCa
  20:../../libDaisy/src/hid/audio.h ****  *             5. Start the Audio using one of the StartAudio function
  21:../../libDaisy/src/hid/audio.h ****  */
  22:../../libDaisy/src/hid/audio.h **** class AudioHandle
  23:../../libDaisy/src/hid/audio.h **** {
  24:../../libDaisy/src/hid/audio.h ****   public:
  25:../../libDaisy/src/hid/audio.h ****     /** Manually configurable details about the Audio Engine */
  26:../../libDaisy/src/hid/audio.h ****     /** TODO: Figure out how to get samplerate in here. */
  27:../../libDaisy/src/hid/audio.h ****     struct Config
  28:../../libDaisy/src/hid/audio.h ****     {
  29:../../libDaisy/src/hid/audio.h ****         /** number of samples to process per callback */
  30:../../libDaisy/src/hid/audio.h ****         size_t blocksize;
  31:../../libDaisy/src/hid/audio.h **** 
  32:../../libDaisy/src/hid/audio.h ****         /**< Sample rate of audio */
  33:../../libDaisy/src/hid/audio.h ****         SaiHandle::Config::SampleRate samplerate;
  34:../../libDaisy/src/hid/audio.h **** 
  35:../../libDaisy/src/hid/audio.h ****         /** factor for adjustment before and after callback for hardware that may have extra headro
  36:../../libDaisy/src/hid/audio.h ****         float postgain;
  37:../../libDaisy/src/hid/audio.h **** 
  38:../../libDaisy/src/hid/audio.h ****         /** factor for additional one-sided compensation to audio path for hardware that may
  39:../../libDaisy/src/hid/audio.h ****          *  have unequal input/output ranges
  40:../../libDaisy/src/hid/audio.h ****          */
  41:../../libDaisy/src/hid/audio.h ****         float output_compensation;
  42:../../libDaisy/src/hid/audio.h **** 
  43:../../libDaisy/src/hid/audio.h ****         /** Sets default values for config struct */
  44:../../libDaisy/src/hid/audio.h ****         Config()
  45:../../libDaisy/src/hid/audio.h ****         : blocksize(48),
  46:../../libDaisy/src/hid/audio.h ****           samplerate(SaiHandle::Config::SampleRate::SAI_48KHZ),
  47:../../libDaisy/src/hid/audio.h ****           postgain(1.f),
  48:../../libDaisy/src/hid/audio.h ****           output_compensation(1.f)
  49:../../libDaisy/src/hid/audio.h ****         {
  50:../../libDaisy/src/hid/audio.h ****         }
  51:../../libDaisy/src/hid/audio.h ****     };
  52:../../libDaisy/src/hid/audio.h **** 
  53:../../libDaisy/src/hid/audio.h ****     enum class Result
  54:../../libDaisy/src/hid/audio.h ****     {
  55:../../libDaisy/src/hid/audio.h ****         OK,
  56:../../libDaisy/src/hid/audio.h ****         ERR,
  57:../../libDaisy/src/hid/audio.h ****     };
  58:../../libDaisy/src/hid/audio.h **** 
  59:../../libDaisy/src/hid/audio.h ****     /** Non-Interleaving input buffer
  60:../../libDaisy/src/hid/audio.h ****      * Buffer arranged by float[chn][sample] 
  61:../../libDaisy/src/hid/audio.h ****      * const so that the user can't modify the input
  62:../../libDaisy/src/hid/audio.h ****      */
  63:../../libDaisy/src/hid/audio.h ****     typedef const float* const* InputBuffer;
  64:../../libDaisy/src/hid/audio.h **** 
  65:../../libDaisy/src/hid/audio.h ****     /** Non-Interleaving output buffer
  66:../../libDaisy/src/hid/audio.h ****      * Arranged by float[chn][sample] 
  67:../../libDaisy/src/hid/audio.h ****      */
  68:../../libDaisy/src/hid/audio.h ****     typedef float** OutputBuffer;
  69:../../libDaisy/src/hid/audio.h **** 
  70:../../libDaisy/src/hid/audio.h ****     /** Type for a Non-Interleaving audio callback 
  71:../../libDaisy/src/hid/audio.h ****      * Non-Interleaving audio callbacks in daisy will be of this type
  72:../../libDaisy/src/hid/audio.h ****      */
  73:../../libDaisy/src/hid/audio.h ****     typedef void (*AudioCallback)(InputBuffer  in,
  74:../../libDaisy/src/hid/audio.h ****                                   OutputBuffer out,
ARM GAS  C:\Users\aydan\AppData\Local\Temp\ccTJoTh8.s 			page 8


  75:../../libDaisy/src/hid/audio.h ****                                   size_t       size);
  76:../../libDaisy/src/hid/audio.h **** 
  77:../../libDaisy/src/hid/audio.h ****     /** Interleaving Input buffer
  78:../../libDaisy/src/hid/audio.h ****      ** audio is prepared as { L0, R0, L1, R1, . . . LN, RN }]
  79:../../libDaisy/src/hid/audio.h ****      ** this is const, as the user shouldn't modify it
  80:../../libDaisy/src/hid/audio.h ****     */
  81:../../libDaisy/src/hid/audio.h ****     typedef const float* InterleavingInputBuffer;
  82:../../libDaisy/src/hid/audio.h **** 
  83:../../libDaisy/src/hid/audio.h ****     /** Interleaving Output buffer 
  84:../../libDaisy/src/hid/audio.h ****      ** audio is prepared as { L0, R0, L1, R1, . . . LN, RN }
  85:../../libDaisy/src/hid/audio.h ****     */
  86:../../libDaisy/src/hid/audio.h ****     typedef float* InterleavingOutputBuffer;
  87:../../libDaisy/src/hid/audio.h **** 
  88:../../libDaisy/src/hid/audio.h ****     /** Interleaving Audio Callback 
  89:../../libDaisy/src/hid/audio.h ****      * Interleaving audio callbacks in daisy must be of this type
  90:../../libDaisy/src/hid/audio.h ****      */
  91:../../libDaisy/src/hid/audio.h ****     typedef void (*InterleavingAudioCallback)(InterleavingInputBuffer  in,
  92:../../libDaisy/src/hid/audio.h ****                                               InterleavingOutputBuffer out,
  93:../../libDaisy/src/hid/audio.h ****                                               size_t                   size);
  94:../../libDaisy/src/hid/audio.h **** 
  95:../../libDaisy/src/hid/audio.h ****     AudioHandle() : pimpl_(nullptr) {}
  96:../../libDaisy/src/hid/audio.h ****     ~AudioHandle() {}
  56              		.loc 5 96 5 is_stmt 1 view .LVU7
  57              		.loc 5 96 5 is_stmt 0 view .LVU8
  58              	.LBE84:
  59              		.loc 1 22 19 view .LVU9
  60 0000 7047     		bx	lr
  61              		.cfi_endproc
  62              	.LFE2555:
  64              		.weak	_ZN5daisy9DaisySeedD1Ev
  65              		.thumb_set _ZN5daisy9DaisySeedD1Ev,_ZN5daisy9DaisySeedD2Ev
  66 0002 00BF     		.section	.text._ZN12_GLOBAL__N_113AudioCallbackEPKPKfPPfj,"ax",%progbits
  67              		.align	1
  68              		.p2align 2,,3
  69              		.syntax unified
  70              		.thumb
  71              		.thumb_func
  72              		.fpu fpv5-d16
  74              	_ZN12_GLOBAL__N_113AudioCallbackEPKPKfPPfj:
  75              	.LVL1:
  76              	.LFB2570:
  77              		.file 6 "src/main.cpp"
   1:src/main.cpp  **** #include "diagnostic_config.h"
   2:src/main.cpp  **** #include "daisy_seed.h"
   3:src/main.cpp  **** 
   4:src/main.cpp  **** #if DIAG_HAS_MAILBOX
   5:src/main.cpp  **** #include "control_mailbox.h"
   6:src/main.cpp  **** #endif
   7:src/main.cpp  **** #if DIAG_HAS_CONTROLS
   8:src/main.cpp  **** #include "controls.h"
   9:src/main.cpp  **** #endif
  10:src/main.cpp  **** #if DIAG_HAS_TELEMETRY
  11:src/main.cpp  **** #include "telemetry.h"
  12:src/main.cpp  **** #endif
  13:src/main.cpp  **** #if DIAG_HAS_TUNER_OBJECTS
  14:src/main.cpp  **** #include "tuner.h"
  15:src/main.cpp  **** #endif
ARM GAS  C:\Users\aydan\AppData\Local\Temp\ccTJoTh8.s 			page 9


  16:src/main.cpp  **** #if DIAG_HAS_THERMAL
  17:src/main.cpp  **** #include "thermal_monitor.h"
  18:src/main.cpp  **** #endif
  19:src/main.cpp  **** #if DIAG_HAS_AUDIOENGINE
  20:src/main.cpp  **** #include "audio_engine.h"
  21:src/main.cpp  **** #endif
  22:src/main.cpp  **** 
  23:src/main.cpp  **** #if DIAG_AUDIO_MODE == DIAG_AUDIO_SINE_440
  24:src/main.cpp  **** #include <cmath>
  25:src/main.cpp  **** #endif
  26:src/main.cpp  **** 
  27:src/main.cpp  **** using namespace daisy;
  28:src/main.cpp  **** 
  29:src/main.cpp  **** namespace
  30:src/main.cpp  **** {
  31:src/main.cpp  **** template <typename T>
  32:src/main.cpp  **** void RetainDiagnosticObject(T& object)
  33:src/main.cpp  **** {
  34:src/main.cpp  ****     asm volatile("" : : "r"(&object));
  35:src/main.cpp  **** }
  36:src/main.cpp  **** 
  37:src/main.cpp  **** DaisySeed hw;
  38:src/main.cpp  **** 
  39:src/main.cpp  **** #if DIAG_HAS_MAILBOX
  40:src/main.cpp  **** app::ControlMailbox control_mailbox;
  41:src/main.cpp  **** #endif
  42:src/main.cpp  **** #if DIAG_HAS_CONTROLS
  43:src/main.cpp  **** app::Controls controls;
  44:src/main.cpp  **** #endif
  45:src/main.cpp  **** #if DIAG_HAS_TUNER_OBJECTS
  46:src/main.cpp  **** app::TunerCapture  tuner_capture;
  47:src/main.cpp  **** app::TunerAnalyzer tuner_analyzer;
  48:src/main.cpp  **** #endif
  49:src/main.cpp  **** #if DIAG_HAS_AUDIOENGINE
  50:src/main.cpp  **** app::AudioEngine audio_engine;
  51:src/main.cpp  **** #endif
  52:src/main.cpp  **** #if DIAG_HAS_TELEMETRY
  53:src/main.cpp  **** app::Telemetry telemetry;
  54:src/main.cpp  **** #endif
  55:src/main.cpp  **** #if DIAG_HAS_THERMAL
  56:src/main.cpp  **** app::ThermalMonitor thermal_monitor;
  57:src/main.cpp  **** #endif
  58:src/main.cpp  **** #if DIAG_ANALYZE_TUNER
  59:src/main.cpp  **** float DMA_BUFFER_MEM_SECTION
  60:src/main.cpp  ****     tuner_source_window[app::config::kTunerSourceWindowSize];
  61:src/main.cpp  **** #endif
  62:src/main.cpp  **** 
  63:src/main.cpp  **** void AudioCallback(AudioHandle::InputBuffer  in,
  64:src/main.cpp  ****                    AudioHandle::OutputBuffer out,
  65:src/main.cpp  ****                    size_t                    size)
  66:src/main.cpp  **** {
  78              		.loc 6 66 1 is_stmt 1 view -0
  79              		.cfi_startproc
  80              		@ args = 0, pretend = 0, frame = 0
  81              		@ frame_needed = 0, uses_anonymous_args = 0
  82              		@ link register save eliminated.
  67:src/main.cpp  **** #if DIAG_CAPTURE_TUNER && !DIAG_PROCESS_AUDIOENGINE
ARM GAS  C:\Users\aydan\AppData\Local\Temp\ccTJoTh8.s 			page 10


  68:src/main.cpp  ****     tuner_capture.WriteBlock(in[0], size);
  69:src/main.cpp  **** #endif
  70:src/main.cpp  **** 
  71:src/main.cpp  **** #if DIAG_AUDIO_MODE == DIAG_AUDIO_DIRECT_STEREO_BYPASS
  72:src/main.cpp  ****     for(size_t i = 0; i < size; ++i)
  83              		.loc 6 72 5 view .LVU11
  84              	.LBB85:
  85              		.loc 6 72 25 view .LVU12
  86 0000 9AB1     		cbz	r2, .L11
  87 0002 0368     		ldr	r3, [r0]
  88 0004 4068     		ldr	r0, [r0, #4]
  89              	.LVL2:
  90              		.loc 6 72 25 is_stmt 0 view .LVU13
  91 0006 03EB820C 		add	ip, r3, r2, lsl #2
  92              	.LBE85:
  66:src/main.cpp  **** #if DIAG_CAPTURE_TUNER && !DIAG_PROCESS_AUDIOENGINE
  93              		.loc 6 66 1 view .LVU14
  94 000a 10B4     		push	{r4}
  95              		.cfi_def_cfa_offset 4
  96              		.cfi_offset 4, -4
  97 000c 0C68     		ldr	r4, [r1]
  98 000e 4968     		ldr	r1, [r1, #4]
  99              	.LVL3:
 100              	.L5:
 101              	.LBB86:
  73:src/main.cpp  ****     {
  74:src/main.cpp  ****         out[0][i] = in[0][i];
 102              		.loc 6 74 9 is_stmt 1 discriminator 2 view .LVU15
 103              		.loc 6 74 28 is_stmt 0 discriminator 2 view .LVU16
 104 0010 53F8042B 		ldr	r2, [r3], #4	@ float
 105              		.loc 6 74 19 discriminator 2 view .LVU17
 106 0014 44F8042B 		str	r2, [r4], #4	@ float
  75:src/main.cpp  ****         out[1][i] = in[1][i];
 107              		.loc 6 75 9 is_stmt 1 discriminator 2 view .LVU18
  72:src/main.cpp  ****     {
 108              		.loc 6 72 25 is_stmt 0 discriminator 2 view .LVU19
 109 0018 6345     		cmp	r3, ip
 110              		.loc 6 75 28 discriminator 2 view .LVU20
 111 001a 50F8042B 		ldr	r2, [r0], #4	@ float
 112              		.loc 6 75 19 discriminator 2 view .LVU21
 113 001e 41F8042B 		str	r2, [r1], #4	@ float
  72:src/main.cpp  ****     {
 114              		.loc 6 72 5 is_stmt 1 discriminator 2 view .LVU22
  72:src/main.cpp  ****     {
 115              		.loc 6 72 25 discriminator 2 view .LVU23
 116 0022 F5D1     		bne	.L5
 117              	.LBE86:
  76:src/main.cpp  ****     }
  77:src/main.cpp  **** #elif DIAG_AUDIO_MODE == DIAG_AUDIO_DIRECT_MONO_BYPASS
  78:src/main.cpp  ****     for(size_t i = 0; i < size; ++i)
  79:src/main.cpp  ****     {
  80:src/main.cpp  ****         out[0][i] = in[0][i];
  81:src/main.cpp  ****         out[1][i] = in[0][i];
  82:src/main.cpp  ****     }
  83:src/main.cpp  **** #elif DIAG_AUDIO_MODE == DIAG_AUDIO_SINE_440
  84:src/main.cpp  ****     static float phase     = 0.0f;
  85:src/main.cpp  ****     const float  increment = 6.28318530718f * 440.0f / 48000.0f;
ARM GAS  C:\Users\aydan\AppData\Local\Temp\ccTJoTh8.s 			page 11


  86:src/main.cpp  ****     for(size_t i = 0; i < size; ++i)
  87:src/main.cpp  ****     {
  88:src/main.cpp  ****         const float sample = 0.1f * sinf(phase);
  89:src/main.cpp  ****         phase += increment;
  90:src/main.cpp  ****         if(phase >= 6.28318530718f)
  91:src/main.cpp  ****             phase -= 6.28318530718f;
  92:src/main.cpp  ****         out[0][i] = sample;
  93:src/main.cpp  ****         out[1][i] = sample;
  94:src/main.cpp  ****     }
  95:src/main.cpp  **** #elif DIAG_AUDIO_MODE == DIAG_AUDIO_SILENCE
  96:src/main.cpp  ****     (void)in;
  97:src/main.cpp  ****     for(size_t i = 0; i < size; ++i)
  98:src/main.cpp  ****     {
  99:src/main.cpp  ****         out[0][i] = 0.0f;
 100:src/main.cpp  ****         out[1][i] = 0.0f;
 101:src/main.cpp  ****     }
 102:src/main.cpp  **** #elif DIAG_AUDIO_MODE == DIAG_AUDIO_ENGINE
 103:src/main.cpp  ****     audio_engine.Process(in, out, size);
 104:src/main.cpp  **** #endif
 105:src/main.cpp  **** }
 118              		.loc 6 105 1 is_stmt 0 view .LVU24
 119 0024 5DF8044B 		ldr	r4, [sp], #4
 120              		.cfi_restore 4
 121              		.cfi_def_cfa_offset 0
 122 0028 7047     		bx	lr
 123              	.LVL4:
 124              	.L11:
 125              		.loc 6 105 1 view .LVU25
 126 002a 7047     		bx	lr
 127              		.cfi_endproc
 128              	.LFE2570:
 130              		.section	.text.startup.main,"ax",%progbits
 131              		.align	1
 132              		.p2align 2,,3
 133              		.global	main
 134              		.syntax unified
 135              		.thumb
 136              		.thumb_func
 137              		.fpu fpv5-d16
 139              	main:
 140              	.LFB2571:
 106:src/main.cpp  **** } // namespace
 107:src/main.cpp  **** 
 108:src/main.cpp  **** int main(void)
 109:src/main.cpp  **** {
 141              		.loc 6 109 1 is_stmt 1 view -0
 142              		.cfi_startproc
 143              		@ Volatile: function does not return.
 144              		@ args = 0, pretend = 0, frame = 0
 145              		@ frame_needed = 0, uses_anonymous_args = 0
 110:src/main.cpp  ****     hw.Init();
 146              		.loc 6 110 5 view .LVU27
 109:src/main.cpp  ****     hw.Init();
 147              		.loc 6 109 1 is_stmt 0 view .LVU28
 148 0000 08B5     		push	{r3, lr}
 149              		.cfi_def_cfa_offset 8
 150              		.cfi_offset 3, -8
ARM GAS  C:\Users\aydan\AppData\Local\Temp\ccTJoTh8.s 			page 12


 151              		.cfi_offset 14, -4
 152              		.loc 6 110 12 view .LVU29
 153 0002 0021     		movs	r1, #0
 154 0004 0A48     		ldr	r0, .L17
 155 0006 FFF7FEFF 		bl	_ZN5daisy9DaisySeed4InitEb
 156              	.LVL5:
 111:src/main.cpp  ****     hw.SetAudioSampleRate(SaiHandle::Config::SampleRate::SAI_48KHZ);
 157              		.loc 6 111 5 is_stmt 1 view .LVU30
 158              		.loc 6 111 26 is_stmt 0 view .LVU31
 159 000a 0321     		movs	r1, #3
 160 000c 0848     		ldr	r0, .L17
 161 000e FFF7FEFF 		bl	_ZN5daisy9DaisySeed18SetAudioSampleRateENS_9SaiHandle6Config10SampleRateE
 162              	.LVL6:
 112:src/main.cpp  ****     hw.SetAudioBlockSize(48);
 163              		.loc 6 112 5 is_stmt 1 view .LVU32
 164              		.loc 6 112 25 is_stmt 0 view .LVU33
 165 0012 3021     		movs	r1, #48
 166 0014 0648     		ldr	r0, .L17
 167 0016 FFF7FEFF 		bl	_ZN5daisy9DaisySeed17SetAudioBlockSizeEj
 168              	.LVL7:
 113:src/main.cpp  **** 
 114:src/main.cpp  **** #if DIAG_STAGE != DIAG_STAGE_PRODUCTION
 115:src/main.cpp  **** #if DIAG_HAS_MAILBOX
 116:src/main.cpp  ****     RetainDiagnosticObject(control_mailbox);
 169              		.loc 6 116 5 is_stmt 1 view .LVU34
 170              	.LBB87:
 171              	.LBI87:
  32:src/main.cpp  **** {
 172              		.loc 6 32 6 view .LVU35
 173              	.LBB88:
  34:src/main.cpp  **** }
 174              		.loc 6 34 5 is_stmt 0 view .LVU36
 175 001a 064A     		ldr	r2, .L17+4
 176              	.LVL8:
  34:src/main.cpp  **** }
 177              		.loc 6 34 5 view .LVU37
 178              	.LBE88:
 179              	.LBE87:
 117:src/main.cpp  **** #endif
 118:src/main.cpp  **** #if DIAG_HAS_CONTROLS
 119:src/main.cpp  ****     RetainDiagnosticObject(controls);
 180              		.loc 6 119 5 is_stmt 1 view .LVU38
 181              	.LBB89:
 182              	.LBI89:
  32:src/main.cpp  **** {
 183              		.loc 6 32 6 view .LVU39
 184              	.LBB90:
  34:src/main.cpp  **** }
 185              		.loc 6 34 5 is_stmt 0 view .LVU40
 186 001c 0648     		ldr	r0, .L17+8
 187              	.LVL9:
  34:src/main.cpp  **** }
 188              		.loc 6 34 5 view .LVU41
 189              	.LBE90:
 190              	.LBE89:
 120:src/main.cpp  **** #endif
 121:src/main.cpp  **** #if DIAG_HAS_TELEMETRY
ARM GAS  C:\Users\aydan\AppData\Local\Temp\ccTJoTh8.s 			page 13


 122:src/main.cpp  ****     RetainDiagnosticObject(telemetry);
 123:src/main.cpp  **** #endif
 124:src/main.cpp  **** #if DIAG_HAS_TUNER_OBJECTS
 125:src/main.cpp  ****     RetainDiagnosticObject(tuner_capture);
 126:src/main.cpp  ****     RetainDiagnosticObject(tuner_analyzer);
 127:src/main.cpp  **** #endif
 128:src/main.cpp  **** #if DIAG_HAS_THERMAL
 129:src/main.cpp  ****     RetainDiagnosticObject(thermal_monitor);
 130:src/main.cpp  **** #endif
 131:src/main.cpp  **** #if DIAG_HAS_AUDIOENGINE
 132:src/main.cpp  ****     RetainDiagnosticObject(audio_engine);
 133:src/main.cpp  **** #endif
 134:src/main.cpp  **** #endif
 135:src/main.cpp  **** 
 136:src/main.cpp  **** #if DIAG_STAGE == DIAG_STAGE_PRODUCTION
 137:src/main.cpp  ****     telemetry.Init();
 138:src/main.cpp  ****     controls.Init(hw, control_mailbox);
 139:src/main.cpp  ****     thermal_monitor.Init(System::GetNow());
 140:src/main.cpp  **** #if THERMAL_DEBUG_TELEMETRY
 141:src/main.cpp  ****     app::ThermalCalibrationInfo thermal_calibration;
 142:src/main.cpp  ****     if(thermal_monitor.TakeCalibrationDebug(thermal_calibration))
 143:src/main.cpp  ****         telemetry.SendThermalCalibration(thermal_calibration);
 144:src/main.cpp  **** #endif
 145:src/main.cpp  ****     tuner_capture.Init();
 146:src/main.cpp  ****     tuner_analyzer.Reset(System::GetNow());
 147:src/main.cpp  ****     audio_engine.Init(hw.AudioSampleRate(), control_mailbox, tuner_capture);
 148:src/main.cpp  **** #else
 149:src/main.cpp  **** #if DIAG_INIT_CONTROLS
 150:src/main.cpp  ****     controls.Init(hw, control_mailbox);
 191              		.loc 6 150 5 is_stmt 1 view .LVU42
 192              		.loc 6 150 18 is_stmt 0 view .LVU43
 193 001e 0449     		ldr	r1, .L17
 194 0020 FFF7FEFF 		bl	_ZN3app8Controls4InitERN5daisy9DaisySeedERNS_14ControlMailboxE
 195              	.LVL10:
 151:src/main.cpp  **** #endif
 152:src/main.cpp  **** #if DIAG_INIT_TELEMETRY
 153:src/main.cpp  ****     telemetry.Init();
 154:src/main.cpp  **** #endif
 155:src/main.cpp  **** #if DIAG_INIT_TUNER
 156:src/main.cpp  ****     tuner_capture.Init();
 157:src/main.cpp  ****     tuner_analyzer.Reset(System::GetNow());
 158:src/main.cpp  **** #endif
 159:src/main.cpp  **** #if DIAG_INIT_THERMAL
 160:src/main.cpp  ****     thermal_monitor.Init(System::GetNow(), false);
 161:src/main.cpp  **** #if THERMAL_DEBUG_TELEMETRY && DIAG_INIT_TELEMETRY
 162:src/main.cpp  ****     app::ThermalCalibrationInfo thermal_calibration;
 163:src/main.cpp  ****     if(thermal_monitor.TakeCalibrationDebug(thermal_calibration))
 164:src/main.cpp  ****         telemetry.SendThermalCalibration(thermal_calibration);
 165:src/main.cpp  **** #endif
 166:src/main.cpp  **** #endif
 167:src/main.cpp  **** #if DIAG_INIT_AUDIOENGINE
 168:src/main.cpp  ****     audio_engine.Init(hw.AudioSampleRate(), control_mailbox, tuner_capture);
 169:src/main.cpp  **** #endif
 170:src/main.cpp  **** #endif
 171:src/main.cpp  **** 
 172:src/main.cpp  ****     hw.StartAudio(AudioCallback);
 196              		.loc 6 172 5 is_stmt 1 view .LVU44
ARM GAS  C:\Users\aydan\AppData\Local\Temp\ccTJoTh8.s 			page 14


 197              		.loc 6 172 18 is_stmt 0 view .LVU45
 198 0024 0549     		ldr	r1, .L17+12
 199 0026 0248     		ldr	r0, .L17
 200 0028 FFF7FEFF 		bl	_ZN5daisy9DaisySeed10StartAudioEPFvPKPKfPPfjE
 201              	.LVL11:
 202              	.L15:
 173:src/main.cpp  **** 
 174:src/main.cpp  **** #if !DIAG_SERVICE_CONTROLS && !DIAG_SERVICE_THERMAL
 175:src/main.cpp  ****     while(1) {}
 203              		.loc 6 175 5 is_stmt 1 discriminator 1 view .LVU46
 204              		.loc 6 175 5 discriminator 1 view .LVU47
 205              		.loc 6 175 5 discriminator 1 view .LVU48
 206              		.loc 6 175 5 discriminator 1 view .LVU49
 207 002c FEE7     		b	.L15
 208              	.L18:
 209 002e 00BF     		.align	2
 210              	.L17:
 211 0030 00000000 		.word	.LANCHOR0
 212 0034 00000000 		.word	.LANCHOR1
 213 0038 00000000 		.word	.LANCHOR2
 214 003c 00000000 		.word	_ZN12_GLOBAL__N_113AudioCallbackEPKPKfPPfj
 215              		.cfi_endproc
 216              	.LFE2571:
 218              		.section	.text.startup._GLOBAL__sub_I_main,"ax",%progbits
 219              		.align	1
 220              		.p2align 2,,3
 221              		.syntax unified
 222              		.thumb
 223              		.thumb_func
 224              		.fpu fpv5-d16
 226              	_GLOBAL__sub_I_main:
 227              	.LFB2592:
 176:src/main.cpp  **** #else
 177:src/main.cpp  ****     uint8_t  last_sent_effect       = 0xffu;
 178:src/main.cpp  ****     uint8_t  current_effect         = app::config::FX_TUNER;
 179:src/main.cpp  ****     bool     previous_tuner_mode    = false;
 180:src/main.cpp  ****     uint32_t last_pots_tx           = 0;
 181:src/main.cpp  ****     uint32_t last_tuner_tx          = 0;
 182:src/main.cpp  ****     uint32_t last_tuner_disabled_tx = 0;
 183:src/main.cpp  ****     uint32_t last_rotary_cal_tx     = 0;
 184:src/main.cpp  ****     uint32_t last_thermal_debug_tx  = 0;
 185:src/main.cpp  ****     uint32_t last_cpu_tx            = 0;
 186:src/main.cpp  **** 
 187:src/main.cpp  ****     while(1)
 188:src/main.cpp  ****     {
 189:src/main.cpp  ****         const uint32_t now             = System::GetNow();
 190:src/main.cpp  **** 
 191:src/main.cpp  **** #if DIAG_SERVICE_THERMAL
 192:src/main.cpp  ****         const bool     thermal_sampled = thermal_monitor.Service(now);
 193:src/main.cpp  **** #if DIAG_STAGE == DIAG_STAGE_PRODUCTION
 194:src/main.cpp  ****         if(thermal_monitor.IsSafetyLatched())
 195:src/main.cpp  ****         {
 196:src/main.cpp  ****             controls.RequestThermalShutdown();
 197:src/main.cpp  ****             const app::ThermalFaultKind fault
 198:src/main.cpp  ****                 = thermal_monitor.TakeFaultNotification();
 199:src/main.cpp  ****             if(app::config::kThermalFaultMessagesEnabled)
 200:src/main.cpp  ****             {
ARM GAS  C:\Users\aydan\AppData\Local\Temp\ccTJoTh8.s 			page 15


 201:src/main.cpp  ****                 if(fault == app::ThermalFaultKind::Thermal)
 202:src/main.cpp  ****                     telemetry.SendThermalFault(
 203:src/main.cpp  ****                         thermal_monitor.filtered_temperature_c());
 204:src/main.cpp  ****                 else if(fault == app::ThermalFaultKind::Sensor)
 205:src/main.cpp  ****                     telemetry.SendTemperatureSensorFault(
 206:src/main.cpp  ****                         thermal_monitor.last_error_code());
 207:src/main.cpp  ****             }
 208:src/main.cpp  ****             hw.SetLed(thermal_monitor.FaultLedOn(now));
 209:src/main.cpp  ****             System::Delay(app::config::kThermalFaultLoopDelayMs);
 210:src/main.cpp  ****             continue;
 211:src/main.cpp  ****         }
 212:src/main.cpp  **** #else
 213:src/main.cpp  ****         if(thermal_monitor.IsSafetyLatched())
 214:src/main.cpp  ****         {
 215:src/main.cpp  **** #if DIAG_ENFORCE_THERMAL_AUDIO_SHUTDOWN
 216:src/main.cpp  ****             controls.RequestThermalShutdown();
 217:src/main.cpp  **** #endif
 218:src/main.cpp  ****             const app::ThermalFaultKind fault
 219:src/main.cpp  ****                 = thermal_monitor.TakeFaultNotification();
 220:src/main.cpp  **** #if DIAG_INIT_TELEMETRY
 221:src/main.cpp  ****             if(fault == app::ThermalFaultKind::Thermal)
 222:src/main.cpp  ****                 telemetry.SendThermalFault(
 223:src/main.cpp  ****                     thermal_monitor.filtered_temperature_c());
 224:src/main.cpp  ****             else if(fault == app::ThermalFaultKind::Sensor)
 225:src/main.cpp  ****                 telemetry.SendTemperatureSensorFault(
 226:src/main.cpp  ****                     thermal_monitor.last_error_code());
 227:src/main.cpp  **** #else
 228:src/main.cpp  ****             (void)fault;
 229:src/main.cpp  **** #endif
 230:src/main.cpp  ****             hw.SetLed(thermal_monitor.FaultLedOn(now));
 231:src/main.cpp  ****         }
 232:src/main.cpp  **** #endif
 233:src/main.cpp  **** #if THERMAL_DEBUG_TELEMETRY && DIAG_INIT_TELEMETRY
 234:src/main.cpp  ****         if(thermal_sampled
 235:src/main.cpp  ****            && (uint32_t)(now - last_thermal_debug_tx)
 236:src/main.cpp  ****                   >= app::config::kThermalDebugTelemetryPeriodMs)
 237:src/main.cpp  ****         {
 238:src/main.cpp  ****             last_thermal_debug_tx = now;
 239:src/main.cpp  ****             telemetry.SendThermalDebug(thermal_monitor.filtered_temperature_c(),
 240:src/main.cpp  ****                                        thermal_monitor.last_raw_temperature(),
 241:src/main.cpp  ****                                        thermal_monitor.state());
 242:src/main.cpp  ****         }
 243:src/main.cpp  **** #else
 244:src/main.cpp  ****         (void)thermal_sampled;
 245:src/main.cpp  ****         (void)last_thermal_debug_tx;
 246:src/main.cpp  **** #endif
 247:src/main.cpp  **** #else
 248:src/main.cpp  ****         (void)last_thermal_debug_tx;
 249:src/main.cpp  **** #endif
 250:src/main.cpp  **** 
 251:src/main.cpp  **** #if DIAG_SERVICE_CONTROLS
 252:src/main.cpp  ****         const app::ControlTelemetryState state = controls.Process(hw, now);
 253:src/main.cpp  ****         current_effect                         = state.effect;
 254:src/main.cpp  ****         hw.SetLed(state.rotary_position == 1);
 255:src/main.cpp  **** 
 256:src/main.cpp  **** #if DIAG_SEND_TELEMETRY
 257:src/main.cpp  ****         if(current_effect != last_sent_effect)
ARM GAS  C:\Users\aydan\AppData\Local\Temp\ccTJoTh8.s 			page 16


 258:src/main.cpp  ****         {
 259:src/main.cpp  ****             last_sent_effect = current_effect;
 260:src/main.cpp  ****             telemetry.SendEffect(last_sent_effect);
 261:src/main.cpp  ****         }
 262:src/main.cpp  ****         if(state.footswitch.occurred)
 263:src/main.cpp  ****             telemetry.SendFootswitch(state.footswitch.down,
 264:src/main.cpp  ****                                      state.footswitch.edge,
 265:src/main.cpp  ****                                      state.footswitch.press_count);
 266:src/main.cpp  ****         if(state.pots_changed
 267:src/main.cpp  ****            || (uint32_t)(now - last_pots_tx)
 268:src/main.cpp  ****                   >= app::config::kPotTelemetryHeartbeatMs)
 269:src/main.cpp  ****         {
 270:src/main.cpp  ****             last_pots_tx = now;
 271:src/main.cpp  ****             telemetry.SendPots(state.pots);
 272:src/main.cpp  ****         }
 273:src/main.cpp  **** #if ROTARY_CALIBRATION_MODE
 274:src/main.cpp  ****         if((uint32_t)(now - last_rotary_cal_tx) >= 100u)
 275:src/main.cpp  ****         {
 276:src/main.cpp  ****             last_rotary_cal_tx = now;
 277:src/main.cpp  ****             telemetry.SendRotaryCalibration(state.rotary_raw_u16,
 278:src/main.cpp  ****                                             state.rotary_position);
 279:src/main.cpp  ****         }
 280:src/main.cpp  **** #endif
 281:src/main.cpp  **** #endif
 282:src/main.cpp  **** 
 283:src/main.cpp  **** #if DIAG_ANALYZE_TUNER
 284:src/main.cpp  ****         const bool tuner_mode = current_effect == app::config::FX_TUNER;
 285:src/main.cpp  ****         if(tuner_mode && !previous_tuner_mode)
 286:src/main.cpp  ****         {
 287:src/main.cpp  ****             tuner_analyzer.Reset(now);
 288:src/main.cpp  ****             last_tuner_tx = 0;
 289:src/main.cpp  ****         }
 290:src/main.cpp  ****         else if(!tuner_mode && previous_tuner_mode)
 291:src/main.cpp  ****         {
 292:src/main.cpp  ****             tuner_analyzer.Reset(now);
 293:src/main.cpp  **** #if DIAG_SEND_TELEMETRY
 294:src/main.cpp  ****             telemetry.SendTunerDisabled();
 295:src/main.cpp  **** #endif
 296:src/main.cpp  ****             last_tuner_disabled_tx = now;
 297:src/main.cpp  ****         }
 298:src/main.cpp  ****         previous_tuner_mode = tuner_mode;
 299:src/main.cpp  **** 
 300:src/main.cpp  ****         if(tuner_mode
 301:src/main.cpp  ****            && (uint32_t)(now - last_tuner_tx)
 302:src/main.cpp  ****                   >= app::config::kTunerAnalysisPeriodMs)
 303:src/main.cpp  ****         {
 304:src/main.cpp  ****             last_tuner_tx = now;
 305:src/main.cpp  ****             if(tuner_capture.CopyAnalysisWindow(
 306:src/main.cpp  ****                    tuner_source_window, app::config::kTunerSourceWindowSize))
 307:src/main.cpp  ****             {
 308:src/main.cpp  ****                 const app::TunerResult result = tuner_analyzer.Analyze(
 309:src/main.cpp  ****                     tuner_source_window,
 310:src/main.cpp  ****                     app::config::kTunerSourceWindowSize,
 311:src/main.cpp  ****                     state.pots[0],
 312:src/main.cpp  ****                     state.pots[1],
 313:src/main.cpp  ****                     state.pots[2],
 314:src/main.cpp  ****                     now);
ARM GAS  C:\Users\aydan\AppData\Local\Temp\ccTJoTh8.s 			page 17


 315:src/main.cpp  **** #if DIAG_SEND_TELEMETRY
 316:src/main.cpp  ****                 telemetry.SendTuner(result);
 317:src/main.cpp  **** #else
 318:src/main.cpp  ****                 (void)result;
 319:src/main.cpp  **** #endif
 320:src/main.cpp  ****             }
 321:src/main.cpp  ****         }
 322:src/main.cpp  **** #if DIAG_SEND_TELEMETRY
 323:src/main.cpp  ****         else if(!tuner_mode
 324:src/main.cpp  ****                 && (uint32_t)(now - last_tuner_disabled_tx)
 325:src/main.cpp  ****                        >= app::config::kTunerDisabledHeartbeatMs)
 326:src/main.cpp  ****         {
 327:src/main.cpp  ****             last_tuner_disabled_tx = now;
 328:src/main.cpp  ****             telemetry.SendTunerDisabled();
 329:src/main.cpp  ****         }
 330:src/main.cpp  **** #endif
 331:src/main.cpp  **** #endif
 332:src/main.cpp  **** #endif
 333:src/main.cpp  **** 
 334:src/main.cpp  **** #if AUDIO_CPU_LOAD_DEBUG && DIAG_INIT_TELEMETRY
 335:src/main.cpp  ****         if((uint32_t)(now - last_cpu_tx) >= 500u)
 336:src/main.cpp  ****         {
 337:src/main.cpp  ****             last_cpu_tx = now;
 338:src/main.cpp  ****             const app::AudioEngine::CpuLoadSnapshot load
 339:src/main.cpp  ****                 = audio_engine.GetCpuLoadSnapshot();
 340:src/main.cpp  ****             const uint8_t effect = (uint8_t)DIAG_FORCE_EFFECT;
 341:src/main.cpp  ****             telemetry.SendAudioCpuLoad(load.average,
 342:src/main.cpp  ****                                        load.peak,
 343:src/main.cpp  ****                                        load.overrun_count,
 344:src/main.cpp  ****                                        effect,
 345:src/main.cpp  ****                                        load.effect_peak[effect]);
 346:src/main.cpp  ****         }
 347:src/main.cpp  **** #else
 348:src/main.cpp  ****         (void)last_cpu_tx;
 349:src/main.cpp  **** #endif
 350:src/main.cpp  **** 
 351:src/main.cpp  ****         (void)last_sent_effect;
 352:src/main.cpp  ****         (void)last_pots_tx;
 353:src/main.cpp  ****         (void)last_tuner_tx;
 354:src/main.cpp  ****         (void)last_tuner_disabled_tx;
 355:src/main.cpp  ****         (void)last_rotary_cal_tx;
 356:src/main.cpp  ****         (void)previous_tuner_mode;
 357:src/main.cpp  ****         (void)current_effect;
 358:src/main.cpp  ****         System::Delay(app::config::kMainLoopDelayMs);
 359:src/main.cpp  ****     }
 360:src/main.cpp  **** #endif
 361:src/main.cpp  **** }
 228              		.loc 6 361 1 view -0
 229              		.cfi_startproc
 230              		@ args = 0, pretend = 0, frame = 0
 231              		@ frame_needed = 0, uses_anonymous_args = 0
 232              	.LBB115:
 233              	.LBI115:
 234              		.loc 6 361 1 view .LVU51
 235              	.LVL12:
 236              	.LBB116:
 237              	.LBB117:
ARM GAS  C:\Users\aydan\AppData\Local\Temp\ccTJoTh8.s 			page 18


 238              	.LBI117:
  21:../../libDaisy/src/daisy_seed.h ****     ~DaisySeed() {}
 239              		.loc 1 21 5 view .LVU52
 240              	.LBB118:
 241              	.LBB119:
 242              	.LBI119:
 243              		.file 7 "../../libDaisy/src/per/qspi.h"
   1:../../libDaisy/src/per/qspi.h **** #ifndef DSY_QSPI
   2:../../libDaisy/src/per/qspi.h **** #define DSY_QSPI /**< Macro */
   3:../../libDaisy/src/per/qspi.h **** 
   4:../../libDaisy/src/per/qspi.h **** #ifndef UNIT_TEST // for unit tests, a dummy implementation
   5:../../libDaisy/src/per/qspi.h **** 
   6:../../libDaisy/src/per/qspi.h **** #include <cstdint>
   7:../../libDaisy/src/per/qspi.h **** #include "daisy_core.h" // Added for dsy_gpio_pin typedef
   8:../../libDaisy/src/per/qspi.h **** 
   9:../../libDaisy/src/per/qspi.h **** #define DSY_QSPI_TEXT       \
  10:../../libDaisy/src/per/qspi.h ****     __attribute__((section( \
  11:../../libDaisy/src/per/qspi.h ****         ".qspiflash_text"))) /**< used for reading memory in memory_mapped mode. */
  12:../../libDaisy/src/per/qspi.h **** #define DSY_QSPI_DATA       \
  13:../../libDaisy/src/per/qspi.h ****     __attribute__((section( \
  14:../../libDaisy/src/per/qspi.h ****         ".qspiflash_data"))) /**< used for reading memory in memory_mapped mode. */
  15:../../libDaisy/src/per/qspi.h **** #define DSY_QSPI_BSS        \
  16:../../libDaisy/src/per/qspi.h ****     __attribute__((section( \
  17:../../libDaisy/src/per/qspi.h ****         ".qspiflash_bss"))) /**< used for reading memory in memory_mapped mode. */
  18:../../libDaisy/src/per/qspi.h **** 
  19:../../libDaisy/src/per/qspi.h **** namespace daisy
  20:../../libDaisy/src/per/qspi.h **** {
  21:../../libDaisy/src/per/qspi.h **** /** @addtogroup serial
  22:../../libDaisy/src/per/qspi.h **** @{
  23:../../libDaisy/src/per/qspi.h **** */
  24:../../libDaisy/src/per/qspi.h **** 
  25:../../libDaisy/src/per/qspi.h **** /** 
  26:../../libDaisy/src/per/qspi.h ****  Driver for QSPI peripheral to interface with external flash memory. \n 
  27:../../libDaisy/src/per/qspi.h ****     Currently supported QSPI Devices: \n 
  28:../../libDaisy/src/per/qspi.h ****     * IS25LP080D
  29:../../libDaisy/src/per/qspi.h **** */
  30:../../libDaisy/src/per/qspi.h **** class QSPIHandle
  31:../../libDaisy/src/per/qspi.h **** {
  32:../../libDaisy/src/per/qspi.h ****   public:
  33:../../libDaisy/src/per/qspi.h ****     enum Result
  34:../../libDaisy/src/per/qspi.h ****     {
  35:../../libDaisy/src/per/qspi.h ****         OK = 0,
  36:../../libDaisy/src/per/qspi.h ****         ERR
  37:../../libDaisy/src/per/qspi.h ****     };
  38:../../libDaisy/src/per/qspi.h **** 
  39:../../libDaisy/src/per/qspi.h ****     /** Indicates the current status of the module. 
  40:../../libDaisy/src/per/qspi.h ****          *  Warnings are indicated by a leading W.
  41:../../libDaisy/src/per/qspi.h ****          *  Errors are indicated by a leading E and cause an immediate exit.
  42:../../libDaisy/src/per/qspi.h ****          * 
  43:../../libDaisy/src/per/qspi.h ****          *  \param GOOD - No errors have been reported.
  44:../../libDaisy/src/per/qspi.h ****          *  \param E_HAL_ERROR - HAL code did not return HAL_OK.
  45:../../libDaisy/src/per/qspi.h ****          *  \param E_SWITCHING_MODES - An error was encountered while switching QSPI peripheral mod
  46:../../libDaisy/src/per/qspi.h ****          *  \param E_INVALID_MODE - QSPI should not be written to while the program is executing fr
  47:../../libDaisy/src/per/qspi.h ****          */
  48:../../libDaisy/src/per/qspi.h ****     enum Status
  49:../../libDaisy/src/per/qspi.h ****     {
  50:../../libDaisy/src/per/qspi.h ****         GOOD = 0,
ARM GAS  C:\Users\aydan\AppData\Local\Temp\ccTJoTh8.s 			page 19


  51:../../libDaisy/src/per/qspi.h ****         E_HAL_ERROR,
  52:../../libDaisy/src/per/qspi.h ****         E_SWITCHING_MODES,
  53:../../libDaisy/src/per/qspi.h ****         E_INVALID_MODE,
  54:../../libDaisy/src/per/qspi.h ****     };
  55:../../libDaisy/src/per/qspi.h **** 
  56:../../libDaisy/src/per/qspi.h ****     /** Configuration structure for interfacing with QSPI Driver */
  57:../../libDaisy/src/per/qspi.h ****     struct Config
  58:../../libDaisy/src/per/qspi.h ****     {
  59:../../libDaisy/src/per/qspi.h ****         /** Flash Devices supported. (Both of these are more-or-less the same, just different sizes
  60:../../libDaisy/src/per/qspi.h ****         enum Device
  61:../../libDaisy/src/per/qspi.h ****         {
  62:../../libDaisy/src/per/qspi.h ****             IS25LP080D,  /**< & */
  63:../../libDaisy/src/per/qspi.h ****             IS25LP064A,  /**< & */
  64:../../libDaisy/src/per/qspi.h ****             DEVICE_LAST, /**< & */
  65:../../libDaisy/src/per/qspi.h ****         };
  66:../../libDaisy/src/per/qspi.h **** 
  67:../../libDaisy/src/per/qspi.h ****         /** 
  68:../../libDaisy/src/per/qspi.h ****         Modes of operation.
  69:../../libDaisy/src/per/qspi.h ****         Memory Mapped mode: QSPI configured so that the QSPI can be
  70:../../libDaisy/src/per/qspi.h ****         read from starting address 0x90000000. Writing is not
  71:../../libDaisy/src/per/qspi.h ****         possible in this mode. \n 
  72:../../libDaisy/src/per/qspi.h ****         Indirect Polling mode: Device driver enabled. 
  73:../../libDaisy/src/per/qspi.h ****         */
  74:../../libDaisy/src/per/qspi.h ****         enum Mode
  75:../../libDaisy/src/per/qspi.h ****         {
  76:../../libDaisy/src/per/qspi.h ****             MEMORY_MAPPED,    /**< & */
  77:../../libDaisy/src/per/qspi.h ****             INDIRECT_POLLING, /**< & */
  78:../../libDaisy/src/per/qspi.h ****             MODE_LAST,
  79:../../libDaisy/src/per/qspi.h ****         };
  80:../../libDaisy/src/per/qspi.h **** 
  81:../../libDaisy/src/per/qspi.h ****         //SCK,  CE# (active low)
  82:../../libDaisy/src/per/qspi.h ****         struct
  83:../../libDaisy/src/per/qspi.h ****         {
  84:../../libDaisy/src/per/qspi.h ****             dsy_gpio_pin io0; /**< & */
  85:../../libDaisy/src/per/qspi.h ****             dsy_gpio_pin io1; /**< & */
  86:../../libDaisy/src/per/qspi.h ****             dsy_gpio_pin io2; /**< & */
  87:../../libDaisy/src/per/qspi.h ****             dsy_gpio_pin io3; /**< & */
  88:../../libDaisy/src/per/qspi.h ****             dsy_gpio_pin clk; /**< & */
  89:../../libDaisy/src/per/qspi.h ****             dsy_gpio_pin ncs; /**< & */
  90:../../libDaisy/src/per/qspi.h ****         } pin_config;
  91:../../libDaisy/src/per/qspi.h **** 
  92:../../libDaisy/src/per/qspi.h ****         Device device;
  93:../../libDaisy/src/per/qspi.h ****         Mode   mode;
  94:../../libDaisy/src/per/qspi.h ****     };
  95:../../libDaisy/src/per/qspi.h **** 
  96:../../libDaisy/src/per/qspi.h ****     /** 
  97:../../libDaisy/src/per/qspi.h ****         Initializes QSPI peripheral, and Resets, and prepares memory for access.
  98:../../libDaisy/src/per/qspi.h ****         \param config should be populated with the mode, device and pin_config before calling this 
  99:../../libDaisy/src/per/qspi.h ****         \return Result::OK or Result::ERR
 100:../../libDaisy/src/per/qspi.h ****         */
 101:../../libDaisy/src/per/qspi.h ****     Result Init(const Config& config);
 102:../../libDaisy/src/per/qspi.h **** 
 103:../../libDaisy/src/per/qspi.h ****     /** Returns the current config. */
 104:../../libDaisy/src/per/qspi.h ****     const Config& GetConfig() const;
 105:../../libDaisy/src/per/qspi.h **** 
 106:../../libDaisy/src/per/qspi.h ****     // Couldn't this just be called before anything else in init? That
 107:../../libDaisy/src/per/qspi.h ****     // would make manually calling it unnecessary.
ARM GAS  C:\Users\aydan\AppData\Local\Temp\ccTJoTh8.s 			page 20


 108:../../libDaisy/src/per/qspi.h ****     /** 
 109:../../libDaisy/src/per/qspi.h ****         Deinitializes the peripheral
 110:../../libDaisy/src/per/qspi.h ****         This should be called before reinitializing QSPI in a different mode.
 111:../../libDaisy/src/per/qspi.h ****         \return Result::OK or Result::ERR
 112:../../libDaisy/src/per/qspi.h ****         */
 113:../../libDaisy/src/per/qspi.h ****     Result DeInit();
 114:../../libDaisy/src/per/qspi.h **** 
 115:../../libDaisy/src/per/qspi.h ****     /** 
 116:../../libDaisy/src/per/qspi.h ****         Writes a single page to to the specified address on the QSPI chip.
 117:../../libDaisy/src/per/qspi.h ****         For IS25LP*, page size is 256 bytes.
 118:../../libDaisy/src/per/qspi.h ****         \param address Address to write to
 119:../../libDaisy/src/per/qspi.h ****         \param size Buffer size
 120:../../libDaisy/src/per/qspi.h ****         \param buffer Buffer to write
 121:../../libDaisy/src/per/qspi.h ****         \return Result::OK or Result::ERR
 122:../../libDaisy/src/per/qspi.h ****         */
 123:../../libDaisy/src/per/qspi.h ****     Result WritePage(uint32_t address, uint32_t size, uint8_t* buffer);
 124:../../libDaisy/src/per/qspi.h **** 
 125:../../libDaisy/src/per/qspi.h ****     /** 
 126:../../libDaisy/src/per/qspi.h ****         Writes data in buffer to to the QSPI. Starting at address to address+size 
 127:../../libDaisy/src/per/qspi.h ****         \param address Address to write to
 128:../../libDaisy/src/per/qspi.h ****         \param size Buffer size
 129:../../libDaisy/src/per/qspi.h ****         \param buffer Buffer to write
 130:../../libDaisy/src/per/qspi.h ****         \return Result::OK or Result::ERR
 131:../../libDaisy/src/per/qspi.h ****         */
 132:../../libDaisy/src/per/qspi.h ****     Result Write(uint32_t address, uint32_t size, uint8_t* buffer);
 133:../../libDaisy/src/per/qspi.h **** 
 134:../../libDaisy/src/per/qspi.h ****     /** 
 135:../../libDaisy/src/per/qspi.h ****         Erases the area specified on the chip.
 136:../../libDaisy/src/per/qspi.h ****         Erasures will happen by 4K, 32K or 64K increments.
 137:../../libDaisy/src/per/qspi.h ****         Smallest erase possible is 4kB at a time. (on IS25LP*)
 138:../../libDaisy/src/per/qspi.h ****         \param start_addr Address to begin erasing from
 139:../../libDaisy/src/per/qspi.h ****         \param end_addr  Address to stop erasing at
 140:../../libDaisy/src/per/qspi.h ****         \return Result::OK or Result::ERR
 141:../../libDaisy/src/per/qspi.h ****         */
 142:../../libDaisy/src/per/qspi.h ****     Result Erase(uint32_t start_addr, uint32_t end_addr);
 143:../../libDaisy/src/per/qspi.h **** 
 144:../../libDaisy/src/per/qspi.h ****     /**  
 145:../../libDaisy/src/per/qspi.h ****          Erases a single sector of the chip.  
 146:../../libDaisy/src/per/qspi.h ****         TODO: Document the size of this function. 
 147:../../libDaisy/src/per/qspi.h ****         \param address Address of sector to erase
 148:../../libDaisy/src/per/qspi.h ****         \return Result::OK or Result::ERR
 149:../../libDaisy/src/per/qspi.h ****         */
 150:../../libDaisy/src/per/qspi.h ****     Result EraseSector(uint32_t address);
 151:../../libDaisy/src/per/qspi.h **** 
 152:../../libDaisy/src/per/qspi.h ****     /** Returns the current class status. Useful for debugging.
 153:../../libDaisy/src/per/qspi.h ****      *  \returns Status
 154:../../libDaisy/src/per/qspi.h ****      */
 155:../../libDaisy/src/per/qspi.h ****     Status GetStatus();
 156:../../libDaisy/src/per/qspi.h **** 
 157:../../libDaisy/src/per/qspi.h ****     /** Returns a pointer to the actual memory used 
 158:../../libDaisy/src/per/qspi.h ****      *  The memory at this address is read-only
 159:../../libDaisy/src/per/qspi.h ****      *  to write to it use the Write function.
 160:../../libDaisy/src/per/qspi.h ****      * 
 161:../../libDaisy/src/per/qspi.h ****      *  \param offset returns the pointer starting this 
 162:../../libDaisy/src/per/qspi.h ****      *                many bytes into the memory
 163:../../libDaisy/src/per/qspi.h ****     */
 164:../../libDaisy/src/per/qspi.h ****     void* GetData(uint32_t offset = 0);
ARM GAS  C:\Users\aydan\AppData\Local\Temp\ccTJoTh8.s 			page 21


 165:../../libDaisy/src/per/qspi.h **** 
 166:../../libDaisy/src/per/qspi.h ****     QSPIHandle() : pimpl_(nullptr) {}
 244              		.loc 7 166 5 view .LVU53
 245              	.LBE119:
 246              	.LBE118:
 247              	.LBE117:
 248              	.LBE116:
 249              	.LBE115:
 250              		.loc 6 361 1 is_stmt 0 view .LVU54
 251 0000 10B5     		push	{r4, lr}
 252              		.cfi_def_cfa_offset 8
 253              		.cfi_offset 4, -8
 254              		.cfi_offset 14, -4
 255              	.LBB150:
 256              	.LBB148:
 257              	.LBB140:
 258              	.LBB138:
 259              	.LBB124:
 260              	.LBB120:
 261              	.LBB121:
 262              		.loc 7 166 34 view .LVU55
 263 0002 0A48     		ldr	r0, .L21
 264 0004 0024     		movs	r4, #0
 265              	.LBE121:
 266              	.LBE120:
 267              	.LBE124:
 268              	.LBE138:
 269              	.LBE140:
  37:src/main.cpp  **** 
 270              		.loc 6 37 11 view .LVU56
 271 0006 0A4A     		ldr	r2, .L21+4
 272              	.LBB141:
 273              	.LBB139:
 274              	.LBB125:
 275              	.LBB123:
 276              	.LBB122:
 277              		.loc 7 166 34 view .LVU57
 278 0008 0460     		str	r4, [r0]
 279              	.LVL13:
 280              		.loc 7 166 34 view .LVU58
 281              	.LBE122:
 282              	.LBE123:
 283              	.LBE125:
 284              	.LBB126:
 285              	.LBI126:
  95:../../libDaisy/src/hid/audio.h ****     ~AudioHandle() {}
 286              		.loc 5 95 5 is_stmt 1 view .LVU59
 287              	.LBB127:
 288              	.LBB128:
  95:../../libDaisy/src/hid/audio.h ****     ~AudioHandle() {}
 289              		.loc 5 95 35 is_stmt 0 view .LVU60
 290 000a 4461     		str	r4, [r0, #20]
 291              	.LVL14:
  95:../../libDaisy/src/hid/audio.h ****     ~AudioHandle() {}
 292              		.loc 5 95 35 view .LVU61
 293              	.LBE128:
 294              	.LBE127:
ARM GAS  C:\Users\aydan\AppData\Local\Temp\ccTJoTh8.s 			page 22


 295              	.LBE126:
 296              	.LBB129:
 297              	.LBI129:
 109:../../libDaisy/src/per/adc.h ****     ~AdcHandle() {}
 298              		.loc 4 109 5 is_stmt 1 view .LVU62
 109:../../libDaisy/src/per/adc.h ****     ~AdcHandle() {}
 299              		.loc 4 109 5 is_stmt 0 view .LVU63
 300              	.LBE129:
 301              	.LBB130:
 302              	.LBI130:
 303              		.file 8 "../../libDaisy/src/per/dac.h"
   1:../../libDaisy/src/per/dac.h **** #pragma once
   2:../../libDaisy/src/per/dac.h **** #ifndef DSY_DAC_H
   3:../../libDaisy/src/per/dac.h **** #define DSY_DAC_H
   4:../../libDaisy/src/per/dac.h **** 
   5:../../libDaisy/src/per/dac.h **** #include "daisy_core.h"
   6:../../libDaisy/src/per/dac.h **** 
   7:../../libDaisy/src/per/dac.h **** namespace daisy
   8:../../libDaisy/src/per/dac.h **** {
   9:../../libDaisy/src/per/dac.h **** /** @brief DAC handle for Built-in DAC Peripheral 
  10:../../libDaisy/src/per/dac.h ****  *  @ingroup per_analog
  11:../../libDaisy/src/per/dac.h ****  ** 
  12:../../libDaisy/src/per/dac.h ****  ** For now only Normal Mode is supported,
  13:../../libDaisy/src/per/dac.h ****  ** Sample and hold mode provides reduced power consumption, but requires a bit more setup.
  14:../../libDaisy/src/per/dac.h ****  **
  15:../../libDaisy/src/per/dac.h ****  ** For now connecting the DAC through other internal peripherals is also not supported.
  16:../../libDaisy/src/per/dac.h ****  **
  17:../../libDaisy/src/per/dac.h ****  ** Since the DAC channels have dedicated pins we don't need to pass in a pin config like with
  18:../../libDaisy/src/per/dac.h ****  ** other modules. However, it is still important to not try to use the DAC pins for anything else.
  19:../../libDaisy/src/per/dac.h ****  ** DAC Channel 1 is on PA4, and DAC Channel 2 is on PA5
  20:../../libDaisy/src/per/dac.h ****  ***/
  21:../../libDaisy/src/per/dac.h **** class DacHandle
  22:../../libDaisy/src/per/dac.h **** {
  23:../../libDaisy/src/per/dac.h ****   public:
  24:../../libDaisy/src/per/dac.h ****     /** Return Values for the DacHandle class */
  25:../../libDaisy/src/per/dac.h ****     enum class Result
  26:../../libDaisy/src/per/dac.h ****     {
  27:../../libDaisy/src/per/dac.h ****         OK,
  28:../../libDaisy/src/per/dac.h ****         ERR,
  29:../../libDaisy/src/per/dac.h ****     };
  30:../../libDaisy/src/per/dac.h **** 
  31:../../libDaisy/src/per/dac.h ****     /** Selects which channel(s) will be configured for use. */
  32:../../libDaisy/src/per/dac.h ****     enum class Channel
  33:../../libDaisy/src/per/dac.h ****     {
  34:../../libDaisy/src/per/dac.h ****         ONE,
  35:../../libDaisy/src/per/dac.h ****         TWO,
  36:../../libDaisy/src/per/dac.h ****         BOTH,
  37:../../libDaisy/src/per/dac.h ****     };
  38:../../libDaisy/src/per/dac.h **** 
  39:../../libDaisy/src/per/dac.h ****     /** Sets the Mode for the DAC channels.
  40:../../libDaisy/src/per/dac.h ****      **
  41:../../libDaisy/src/per/dac.h ****      ** Polling mode uses the blocking mode to transmit a single value at a time.
  42:../../libDaisy/src/per/dac.h ****      **
  43:../../libDaisy/src/per/dac.h ****      ** DMA mode uses a buffer, and periodically transmits it triggering a 
  44:../../libDaisy/src/per/dac.h ****      ** callback to fill the buffer when it is ready for more samples.
  45:../../libDaisy/src/per/dac.h ****      ***/
  46:../../libDaisy/src/per/dac.h ****     enum class Mode
ARM GAS  C:\Users\aydan\AppData\Local\Temp\ccTJoTh8.s 			page 23


  47:../../libDaisy/src/per/dac.h ****     {
  48:../../libDaisy/src/per/dac.h ****         POLLING,
  49:../../libDaisy/src/per/dac.h ****         DMA,
  50:../../libDaisy/src/per/dac.h ****     };
  51:../../libDaisy/src/per/dac.h **** 
  52:../../libDaisy/src/per/dac.h ****     /** Sets the number of bits per sample transmitted out of the DAC.
  53:../../libDaisy/src/per/dac.h ****      ** The output range will be: 0V - VDDA
  54:../../libDaisy/src/per/dac.h ****      ** The resolution will be roughly: bitdepth / (VDDA - 0V) 
  55:../../libDaisy/src/per/dac.h ****      ***/
  56:../../libDaisy/src/per/dac.h ****     enum class BitDepth
  57:../../libDaisy/src/per/dac.h ****     {
  58:../../libDaisy/src/per/dac.h ****         BITS_8,
  59:../../libDaisy/src/per/dac.h ****         BITS_12
  60:../../libDaisy/src/per/dac.h ****     };
  61:../../libDaisy/src/per/dac.h **** 
  62:../../libDaisy/src/per/dac.h ****     /** Sets whether the DAC output is buffered for higher drive ability. */
  63:../../libDaisy/src/per/dac.h ****     enum class BufferState
  64:../../libDaisy/src/per/dac.h ****     {
  65:../../libDaisy/src/per/dac.h ****         ENABLED,
  66:../../libDaisy/src/per/dac.h ****         DISABLED,
  67:../../libDaisy/src/per/dac.h ****     };
  68:../../libDaisy/src/per/dac.h **** 
  69:../../libDaisy/src/per/dac.h ****     /** Configuration structure for initializing the DAC structure. */
  70:../../libDaisy/src/per/dac.h ****     struct Config
  71:../../libDaisy/src/per/dac.h ****     {
  72:../../libDaisy/src/per/dac.h ****         /** Target Samplerate in Hz used to configure the internal 
  73:../../libDaisy/src/per/dac.h ****          ** timebase for DMA mode. Does nothing in POLLING mode.
  74:../../libDaisy/src/per/dac.h ****          ** If the value is 0 at Init time this will default to 48000Hz 
  75:../../libDaisy/src/per/dac.h ****          ** otherwise the driver will attempt meet the target.*/
  76:../../libDaisy/src/per/dac.h ****         uint32_t target_samplerate;
  77:../../libDaisy/src/per/dac.h **** 
  78:../../libDaisy/src/per/dac.h ****         Channel     chn;
  79:../../libDaisy/src/per/dac.h ****         Mode        mode;
  80:../../libDaisy/src/per/dac.h ****         BitDepth    bitdepth;
  81:../../libDaisy/src/per/dac.h ****         BufferState buff_state;
  82:../../libDaisy/src/per/dac.h ****     };
  83:../../libDaisy/src/per/dac.h **** 
  84:../../libDaisy/src/per/dac.h ****     DacHandle() : pimpl_(nullptr) {}
 304              		.loc 8 84 5 is_stmt 1 view .LVU64
 305              	.LBB131:
 306              	.LBB132:
 307              		.loc 8 84 33 is_stmt 0 view .LVU65
 308 000c 0462     		str	r4, [r0, #32]
 309              	.LVL15:
 310              		.loc 8 84 33 view .LVU66
 311              	.LBE132:
 312              	.LBE131:
 313              	.LBE130:
 314              	.LBB133:
 315              	.LBI133:
  40:../../libDaisy/src/hid/usb.h **** 
 316              		.loc 3 40 5 is_stmt 1 view .LVU67
  40:../../libDaisy/src/hid/usb.h **** 
 317              		.loc 3 40 5 is_stmt 0 view .LVU68
 318              	.LBE133:
 319              	.LBB134:
 320              	.LBI134:
ARM GAS  C:\Users\aydan\AppData\Local\Temp\ccTJoTh8.s 			page 24


  96:../../libDaisy/src/sys/system.h ****     ~System() {}
 321              		.loc 2 96 5 is_stmt 1 view .LVU69
  96:../../libDaisy/src/sys/system.h ****     ~System() {}
 322              		.loc 2 96 5 is_stmt 0 view .LVU70
 323              	.LBE134:
 324              	.LBB135:
 325              	.LBI135:
 326              		.file 9 "../../libDaisy/src/per/sai.h"
   1:../../libDaisy/src/per/sai.h **** #pragma once
   2:../../libDaisy/src/per/sai.h **** #ifndef DSY_SAI_H
   3:../../libDaisy/src/per/sai.h **** #define DSY_SAI_H
   4:../../libDaisy/src/per/sai.h **** 
   5:../../libDaisy/src/per/sai.h **** #include "daisy_core.h"
   6:../../libDaisy/src/per/sai.h **** 
   7:../../libDaisy/src/per/sai.h **** namespace daisy
   8:../../libDaisy/src/per/sai.h **** {
   9:../../libDaisy/src/per/sai.h **** /** 
  10:../../libDaisy/src/per/sai.h ****  * Support for I2S Audio Protocol with different bit-depth, samplerate options
  11:../../libDaisy/src/per/sai.h ****  * Allows for master or slave, as well as freedom of selecting direction, 
  12:../../libDaisy/src/per/sai.h ****  * and other behavior for each peripheral, and block.
  13:../../libDaisy/src/per/sai.h ****  * 
  14:../../libDaisy/src/per/sai.h ****  * DMA Transfer commands must use buffers located within non-cached memory or use cache maintenance
  15:../../libDaisy/src/per/sai.h ****  * To declare an unitialized global element in the DMA memory section:
  16:../../libDaisy/src/per/sai.h ****  *    int32_t DSY_DMA_BUFFER_SECTOR my_buffer[96];
  17:../../libDaisy/src/per/sai.h ****  *
  18:../../libDaisy/src/per/sai.h ****  * Callback functions will be called once per half of the buffer. In the above example, 
  19:../../libDaisy/src/per/sai.h ****  * the callback function would be called once for every 48 samples.
  20:../../libDaisy/src/per/sai.h ****  * 
  21:../../libDaisy/src/per/sai.h ****  * Use SAI Handle like this:
  22:../../libDaisy/src/per/sai.h ****  * 
  23:../../libDaisy/src/per/sai.h ****  *  SaiHandle::Config sai_config;
  24:../../libDaisy/src/per/sai.h ****  *  sai_config.periph          = SaiHandle::Config::Peripheral::SAI_1;
  25:../../libDaisy/src/per/sai.h ****  *  sai_config.sr              = SaiHandle::Config::SampleRate::SAI_48KHZ;
  26:../../libDaisy/src/per/sai.h ****  *  sai_config.bit_depth       = SaiHandle::Config::BitDepth::SAI_24BIT;
  27:../../libDaisy/src/per/sai.h ****  *  sai_config.a_sync          = SaiHandle::Config::Sync::MASTER;
  28:../../libDaisy/src/per/sai.h ****  *  sai_config.b_sync          = SaiHandle::Config::Sync::SLAVE;
  29:../../libDaisy/src/per/sai.h ****  *  sai_config.a_dir           = SaiHandle::Config::Direction::RECEIVE;
  30:../../libDaisy/src/per/sai.h ****  *  sai_config.b_dir           = SaiHandle::Config::Direction::TRANSMIT;
  31:../../libDaisy/src/per/sai.h ****  *  sai_config.pin_config.fs   = {DSY_GPIOE, 4};
  32:../../libDaisy/src/per/sai.h ****  *  sai_config.pin_config.mclk = {DSY_GPIOE, 2};
  33:../../libDaisy/src/per/sai.h ****  *  sai_config.pin_config.sck  = {DSY_GPIOE, 5};
  34:../../libDaisy/src/per/sai.h ****  *  sai_config.pin_config.sa   = {DSY_GPIOE, 6};
  35:../../libDaisy/src/per/sai.h ****  *  sai_config.pin_config.sb   = {DSY_GPIOE, 3};
  36:../../libDaisy/src/per/sai.h ****  *  // Then Initialize
  37:../../libDaisy/src/per/sai.h ****  *  SaiHandle sai;
  38:../../libDaisy/src/per/sai.h ****  *  sai.Init(sai_config);
  39:../../libDaisy/src/per/sai.h ****  *  // Now you can use it:
  40:../../libDaisy/src/per/sai.h ****  *  sai.StartDma(. . .);
  41:../../libDaisy/src/per/sai.h ****  */
  42:../../libDaisy/src/per/sai.h **** class SaiHandle
  43:../../libDaisy/src/per/sai.h **** {
  44:../../libDaisy/src/per/sai.h ****   public:
  45:../../libDaisy/src/per/sai.h ****     /** Contains settings for initialising an SAI Interface */
  46:../../libDaisy/src/per/sai.h ****     struct Config
  47:../../libDaisy/src/per/sai.h ****     {
  48:../../libDaisy/src/per/sai.h ****         /** Specifies the internal peripheral to use (mapped to different hardware pins) */
  49:../../libDaisy/src/per/sai.h ****         enum class Peripheral
ARM GAS  C:\Users\aydan\AppData\Local\Temp\ccTJoTh8.s 			page 25


  50:../../libDaisy/src/per/sai.h ****         {
  51:../../libDaisy/src/per/sai.h ****             SAI_1,
  52:../../libDaisy/src/per/sai.h ****             SAI_2,
  53:../../libDaisy/src/per/sai.h ****         };
  54:../../libDaisy/src/per/sai.h **** 
  55:../../libDaisy/src/per/sai.h ****         /** Rate at which samples will be streaming to/from the device. */
  56:../../libDaisy/src/per/sai.h ****         enum class SampleRate
  57:../../libDaisy/src/per/sai.h ****         {
  58:../../libDaisy/src/per/sai.h ****             SAI_8KHZ,
  59:../../libDaisy/src/per/sai.h ****             SAI_16KHZ,
  60:../../libDaisy/src/per/sai.h ****             SAI_32KHZ,
  61:../../libDaisy/src/per/sai.h ****             SAI_48KHZ,
  62:../../libDaisy/src/per/sai.h ****             SAI_96KHZ,
  63:../../libDaisy/src/per/sai.h ****         };
  64:../../libDaisy/src/per/sai.h **** 
  65:../../libDaisy/src/per/sai.h ****         /** Bit Depth that the hardware expects to be transferred to/from the device. */
  66:../../libDaisy/src/per/sai.h ****         enum class BitDepth
  67:../../libDaisy/src/per/sai.h ****         {
  68:../../libDaisy/src/per/sai.h ****             SAI_16BIT,
  69:../../libDaisy/src/per/sai.h ****             SAI_24BIT,
  70:../../libDaisy/src/per/sai.h ****             SAI_32BIT,
  71:../../libDaisy/src/per/sai.h ****         };
  72:../../libDaisy/src/per/sai.h **** 
  73:../../libDaisy/src/per/sai.h ****         /** Specifies whether a particular block is the master or the slave 
  74:../../libDaisy/src/per/sai.h ****          ** If both are set to slave, no MCLK signal will be used, and it is
  75:../../libDaisy/src/per/sai.h ****          ** expected that the codec will have its own xtal.
  76:../../libDaisy/src/per/sai.h ****          */
  77:../../libDaisy/src/per/sai.h ****         enum class Sync
  78:../../libDaisy/src/per/sai.h ****         {
  79:../../libDaisy/src/per/sai.h ****             MASTER,
  80:../../libDaisy/src/per/sai.h ****             SLAVE,
  81:../../libDaisy/src/per/sai.h ****         };
  82:../../libDaisy/src/per/sai.h **** 
  83:../../libDaisy/src/per/sai.h ****         /** Specifies the direction for each peripheral block. */
  84:../../libDaisy/src/per/sai.h ****         enum class Direction
  85:../../libDaisy/src/per/sai.h ****         {
  86:../../libDaisy/src/per/sai.h ****             TRANSMIT,
  87:../../libDaisy/src/per/sai.h ****             RECEIVE,
  88:../../libDaisy/src/per/sai.h ****         };
  89:../../libDaisy/src/per/sai.h **** 
  90:../../libDaisy/src/per/sai.h ****         Peripheral periph;
  91:../../libDaisy/src/per/sai.h ****         struct
  92:../../libDaisy/src/per/sai.h ****         {
  93:../../libDaisy/src/per/sai.h ****             dsy_gpio_pin mclk, fs, sck, sa, sb;
  94:../../libDaisy/src/per/sai.h ****         } pin_config;
  95:../../libDaisy/src/per/sai.h ****         SampleRate sr;
  96:../../libDaisy/src/per/sai.h ****         BitDepth   bit_depth;
  97:../../libDaisy/src/per/sai.h ****         Sync       a_sync, b_sync;
  98:../../libDaisy/src/per/sai.h ****         Direction  a_dir, b_dir;
  99:../../libDaisy/src/per/sai.h ****     };
 100:../../libDaisy/src/per/sai.h **** 
 101:../../libDaisy/src/per/sai.h ****     /** Return values for SAI functions */
 102:../../libDaisy/src/per/sai.h ****     enum class Result
 103:../../libDaisy/src/per/sai.h ****     {
 104:../../libDaisy/src/per/sai.h ****         OK,
 105:../../libDaisy/src/per/sai.h ****         ERR,
 106:../../libDaisy/src/per/sai.h ****     };
ARM GAS  C:\Users\aydan\AppData\Local\Temp\ccTJoTh8.s 			page 26


 107:../../libDaisy/src/per/sai.h **** 
 108:../../libDaisy/src/per/sai.h ****     SaiHandle() : pimpl_(nullptr) {}
 327              		.loc 9 108 5 is_stmt 1 view .LVU71
 328              	.LBB136:
 329              	.LBB137:
 330              		.loc 9 108 33 is_stmt 0 view .LVU72
 331 000e C463     		str	r4, [r0, #60]
 332              	.LVL16:
 333              		.loc 9 108 33 view .LVU73
 334              	.LBE137:
 335              	.LBE136:
 336              	.LBE135:
 337              	.LBE139:
 338              	.LBE141:
  37:src/main.cpp  **** 
 339              		.loc 6 37 11 view .LVU74
 340 0010 0849     		ldr	r1, .L21+8
 341 0012 FFF7FEFF 		bl	__aeabi_atexit
 342              	.LVL17:
 343              	.LBB142:
 344              	.LBI142:
 345              		.file 10 "src/control_mailbox.h"
   1:src/control_mailbox.h **** #pragma once
   2:src/control_mailbox.h **** 
   3:src/control_mailbox.h **** #include "app_config.h"
   4:src/control_mailbox.h **** 
   5:src/control_mailbox.h **** #include <stdint.h>
   6:src/control_mailbox.h **** #include <type_traits>
   7:src/control_mailbox.h **** 
   8:src/control_mailbox.h **** namespace app
   9:src/control_mailbox.h **** {
  10:src/control_mailbox.h **** 
  11:src/control_mailbox.h **** enum class SystemMode : uint8_t
  12:src/control_mailbox.h **** {
  13:src/control_mailbox.h ****     Normal = 0,
  14:src/control_mailbox.h ****     ThermalShutdown = 1
  15:src/control_mailbox.h **** };
  16:src/control_mailbox.h **** 
  17:src/control_mailbox.h **** // Compact requested-control state crossing from the foreground loop into the
  18:src/control_mailbox.h **** // audio interrupt. Keep this trivially copyable and small so a seqlock retry is
  19:src/control_mailbox.h **** // cheap and no dynamic allocation or mutex is needed.
  20:src/control_mailbox.h **** struct ControlSnapshot
  21:src/control_mailbox.h **** {
  22:src/control_mailbox.h ****     uint8_t effect;
  23:src/control_mailbox.h ****     uint8_t bypass;
  24:src/control_mailbox.h ****     uint8_t system_mode;
  25:src/control_mailbox.h ****     uint8_t reserved;
  26:src/control_mailbox.h ****     uint16_t parameters[config::kPhysicalPotCount];
  27:src/control_mailbox.h **** };
  28:src/control_mailbox.h **** 
  29:src/control_mailbox.h **** static_assert(std::is_trivially_copyable<ControlSnapshot>::value, "ControlSnapshot must be copied b
  30:src/control_mailbox.h **** static_assert(sizeof(ControlSnapshot) <= 16, "ControlSnapshot must stay small for interrupt transfe
  31:src/control_mailbox.h **** static_assert(sizeof(ControlSnapshot) == 10, "ControlSnapshot layout changed unexpectedly");
  32:src/control_mailbox.h **** 
  33:src/control_mailbox.h **** // Single-writer/single-reader mailbox for the main loop -> audio callback handoff.
  34:src/control_mailbox.h **** // The main loop is the only writer, and the audio interrupt is the only reader.
  35:src/control_mailbox.h **** class ControlMailbox
ARM GAS  C:\Users\aydan\AppData\Local\Temp\ccTJoTh8.s 			page 27


  36:src/control_mailbox.h **** {
  37:src/control_mailbox.h ****   public:
  38:src/control_mailbox.h ****     ControlMailbox();
  39:src/control_mailbox.h **** 
  40:src/control_mailbox.h ****     // Publish() is called from the main loop after controls have been filtered and
  41:src/control_mailbox.h ****     // debounced. It marks the sequence odd while the payload is being copied.
  42:src/control_mailbox.h ****     void Publish(const ControlSnapshot& snapshot);
  43:src/control_mailbox.h **** 
  44:src/control_mailbox.h ****     // Read() is called once at the beginning of an audio block. It returns false
  45:src/control_mailbox.h ****     // if publication is in progress, allowing the callback to keep its last valid
  46:src/control_mailbox.h ****     // snapshot without blocking.
  47:src/control_mailbox.h ****     bool Read(ControlSnapshot& out, uint32_t& out_revision) const;
  48:src/control_mailbox.h **** 
  49:src/control_mailbox.h ****   private:
  50:src/control_mailbox.h ****     uint32_t sequence_;
  51:src/control_mailbox.h ****     ControlSnapshot snapshot_;
  52:src/control_mailbox.h **** };
  53:src/control_mailbox.h **** 
  54:src/control_mailbox.h **** inline ControlMailbox::ControlMailbox()
 346              		.loc 10 54 8 is_stmt 1 view .LVU75
 347              	.LBB143:
 348              	.LBB144:
  55:src/control_mailbox.h **** : sequence_(0),
  56:src/control_mailbox.h ****   snapshot_{config::FX_TUNER, 0, (uint8_t)SystemMode::Normal, 0, {0, 0, 0}}
 349              		.loc 10 56 75 is_stmt 0 view .LVU76
 350 0016 084B     		ldr	r3, .L21+12
 351              	.LBE144:
 352              	.LBE143:
 353              	.LBE142:
  43:src/main.cpp  **** #endif
 354              		.loc 6 43 15 view .LVU77
 355 0018 0848     		ldr	r0, .L21+16
 356              	.LBB147:
 357              	.LBB146:
 358              	.LBB145:
 359              		.loc 10 56 75 view .LVU78
 360 001a 5C60     		str	r4, [r3, #4]
 361 001c 43F8044B 		str	r4, [r3], #4
 362 0020 5C60     		str	r4, [r3, #4]
 363 0022 1C81     		strh	r4, [r3, #8]	@ movhi
 364              	.LVL18:
 365              		.loc 10 56 75 view .LVU79
 366              	.LBE145:
 367              	.LBE146:
 368              	.LBE147:
 369              	.LBE148:
 370              	.LBE150:
 371              		.loc 6 361 1 view .LVU80
 372 0024 BDE81040 		pop	{r4, lr}
 373              		.cfi_restore 14
 374              		.cfi_restore 4
 375              		.cfi_def_cfa_offset 0
 376              	.LBB151:
 377              	.LBB149:
  43:src/main.cpp  **** #endif
 378              		.loc 6 43 15 view .LVU81
 379 0028 FFF7FEBF 		b	_ZN3app8ControlsC1Ev
ARM GAS  C:\Users\aydan\AppData\Local\Temp\ccTJoTh8.s 			page 28


 380              	.LVL19:
 381              	.L22:
 382              		.align	2
 383              	.L21:
 384 002c 00000000 		.word	.LANCHOR0
 385 0030 00000000 		.word	__dso_handle
 386 0034 00000000 		.word	_ZN5daisy9DaisySeedD1Ev
 387 0038 00000000 		.word	.LANCHOR1
 388 003c 00000000 		.word	.LANCHOR2
 389              	.LBE149:
 390              	.LBE151:
 391              		.cfi_endproc
 392              	.LFE2592:
 394              		.section	.init_array,"aw",%init_array
 395              		.align	2
 396 0000 00000000 		.word	_GLOBAL__sub_I_main(target1)
 397              		.section	.bss._ZN12_GLOBAL__N_115control_mailboxE,"aw",%nobits
 398              		.align	2
 399              		.set	.LANCHOR1,. + 0
 402              	_ZN12_GLOBAL__N_115control_mailboxE:
 403 0000 00000000 		.space	16
 403      00000000 
 403      00000000 
 403      00000000 
 404              		.section	.bss._ZN12_GLOBAL__N_12hwE,"aw",%nobits
 405              		.align	2
 406              		.set	.LANCHOR0,. + 0
 409              	_ZN12_GLOBAL__N_12hwE:
 410 0000 00000000 		.space	64
 410      00000000 
 410      00000000 
 410      00000000 
 410      00000000 
 411              		.section	.bss._ZN12_GLOBAL__N_18controlsE,"aw",%nobits
 412              		.align	2
 413              		.set	.LANCHOR2,. + 0
 416              	_ZN12_GLOBAL__N_18controlsE:
 417 0000 00000000 		.space	104
 417      00000000 
 417      00000000 
 417      00000000 
 417      00000000 
 418              		.text
 419              	.Letext0:
 420              		.file 11 "c:\\program files\\daisytoolchain\\arm-none-eabi\\include\\machine\\_default_types.h"
 421              		.file 12 "c:\\program files\\daisytoolchain\\arm-none-eabi\\include\\sys\\_stdint.h"
 422              		.file 13 "c:\\program files\\daisytoolchain\\arm-none-eabi\\include\\stdint.h"
 423              		.file 14 "c:\\program files\\daisytoolchain\\lib\\gcc\\arm-none-eabi\\10.2.1\\include\\stddef.h"
 424              		.file 15 "c:\\program files\\daisytoolchain\\arm-none-eabi\\include\\c++\\10.2.1\\cmath"
 425              		.file 16 "c:\\program files\\daisytoolchain\\arm-none-eabi\\include\\c++\\10.2.1\\bits\\std_abs.h"
 426              		.file 17 "c:\\program files\\daisytoolchain\\arm-none-eabi\\include\\c++\\10.2.1\\cstdlib"
 427              		.file 18 "c:\\program files\\daisytoolchain\\arm-none-eabi\\include\\c++\\10.2.1\\cstdint"
 428              		.file 19 "c:\\program files\\daisytoolchain\\arm-none-eabi\\include\\c++\\10.2.1\\type_traits"
 429              		.file 20 "c:\\program files\\daisytoolchain\\arm-none-eabi\\include\\c++\\10.2.1\\debug\\debug.h"
 430              		.file 21 "c:\\program files\\daisytoolchain\\arm-none-eabi\\include\\c++\\10.2.1\\arm-none-eabi\\t
 431              		.file 22 "c:\\program files\\daisytoolchain\\arm-none-eabi\\include\\c++\\10.2.1\\bits\\algorithmf
 432              		.file 23 "c:\\program files\\daisytoolchain\\arm-none-eabi\\include\\c++\\10.2.1\\bits\\stl_pair.h
ARM GAS  C:\Users\aydan\AppData\Local\Temp\ccTJoTh8.s 			page 29


 433              		.file 24 "c:\\program files\\daisytoolchain\\arm-none-eabi\\include\\c++\\10.2.1\\bits\\exception_
 434              		.file 25 "c:\\program files\\daisytoolchain\\arm-none-eabi\\include\\c++\\10.2.1\\cstdarg"
 435              		.file 26 "c:\\program files\\daisytoolchain\\arm-none-eabi\\include\\c++\\10.2.1\\cstdio"
 436              		.file 27 "c:\\program files\\daisytoolchain\\arm-none-eabi\\include\\c++\\10.2.1\\cstring"
 437              		.file 28 "c:\\program files\\daisytoolchain\\arm-none-eabi\\include\\c++\\10.2.1\\bits\\predefined
 438              		.file 29 "c:\\program files\\daisytoolchain\\arm-none-eabi\\include\\sys\\_types.h"
 439              		.file 30 "c:\\program files\\daisytoolchain\\arm-none-eabi\\include\\sys\\reent.h"
 440              		.file 31 "c:\\program files\\daisytoolchain\\arm-none-eabi\\include\\sys\\lock.h"
 441              		.file 32 "c:\\program files\\daisytoolchain\\arm-none-eabi\\include\\math.h"
 442              		.file 33 "c:\\program files\\daisytoolchain\\arm-none-eabi\\include\\stdlib.h"
 443              		.file 34 "c:\\program files\\daisytoolchain\\arm-none-eabi\\include\\c++\\10.2.1\\math.h"
 444              		.file 35 "c:\\program files\\daisytoolchain\\arm-none-eabi\\include\\c++\\10.2.1\\stdlib.h"
 445              		.file 36 "../../libDaisy/src/daisy_core.h"
 446              		.file 37 "../../libDaisy/src/per/tim.h"
 447              		.file 38 "../../libDaisy/src/per/gpio.h"
 448              		.file 39 "../../libDaisy/src/util/wav_format.h"
 449              		.file 40 "../../libDaisy/src/dev/max11300.h"
 450              		.file 41 "../../libDaisy/src/dev/sdram.h"
 451              		.file 42 "c:\\program files\\daisytoolchain\\lib\\gcc\\arm-none-eabi\\10.2.1\\include\\stdarg.h"
 452              		.file 43 "c:\\program files\\daisytoolchain\\arm-none-eabi\\include\\stdio.h"
 453              		.file 44 "c:\\program files\\daisytoolchain\\arm-none-eabi\\include\\string.h"
 454              		.file 45 "src/app_config.h"
 455              		.file 46 "src/controls.h"
 456              		.file 47 "../../libDaisy/src/dev/sr_595.h"
 457              		.file 48 "<built-in>"
ARM GAS  C:\Users\aydan\AppData\Local\Temp\ccTJoTh8.s 			page 30


DEFINED SYMBOLS
                            *ABS*:00000000 main.cpp
C:\Users\aydan\AppData\Local\Temp\ccTJoTh8.s:17     .text._ZN5daisy9DaisySeedD2Ev:00000000 $t
C:\Users\aydan\AppData\Local\Temp\ccTJoTh8.s:26     .text._ZN5daisy9DaisySeedD2Ev:00000000 _ZN5daisy9DaisySeedD2Ev
C:\Users\aydan\AppData\Local\Temp\ccTJoTh8.s:26     .text._ZN5daisy9DaisySeedD2Ev:00000000 _ZN5daisy9DaisySeedD1Ev
C:\Users\aydan\AppData\Local\Temp\ccTJoTh8.s:67     .text._ZN12_GLOBAL__N_113AudioCallbackEPKPKfPPfj:00000000 $t
C:\Users\aydan\AppData\Local\Temp\ccTJoTh8.s:74     .text._ZN12_GLOBAL__N_113AudioCallbackEPKPKfPPfj:00000000 _ZN12_GLOBAL__N_113AudioCallbackEPKPKfPPfj
C:\Users\aydan\AppData\Local\Temp\ccTJoTh8.s:131    .text.startup.main:00000000 $t
C:\Users\aydan\AppData\Local\Temp\ccTJoTh8.s:139    .text.startup.main:00000000 main
C:\Users\aydan\AppData\Local\Temp\ccTJoTh8.s:211    .text.startup.main:00000030 $d
C:\Users\aydan\AppData\Local\Temp\ccTJoTh8.s:219    .text.startup._GLOBAL__sub_I_main:00000000 $t
C:\Users\aydan\AppData\Local\Temp\ccTJoTh8.s:226    .text.startup._GLOBAL__sub_I_main:00000000 _GLOBAL__sub_I_main
C:\Users\aydan\AppData\Local\Temp\ccTJoTh8.s:384    .text.startup._GLOBAL__sub_I_main:0000002c $d
C:\Users\aydan\AppData\Local\Temp\ccTJoTh8.s:395    .init_array:00000000 $d
C:\Users\aydan\AppData\Local\Temp\ccTJoTh8.s:398    .bss._ZN12_GLOBAL__N_115control_mailboxE:00000000 $d
C:\Users\aydan\AppData\Local\Temp\ccTJoTh8.s:402    .bss._ZN12_GLOBAL__N_115control_mailboxE:00000000 _ZN12_GLOBAL__N_115control_mailboxE
C:\Users\aydan\AppData\Local\Temp\ccTJoTh8.s:405    .bss._ZN12_GLOBAL__N_12hwE:00000000 $d
C:\Users\aydan\AppData\Local\Temp\ccTJoTh8.s:409    .bss._ZN12_GLOBAL__N_12hwE:00000000 _ZN12_GLOBAL__N_12hwE
C:\Users\aydan\AppData\Local\Temp\ccTJoTh8.s:412    .bss._ZN12_GLOBAL__N_18controlsE:00000000 $d
C:\Users\aydan\AppData\Local\Temp\ccTJoTh8.s:416    .bss._ZN12_GLOBAL__N_18controlsE:00000000 _ZN12_GLOBAL__N_18controlsE
                           .group:00000000 _ZN5daisy9DaisySeedD5Ev

UNDEFINED SYMBOLS
_ZN5daisy9DaisySeed4InitEb
_ZN5daisy9DaisySeed18SetAudioSampleRateENS_9SaiHandle6Config10SampleRateE
_ZN5daisy9DaisySeed17SetAudioBlockSizeEj
_ZN3app8Controls4InitERN5daisy9DaisySeedERNS_14ControlMailboxE
_ZN5daisy9DaisySeed10StartAudioEPFvPKPKfPPfjE
__aeabi_atexit
_ZN3app8ControlsC1Ev
__dso_handle
