ARM GAS  C:\Users\aydan\AppData\Local\Temp\ccSHKQNr.s 			page 1


   1              		.cpu cortex-m7
   2              		.eabi_attribute 28, 1
   3              		.eabi_attribute 20, 1
   4              		.eabi_attribute 21, 1
   5              		.eabi_attribute 23, 3
   6              		.eabi_attribute 24, 1
   7              		.eabi_attribute 25, 1
   8              		.eabi_attribute 26, 1
   9              		.eabi_attribute 30, 2
  10              		.eabi_attribute 34, 1
  11              		.eabi_attribute 18, 4
  12              		.file	"chorus_module.cpp"
  13              		.text
  14              	.Ltext0:
  15              		.cfi_sections	.debug_frame
  16              		.section	.text._ZN10bkshepherd12ChorusModuleD2Ev,"ax",%progbits
  17              		.align	1
  18              		.p2align 2,,3
  19              		.global	_ZN10bkshepherd12ChorusModuleD2Ev
  20              		.arch armv7e-m
  21              		.syntax unified
  22              		.thumb
  23              		.thumb_func
  24              		.fpu fpv5-d16
  26              	_ZN10bkshepherd12ChorusModuleD2Ev:
  27              	.LVL0:
  28              	.LFB4731:
  29              		.file 1 "gml/GuitarPedal/Effect-Modules/chorus_module.cpp"
   1:gml/GuitarPedal/Effect-Modules/chorus_module.cpp **** #include "chorus_module.h"
   2:gml/GuitarPedal/Effect-Modules/chorus_module.cpp **** 
   3:gml/GuitarPedal/Effect-Modules/chorus_module.cpp **** using namespace bkshepherd;
   4:gml/GuitarPedal/Effect-Modules/chorus_module.cpp **** 
   5:gml/GuitarPedal/Effect-Modules/chorus_module.cpp **** static const int s_paramCount = 5;
   6:gml/GuitarPedal/Effect-Modules/chorus_module.cpp **** static const ParameterMetaData s_metaData[s_paramCount] = {{name: "Wet", valueType: ParameterValueT
   7:gml/GuitarPedal/Effect-Modules/chorus_module.cpp ****                                                            {name: "Delay", valueType: ParameterValu
   8:gml/GuitarPedal/Effect-Modules/chorus_module.cpp ****                                                            {name: "LFO Freq", valueType: ParameterV
   9:gml/GuitarPedal/Effect-Modules/chorus_module.cpp ****                                                            {name: "LFO Depth", valueType: Parameter
  10:gml/GuitarPedal/Effect-Modules/chorus_module.cpp ****                                                            {name: "Feedback", valueType: ParameterV
  11:gml/GuitarPedal/Effect-Modules/chorus_module.cpp **** 
  12:gml/GuitarPedal/Effect-Modules/chorus_module.cpp **** // Default Constructor
  13:gml/GuitarPedal/Effect-Modules/chorus_module.cpp **** ChorusModule::ChorusModule() : BaseEffectModule(),
  14:gml/GuitarPedal/Effect-Modules/chorus_module.cpp ****                                         m_lfoFreqMin(1.0f),
  15:gml/GuitarPedal/Effect-Modules/chorus_module.cpp ****                                         m_lfoFreqMax(20.0f)
  16:gml/GuitarPedal/Effect-Modules/chorus_module.cpp **** 
  17:gml/GuitarPedal/Effect-Modules/chorus_module.cpp **** {
  18:gml/GuitarPedal/Effect-Modules/chorus_module.cpp ****     // Set the name of the effect
  19:gml/GuitarPedal/Effect-Modules/chorus_module.cpp ****     m_name = "Chorus";
  20:gml/GuitarPedal/Effect-Modules/chorus_module.cpp **** 
  21:gml/GuitarPedal/Effect-Modules/chorus_module.cpp ****     // Setup the meta data reference for this Effect
  22:gml/GuitarPedal/Effect-Modules/chorus_module.cpp ****     m_paramMetaData = s_metaData;
  23:gml/GuitarPedal/Effect-Modules/chorus_module.cpp **** 
  24:gml/GuitarPedal/Effect-Modules/chorus_module.cpp ****     // Initialize Parameters for this Effect
  25:gml/GuitarPedal/Effect-Modules/chorus_module.cpp ****     this->InitParams(s_paramCount);
  26:gml/GuitarPedal/Effect-Modules/chorus_module.cpp **** }
  27:gml/GuitarPedal/Effect-Modules/chorus_module.cpp **** 
  28:gml/GuitarPedal/Effect-Modules/chorus_module.cpp **** // Destructor
  29:gml/GuitarPedal/Effect-Modules/chorus_module.cpp **** ChorusModule::~ChorusModule()
ARM GAS  C:\Users\aydan\AppData\Local\Temp\ccSHKQNr.s 			page 2


  30              		.loc 1 29 1 view -0
  31              		.cfi_startproc
  32              		@ args = 0, pretend = 0, frame = 0
  33              		@ frame_needed = 0, uses_anonymous_args = 0
  34              	.LBB37:
  35              		.loc 1 29 29 is_stmt 0 view .LVU1
  36 0000 034B     		ldr	r3, .L4
  37              	.LBE37:
  38              		.loc 1 29 1 view .LVU2
  39 0002 10B5     		push	{r4, lr}
  40              		.cfi_def_cfa_offset 8
  41              		.cfi_offset 4, -8
  42              		.cfi_offset 14, -4
  43              		.loc 1 29 1 view .LVU3
  44 0004 0446     		mov	r4, r0
  45              	.LBB39:
  46              		.loc 1 29 29 view .LVU4
  47 0006 0360     		str	r3, [r0]
  48              	.LVL1:
  49              	.LBB38:
  50              	.LBI38:
  51              		.file 2 "../../DaisySP/Source/Effects/chorus.h"
   1:../../DaisySP/Source/Effects/chorus.h **** /*
   2:../../DaisySP/Source/Effects/chorus.h **** Copyright (c) 2020 Electrosmith, Corp
   3:../../DaisySP/Source/Effects/chorus.h **** 
   4:../../DaisySP/Source/Effects/chorus.h **** Use of this source code is governed by an MIT-style
   5:../../DaisySP/Source/Effects/chorus.h **** license that can be found in the LICENSE file or at
   6:../../DaisySP/Source/Effects/chorus.h **** https://opensource.org/licenses/MIT.
   7:../../DaisySP/Source/Effects/chorus.h **** */
   8:../../DaisySP/Source/Effects/chorus.h **** 
   9:../../DaisySP/Source/Effects/chorus.h **** #pragma once
  10:../../DaisySP/Source/Effects/chorus.h **** #ifndef DSY_CHORUS_H
  11:../../DaisySP/Source/Effects/chorus.h **** #define DSY_CHORUS_H
  12:../../DaisySP/Source/Effects/chorus.h **** #ifdef __cplusplus
  13:../../DaisySP/Source/Effects/chorus.h **** 
  14:../../DaisySP/Source/Effects/chorus.h **** #include <stdint.h>
  15:../../DaisySP/Source/Effects/chorus.h **** #include "Utility/delayline.h"
  16:../../DaisySP/Source/Effects/chorus.h **** 
  17:../../DaisySP/Source/Effects/chorus.h **** /** @file chorus.h */
  18:../../DaisySP/Source/Effects/chorus.h **** 
  19:../../DaisySP/Source/Effects/chorus.h **** namespace daisysp
  20:../../DaisySP/Source/Effects/chorus.h **** {
  21:../../DaisySP/Source/Effects/chorus.h **** /**  
  22:../../DaisySP/Source/Effects/chorus.h ****     @brief Single Chorus engine. Used in Chorus.
  23:../../DaisySP/Source/Effects/chorus.h ****     @author Ben Sergentanis
  24:../../DaisySP/Source/Effects/chorus.h **** */
  25:../../DaisySP/Source/Effects/chorus.h **** class ChorusEngine
  26:../../DaisySP/Source/Effects/chorus.h **** {
  27:../../DaisySP/Source/Effects/chorus.h ****   public:
  28:../../DaisySP/Source/Effects/chorus.h ****     ChorusEngine() {}
  29:../../DaisySP/Source/Effects/chorus.h ****     ~ChorusEngine() {}
  30:../../DaisySP/Source/Effects/chorus.h **** 
  31:../../DaisySP/Source/Effects/chorus.h ****     /** Initialize the module
  32:../../DaisySP/Source/Effects/chorus.h ****         \param sample_rate Audio engine sample rate.
  33:../../DaisySP/Source/Effects/chorus.h ****     */
  34:../../DaisySP/Source/Effects/chorus.h ****     void Init(float sample_rate);
  35:../../DaisySP/Source/Effects/chorus.h **** 
ARM GAS  C:\Users\aydan\AppData\Local\Temp\ccSHKQNr.s 			page 3


  36:../../DaisySP/Source/Effects/chorus.h ****     /** Get the next sample
  37:../../DaisySP/Source/Effects/chorus.h ****         \param in Sample to process
  38:../../DaisySP/Source/Effects/chorus.h ****     */
  39:../../DaisySP/Source/Effects/chorus.h ****     float Process(float in);
  40:../../DaisySP/Source/Effects/chorus.h **** 
  41:../../DaisySP/Source/Effects/chorus.h ****     /** How much to modulate the delay by.
  42:../../DaisySP/Source/Effects/chorus.h ****         \param depth Works 0-1.
  43:../../DaisySP/Source/Effects/chorus.h ****     */
  44:../../DaisySP/Source/Effects/chorus.h ****     void SetLfoDepth(float depth);
  45:../../DaisySP/Source/Effects/chorus.h **** 
  46:../../DaisySP/Source/Effects/chorus.h ****     /** Set lfo frequency.
  47:../../DaisySP/Source/Effects/chorus.h ****         \param freq Frequency in Hz
  48:../../DaisySP/Source/Effects/chorus.h ****     */
  49:../../DaisySP/Source/Effects/chorus.h ****     void SetLfoFreq(float freq);
  50:../../DaisySP/Source/Effects/chorus.h **** 
  51:../../DaisySP/Source/Effects/chorus.h ****     /** Set the internal delay rate. 
  52:../../DaisySP/Source/Effects/chorus.h ****         \param delay Tuned for 0-1. Maps to .1 to 50 ms.
  53:../../DaisySP/Source/Effects/chorus.h ****     */
  54:../../DaisySP/Source/Effects/chorus.h ****     void SetDelay(float delay);
  55:../../DaisySP/Source/Effects/chorus.h **** 
  56:../../DaisySP/Source/Effects/chorus.h ****     /** Set the delay time in ms.
  57:../../DaisySP/Source/Effects/chorus.h ****         \param ms Delay time in ms, 0 to 50 ms.
  58:../../DaisySP/Source/Effects/chorus.h ****     */
  59:../../DaisySP/Source/Effects/chorus.h ****     void SetDelayMs(float ms);
  60:../../DaisySP/Source/Effects/chorus.h **** 
  61:../../DaisySP/Source/Effects/chorus.h ****     /** Set the feedback amount.
  62:../../DaisySP/Source/Effects/chorus.h ****         \param feedback Amount from 0-1.
  63:../../DaisySP/Source/Effects/chorus.h ****     */
  64:../../DaisySP/Source/Effects/chorus.h ****     void SetFeedback(float feedback);
  65:../../DaisySP/Source/Effects/chorus.h **** 
  66:../../DaisySP/Source/Effects/chorus.h ****   private:
  67:../../DaisySP/Source/Effects/chorus.h ****     float                    sample_rate_;
  68:../../DaisySP/Source/Effects/chorus.h ****     static constexpr int32_t kDelayLength
  69:../../DaisySP/Source/Effects/chorus.h ****         = 2400; // 50 ms at 48kHz = .05 * 48000
  70:../../DaisySP/Source/Effects/chorus.h **** 
  71:../../DaisySP/Source/Effects/chorus.h ****     //triangle lfos
  72:../../DaisySP/Source/Effects/chorus.h ****     float lfo_phase_;
  73:../../DaisySP/Source/Effects/chorus.h ****     float lfo_freq_;
  74:../../DaisySP/Source/Effects/chorus.h ****     float lfo_amp_;
  75:../../DaisySP/Source/Effects/chorus.h **** 
  76:../../DaisySP/Source/Effects/chorus.h ****     float feedback_;
  77:../../DaisySP/Source/Effects/chorus.h **** 
  78:../../DaisySP/Source/Effects/chorus.h ****     float delay_;
  79:../../DaisySP/Source/Effects/chorus.h **** 
  80:../../DaisySP/Source/Effects/chorus.h ****     DelayLine<float, kDelayLength> del_;
  81:../../DaisySP/Source/Effects/chorus.h **** 
  82:../../DaisySP/Source/Effects/chorus.h ****     float ProcessLfo();
  83:../../DaisySP/Source/Effects/chorus.h **** };
  84:../../DaisySP/Source/Effects/chorus.h **** 
  85:../../DaisySP/Source/Effects/chorus.h **** //wraps up all of the chorus engines
  86:../../DaisySP/Source/Effects/chorus.h **** /**  
  87:../../DaisySP/Source/Effects/chorus.h ****     @brief Chorus Effect.
  88:../../DaisySP/Source/Effects/chorus.h ****     @author Ben Sergentanis
  89:../../DaisySP/Source/Effects/chorus.h ****     @date Jan 2021
  90:../../DaisySP/Source/Effects/chorus.h ****     Based on https://www.izotope.com/en/learn/understanding-chorus-flangers-and-phasers-in-audio-pr
  91:../../DaisySP/Source/Effects/chorus.h ****     and https://www.researchgate.net/publication/236629475_Implementing_Professional_Audio_Effects_
  92:../../DaisySP/Source/Effects/chorus.h **** */
ARM GAS  C:\Users\aydan\AppData\Local\Temp\ccSHKQNr.s 			page 4


  93:../../DaisySP/Source/Effects/chorus.h **** class Chorus
  94:../../DaisySP/Source/Effects/chorus.h **** {
  95:../../DaisySP/Source/Effects/chorus.h ****   public:
  96:../../DaisySP/Source/Effects/chorus.h ****     Chorus() {}
  97:../../DaisySP/Source/Effects/chorus.h ****     ~Chorus() {}
  52              		.loc 2 97 5 is_stmt 1 view .LVU5
  53              		.loc 2 97 5 is_stmt 0 view .LVU6
  54              	.LBE38:
  55              		.loc 1 29 29 view .LVU7
  56 0008 FFF7FEFF 		bl	_ZN10bkshepherd16BaseEffectModuleD2Ev
  57              	.LVL2:
  58              		.loc 1 29 29 view .LVU8
  59              	.LBE39:
  30:gml/GuitarPedal/Effect-Modules/chorus_module.cpp **** {
  31:gml/GuitarPedal/Effect-Modules/chorus_module.cpp ****     // No Code Needed
  32:gml/GuitarPedal/Effect-Modules/chorus_module.cpp **** }
  60              		.loc 1 32 1 view .LVU9
  61 000c 2046     		mov	r0, r4
  62 000e 10BD     		pop	{r4, pc}
  63              	.LVL3:
  64              	.L5:
  65              		.loc 1 32 1 view .LVU10
  66              		.align	2
  67              	.L4:
  68 0010 08000000 		.word	.LANCHOR0+8
  69              		.cfi_endproc
  70              	.LFE4731:
  72              		.global	_ZN10bkshepherd12ChorusModuleD1Ev
  73              		.thumb_set _ZN10bkshepherd12ChorusModuleD1Ev,_ZN10bkshepherd12ChorusModuleD2Ev
  74              		.section	.text._ZN10bkshepherd12ChorusModuleD0Ev,"ax",%progbits
  75              		.align	1
  76              		.p2align 2,,3
  77              		.global	_ZN10bkshepherd12ChorusModuleD0Ev
  78              		.syntax unified
  79              		.thumb
  80              		.thumb_func
  81              		.fpu fpv5-d16
  83              	_ZN10bkshepherd12ChorusModuleD0Ev:
  84              	.LVL4:
  85              	.LFB4733:
  29:gml/GuitarPedal/Effect-Modules/chorus_module.cpp **** {
  86              		.loc 1 29 1 is_stmt 1 view -0
  87              		.cfi_startproc
  88              		@ args = 0, pretend = 0, frame = 0
  89              		@ frame_needed = 0, uses_anonymous_args = 0
  90              	.LBB40:
  91              	.LBB41:
  29:gml/GuitarPedal/Effect-Modules/chorus_module.cpp **** {
  92              		.loc 1 29 29 is_stmt 0 view .LVU12
  93 0000 064B     		ldr	r3, .L8
  94              	.LBE41:
  95              	.LBE40:
  29:gml/GuitarPedal/Effect-Modules/chorus_module.cpp **** {
  96              		.loc 1 29 1 view .LVU13
  97 0002 10B5     		push	{r4, lr}
  98              		.cfi_def_cfa_offset 8
  99              		.cfi_offset 4, -8
ARM GAS  C:\Users\aydan\AppData\Local\Temp\ccSHKQNr.s 			page 5


 100              		.cfi_offset 14, -4
  29:gml/GuitarPedal/Effect-Modules/chorus_module.cpp **** {
 101              		.loc 1 29 1 view .LVU14
 102 0004 0446     		mov	r4, r0
 103              	.LVL5:
 104              	.LBB44:
 105              	.LBI40:
  29:gml/GuitarPedal/Effect-Modules/chorus_module.cpp **** {
 106              		.loc 1 29 1 is_stmt 1 view .LVU15
 107              	.LBB43:
  29:gml/GuitarPedal/Effect-Modules/chorus_module.cpp **** {
 108              		.loc 1 29 29 is_stmt 0 view .LVU16
 109 0006 0360     		str	r3, [r0]
 110              	.LVL6:
 111              	.LBB42:
 112              	.LBI42:
 113              		.loc 2 97 5 is_stmt 1 view .LVU17
 114              		.loc 2 97 5 is_stmt 0 view .LVU18
 115              	.LBE42:
  29:gml/GuitarPedal/Effect-Modules/chorus_module.cpp **** {
 116              		.loc 1 29 29 view .LVU19
 117 0008 FFF7FEFF 		bl	_ZN10bkshepherd16BaseEffectModuleD2Ev
 118              	.LVL7:
  29:gml/GuitarPedal/Effect-Modules/chorus_module.cpp **** {
 119              		.loc 1 29 29 view .LVU20
 120              	.LBE43:
 121              	.LBE44:
 122              		.loc 1 32 1 view .LVU21
 123 000c 44F68831 		movw	r1, #19336
 124 0010 2046     		mov	r0, r4
 125 0012 FFF7FEFF 		bl	_ZdlPvj
 126              	.LVL8:
 127 0016 2046     		mov	r0, r4
 128 0018 10BD     		pop	{r4, pc}
 129              	.LVL9:
 130              	.L9:
 131              		.loc 1 32 1 view .LVU22
 132 001a 00BF     		.align	2
 133              	.L8:
 134 001c 08000000 		.word	.LANCHOR0+8
 135              		.cfi_endproc
 136              	.LFE4733:
 138              		.section	.rodata._ZN10bkshepherd12ChorusModuleC2Ev.str1.4,"aMS",%progbits,1
 139              		.align	2
 140              	.LC0:
 141 0000 43686F72 		.ascii	"Chorus\000"
 141      757300
 142              		.section	.text._ZN10bkshepherd12ChorusModuleC2Ev,"ax",%progbits
 143              		.align	1
 144              		.p2align 2,,3
 145              		.global	_ZN10bkshepherd12ChorusModuleC2Ev
 146              		.syntax unified
 147              		.thumb
 148              		.thumb_func
 149              		.fpu fpv5-d16
 151              	_ZN10bkshepherd12ChorusModuleC2Ev:
 152              	.LVL10:
ARM GAS  C:\Users\aydan\AppData\Local\Temp\ccSHKQNr.s 			page 6


 153              	.LFB4728:
  13:gml/GuitarPedal/Effect-Modules/chorus_module.cpp ****                                         m_lfoFreqMin(1.0f),
 154              		.loc 1 13 1 is_stmt 1 view -0
 155              		.cfi_startproc
 156              		@ args = 0, pretend = 0, frame = 0
 157              		@ frame_needed = 0, uses_anonymous_args = 0
  13:gml/GuitarPedal/Effect-Modules/chorus_module.cpp ****                                         m_lfoFreqMin(1.0f),
 158              		.loc 1 13 1 is_stmt 0 view .LVU24
 159 0000 10B5     		push	{r4, lr}
 160              		.cfi_def_cfa_offset 8
 161              		.cfi_offset 4, -8
 162              		.cfi_offset 14, -4
  13:gml/GuitarPedal/Effect-Modules/chorus_module.cpp ****                                         m_lfoFreqMin(1.0f),
 163              		.loc 1 13 1 view .LVU25
 164 0002 0446     		mov	r4, r0
 165              	.LBB45:
  15:gml/GuitarPedal/Effect-Modules/chorus_module.cpp **** 
 166              		.loc 1 15 59 view .LVU26
 167 0004 FFF7FEFF 		bl	_ZN10bkshepherd16BaseEffectModuleC2Ev
 168              	.LVL11:
  15:gml/GuitarPedal/Effect-Modules/chorus_module.cpp **** 
 169              		.loc 1 15 59 view .LVU27
 170 0008 0A4A     		ldr	r2, .L12
 171 000a 4FF07E51 		mov	r1, #1065353216
 172 000e 44F68433 		movw	r3, #19332
 173 0012 0948     		ldr	r0, .L12+4
 174 0014 2260     		str	r2, [r4]
 175              	.LVL12:
 176              	.LBB46:
 177              	.LBI46:
  96:../../DaisySP/Source/Effects/chorus.h ****     ~Chorus() {}
 178              		.loc 2 96 5 is_stmt 1 view .LVU28
 179              	.LBE46:
 180              	.LBE45:
  96:../../DaisySP/Source/Effects/chorus.h ****     ~Chorus() {}
 181              		.loc 2 96 14 view .LVU29
 182              	.LBB47:
  15:gml/GuitarPedal/Effect-Modules/chorus_module.cpp **** 
 183              		.loc 1 15 59 is_stmt 0 view .LVU30
 184 0016 04F59742 		add	r2, r4, #19328
 185 001a 2344     		add	r3, r3, r4
 186 001c 1160     		str	r1, [r2]	@ float
  22:gml/GuitarPedal/Effect-Modules/chorus_module.cpp **** 
 187              		.loc 1 22 21 view .LVU31
 188 001e 074A     		ldr	r2, .L12+8
  19:gml/GuitarPedal/Effect-Modules/chorus_module.cpp **** 
 189              		.loc 1 19 12 view .LVU32
 190 0020 0749     		ldr	r1, .L12+12
  15:gml/GuitarPedal/Effect-Modules/chorus_module.cpp **** 
 191              		.loc 1 15 59 view .LVU33
 192 0022 1860     		str	r0, [r3]	@ float
  19:gml/GuitarPedal/Effect-Modules/chorus_module.cpp **** 
 193              		.loc 1 19 5 is_stmt 1 view .LVU34
  25:gml/GuitarPedal/Effect-Modules/chorus_module.cpp **** }
 194              		.loc 1 25 21 is_stmt 0 view .LVU35
 195 0024 2046     		mov	r0, r4
  19:gml/GuitarPedal/Effect-Modules/chorus_module.cpp **** 
ARM GAS  C:\Users\aydan\AppData\Local\Temp\ccSHKQNr.s 			page 7


 196              		.loc 1 19 12 view .LVU36
 197 0026 6160     		str	r1, [r4, #4]
  22:gml/GuitarPedal/Effect-Modules/chorus_module.cpp **** 
 198              		.loc 1 22 5 is_stmt 1 view .LVU37
  25:gml/GuitarPedal/Effect-Modules/chorus_module.cpp **** }
 199              		.loc 1 25 21 is_stmt 0 view .LVU38
 200 0028 0521     		movs	r1, #5
  22:gml/GuitarPedal/Effect-Modules/chorus_module.cpp **** 
 201              		.loc 1 22 21 view .LVU39
 202 002a 2261     		str	r2, [r4, #16]
  25:gml/GuitarPedal/Effect-Modules/chorus_module.cpp **** }
 203              		.loc 1 25 5 is_stmt 1 view .LVU40
  25:gml/GuitarPedal/Effect-Modules/chorus_module.cpp **** }
 204              		.loc 1 25 21 is_stmt 0 view .LVU41
 205 002c FFF7FEFF 		bl	_ZN10bkshepherd16BaseEffectModule10InitParamsEi
 206              	.LVL13:
 207              	.LBE47:
  26:gml/GuitarPedal/Effect-Modules/chorus_module.cpp **** 
 208              		.loc 1 26 1 view .LVU42
 209 0030 2046     		mov	r0, r4
 210 0032 10BD     		pop	{r4, pc}
 211              	.LVL14:
 212              	.L13:
  26:gml/GuitarPedal/Effect-Modules/chorus_module.cpp **** 
 213              		.loc 1 26 1 view .LVU43
 214              		.align	2
 215              	.L12:
 216 0034 08000000 		.word	.LANCHOR0+8
 217 0038 0000A041 		.word	1101004800
 218 003c 00000000 		.word	.LANCHOR1
 219 0040 00000000 		.word	.LC0
 220              		.cfi_endproc
 221              	.LFE4728:
 223              		.global	_ZN10bkshepherd12ChorusModuleC1Ev
 224              		.thumb_set _ZN10bkshepherd12ChorusModuleC1Ev,_ZN10bkshepherd12ChorusModuleC2Ev
 225              		.section	.text._ZN10bkshepherd12ChorusModule4InitEf,"ax",%progbits
 226              		.align	1
 227              		.p2align 2,,3
 228              		.global	_ZN10bkshepherd12ChorusModule4InitEf
 229              		.syntax unified
 230              		.thumb
 231              		.thumb_func
 232              		.fpu fpv5-d16
 234              	_ZN10bkshepherd12ChorusModule4InitEf:
 235              	.LVL15:
 236              	.LFB4734:
  33:gml/GuitarPedal/Effect-Modules/chorus_module.cpp **** 
  34:gml/GuitarPedal/Effect-Modules/chorus_module.cpp **** void ChorusModule::Init(float sample_rate)
  35:gml/GuitarPedal/Effect-Modules/chorus_module.cpp **** {
 237              		.loc 1 35 1 is_stmt 1 view -0
 238              		.cfi_startproc
 239              		@ args = 0, pretend = 0, frame = 0
 240              		@ frame_needed = 0, uses_anonymous_args = 0
  36:gml/GuitarPedal/Effect-Modules/chorus_module.cpp ****     BaseEffectModule::Init(sample_rate);
 241              		.loc 1 36 5 view .LVU45
  35:gml/GuitarPedal/Effect-Modules/chorus_module.cpp ****     BaseEffectModule::Init(sample_rate);
 242              		.loc 1 35 1 is_stmt 0 view .LVU46
ARM GAS  C:\Users\aydan\AppData\Local\Temp\ccSHKQNr.s 			page 8


 243 0000 10B5     		push	{r4, lr}
 244              		.cfi_def_cfa_offset 8
 245              		.cfi_offset 4, -8
 246              		.cfi_offset 14, -4
 247 0002 2DED028B 		vpush.64	{d8}
 248              		.cfi_def_cfa_offset 16
 249              		.cfi_offset 80, -16
 250              		.cfi_offset 81, -12
  35:gml/GuitarPedal/Effect-Modules/chorus_module.cpp ****     BaseEffectModule::Init(sample_rate);
 251              		.loc 1 35 1 view .LVU47
 252 0006 B0EE408A 		vmov.f32	s16, s0
 253 000a 0446     		mov	r4, r0
 254              		.loc 1 36 27 view .LVU48
 255 000c FFF7FEFF 		bl	_ZN10bkshepherd16BaseEffectModule4InitEf
 256              	.LVL16:
  37:gml/GuitarPedal/Effect-Modules/chorus_module.cpp **** 
  38:gml/GuitarPedal/Effect-Modules/chorus_module.cpp ****     m_chorus.Init(sample_rate);
 257              		.loc 1 38 5 is_stmt 1 view .LVU49
 258              		.loc 1 38 18 is_stmt 0 view .LVU50
 259 0010 04F12400 		add	r0, r4, #36
 260 0014 B0EE480A 		vmov.f32	s0, s16
  39:gml/GuitarPedal/Effect-Modules/chorus_module.cpp **** }
 261              		.loc 1 39 1 view .LVU51
 262 0018 BDEC028B 		vldm	sp!, {d8}
 263              		.cfi_restore 80
 264              		.cfi_restore 81
 265              		.cfi_def_cfa_offset 8
 266              	.LVL17:
 267              		.loc 1 39 1 view .LVU52
 268 001c BDE81040 		pop	{r4, lr}
 269              		.cfi_restore 14
 270              		.cfi_restore 4
 271              		.cfi_def_cfa_offset 0
 272              	.LVL18:
  38:gml/GuitarPedal/Effect-Modules/chorus_module.cpp **** }
 273              		.loc 1 38 18 view .LVU53
 274 0020 FFF7FEBF 		b	_ZN7daisysp6Chorus4InitEf
 275              	.LVL19:
  38:gml/GuitarPedal/Effect-Modules/chorus_module.cpp **** }
 276              		.loc 1 38 18 view .LVU54
 277              		.cfi_endproc
 278              	.LFE4734:
 280              		.section	.text._ZN10bkshepherd12ChorusModule11ProcessMonoEf,"ax",%progbits
 281              		.align	1
 282              		.p2align 2,,3
 283              		.global	_ZN10bkshepherd12ChorusModule11ProcessMonoEf
 284              		.syntax unified
 285              		.thumb
 286              		.thumb_func
 287              		.fpu fpv5-d16
 289              	_ZN10bkshepherd12ChorusModule11ProcessMonoEf:
 290              	.LVL20:
 291              	.LFB4735:
  40:gml/GuitarPedal/Effect-Modules/chorus_module.cpp **** 
  41:gml/GuitarPedal/Effect-Modules/chorus_module.cpp **** void ChorusModule::ProcessMono(float in)
  42:gml/GuitarPedal/Effect-Modules/chorus_module.cpp **** {
 292              		.loc 1 42 1 is_stmt 1 view -0
ARM GAS  C:\Users\aydan\AppData\Local\Temp\ccSHKQNr.s 			page 9


 293              		.cfi_startproc
 294              		@ args = 0, pretend = 0, frame = 0
 295              		@ frame_needed = 0, uses_anonymous_args = 0
  43:gml/GuitarPedal/Effect-Modules/chorus_module.cpp ****     BaseEffectModule::ProcessMono(in);
 296              		.loc 1 43 5 view .LVU56
  42:gml/GuitarPedal/Effect-Modules/chorus_module.cpp ****     BaseEffectModule::ProcessMono(in);
 297              		.loc 1 42 1 is_stmt 0 view .LVU57
 298 0000 F8B5     		push	{r3, r4, r5, r6, r7, lr}
 299              		.cfi_def_cfa_offset 24
 300              		.cfi_offset 3, -24
 301              		.cfi_offset 4, -20
 302              		.cfi_offset 5, -16
 303              		.cfi_offset 6, -12
 304              		.cfi_offset 7, -8
 305              		.cfi_offset 14, -4
 306 0002 0446     		mov	r4, r0
 307 0004 2DED048B 		vpush.64	{d8, d9}
 308              		.cfi_def_cfa_offset 40
 309              		.cfi_offset 80, -40
 310              		.cfi_offset 81, -36
 311              		.cfi_offset 82, -32
 312              		.cfi_offset 83, -28
  44:gml/GuitarPedal/Effect-Modules/chorus_module.cpp **** 
  45:gml/GuitarPedal/Effect-Modules/chorus_module.cpp ****     // Calculate the effect
  46:gml/GuitarPedal/Effect-Modules/chorus_module.cpp ****     m_chorus.SetDelay(GetParameterAsMagnitude(1));
 313              		.loc 1 46 22 view .LVU58
 314 0008 04F12405 		add	r5, r4, #36
  43:gml/GuitarPedal/Effect-Modules/chorus_module.cpp **** 
 315              		.loc 1 43 34 view .LVU59
 316 000c FFF7FEFF 		bl	_ZN10bkshepherd16BaseEffectModule11ProcessMonoEf
 317              	.LVL21:
 318              		.loc 1 46 5 is_stmt 1 view .LVU60
  47:gml/GuitarPedal/Effect-Modules/chorus_module.cpp ****     m_chorus.SetLfoFreq(m_lfoFreqMin + (GetParameterAsMagnitude(2) * GetParameterAsMagnitude(2) * (
 319              		.loc 1 47 25 is_stmt 0 view .LVU61
 320 0010 04F58046 		add	r6, r4, #16384
  46:gml/GuitarPedal/Effect-Modules/chorus_module.cpp ****     m_chorus.SetLfoFreq(m_lfoFreqMin + (GetParameterAsMagnitude(2) * GetParameterAsMagnitude(2) * (
 321              		.loc 1 46 22 view .LVU62
 322 0014 0121     		movs	r1, #1
 323 0016 2046     		mov	r0, r4
 324              		.loc 1 47 25 view .LVU63
 325 0018 04F59747 		add	r7, r4, #19328
  46:gml/GuitarPedal/Effect-Modules/chorus_module.cpp ****     m_chorus.SetLfoFreq(m_lfoFreqMin + (GetParameterAsMagnitude(2) * GetParameterAsMagnitude(2) * (
 326              		.loc 1 46 22 view .LVU64
 327 001c FFF7FEFF 		bl	_ZN10bkshepherd16BaseEffectModule23GetParameterAsMagnitudeEi
 328              	.LVL22:
 329 0020 2846     		mov	r0, r5
 330 0022 FFF7FEFF 		bl	_ZN7daisysp6Chorus8SetDelayEf
 331              	.LVL23:
 332              		.loc 1 47 5 is_stmt 1 view .LVU65
 333              		.loc 1 47 100 is_stmt 0 view .LVU66
 334 0026 06F68436 		addw	r6, r6, #2948
 335              		.loc 1 47 64 view .LVU67
 336 002a 0221     		movs	r1, #2
 337 002c 2046     		mov	r0, r4
 338              		.loc 1 47 25 view .LVU68
 339 002e 97ED009A 		vldr.32	s18, [r7]
 340              		.loc 1 47 64 view .LVU69
ARM GAS  C:\Users\aydan\AppData\Local\Temp\ccSHKQNr.s 			page 10


 341 0032 FFF7FEFF 		bl	_ZN10bkshepherd16BaseEffectModule23GetParameterAsMagnitudeEi
 342              	.LVL24:
 343              		.loc 1 47 93 view .LVU70
 344 0036 0221     		movs	r1, #2
 345              		.loc 1 47 64 view .LVU71
 346 0038 F0EE408A 		vmov.f32	s17, s0
 347              		.loc 1 47 93 view .LVU72
 348 003c 2046     		mov	r0, r4
  48:gml/GuitarPedal/Effect-Modules/chorus_module.cpp ****     m_chorus.SetLfoDepth(GetParameterAsMagnitude(3));
  49:gml/GuitarPedal/Effect-Modules/chorus_module.cpp ****     m_chorus.SetFeedback(GetParameterAsMagnitude(4));
  50:gml/GuitarPedal/Effect-Modules/chorus_module.cpp **** 
  51:gml/GuitarPedal/Effect-Modules/chorus_module.cpp ****     m_chorus.Process(m_audioLeft);
  52:gml/GuitarPedal/Effect-Modules/chorus_module.cpp **** 
  53:gml/GuitarPedal/Effect-Modules/chorus_module.cpp ****     m_audioLeft = m_chorus.GetLeft() * GetParameterAsMagnitude(0) + m_audioLeft * (1.0f - GetParame
 349              		.loc 1 53 89 view .LVU73
 350 003e B7EE008A 		vmov.f32	s16, #1.0e+0
  47:gml/GuitarPedal/Effect-Modules/chorus_module.cpp ****     m_chorus.SetLfoDepth(GetParameterAsMagnitude(3));
 351              		.loc 1 47 93 view .LVU74
 352 0042 FFF7FEFF 		bl	_ZN10bkshepherd16BaseEffectModule23GetParameterAsMagnitudeEi
 353              	.LVL25:
  47:gml/GuitarPedal/Effect-Modules/chorus_module.cpp ****     m_chorus.SetLfoDepth(GetParameterAsMagnitude(3));
 354              		.loc 1 47 113 view .LVU75
 355 0046 97ED007A 		vldr.32	s14, [r7]
 356 004a D6ED007A 		vldr.32	s15, [r6]
  47:gml/GuitarPedal/Effect-Modules/chorus_module.cpp ****     m_chorus.SetLfoDepth(GetParameterAsMagnitude(3));
 357              		.loc 1 47 68 view .LVU76
 358 004e 28EE800A 		vmul.f32	s0, s17, s0
  47:gml/GuitarPedal/Effect-Modules/chorus_module.cpp ****     m_chorus.SetLfoDepth(GetParameterAsMagnitude(3));
 359              		.loc 1 47 24 view .LVU77
 360 0052 2846     		mov	r0, r5
  47:gml/GuitarPedal/Effect-Modules/chorus_module.cpp ****     m_chorus.SetLfoDepth(GetParameterAsMagnitude(3));
 361              		.loc 1 47 113 view .LVU78
 362 0054 77EEC77A 		vsub.f32	s15, s15, s14
  47:gml/GuitarPedal/Effect-Modules/chorus_module.cpp ****     m_chorus.SetLfoDepth(GetParameterAsMagnitude(3));
 363              		.loc 1 47 24 view .LVU79
 364 0058 A0EE279A 		vfma.f32	s18, s0, s15
 365 005c B0EE490A 		vmov.f32	s0, s18
 366 0060 FFF7FEFF 		bl	_ZN7daisysp6Chorus10SetLfoFreqEf
 367              	.LVL26:
  48:gml/GuitarPedal/Effect-Modules/chorus_module.cpp ****     m_chorus.SetLfoDepth(GetParameterAsMagnitude(3));
 368              		.loc 1 48 5 is_stmt 1 view .LVU80
  48:gml/GuitarPedal/Effect-Modules/chorus_module.cpp ****     m_chorus.SetLfoDepth(GetParameterAsMagnitude(3));
 369              		.loc 1 48 25 is_stmt 0 view .LVU81
 370 0064 0321     		movs	r1, #3
 371 0066 2046     		mov	r0, r4
 372 0068 FFF7FEFF 		bl	_ZN10bkshepherd16BaseEffectModule23GetParameterAsMagnitudeEi
 373              	.LVL27:
 374 006c 2846     		mov	r0, r5
 375 006e FFF7FEFF 		bl	_ZN7daisysp6Chorus11SetLfoDepthEf
 376              	.LVL28:
  49:gml/GuitarPedal/Effect-Modules/chorus_module.cpp **** 
 377              		.loc 1 49 5 is_stmt 1 view .LVU82
  49:gml/GuitarPedal/Effect-Modules/chorus_module.cpp **** 
 378              		.loc 1 49 25 is_stmt 0 view .LVU83
 379 0072 0421     		movs	r1, #4
 380 0074 2046     		mov	r0, r4
 381 0076 FFF7FEFF 		bl	_ZN10bkshepherd16BaseEffectModule23GetParameterAsMagnitudeEi
ARM GAS  C:\Users\aydan\AppData\Local\Temp\ccSHKQNr.s 			page 11


 382              	.LVL29:
 383 007a 2846     		mov	r0, r5
 384 007c FFF7FEFF 		bl	_ZN7daisysp6Chorus11SetFeedbackEf
 385              	.LVL30:
  51:gml/GuitarPedal/Effect-Modules/chorus_module.cpp **** 
 386              		.loc 1 51 5 is_stmt 1 view .LVU84
  51:gml/GuitarPedal/Effect-Modules/chorus_module.cpp **** 
 387              		.loc 1 51 21 is_stmt 0 view .LVU85
 388 0080 2846     		mov	r0, r5
 389 0082 94ED050A 		vldr.32	s0, [r4, #20]
 390 0086 FFF7FEFF 		bl	_ZN7daisysp6Chorus7ProcessEf
 391              	.LVL31:
 392              		.loc 1 53 5 is_stmt 1 view .LVU86
 393              		.loc 1 53 35 is_stmt 0 view .LVU87
 394 008a 2846     		mov	r0, r5
 395 008c FFF7FEFF 		bl	_ZN7daisysp6Chorus7GetLeftEv
 396              	.LVL32:
 397              		.loc 1 53 63 view .LVU88
 398 0090 0021     		movs	r1, #0
 399 0092 2046     		mov	r0, r4
 400              		.loc 1 53 35 view .LVU89
 401 0094 B0EE409A 		vmov.f32	s18, s0
 402              		.loc 1 53 63 view .LVU90
 403 0098 FFF7FEFF 		bl	_ZN10bkshepherd16BaseEffectModule23GetParameterAsMagnitudeEi
 404              	.LVL33:
 405              		.loc 1 53 114 view .LVU91
 406 009c 0021     		movs	r1, #0
 407 009e 2046     		mov	r0, r4
 408              		.loc 1 53 63 view .LVU92
 409 00a0 F0EE408A 		vmov.f32	s17, s0
 410              		.loc 1 53 69 view .LVU93
 411 00a4 D4ED059A 		vldr.32	s19, [r4, #20]
 412              		.loc 1 53 114 view .LVU94
 413 00a8 FFF7FEFF 		bl	_ZN10bkshepherd16BaseEffectModule23GetParameterAsMagnitudeEi
 414              	.LVL34:
 415              		.loc 1 53 89 view .LVU95
 416 00ac 78EE407A 		vsub.f32	s15, s16, s0
  54:gml/GuitarPedal/Effect-Modules/chorus_module.cpp ****     m_audioRight = m_chorus.GetRight() * GetParameterAsMagnitude(0) + m_audioRight * (1.0f - GetPar
 417              		.loc 1 54 37 view .LVU96
 418 00b0 2846     		mov	r0, r5
  53:gml/GuitarPedal/Effect-Modules/chorus_module.cpp ****     m_audioRight = m_chorus.GetRight() * GetParameterAsMagnitude(0) + m_audioRight * (1.0f - GetPar
 419              		.loc 1 53 81 view .LVU97
 420 00b2 67EEA97A 		vmul.f32	s15, s15, s19
  53:gml/GuitarPedal/Effect-Modules/chorus_module.cpp ****     m_audioRight = m_chorus.GetRight() * GetParameterAsMagnitude(0) + m_audioRight * (1.0f - GetPar
 421              		.loc 1 53 67 view .LVU98
 422 00b6 E9EE287A 		vfma.f32	s15, s18, s17
  53:gml/GuitarPedal/Effect-Modules/chorus_module.cpp ****     m_audioRight = m_chorus.GetRight() * GetParameterAsMagnitude(0) + m_audioRight * (1.0f - GetPar
 423              		.loc 1 53 17 view .LVU99
 424 00ba C4ED057A 		vstr.32	s15, [r4, #20]
 425              		.loc 1 54 5 is_stmt 1 view .LVU100
 426              		.loc 1 54 37 is_stmt 0 view .LVU101
 427 00be FFF7FEFF 		bl	_ZN7daisysp6Chorus8GetRightEv
 428              	.LVL35:
 429              		.loc 1 54 65 view .LVU102
 430 00c2 0021     		movs	r1, #0
 431 00c4 2046     		mov	r0, r4
 432              		.loc 1 54 37 view .LVU103
ARM GAS  C:\Users\aydan\AppData\Local\Temp\ccSHKQNr.s 			page 12


 433 00c6 B0EE409A 		vmov.f32	s18, s0
 434              		.loc 1 54 65 view .LVU104
 435 00ca FFF7FEFF 		bl	_ZN10bkshepherd16BaseEffectModule23GetParameterAsMagnitudeEi
 436              	.LVL36:
 437              		.loc 1 54 117 view .LVU105
 438 00ce 0021     		movs	r1, #0
 439 00d0 2046     		mov	r0, r4
 440              		.loc 1 54 65 view .LVU106
 441 00d2 F0EE408A 		vmov.f32	s17, s0
 442              		.loc 1 54 71 view .LVU107
 443 00d6 D4ED069A 		vldr.32	s19, [r4, #24]
 444              		.loc 1 54 117 view .LVU108
 445 00da FFF7FEFF 		bl	_ZN10bkshepherd16BaseEffectModule23GetParameterAsMagnitudeEi
 446              	.LVL37:
 447              		.loc 1 54 92 view .LVU109
 448 00de 38EE408A 		vsub.f32	s16, s16, s0
 449              		.loc 1 54 84 view .LVU110
 450 00e2 28EE298A 		vmul.f32	s16, s16, s19
 451              		.loc 1 54 69 view .LVU111
 452 00e6 A9EE288A 		vfma.f32	s16, s18, s17
 453              		.loc 1 54 18 view .LVU112
 454 00ea 84ED068A 		vstr.32	s16, [r4, #24]
  55:gml/GuitarPedal/Effect-Modules/chorus_module.cpp **** }
 455              		.loc 1 55 1 view .LVU113
 456 00ee BDEC048B 		vldm	sp!, {d8-d9}
 457              		.cfi_restore 82
 458              		.cfi_restore 83
 459              		.cfi_restore 80
 460              		.cfi_restore 81
 461              		.cfi_def_cfa_offset 24
 462 00f2 F8BD     		pop	{r3, r4, r5, r6, r7, pc}
 463              		.loc 1 55 1 view .LVU114
 464              		.cfi_endproc
 465              	.LFE4735:
 467              		.section	.text._ZN10bkshepherd12ChorusModule13ProcessStereoEff,"ax",%progbits
 468              		.align	1
 469              		.p2align 2,,3
 470              		.global	_ZN10bkshepherd12ChorusModule13ProcessStereoEff
 471              		.syntax unified
 472              		.thumb
 473              		.thumb_func
 474              		.fpu fpv5-d16
 476              	_ZN10bkshepherd12ChorusModule13ProcessStereoEff:
 477              	.LVL38:
 478              	.LFB4736:
  56:gml/GuitarPedal/Effect-Modules/chorus_module.cpp **** 
  57:gml/GuitarPedal/Effect-Modules/chorus_module.cpp **** void ChorusModule::ProcessStereo(float inL, float inR)
  58:gml/GuitarPedal/Effect-Modules/chorus_module.cpp **** {
 479              		.loc 1 58 1 is_stmt 1 view -0
 480              		.cfi_startproc
 481              		@ args = 0, pretend = 0, frame = 8
 482              		@ frame_needed = 0, uses_anonymous_args = 0
  59:gml/GuitarPedal/Effect-Modules/chorus_module.cpp ****     // Calculate the mono effect
  60:gml/GuitarPedal/Effect-Modules/chorus_module.cpp ****     ProcessMono(inL);
 483              		.loc 1 60 5 view .LVU116
  58:gml/GuitarPedal/Effect-Modules/chorus_module.cpp ****     // Calculate the mono effect
 484              		.loc 1 58 1 is_stmt 0 view .LVU117
ARM GAS  C:\Users\aydan\AppData\Local\Temp\ccSHKQNr.s 			page 13


 485 0000 10B5     		push	{r4, lr}
 486              		.cfi_def_cfa_offset 8
 487              		.cfi_offset 4, -8
 488              		.cfi_offset 14, -4
 489              		.loc 1 60 20 view .LVU118
 490 0002 0368     		ldr	r3, [r0]
  58:gml/GuitarPedal/Effect-Modules/chorus_module.cpp ****     // Calculate the mono effect
 491              		.loc 1 58 1 view .LVU119
 492 0004 0446     		mov	r4, r0
 493 0006 2DED048B 		vpush.64	{d8, d9}
 494              		.cfi_def_cfa_offset 24
 495              		.cfi_offset 80, -24
 496              		.cfi_offset 81, -20
 497              		.cfi_offset 82, -16
 498              		.cfi_offset 83, -12
 499 000a 82B0     		sub	sp, sp, #8
 500              		.cfi_def_cfa_offset 32
 501              		.loc 1 60 16 view .LVU120
 502 000c DB68     		ldr	r3, [r3, #12]
  58:gml/GuitarPedal/Effect-Modules/chorus_module.cpp ****     // Calculate the mono effect
 503              		.loc 1 58 1 view .LVU121
 504 000e CDED010A 		vstr.32	s1, [sp, #4]	@ int
 505              		.loc 1 60 16 view .LVU122
 506 0012 9847     		blx	r3
 507              	.LVL39:
  61:gml/GuitarPedal/Effect-Modules/chorus_module.cpp **** 
  62:gml/GuitarPedal/Effect-Modules/chorus_module.cpp ****     // Do the base stereo calculation (which resets the right signal to be the inputR instead of co
  63:gml/GuitarPedal/Effect-Modules/chorus_module.cpp ****     BaseEffectModule::ProcessStereo(m_audioLeft, inR);
 508              		.loc 1 63 5 is_stmt 1 view .LVU123
 509              		.loc 1 63 36 is_stmt 0 view .LVU124
 510 0014 DDED010A 		vldr.32	s1, [sp, #4]	@ int
 511 0018 94ED050A 		vldr.32	s0, [r4, #20]
 512 001c 2046     		mov	r0, r4
 513 001e FFF7FEFF 		bl	_ZN10bkshepherd16BaseEffectModule13ProcessStereoEff
 514              	.LVL40:
  64:gml/GuitarPedal/Effect-Modules/chorus_module.cpp **** 
  65:gml/GuitarPedal/Effect-Modules/chorus_module.cpp ****     // Calculate the effect
  66:gml/GuitarPedal/Effect-Modules/chorus_module.cpp ****     m_audioRight = m_chorus.GetRight() * GetParameterAsMagnitude(0) + m_audioRight * (1.0f - GetPar
 515              		.loc 1 66 5 is_stmt 1 view .LVU125
 516              		.loc 1 66 37 is_stmt 0 view .LVU126
 517 0022 04F12400 		add	r0, r4, #36
 518 0026 FFF7FEFF 		bl	_ZN7daisysp6Chorus8GetRightEv
 519              	.LVL41:
 520              		.loc 1 66 65 view .LVU127
 521 002a 2046     		mov	r0, r4
 522 002c 0021     		movs	r1, #0
 523              		.loc 1 66 37 view .LVU128
 524 002e F0EE408A 		vmov.f32	s17, s0
 525              		.loc 1 66 65 view .LVU129
 526 0032 FFF7FEFF 		bl	_ZN10bkshepherd16BaseEffectModule23GetParameterAsMagnitudeEi
 527              	.LVL42:
 528              		.loc 1 66 117 view .LVU130
 529 0036 0021     		movs	r1, #0
 530 0038 2046     		mov	r0, r4
 531              		.loc 1 66 65 view .LVU131
 532 003a B0EE408A 		vmov.f32	s16, s0
 533              		.loc 1 66 71 view .LVU132
ARM GAS  C:\Users\aydan\AppData\Local\Temp\ccSHKQNr.s 			page 14


 534 003e 94ED069A 		vldr.32	s18, [r4, #24]
 535              		.loc 1 66 117 view .LVU133
 536 0042 FFF7FEFF 		bl	_ZN10bkshepherd16BaseEffectModule23GetParameterAsMagnitudeEi
 537              	.LVL43:
 538              		.loc 1 66 92 view .LVU134
 539 0046 F7EE007A 		vmov.f32	s15, #1.0e+0
 540 004a 77EEC07A 		vsub.f32	s15, s15, s0
 541              		.loc 1 66 84 view .LVU135
 542 004e 67EE897A 		vmul.f32	s15, s15, s18
 543              		.loc 1 66 69 view .LVU136
 544 0052 E8EE887A 		vfma.f32	s15, s17, s16
 545              		.loc 1 66 18 view .LVU137
 546 0056 C4ED067A 		vstr.32	s15, [r4, #24]
  67:gml/GuitarPedal/Effect-Modules/chorus_module.cpp **** }
 547              		.loc 1 67 1 view .LVU138
 548 005a 02B0     		add	sp, sp, #8
 549              		.cfi_def_cfa_offset 24
 550              		@ sp needed
 551 005c BDEC048B 		vldm	sp!, {d8-d9}
 552              		.cfi_restore 82
 553              		.cfi_restore 83
 554              		.cfi_restore 80
 555              		.cfi_restore 81
 556              		.cfi_def_cfa_offset 8
 557 0060 10BD     		pop	{r4, pc}
 558              		.loc 1 67 1 view .LVU139
 559              		.cfi_endproc
 560              	.LFE4736:
 562 0062 00BF     		.section	.text._ZN10bkshepherd12ChorusModule19GetBrightnessForLEDEi,"ax",%progbits
 563              		.align	1
 564              		.p2align 2,,3
 565              		.global	_ZN10bkshepherd12ChorusModule19GetBrightnessForLEDEi
 566              		.syntax unified
 567              		.thumb
 568              		.thumb_func
 569              		.fpu fpv5-d16
 571              	_ZN10bkshepherd12ChorusModule19GetBrightnessForLEDEi:
 572              	.LVL44:
 573              	.LFB4737:
  68:gml/GuitarPedal/Effect-Modules/chorus_module.cpp **** 
  69:gml/GuitarPedal/Effect-Modules/chorus_module.cpp **** float ChorusModule::GetBrightnessForLED(int led_id)
  70:gml/GuitarPedal/Effect-Modules/chorus_module.cpp **** {    
 574              		.loc 1 70 1 is_stmt 1 view -0
 575              		.cfi_startproc
 576              		@ args = 0, pretend = 0, frame = 0
 577              		@ frame_needed = 0, uses_anonymous_args = 0
  71:gml/GuitarPedal/Effect-Modules/chorus_module.cpp ****     float value = BaseEffectModule::GetBrightnessForLED(led_id);
 578              		.loc 1 71 5 view .LVU141
  70:gml/GuitarPedal/Effect-Modules/chorus_module.cpp ****     float value = BaseEffectModule::GetBrightnessForLED(led_id);
 579              		.loc 1 70 1 is_stmt 0 view .LVU142
 580 0000 38B5     		push	{r3, r4, r5, lr}
 581              		.cfi_def_cfa_offset 16
 582              		.cfi_offset 3, -16
 583              		.cfi_offset 4, -12
 584              		.cfi_offset 5, -8
 585              		.cfi_offset 14, -4
 586 0002 0C46     		mov	r4, r1
ARM GAS  C:\Users\aydan\AppData\Local\Temp\ccSHKQNr.s 			page 15


 587 0004 0546     		mov	r5, r0
 588 0006 2DED028B 		vpush.64	{d8}
 589              		.cfi_def_cfa_offset 24
 590              		.cfi_offset 80, -24
 591              		.cfi_offset 81, -20
 592              		.loc 1 71 56 view .LVU143
 593 000a FFF7FEFF 		bl	_ZN10bkshepherd16BaseEffectModule19GetBrightnessForLEDEi
 594              	.LVL45:
  72:gml/GuitarPedal/Effect-Modules/chorus_module.cpp **** 
  73:gml/GuitarPedal/Effect-Modules/chorus_module.cpp ****     if (led_id == 1)
 595              		.loc 1 73 5 view .LVU144
 596 000e 012C     		cmp	r4, #1
  71:gml/GuitarPedal/Effect-Modules/chorus_module.cpp **** 
 597              		.loc 1 71 56 view .LVU145
 598 0010 B0EE408A 		vmov.f32	s16, s0
 599              	.LVL46:
 600              		.loc 1 73 5 is_stmt 1 view .LVU146
 601 0014 04D0     		beq	.L23
  74:gml/GuitarPedal/Effect-Modules/chorus_module.cpp ****     {
  75:gml/GuitarPedal/Effect-Modules/chorus_module.cpp ****         return value * GetParameterAsMagnitude(0);
  76:gml/GuitarPedal/Effect-Modules/chorus_module.cpp ****     }
  77:gml/GuitarPedal/Effect-Modules/chorus_module.cpp **** 
  78:gml/GuitarPedal/Effect-Modules/chorus_module.cpp ****     return value;
  79:gml/GuitarPedal/Effect-Modules/chorus_module.cpp **** }...
 602              		.loc 1 79 1 is_stmt 0 view .LVU147
 603 0016 B0EE480A 		vmov.f32	s0, s16
 604              		.loc 1 79 1 view .LVU148
 605 001a BDEC028B 		vldm	sp!, {d8}
 606              		.cfi_remember_state
 607              		.cfi_restore 80
 608              		.cfi_restore 81
 609              		.cfi_def_cfa_offset 16
 610 001e 38BD     		pop	{r3, r4, r5, pc}
 611              	.LVL47:
 612              	.L23:
 613              		.cfi_restore_state
  75:gml/GuitarPedal/Effect-Modules/chorus_module.cpp ****         return value * GetParameterAsMagnitude(0);
 614              		.loc 1 75 9 is_stmt 1 view .LVU149
  75:gml/GuitarPedal/Effect-Modules/chorus_module.cpp ****         return value * GetParameterAsMagnitude(0);
 615              		.loc 1 75 47 is_stmt 0 view .LVU150
 616 0020 0021     		movs	r1, #0
 617 0022 2846     		mov	r0, r5
 618 0024 FFF7FEFF 		bl	_ZN10bkshepherd16BaseEffectModule23GetParameterAsMagnitudeEi
 619              	.LVL48:
  75:gml/GuitarPedal/Effect-Modules/chorus_module.cpp ****         return value * GetParameterAsMagnitude(0);
 620              		.loc 1 75 49 view .LVU151
 621 0028 28EE008A 		vmul.f32	s16, s16, s0
 622              	.LVL49:
 623              		.loc 1 79 1 view .LVU152
 624 002c B0EE480A 		vmov.f32	s0, s16
 625 0030 BDEC028B 		vldm	sp!, {d8}
 626              		.cfi_restore 80
 627              		.cfi_restore 81
 628              		.cfi_def_cfa_offset 16
 629 0034 38BD     		pop	{r3, r4, r5, pc}
 630              		.loc 1 79 1 view .LVU153
 631              		.cfi_endproc
ARM GAS  C:\Users\aydan\AppData\Local\Temp\ccSHKQNr.s 			page 16


 632              	.LFE4737:
 634              		.global	_ZTVN10bkshepherd12ChorusModuleE
 635 0036 00BF     		.section	.rodata.str1.4,"aMS",%progbits,1
 636              		.align	2
 637              	.LC1:
 638 0000 57657400 		.ascii	"Wet\000"
 639              		.align	2
 640              	.LC2:
 641 0004 44656C61 		.ascii	"Delay\000"
 641      7900
 642 000a 0000     		.align	2
 643              	.LC3:
 644 000c 4C464F20 		.ascii	"LFO Freq\000"
 644      46726571 
 644      00
 645 0015 000000   		.align	2
 646              	.LC4:
 647 0018 4C464F20 		.ascii	"LFO Depth\000"
 647      44657074 
 647      6800
 648 0022 0000     		.align	2
 649              	.LC5:
 650 0024 46656564 		.ascii	"Feedback\000"
 650      6261636B 
 650      00
 651              		.section	.rodata._ZL10s_metaData,"a"
 652              		.align	2
 653              		.set	.LANCHOR1,. + 0
 656              	_ZL10s_metaData:
 657 0000 00000000 		.word	.LC1
 658 0004 01       		.byte	1
 659 0005 000000   		.space	3
 660 0008 00000000 		.word	0
 661 000c 00000000 		.space	4
 662 0010 53       		.byte	83
 663 0011 000000   		.space	3
 664 0014 00000000 		.word	0
 665 0018 14000000 		.word	20
 666 001c 04000000 		.word	.LC2
 667 0020 01       		.byte	1
 668 0021 000000   		.space	3
 669 0024 00000000 		.word	0
 670 0028 00000000 		.space	4
 671 002c 40       		.byte	64
 672 002d 000000   		.space	3
 673 0030 01000000 		.word	1
 674 0034 15000000 		.word	21
 675 0038 0C000000 		.word	.LC3
 676 003c 01       		.byte	1
 677 003d 000000   		.space	3
 678 0040 00000000 		.word	0
 679 0044 00000000 		.space	4
 680 0048 23       		.byte	35
 681 0049 000000   		.space	3
 682 004c 02000000 		.word	2
 683 0050 16000000 		.word	22
 684 0054 18000000 		.word	.LC4
ARM GAS  C:\Users\aydan\AppData\Local\Temp\ccSHKQNr.s 			page 17


 685 0058 01       		.byte	1
 686 0059 000000   		.space	3
 687 005c 00000000 		.word	0
 688 0060 00000000 		.space	4
 689 0064 28       		.byte	40
 690 0065 000000   		.space	3
 691 0068 03000000 		.word	3
 692 006c 17000000 		.word	23
 693 0070 24000000 		.word	.LC5
 694 0074 01       		.byte	1
 695 0075 000000   		.space	3
 696 0078 00000000 		.word	0
 697 007c 00000000 		.space	4
 698 0080 1E       		.byte	30
 699 0081 000000   		.space	3
 700 0084 04000000 		.word	4
 701 0088 18000000 		.word	24
 702              		.section	.rodata._ZTVN10bkshepherd12ChorusModuleE,"a"
 703              		.align	2
 704              		.set	.LANCHOR0,. + 0
 707              	_ZTVN10bkshepherd12ChorusModuleE:
 708 0000 00000000 		.word	0
 709 0004 00000000 		.word	0
 710 0008 00000000 		.word	_ZN10bkshepherd12ChorusModuleD1Ev
 711 000c 00000000 		.word	_ZN10bkshepherd12ChorusModuleD0Ev
 712 0010 00000000 		.word	_ZN10bkshepherd12ChorusModule4InitEf
 713 0014 00000000 		.word	_ZN10bkshepherd12ChorusModule11ProcessMonoEf
 714 0018 00000000 		.word	_ZN10bkshepherd12ChorusModule13ProcessStereoEff
 715 001c 00000000 		.word	_ZN10bkshepherd12ChorusModule19GetBrightnessForLEDEi
 716 0020 00000000 		.word	_ZN10bkshepherd16BaseEffectModule10SetEnabledEb
 717 0024 00000000 		.word	_ZN10bkshepherd16BaseEffectModule8SetTempoEm
 718 0028 00000000 		.word	_ZN10bkshepherd16BaseEffectModule8UpdateUIEf
 719 002c 00000000 		.word	_ZN10bkshepherd16BaseEffectModule6DrawUIERN5daisy21OneBitGraphicsDisplayEiiNS1_9RectangleEb
 720 0030 00000000 		.word	_ZN10bkshepherd16BaseEffectModule10InitParamsEi
 721 0034 00000000 		.word	_ZN10bkshepherd16BaseEffectModule16ParameterChangedEi
 722              		.text
 723              	.Letext0:
 724              		.file 3 "c:\\program files\\daisytoolchain\\arm-none-eabi\\include\\machine\\_default_types.h"
 725              		.file 4 "c:\\program files\\daisytoolchain\\arm-none-eabi\\include\\sys\\_stdint.h"
 726              		.file 5 "c:\\program files\\daisytoolchain\\arm-none-eabi\\include\\stdint.h"
 727              		.file 6 "c:\\program files\\daisytoolchain\\lib\\gcc\\arm-none-eabi\\10.2.1\\include\\stddef.h"
 728              		.file 7 "c:\\program files\\daisytoolchain\\arm-none-eabi\\include\\c++\\10.2.1\\cmath"
 729              		.file 8 "c:\\program files\\daisytoolchain\\arm-none-eabi\\include\\c++\\10.2.1\\bits\\std_abs.h"
 730              		.file 9 "c:\\program files\\daisytoolchain\\arm-none-eabi\\include\\c++\\10.2.1\\cstdint"
 731              		.file 10 "c:\\program files\\daisytoolchain\\arm-none-eabi\\include\\c++\\10.2.1\\cstdlib"
 732              		.file 11 "c:\\program files\\daisytoolchain\\arm-none-eabi\\include\\c++\\10.2.1\\type_traits"
 733              		.file 12 "c:\\program files\\daisytoolchain\\arm-none-eabi\\include\\c++\\10.2.1\\debug\\debug.h"
 734              		.file 13 "c:\\program files\\daisytoolchain\\arm-none-eabi\\include\\c++\\10.2.1\\cwchar"
 735              		.file 14 "c:\\program files\\daisytoolchain\\arm-none-eabi\\include\\c++\\10.2.1\\bits\\stl_pair.h
 736              		.file 15 "c:\\program files\\daisytoolchain\\arm-none-eabi\\include\\c++\\10.2.1\\bits\\exception_
 737              		.file 16 "c:\\program files\\daisytoolchain\\arm-none-eabi\\include\\c++\\10.2.1\\arm-none-eabi\\t
 738              		.file 17 "c:\\program files\\daisytoolchain\\arm-none-eabi\\include\\c++\\10.2.1\\clocale"
 739              		.file 18 "c:\\program files\\daisytoolchain\\arm-none-eabi\\include\\c++\\10.2.1\\cstdio"
 740              		.file 19 "c:\\program files\\daisytoolchain\\arm-none-eabi\\include\\c++\\10.2.1\\bits\\basic_stri
 741              		.file 20 "c:\\program files\\daisytoolchain\\arm-none-eabi\\include\\c++\\10.2.1\\bits\\charconv.h
 742              		.file 21 "c:\\program files\\daisytoolchain\\arm-none-eabi\\include\\c++\\10.2.1\\bits\\algorithmf
 743              		.file 22 "c:\\program files\\daisytoolchain\\arm-none-eabi\\include\\c++\\10.2.1\\cstring"
ARM GAS  C:\Users\aydan\AppData\Local\Temp\ccSHKQNr.s 			page 18


 744              		.file 23 "c:\\program files\\daisytoolchain\\arm-none-eabi\\include\\c++\\10.2.1\\cstdarg"
 745              		.file 24 "c:\\program files\\daisytoolchain\\arm-none-eabi\\include\\c++\\10.2.1\\bits\\predefined
 746              		.file 25 "c:\\program files\\daisytoolchain\\arm-none-eabi\\include\\sys\\_types.h"
 747              		.file 26 "c:\\program files\\daisytoolchain\\arm-none-eabi\\include\\sys\\reent.h"
 748              		.file 27 "c:\\program files\\daisytoolchain\\arm-none-eabi\\include\\sys\\lock.h"
 749              		.file 28 "c:\\program files\\daisytoolchain\\arm-none-eabi\\include\\math.h"
 750              		.file 29 "c:\\program files\\daisytoolchain\\arm-none-eabi\\include\\stdlib.h"
 751              		.file 30 "c:\\program files\\daisytoolchain\\arm-none-eabi\\include\\c++\\10.2.1\\math.h"
 752              		.file 31 "../../DaisySP/Source/Control/adenv.h"
 753              		.file 32 "../../DaisySP/Source/Utility/dsp.h"
 754              		.file 33 "../../DaisySP/Source/Utility/delayline.h"
 755              		.file 34 "c:\\program files\\daisytoolchain\\lib\\gcc\\arm-none-eabi\\10.2.1\\include\\stdarg.h"
 756              		.file 35 "c:\\program files\\daisytoolchain\\arm-none-eabi\\include\\wchar.h"
 757              		.file 36 "c:\\program files\\daisytoolchain\\arm-none-eabi\\include\\locale.h"
 758              		.file 37 "c:\\program files\\daisytoolchain\\arm-none-eabi\\include\\stdio.h"
 759              		.file 38 "c:\\program files\\daisytoolchain\\arm-none-eabi\\include\\c++\\10.2.1\\stdlib.h"
 760              		.file 39 "c:\\program files\\daisytoolchain\\arm-none-eabi\\include\\string.h"
 761              		.file 40 "../../libDaisy/src/daisy_core.h"
 762              		.file 41 "../../libDaisy/src/util/wav_format.h"
 763              		.file 42 "../../libDaisy/src/dev/max11300.h"
 764              		.file 43 "../../libDaisy/src/daisy_seed.h"
 765              		.file 44 "gml/GuitarPedal/Effect-Modules/base_effect_module.h"
 766              		.file 45 "gml/GuitarPedal/Effect-Modules/chorus_module.h"
 767              		.file 46 "../../libDaisy/src/dev/sr_595.h"
 768              		.file 47 "c:\\program files\\daisytoolchain\\arm-none-eabi\\include\\c++\\10.2.1\\new"
 769              		.file 48 "<built-in>"
ARM GAS  C:\Users\aydan\AppData\Local\Temp\ccSHKQNr.s 			page 19


DEFINED SYMBOLS
                            *ABS*:00000000 chorus_module.cpp
C:\Users\aydan\AppData\Local\Temp\ccSHKQNr.s:17     .text._ZN10bkshepherd12ChorusModuleD2Ev:00000000 $t
C:\Users\aydan\AppData\Local\Temp\ccSHKQNr.s:26     .text._ZN10bkshepherd12ChorusModuleD2Ev:00000000 _ZN10bkshepherd12ChorusModuleD2Ev
C:\Users\aydan\AppData\Local\Temp\ccSHKQNr.s:68     .text._ZN10bkshepherd12ChorusModuleD2Ev:00000010 $d
C:\Users\aydan\AppData\Local\Temp\ccSHKQNr.s:26     .text._ZN10bkshepherd12ChorusModuleD2Ev:00000000 _ZN10bkshepherd12ChorusModuleD1Ev
C:\Users\aydan\AppData\Local\Temp\ccSHKQNr.s:75     .text._ZN10bkshepherd12ChorusModuleD0Ev:00000000 $t
C:\Users\aydan\AppData\Local\Temp\ccSHKQNr.s:83     .text._ZN10bkshepherd12ChorusModuleD0Ev:00000000 _ZN10bkshepherd12ChorusModuleD0Ev
C:\Users\aydan\AppData\Local\Temp\ccSHKQNr.s:134    .text._ZN10bkshepherd12ChorusModuleD0Ev:0000001c $d
C:\Users\aydan\AppData\Local\Temp\ccSHKQNr.s:139    .rodata._ZN10bkshepherd12ChorusModuleC2Ev.str1.4:00000000 $d
C:\Users\aydan\AppData\Local\Temp\ccSHKQNr.s:143    .text._ZN10bkshepherd12ChorusModuleC2Ev:00000000 $t
C:\Users\aydan\AppData\Local\Temp\ccSHKQNr.s:151    .text._ZN10bkshepherd12ChorusModuleC2Ev:00000000 _ZN10bkshepherd12ChorusModuleC2Ev
C:\Users\aydan\AppData\Local\Temp\ccSHKQNr.s:216    .text._ZN10bkshepherd12ChorusModuleC2Ev:00000034 $d
C:\Users\aydan\AppData\Local\Temp\ccSHKQNr.s:151    .text._ZN10bkshepherd12ChorusModuleC2Ev:00000000 _ZN10bkshepherd12ChorusModuleC1Ev
C:\Users\aydan\AppData\Local\Temp\ccSHKQNr.s:226    .text._ZN10bkshepherd12ChorusModule4InitEf:00000000 $t
C:\Users\aydan\AppData\Local\Temp\ccSHKQNr.s:234    .text._ZN10bkshepherd12ChorusModule4InitEf:00000000 _ZN10bkshepherd12ChorusModule4InitEf
C:\Users\aydan\AppData\Local\Temp\ccSHKQNr.s:281    .text._ZN10bkshepherd12ChorusModule11ProcessMonoEf:00000000 $t
C:\Users\aydan\AppData\Local\Temp\ccSHKQNr.s:289    .text._ZN10bkshepherd12ChorusModule11ProcessMonoEf:00000000 _ZN10bkshepherd12ChorusModule11ProcessMonoEf
C:\Users\aydan\AppData\Local\Temp\ccSHKQNr.s:468    .text._ZN10bkshepherd12ChorusModule13ProcessStereoEff:00000000 $t
C:\Users\aydan\AppData\Local\Temp\ccSHKQNr.s:476    .text._ZN10bkshepherd12ChorusModule13ProcessStereoEff:00000000 _ZN10bkshepherd12ChorusModule13ProcessStereoEff
C:\Users\aydan\AppData\Local\Temp\ccSHKQNr.s:563    .text._ZN10bkshepherd12ChorusModule19GetBrightnessForLEDEi:00000000 $t
C:\Users\aydan\AppData\Local\Temp\ccSHKQNr.s:571    .text._ZN10bkshepherd12ChorusModule19GetBrightnessForLEDEi:00000000 _ZN10bkshepherd12ChorusModule19GetBrightnessForLEDEi
C:\Users\aydan\AppData\Local\Temp\ccSHKQNr.s:707    .rodata._ZTVN10bkshepherd12ChorusModuleE:00000000 _ZTVN10bkshepherd12ChorusModuleE
C:\Users\aydan\AppData\Local\Temp\ccSHKQNr.s:636    .rodata.str1.4:00000000 $d
C:\Users\aydan\AppData\Local\Temp\ccSHKQNr.s:652    .rodata._ZL10s_metaData:00000000 $d
C:\Users\aydan\AppData\Local\Temp\ccSHKQNr.s:656    .rodata._ZL10s_metaData:00000000 _ZL10s_metaData
C:\Users\aydan\AppData\Local\Temp\ccSHKQNr.s:703    .rodata._ZTVN10bkshepherd12ChorusModuleE:00000000 $d

UNDEFINED SYMBOLS
_ZN10bkshepherd16BaseEffectModuleD2Ev
_ZdlPvj
_ZN10bkshepherd16BaseEffectModuleC2Ev
_ZN10bkshepherd16BaseEffectModule10InitParamsEi
_ZN10bkshepherd16BaseEffectModule4InitEf
_ZN7daisysp6Chorus4InitEf
_ZN10bkshepherd16BaseEffectModule11ProcessMonoEf
_ZN10bkshepherd16BaseEffectModule23GetParameterAsMagnitudeEi
_ZN7daisysp6Chorus8SetDelayEf
_ZN7daisysp6Chorus10SetLfoFreqEf
_ZN7daisysp6Chorus11SetLfoDepthEf
_ZN7daisysp6Chorus11SetFeedbackEf
_ZN7daisysp6Chorus7ProcessEf
_ZN7daisysp6Chorus7GetLeftEv
_ZN7daisysp6Chorus8GetRightEv
_ZN10bkshepherd16BaseEffectModule13ProcessStereoEff
_ZN10bkshepherd16BaseEffectModule19GetBrightnessForLEDEi
_ZN10bkshepherd16BaseEffectModule10SetEnabledEb
_ZN10bkshepherd16BaseEffectModule8SetTempoEm
_ZN10bkshepherd16BaseEffectModule8UpdateUIEf
_ZN10bkshepherd16BaseEffectModule6DrawUIERN5daisy21OneBitGraphicsDisplayEiiNS1_9RectangleEb
_ZN10bkshepherd16BaseEffectModule16ParameterChangedEi
