ARM GAS  C:\Users\aydan\AppData\Local\Temp\ccQieMM7.s 			page 1


   1              		.cpu cortex-m7
   2              		.eabi_attribute 28, 1
   3              		.eabi_attribute 20, 1
   4              		.eabi_attribute 21, 1
   5              		.eabi_attribute 23, 3
   6              		.eabi_attribute 24, 1
   7              		.eabi_attribute 25, 1
   8              		.eabi_attribute 26, 1
   9              		.eabi_attribute 30, 2
  10              		.eabi_attribute 34, 1
  11              		.eabi_attribute 18, 4
  12              		.file	"overdrive_module.cpp"
  13              		.text
  14              	.Ltext0:
  15              		.cfi_sections	.debug_frame
  16              		.section	.text._ZN10bkshepherd15OverdriveModuleD2Ev,"ax",%progbits
  17              		.align	1
  18              		.p2align 2,,3
  19              		.global	_ZN10bkshepherd15OverdriveModuleD2Ev
  20              		.arch armv7e-m
  21              		.syntax unified
  22              		.thumb
  23              		.thumb_func
  24              		.fpu fpv5-d16
  26              	_ZN10bkshepherd15OverdriveModuleD2Ev:
  27              	.LVL0:
  28              	.LFB4731:
  29              		.file 1 "gml/GuitarPedal/Effect-Modules/overdrive_module.cpp"
   1:gml/GuitarPedal/Effect-Modules/overdrive_module.cpp **** #include "overdrive_module.h"
   2:gml/GuitarPedal/Effect-Modules/overdrive_module.cpp **** 
   3:gml/GuitarPedal/Effect-Modules/overdrive_module.cpp **** using namespace bkshepherd;
   4:gml/GuitarPedal/Effect-Modules/overdrive_module.cpp **** 
   5:gml/GuitarPedal/Effect-Modules/overdrive_module.cpp **** static const int s_paramCount = 2;
   6:gml/GuitarPedal/Effect-Modules/overdrive_module.cpp **** static const ParameterMetaData s_metaData[s_paramCount] = {{name: "Drive", valueType: ParameterValu
   7:gml/GuitarPedal/Effect-Modules/overdrive_module.cpp ****                                                            {name: "Level", valueType: ParameterValu
   8:gml/GuitarPedal/Effect-Modules/overdrive_module.cpp **** 
   9:gml/GuitarPedal/Effect-Modules/overdrive_module.cpp **** // Default Constructor
  10:gml/GuitarPedal/Effect-Modules/overdrive_module.cpp **** OverdriveModule::OverdriveModule() : BaseEffectModule(),
  11:gml/GuitarPedal/Effect-Modules/overdrive_module.cpp ****                                         m_driveMin(0.4f),
  12:gml/GuitarPedal/Effect-Modules/overdrive_module.cpp ****                                         m_driveMax(0.8f),
  13:gml/GuitarPedal/Effect-Modules/overdrive_module.cpp ****                                         m_levelMin(0.01f),
  14:gml/GuitarPedal/Effect-Modules/overdrive_module.cpp ****                                         m_levelMax(0.20f)
  15:gml/GuitarPedal/Effect-Modules/overdrive_module.cpp **** 
  16:gml/GuitarPedal/Effect-Modules/overdrive_module.cpp **** {
  17:gml/GuitarPedal/Effect-Modules/overdrive_module.cpp ****     // Set the name of the effect
  18:gml/GuitarPedal/Effect-Modules/overdrive_module.cpp ****     m_name = "Overdrive";
  19:gml/GuitarPedal/Effect-Modules/overdrive_module.cpp **** 
  20:gml/GuitarPedal/Effect-Modules/overdrive_module.cpp ****     // Setup the meta data reference for this Effect
  21:gml/GuitarPedal/Effect-Modules/overdrive_module.cpp ****     m_paramMetaData = s_metaData;
  22:gml/GuitarPedal/Effect-Modules/overdrive_module.cpp **** 
  23:gml/GuitarPedal/Effect-Modules/overdrive_module.cpp ****     // Initialize Parameters for this Effect
  24:gml/GuitarPedal/Effect-Modules/overdrive_module.cpp ****     this->InitParams(s_paramCount);
  25:gml/GuitarPedal/Effect-Modules/overdrive_module.cpp **** }
  26:gml/GuitarPedal/Effect-Modules/overdrive_module.cpp **** 
  27:gml/GuitarPedal/Effect-Modules/overdrive_module.cpp **** // Destructor
  28:gml/GuitarPedal/Effect-Modules/overdrive_module.cpp **** OverdriveModule::~OverdriveModule()
  30              		.loc 1 28 1 view -0
ARM GAS  C:\Users\aydan\AppData\Local\Temp\ccQieMM7.s 			page 2


  31              		.cfi_startproc
  32              		@ args = 0, pretend = 0, frame = 0
  33              		@ frame_needed = 0, uses_anonymous_args = 0
  34              	.LBB21:
  35              		.loc 1 28 35 is_stmt 0 view .LVU1
  36 0000 034B     		ldr	r3, .L4
  37              	.LBE21:
  38              		.loc 1 28 1 view .LVU2
  39 0002 10B5     		push	{r4, lr}
  40              		.cfi_def_cfa_offset 8
  41              		.cfi_offset 4, -8
  42              		.cfi_offset 14, -4
  43              		.loc 1 28 1 view .LVU3
  44 0004 0446     		mov	r4, r0
  45              	.LBB24:
  46              		.loc 1 28 35 view .LVU4
  47 0006 0360     		str	r3, [r0]
  48              	.LVL1:
  49              	.LBB22:
  50              	.LBI22:
  51              		.file 2 "../../DaisySP/Source/Effects/overdrive.h"
   1:../../DaisySP/Source/Effects/overdrive.h **** /*
   2:../../DaisySP/Source/Effects/overdrive.h **** Copyright (c) 2020 Electrosmith, Corp, Emilie Gillet
   3:../../DaisySP/Source/Effects/overdrive.h **** 
   4:../../DaisySP/Source/Effects/overdrive.h **** Use of this source code is governed by an MIT-style
   5:../../DaisySP/Source/Effects/overdrive.h **** license that can be found in the LICENSE file or at
   6:../../DaisySP/Source/Effects/overdrive.h **** https://opensource.org/licenses/MIT.
   7:../../DaisySP/Source/Effects/overdrive.h **** */
   8:../../DaisySP/Source/Effects/overdrive.h **** 
   9:../../DaisySP/Source/Effects/overdrive.h **** #pragma once
  10:../../DaisySP/Source/Effects/overdrive.h **** #ifndef DSY_OVERDRIVE_H
  11:../../DaisySP/Source/Effects/overdrive.h **** #define DSY_OVERDRIVE_H
  12:../../DaisySP/Source/Effects/overdrive.h **** 
  13:../../DaisySP/Source/Effects/overdrive.h **** #include <stdint.h>
  14:../../DaisySP/Source/Effects/overdrive.h **** #ifdef __cplusplus
  15:../../DaisySP/Source/Effects/overdrive.h **** 
  16:../../DaisySP/Source/Effects/overdrive.h **** /** @file overdrive.h */
  17:../../DaisySP/Source/Effects/overdrive.h **** 
  18:../../DaisySP/Source/Effects/overdrive.h **** namespace daisysp
  19:../../DaisySP/Source/Effects/overdrive.h **** {
  20:../../DaisySP/Source/Effects/overdrive.h **** /**  
  21:../../DaisySP/Source/Effects/overdrive.h ****        @brief Distortion / Overdrive Module
  22:../../DaisySP/Source/Effects/overdrive.h ****        @author Ported by Ben Sergentanis 
  23:../../DaisySP/Source/Effects/overdrive.h ****        @date Jan 2021 
  24:../../DaisySP/Source/Effects/overdrive.h ****        Ported from pichenettes/eurorack/plaits/dsp/fx/overdrive.h \n
  25:../../DaisySP/Source/Effects/overdrive.h ****        to an independent module. \n
  26:../../DaisySP/Source/Effects/overdrive.h ****        Original code written by Emilie Gillet in 2014. \n
  27:../../DaisySP/Source/Effects/overdrive.h **** */
  28:../../DaisySP/Source/Effects/overdrive.h **** class Overdrive
  29:../../DaisySP/Source/Effects/overdrive.h **** {
  30:../../DaisySP/Source/Effects/overdrive.h ****   public:
  31:../../DaisySP/Source/Effects/overdrive.h ****     Overdrive() {}
  32:../../DaisySP/Source/Effects/overdrive.h ****     ~Overdrive() {}
  52              		.loc 2 32 5 is_stmt 1 view .LVU5
  53              		.loc 2 32 5 is_stmt 0 view .LVU6
  54              	.LBE22:
  55              	.LBB23:
ARM GAS  C:\Users\aydan\AppData\Local\Temp\ccQieMM7.s 			page 3


  56              	.LBI23:
  57              		.loc 2 32 5 is_stmt 1 view .LVU7
  58              		.loc 2 32 5 is_stmt 0 view .LVU8
  59              	.LBE23:
  60              		.loc 1 28 35 view .LVU9
  61 0008 FFF7FEFF 		bl	_ZN10bkshepherd16BaseEffectModuleD2Ev
  62              	.LVL2:
  63              		.loc 1 28 35 view .LVU10
  64              	.LBE24:
  29:gml/GuitarPedal/Effect-Modules/overdrive_module.cpp **** {
  30:gml/GuitarPedal/Effect-Modules/overdrive_module.cpp ****     // No Code Needed
  31:gml/GuitarPedal/Effect-Modules/overdrive_module.cpp **** }
  65              		.loc 1 31 1 view .LVU11
  66 000c 2046     		mov	r0, r4
  67 000e 10BD     		pop	{r4, pc}
  68              	.LVL3:
  69              	.L5:
  70              		.loc 1 31 1 view .LVU12
  71              		.align	2
  72              	.L4:
  73 0010 08000000 		.word	.LANCHOR0+8
  74              		.cfi_endproc
  75              	.LFE4731:
  77              		.global	_ZN10bkshepherd15OverdriveModuleD1Ev
  78              		.thumb_set _ZN10bkshepherd15OverdriveModuleD1Ev,_ZN10bkshepherd15OverdriveModuleD2Ev
  79              		.section	.text._ZN10bkshepherd15OverdriveModuleD0Ev,"ax",%progbits
  80              		.align	1
  81              		.p2align 2,,3
  82              		.global	_ZN10bkshepherd15OverdriveModuleD0Ev
  83              		.syntax unified
  84              		.thumb
  85              		.thumb_func
  86              		.fpu fpv5-d16
  88              	_ZN10bkshepherd15OverdriveModuleD0Ev:
  89              	.LVL4:
  90              	.LFB4733:
  28:gml/GuitarPedal/Effect-Modules/overdrive_module.cpp **** {
  91              		.loc 1 28 1 is_stmt 1 view -0
  92              		.cfi_startproc
  93              		@ args = 0, pretend = 0, frame = 0
  94              		@ frame_needed = 0, uses_anonymous_args = 0
  95              	.LBB25:
  96              	.LBB26:
  28:gml/GuitarPedal/Effect-Modules/overdrive_module.cpp **** {
  97              		.loc 1 28 35 is_stmt 0 view .LVU14
  98 0000 054B     		ldr	r3, .L8
  99              	.LBE26:
 100              	.LBE25:
  28:gml/GuitarPedal/Effect-Modules/overdrive_module.cpp **** {
 101              		.loc 1 28 1 view .LVU15
 102 0002 10B5     		push	{r4, lr}
 103              		.cfi_def_cfa_offset 8
 104              		.cfi_offset 4, -8
 105              		.cfi_offset 14, -4
  28:gml/GuitarPedal/Effect-Modules/overdrive_module.cpp **** {
 106              		.loc 1 28 1 view .LVU16
 107 0004 0446     		mov	r4, r0
ARM GAS  C:\Users\aydan\AppData\Local\Temp\ccQieMM7.s 			page 4


 108              	.LVL5:
 109              	.LBB30:
 110              	.LBI25:
  28:gml/GuitarPedal/Effect-Modules/overdrive_module.cpp **** {
 111              		.loc 1 28 1 is_stmt 1 view .LVU17
 112              	.LBB29:
  28:gml/GuitarPedal/Effect-Modules/overdrive_module.cpp **** {
 113              		.loc 1 28 35 is_stmt 0 view .LVU18
 114 0006 0360     		str	r3, [r0]
 115              	.LVL6:
 116              	.LBB27:
 117              	.LBI27:
 118              		.loc 2 32 5 is_stmt 1 view .LVU19
 119              		.loc 2 32 5 is_stmt 0 view .LVU20
 120              	.LBE27:
 121              	.LBB28:
 122              	.LBI28:
 123              		.loc 2 32 5 is_stmt 1 view .LVU21
 124              		.loc 2 32 5 is_stmt 0 view .LVU22
 125              	.LBE28:
  28:gml/GuitarPedal/Effect-Modules/overdrive_module.cpp **** {
 126              		.loc 1 28 35 view .LVU23
 127 0008 FFF7FEFF 		bl	_ZN10bkshepherd16BaseEffectModuleD2Ev
 128              	.LVL7:
  28:gml/GuitarPedal/Effect-Modules/overdrive_module.cpp **** {
 129              		.loc 1 28 35 view .LVU24
 130              	.LBE29:
 131              	.LBE30:
 132              		.loc 1 31 1 view .LVU25
 133 000c 4C21     		movs	r1, #76
 134 000e 2046     		mov	r0, r4
 135 0010 FFF7FEFF 		bl	_ZdlPvj
 136              	.LVL8:
 137 0014 2046     		mov	r0, r4
 138 0016 10BD     		pop	{r4, pc}
 139              	.LVL9:
 140              	.L9:
 141              		.loc 1 31 1 view .LVU26
 142              		.align	2
 143              	.L8:
 144 0018 08000000 		.word	.LANCHOR0+8
 145              		.cfi_endproc
 146              	.LFE4733:
 148              		.section	.rodata._ZN10bkshepherd15OverdriveModuleC2Ev.str1.4,"aMS",%progbits,1
 149              		.align	2
 150              	.LC0:
 151 0000 4F766572 		.ascii	"Overdrive\000"
 151      64726976 
 151      6500
 152              		.section	.text._ZN10bkshepherd15OverdriveModuleC2Ev,"ax",%progbits
 153              		.align	1
 154              		.p2align 2,,3
 155              		.global	_ZN10bkshepherd15OverdriveModuleC2Ev
 156              		.syntax unified
 157              		.thumb
 158              		.thumb_func
 159              		.fpu fpv5-d16
ARM GAS  C:\Users\aydan\AppData\Local\Temp\ccQieMM7.s 			page 5


 161              	_ZN10bkshepherd15OverdriveModuleC2Ev:
 162              	.LVL10:
 163              	.LFB4728:
  10:gml/GuitarPedal/Effect-Modules/overdrive_module.cpp ****                                         m_driveMin(0.4f),
 164              		.loc 1 10 1 is_stmt 1 view -0
 165              		.cfi_startproc
 166              		@ args = 0, pretend = 0, frame = 0
 167              		@ frame_needed = 0, uses_anonymous_args = 0
  10:gml/GuitarPedal/Effect-Modules/overdrive_module.cpp ****                                         m_driveMin(0.4f),
 168              		.loc 1 10 1 is_stmt 0 view .LVU28
 169 0000 10B5     		push	{r4, lr}
 170              		.cfi_def_cfa_offset 8
 171              		.cfi_offset 4, -8
 172              		.cfi_offset 14, -4
  10:gml/GuitarPedal/Effect-Modules/overdrive_module.cpp ****                                         m_driveMin(0.4f),
 173              		.loc 1 10 1 view .LVU29
 174 0002 0446     		mov	r4, r0
 175              	.LBB31:
  14:gml/GuitarPedal/Effect-Modules/overdrive_module.cpp **** 
 176              		.loc 1 14 57 view .LVU30
 177 0004 FFF7FEFF 		bl	_ZN10bkshepherd16BaseEffectModuleC2Ev
 178              	.LVL11:
  14:gml/GuitarPedal/Effect-Modules/overdrive_module.cpp **** 
 179              		.loc 1 14 57 view .LVU31
 180 0008 0948     		ldr	r0, .L12
 181 000a 0A4A     		ldr	r2, .L12+4
 182 000c 0A4B     		ldr	r3, .L12+8
 183 000e 2060     		str	r0, [r4]
 184              	.LVL12:
 185              	.LBB32:
 186              	.LBI32:
  31:../../DaisySP/Source/Effects/overdrive.h ****     ~Overdrive() {}
 187              		.loc 2 31 5 is_stmt 1 view .LVU32
  31:../../DaisySP/Source/Effects/overdrive.h ****     ~Overdrive() {}
 188              		.loc 2 31 5 is_stmt 0 view .LVU33
 189              	.LBE32:
 190              	.LBB33:
 191              	.LBI33:
  31:../../DaisySP/Source/Effects/overdrive.h ****     ~Overdrive() {}
 192              		.loc 2 31 5 is_stmt 1 view .LVU34
  31:../../DaisySP/Source/Effects/overdrive.h ****     ~Overdrive() {}
 193              		.loc 2 31 5 is_stmt 0 view .LVU35
 194              	.LBE33:
  14:gml/GuitarPedal/Effect-Modules/overdrive_module.cpp **** 
 195              		.loc 1 14 57 view .LVU36
 196 0010 E263     		str	r2, [r4, #60]	@ float
 197 0012 6364     		str	r3, [r4, #68]	@ float
  18:gml/GuitarPedal/Effect-Modules/overdrive_module.cpp **** 
 198              		.loc 1 18 12 view .LVU37
 199 0014 094A     		ldr	r2, .L12+12
  21:gml/GuitarPedal/Effect-Modules/overdrive_module.cpp **** 
 200              		.loc 1 21 21 view .LVU38
 201 0016 0A4B     		ldr	r3, .L12+16
  14:gml/GuitarPedal/Effect-Modules/overdrive_module.cpp **** 
 202              		.loc 1 14 57 view .LVU39
 203 0018 0A49     		ldr	r1, .L12+20
 204 001a 0B48     		ldr	r0, .L12+24
ARM GAS  C:\Users\aydan\AppData\Local\Temp\ccQieMM7.s 			page 6


 205 001c 2164     		str	r1, [r4, #64]	@ float
  24:gml/GuitarPedal/Effect-Modules/overdrive_module.cpp **** }
 206              		.loc 1 24 21 view .LVU40
 207 001e 0221     		movs	r1, #2
  14:gml/GuitarPedal/Effect-Modules/overdrive_module.cpp **** 
 208              		.loc 1 14 57 view .LVU41
 209 0020 A064     		str	r0, [r4, #72]	@ float
  18:gml/GuitarPedal/Effect-Modules/overdrive_module.cpp **** 
 210              		.loc 1 18 5 is_stmt 1 view .LVU42
  24:gml/GuitarPedal/Effect-Modules/overdrive_module.cpp **** }
 211              		.loc 1 24 21 is_stmt 0 view .LVU43
 212 0022 2046     		mov	r0, r4
  18:gml/GuitarPedal/Effect-Modules/overdrive_module.cpp **** 
 213              		.loc 1 18 12 view .LVU44
 214 0024 6260     		str	r2, [r4, #4]
  21:gml/GuitarPedal/Effect-Modules/overdrive_module.cpp **** 
 215              		.loc 1 21 5 is_stmt 1 view .LVU45
  21:gml/GuitarPedal/Effect-Modules/overdrive_module.cpp **** 
 216              		.loc 1 21 21 is_stmt 0 view .LVU46
 217 0026 2361     		str	r3, [r4, #16]
  24:gml/GuitarPedal/Effect-Modules/overdrive_module.cpp **** }
 218              		.loc 1 24 5 is_stmt 1 view .LVU47
  24:gml/GuitarPedal/Effect-Modules/overdrive_module.cpp **** }
 219              		.loc 1 24 21 is_stmt 0 view .LVU48
 220 0028 FFF7FEFF 		bl	_ZN10bkshepherd16BaseEffectModule10InitParamsEi
 221              	.LVL13:
 222              	.LBE31:
  25:gml/GuitarPedal/Effect-Modules/overdrive_module.cpp **** 
 223              		.loc 1 25 1 view .LVU49
 224 002c 2046     		mov	r0, r4
 225 002e 10BD     		pop	{r4, pc}
 226              	.LVL14:
 227              	.L13:
  25:gml/GuitarPedal/Effect-Modules/overdrive_module.cpp **** 
 228              		.loc 1 25 1 view .LVU50
 229              		.align	2
 230              	.L12:
 231 0030 08000000 		.word	.LANCHOR0+8
 232 0034 CDCCCC3E 		.word	1053609165
 233 0038 0AD7233C 		.word	1008981770
 234 003c 00000000 		.word	.LC0
 235 0040 00000000 		.word	.LANCHOR1
 236 0044 CDCC4C3F 		.word	1061997773
 237 0048 CDCC4C3E 		.word	1045220557
 238              		.cfi_endproc
 239              	.LFE4728:
 241              		.global	_ZN10bkshepherd15OverdriveModuleC1Ev
 242              		.thumb_set _ZN10bkshepherd15OverdriveModuleC1Ev,_ZN10bkshepherd15OverdriveModuleC2Ev
 243              		.section	.text._ZN10bkshepherd15OverdriveModule4InitEf,"ax",%progbits
 244              		.align	1
 245              		.p2align 2,,3
 246              		.global	_ZN10bkshepherd15OverdriveModule4InitEf
 247              		.syntax unified
 248              		.thumb
 249              		.thumb_func
 250              		.fpu fpv5-d16
 252              	_ZN10bkshepherd15OverdriveModule4InitEf:
ARM GAS  C:\Users\aydan\AppData\Local\Temp\ccQieMM7.s 			page 7


 253              	.LVL15:
 254              	.LFB4734:
  32:gml/GuitarPedal/Effect-Modules/overdrive_module.cpp **** 
  33:gml/GuitarPedal/Effect-Modules/overdrive_module.cpp **** void OverdriveModule::Init(float sample_rate)
  34:gml/GuitarPedal/Effect-Modules/overdrive_module.cpp **** {
 255              		.loc 1 34 1 is_stmt 1 view -0
 256              		.cfi_startproc
 257              		@ args = 0, pretend = 0, frame = 0
 258              		@ frame_needed = 0, uses_anonymous_args = 0
  35:gml/GuitarPedal/Effect-Modules/overdrive_module.cpp ****     BaseEffectModule::Init(sample_rate);
 259              		.loc 1 35 5 view .LVU52
  34:gml/GuitarPedal/Effect-Modules/overdrive_module.cpp ****     BaseEffectModule::Init(sample_rate);
 260              		.loc 1 34 1 is_stmt 0 view .LVU53
 261 0000 10B5     		push	{r4, lr}
 262              		.cfi_def_cfa_offset 8
 263              		.cfi_offset 4, -8
 264              		.cfi_offset 14, -4
  34:gml/GuitarPedal/Effect-Modules/overdrive_module.cpp ****     BaseEffectModule::Init(sample_rate);
 265              		.loc 1 34 1 view .LVU54
 266 0002 0446     		mov	r4, r0
 267              		.loc 1 35 27 view .LVU55
 268 0004 FFF7FEFF 		bl	_ZN10bkshepherd16BaseEffectModule4InitEf
 269              	.LVL16:
  36:gml/GuitarPedal/Effect-Modules/overdrive_module.cpp **** 
  37:gml/GuitarPedal/Effect-Modules/overdrive_module.cpp ****     m_overdriveLeft.Init();
 270              		.loc 1 37 5 is_stmt 1 view .LVU56
 271              		.loc 1 37 25 is_stmt 0 view .LVU57
 272 0008 04F12400 		add	r0, r4, #36
 273 000c FFF7FEFF 		bl	_ZN7daisysp9Overdrive4InitEv
 274              	.LVL17:
  38:gml/GuitarPedal/Effect-Modules/overdrive_module.cpp ****     m_overdriveRight.Init();
 275              		.loc 1 38 5 is_stmt 1 view .LVU58
 276              		.loc 1 38 26 is_stmt 0 view .LVU59
 277 0010 04F13000 		add	r0, r4, #48
  39:gml/GuitarPedal/Effect-Modules/overdrive_module.cpp **** }
 278              		.loc 1 39 1 view .LVU60
 279 0014 BDE81040 		pop	{r4, lr}
 280              		.cfi_restore 14
 281              		.cfi_restore 4
 282              		.cfi_def_cfa_offset 0
 283              	.LVL18:
  38:gml/GuitarPedal/Effect-Modules/overdrive_module.cpp ****     m_overdriveRight.Init();
 284              		.loc 1 38 26 view .LVU61
 285 0018 FFF7FEBF 		b	_ZN7daisysp9Overdrive4InitEv
 286              	.LVL19:
  38:gml/GuitarPedal/Effect-Modules/overdrive_module.cpp ****     m_overdriveRight.Init();
 287              		.loc 1 38 26 view .LVU62
 288              		.cfi_endproc
 289              	.LFE4734:
 291              		.section	.text._ZN10bkshepherd15OverdriveModule11ProcessMonoEf,"ax",%progbits
 292              		.align	1
 293              		.p2align 2,,3
 294              		.global	_ZN10bkshepherd15OverdriveModule11ProcessMonoEf
 295              		.syntax unified
 296              		.thumb
 297              		.thumb_func
 298              		.fpu fpv5-d16
ARM GAS  C:\Users\aydan\AppData\Local\Temp\ccQieMM7.s 			page 8


 300              	_ZN10bkshepherd15OverdriveModule11ProcessMonoEf:
 301              	.LVL20:
 302              	.LFB4735:
  40:gml/GuitarPedal/Effect-Modules/overdrive_module.cpp **** 
  41:gml/GuitarPedal/Effect-Modules/overdrive_module.cpp **** void OverdriveModule::ProcessMono(float in)
  42:gml/GuitarPedal/Effect-Modules/overdrive_module.cpp **** {
 303              		.loc 1 42 1 is_stmt 1 view -0
 304              		.cfi_startproc
 305              		@ args = 0, pretend = 0, frame = 8
 306              		@ frame_needed = 0, uses_anonymous_args = 0
  43:gml/GuitarPedal/Effect-Modules/overdrive_module.cpp ****     BaseEffectModule::ProcessMono(in);
 307              		.loc 1 43 5 view .LVU64
  42:gml/GuitarPedal/Effect-Modules/overdrive_module.cpp ****     BaseEffectModule::ProcessMono(in);
 308              		.loc 1 42 1 is_stmt 0 view .LVU65
 309 0000 10B5     		push	{r4, lr}
 310              		.cfi_def_cfa_offset 8
 311              		.cfi_offset 4, -8
 312              		.cfi_offset 14, -4
 313 0002 0446     		mov	r4, r0
 314 0004 2DED028B 		vpush.64	{d8}
 315              		.cfi_def_cfa_offset 16
 316              		.cfi_offset 80, -16
 317              		.cfi_offset 81, -12
 318 0008 82B0     		sub	sp, sp, #8
 319              		.cfi_def_cfa_offset 24
 320              		.loc 1 43 34 view .LVU66
 321 000a FFF7FEFF 		bl	_ZN10bkshepherd16BaseEffectModule11ProcessMonoEf
 322              	.LVL21:
  44:gml/GuitarPedal/Effect-Modules/overdrive_module.cpp **** 
  45:gml/GuitarPedal/Effect-Modules/overdrive_module.cpp ****     // Calculate the effect
  46:gml/GuitarPedal/Effect-Modules/overdrive_module.cpp ****     m_overdriveLeft.SetDrive(m_driveMin + (GetParameterAsMagnitude(0) * (m_driveMax - m_driveMin)))
 323              		.loc 1 46 5 is_stmt 1 view .LVU67
 324              		.loc 1 46 67 is_stmt 0 view .LVU68
 325 000e 0021     		movs	r1, #0
 326 0010 2046     		mov	r0, r4
 327              		.loc 1 46 30 view .LVU69
 328 0012 94ED0F8A 		vldr.32	s16, [r4, #60]
 329              		.loc 1 46 67 view .LVU70
 330 0016 FFF7FEFF 		bl	_ZN10bkshepherd16BaseEffectModule23GetParameterAsMagnitudeEi
 331              	.LVL22:
 332              		.loc 1 46 85 view .LVU71
 333 001a 94ED0F7A 		vldr.32	s14, [r4, #60]
 334 001e D4ED107A 		vldr.32	s15, [r4, #64]
 335              		.loc 1 46 29 view .LVU72
 336 0022 04F12400 		add	r0, r4, #36
 337              		.loc 1 46 85 view .LVU73
 338 0026 77EEC77A 		vsub.f32	s15, s15, s14
 339              		.loc 1 46 29 view .LVU74
 340 002a 0190     		str	r0, [sp, #4]
 341 002c A0EE278A 		vfma.f32	s16, s0, s15
 342 0030 B0EE480A 		vmov.f32	s0, s16
 343 0034 FFF7FEFF 		bl	_ZN7daisysp9Overdrive8SetDriveEf
 344              	.LVL23:
  47:gml/GuitarPedal/Effect-Modules/overdrive_module.cpp ****     m_audioLeft = m_overdriveLeft.Process(m_audioLeft);
 345              		.loc 1 47 5 is_stmt 1 view .LVU75
 346              		.loc 1 47 42 is_stmt 0 view .LVU76
 347 0038 0198     		ldr	r0, [sp, #4]
ARM GAS  C:\Users\aydan\AppData\Local\Temp\ccQieMM7.s 			page 9


 348 003a 94ED050A 		vldr.32	s0, [r4, #20]
 349 003e FFF7FEFF 		bl	_ZN7daisysp9Overdrive7ProcessEf
 350              	.LVL24:
  48:gml/GuitarPedal/Effect-Modules/overdrive_module.cpp **** 
  49:gml/GuitarPedal/Effect-Modules/overdrive_module.cpp ****     // Adjust the level
  50:gml/GuitarPedal/Effect-Modules/overdrive_module.cpp ****     m_audioLeft = m_audioLeft * (m_levelMin + (GetParameterAsMagnitude(1) * (m_levelMax - m_levelMi
 351              		.loc 1 50 71 view .LVU77
 352 0042 0121     		movs	r1, #1
 353 0044 2046     		mov	r0, r4
  47:gml/GuitarPedal/Effect-Modules/overdrive_module.cpp ****     m_audioLeft = m_overdriveLeft.Process(m_audioLeft);
 354              		.loc 1 47 17 view .LVU78
 355 0046 84ED050A 		vstr.32	s0, [r4, #20]
 356              		.loc 1 50 5 is_stmt 1 view .LVU79
 357              		.loc 1 50 34 is_stmt 0 view .LVU80
 358 004a D4ED118A 		vldr.32	s17, [r4, #68]
  47:gml/GuitarPedal/Effect-Modules/overdrive_module.cpp ****     m_audioLeft = m_overdriveLeft.Process(m_audioLeft);
 359              		.loc 1 47 42 view .LVU81
 360 004e B0EE408A 		vmov.f32	s16, s0
 361              		.loc 1 50 71 view .LVU82
 362 0052 FFF7FEFF 		bl	_ZN10bkshepherd16BaseEffectModule23GetParameterAsMagnitudeEi
 363              	.LVL25:
 364              		.loc 1 50 89 view .LVU83
 365 0056 D4ED127A 		vldr.32	s15, [r4, #72]
 366 005a 94ED117A 		vldr.32	s14, [r4, #68]
 367 005e 77EEC77A 		vsub.f32	s15, s15, s14
 368              		.loc 1 50 45 view .LVU84
 369 0062 E0EE278A 		vfma.f32	s17, s0, s15
 370              		.loc 1 50 31 view .LVU85
 371 0066 28EE288A 		vmul.f32	s16, s16, s17
 372              		.loc 1 50 17 view .LVU86
 373 006a 84ED058A 		vstr.32	s16, [r4, #20]
  51:gml/GuitarPedal/Effect-Modules/overdrive_module.cpp ****     m_audioRight = m_audioLeft;
 374              		.loc 1 51 5 is_stmt 1 view .LVU87
 375              		.loc 1 51 18 is_stmt 0 view .LVU88
 376 006e 84ED068A 		vstr.32	s16, [r4, #24]
  52:gml/GuitarPedal/Effect-Modules/overdrive_module.cpp **** }
 377              		.loc 1 52 1 view .LVU89
 378 0072 02B0     		add	sp, sp, #8
 379              		.cfi_def_cfa_offset 16
 380              		@ sp needed
 381 0074 BDEC028B 		vldm	sp!, {d8}
 382              		.cfi_restore 80
 383              		.cfi_restore 81
 384              		.cfi_def_cfa_offset 8
 385 0078 10BD     		pop	{r4, pc}
 386              		.loc 1 52 1 view .LVU90
 387              		.cfi_endproc
 388              	.LFE4735:
 390 007a 00BF     		.section	.text._ZN10bkshepherd15OverdriveModule13ProcessStereoEff,"ax",%progbits
 391              		.align	1
 392              		.p2align 2,,3
 393              		.global	_ZN10bkshepherd15OverdriveModule13ProcessStereoEff
 394              		.syntax unified
 395              		.thumb
 396              		.thumb_func
 397              		.fpu fpv5-d16
 399              	_ZN10bkshepherd15OverdriveModule13ProcessStereoEff:
ARM GAS  C:\Users\aydan\AppData\Local\Temp\ccQieMM7.s 			page 10


 400              	.LVL26:
 401              	.LFB4736:
  53:gml/GuitarPedal/Effect-Modules/overdrive_module.cpp **** 
  54:gml/GuitarPedal/Effect-Modules/overdrive_module.cpp **** void OverdriveModule::ProcessStereo(float inL, float inR)
  55:gml/GuitarPedal/Effect-Modules/overdrive_module.cpp **** {    
 402              		.loc 1 55 1 is_stmt 1 view -0
 403              		.cfi_startproc
 404              		@ args = 0, pretend = 0, frame = 8
 405              		@ frame_needed = 0, uses_anonymous_args = 0
  56:gml/GuitarPedal/Effect-Modules/overdrive_module.cpp ****     // Calculate the mono effect
  57:gml/GuitarPedal/Effect-Modules/overdrive_module.cpp ****     ProcessMono(inL);
 406              		.loc 1 57 5 view .LVU92
  55:gml/GuitarPedal/Effect-Modules/overdrive_module.cpp ****     // Calculate the mono effect
 407              		.loc 1 55 1 is_stmt 0 view .LVU93
 408 0000 30B5     		push	{r4, r5, lr}
 409              		.cfi_def_cfa_offset 12
 410              		.cfi_offset 4, -12
 411              		.cfi_offset 5, -8
 412              		.cfi_offset 14, -4
 413              		.loc 1 57 20 view .LVU94
 414 0002 0368     		ldr	r3, [r0]
  55:gml/GuitarPedal/Effect-Modules/overdrive_module.cpp ****     // Calculate the mono effect
 415              		.loc 1 55 1 view .LVU95
 416 0004 0446     		mov	r4, r0
  58:gml/GuitarPedal/Effect-Modules/overdrive_module.cpp **** 
  59:gml/GuitarPedal/Effect-Modules/overdrive_module.cpp ****     // Do the base stereo calculation (which resets the right signal to be the inputR instead of co
  60:gml/GuitarPedal/Effect-Modules/overdrive_module.cpp ****     BaseEffectModule::ProcessStereo(m_audioLeft, inR);
  61:gml/GuitarPedal/Effect-Modules/overdrive_module.cpp **** 
  62:gml/GuitarPedal/Effect-Modules/overdrive_module.cpp ****     // Calculate the effect
  63:gml/GuitarPedal/Effect-Modules/overdrive_module.cpp ****     m_overdriveRight.SetDrive(m_driveMin + (GetParameterAsMagnitude(0) * (m_driveMax - m_driveMin))
 417              		.loc 1 63 30 view .LVU96
 418 0006 00F13005 		add	r5, r0, #48
  57:gml/GuitarPedal/Effect-Modules/overdrive_module.cpp **** 
 419              		.loc 1 57 16 view .LVU97
 420 000a DB68     		ldr	r3, [r3, #12]
  55:gml/GuitarPedal/Effect-Modules/overdrive_module.cpp ****     // Calculate the mono effect
 421              		.loc 1 55 1 view .LVU98
 422 000c 2DED028B 		vpush.64	{d8}
 423              		.cfi_def_cfa_offset 20
 424              		.cfi_offset 80, -20
 425              		.cfi_offset 81, -16
 426 0010 83B0     		sub	sp, sp, #12
 427              		.cfi_def_cfa_offset 32
  55:gml/GuitarPedal/Effect-Modules/overdrive_module.cpp ****     // Calculate the mono effect
 428              		.loc 1 55 1 view .LVU99
 429 0012 CDED010A 		vstr.32	s1, [sp, #4]	@ int
  57:gml/GuitarPedal/Effect-Modules/overdrive_module.cpp **** 
 430              		.loc 1 57 16 view .LVU100
 431 0016 9847     		blx	r3
 432              	.LVL27:
  60:gml/GuitarPedal/Effect-Modules/overdrive_module.cpp **** 
 433              		.loc 1 60 5 is_stmt 1 view .LVU101
  60:gml/GuitarPedal/Effect-Modules/overdrive_module.cpp **** 
 434              		.loc 1 60 36 is_stmt 0 view .LVU102
 435 0018 DDED010A 		vldr.32	s1, [sp, #4]	@ int
 436 001c 94ED050A 		vldr.32	s0, [r4, #20]
 437 0020 2046     		mov	r0, r4
ARM GAS  C:\Users\aydan\AppData\Local\Temp\ccQieMM7.s 			page 11


 438 0022 FFF7FEFF 		bl	_ZN10bkshepherd16BaseEffectModule13ProcessStereoEff
 439              	.LVL28:
 440              		.loc 1 63 5 is_stmt 1 view .LVU103
 441              		.loc 1 63 68 is_stmt 0 view .LVU104
 442 0026 0021     		movs	r1, #0
 443 0028 2046     		mov	r0, r4
 444              		.loc 1 63 31 view .LVU105
 445 002a 94ED0F8A 		vldr.32	s16, [r4, #60]
 446              		.loc 1 63 68 view .LVU106
 447 002e FFF7FEFF 		bl	_ZN10bkshepherd16BaseEffectModule23GetParameterAsMagnitudeEi
 448              	.LVL29:
 449              		.loc 1 63 86 view .LVU107
 450 0032 94ED0F7A 		vldr.32	s14, [r4, #60]
 451 0036 D4ED107A 		vldr.32	s15, [r4, #64]
 452              		.loc 1 63 30 view .LVU108
 453 003a 2846     		mov	r0, r5
 454              		.loc 1 63 86 view .LVU109
 455 003c 77EEC77A 		vsub.f32	s15, s15, s14
 456              		.loc 1 63 30 view .LVU110
 457 0040 A0EE278A 		vfma.f32	s16, s0, s15
 458 0044 B0EE480A 		vmov.f32	s0, s16
 459 0048 FFF7FEFF 		bl	_ZN7daisysp9Overdrive8SetDriveEf
 460              	.LVL30:
  64:gml/GuitarPedal/Effect-Modules/overdrive_module.cpp ****     m_audioRight = m_overdriveRight.Process(m_audioRight);
 461              		.loc 1 64 5 is_stmt 1 view .LVU111
 462              		.loc 1 64 44 is_stmt 0 view .LVU112
 463 004c 2846     		mov	r0, r5
 464 004e 94ED060A 		vldr.32	s0, [r4, #24]
 465 0052 FFF7FEFF 		bl	_ZN7daisysp9Overdrive7ProcessEf
 466              	.LVL31:
  65:gml/GuitarPedal/Effect-Modules/overdrive_module.cpp **** 
  66:gml/GuitarPedal/Effect-Modules/overdrive_module.cpp ****     // Adjust the level
  67:gml/GuitarPedal/Effect-Modules/overdrive_module.cpp ****     m_audioRight = m_audioRight * (m_levelMin + (GetParameterAsMagnitude(1) * (m_levelMax - m_level
 467              		.loc 1 67 73 view .LVU113
 468 0056 0121     		movs	r1, #1
 469 0058 2046     		mov	r0, r4
  64:gml/GuitarPedal/Effect-Modules/overdrive_module.cpp ****     m_audioRight = m_overdriveRight.Process(m_audioRight);
 470              		.loc 1 64 18 view .LVU114
 471 005a 84ED060A 		vstr.32	s0, [r4, #24]
 472              		.loc 1 67 5 is_stmt 1 view .LVU115
 473              		.loc 1 67 36 is_stmt 0 view .LVU116
 474 005e D4ED118A 		vldr.32	s17, [r4, #68]
  64:gml/GuitarPedal/Effect-Modules/overdrive_module.cpp ****     m_audioRight = m_overdriveRight.Process(m_audioRight);
 475              		.loc 1 64 44 view .LVU117
 476 0062 B0EE408A 		vmov.f32	s16, s0
 477              		.loc 1 67 73 view .LVU118
 478 0066 FFF7FEFF 		bl	_ZN10bkshepherd16BaseEffectModule23GetParameterAsMagnitudeEi
 479              	.LVL32:
 480              		.loc 1 67 91 view .LVU119
 481 006a D4ED127A 		vldr.32	s15, [r4, #72]
 482 006e 94ED117A 		vldr.32	s14, [r4, #68]
 483 0072 77EEC77A 		vsub.f32	s15, s15, s14
 484              		.loc 1 67 47 view .LVU120
 485 0076 E0EE278A 		vfma.f32	s17, s0, s15
 486              		.loc 1 67 33 view .LVU121
 487 007a 28EE288A 		vmul.f32	s16, s16, s17
 488              		.loc 1 67 18 view .LVU122
ARM GAS  C:\Users\aydan\AppData\Local\Temp\ccQieMM7.s 			page 12


 489 007e 84ED068A 		vstr.32	s16, [r4, #24]
  68:gml/GuitarPedal/Effect-Modules/overdrive_module.cpp **** }
 490              		.loc 1 68 1 view .LVU123
 491 0082 03B0     		add	sp, sp, #12
 492              		.cfi_def_cfa_offset 20
 493              		@ sp needed
 494 0084 BDEC028B 		vldm	sp!, {d8}
 495              		.cfi_restore 80
 496              		.cfi_restore 81
 497              		.cfi_def_cfa_offset 12
 498 0088 30BD     		pop	{r4, r5, pc}
 499              		.loc 1 68 1 view .LVU124
 500              		.cfi_endproc
 501              	.LFE4736:
 503 008a 00BF     		.section	.text._ZN10bkshepherd15OverdriveModule19GetBrightnessForLEDEi,"ax",%progbits
 504              		.align	1
 505              		.p2align 2,,3
 506              		.global	_ZN10bkshepherd15OverdriveModule19GetBrightnessForLEDEi
 507              		.syntax unified
 508              		.thumb
 509              		.thumb_func
 510              		.fpu fpv5-d16
 512              	_ZN10bkshepherd15OverdriveModule19GetBrightnessForLEDEi:
 513              	.LVL33:
 514              	.LFB4737:
  69:gml/GuitarPedal/Effect-Modules/overdrive_module.cpp **** 
  70:gml/GuitarPedal/Effect-Modules/overdrive_module.cpp **** float OverdriveModule::GetBrightnessForLED(int led_id)
  71:gml/GuitarPedal/Effect-Modules/overdrive_module.cpp **** {    
 515              		.loc 1 71 1 is_stmt 1 view -0
 516              		.cfi_startproc
 517              		@ args = 0, pretend = 0, frame = 0
 518              		@ frame_needed = 0, uses_anonymous_args = 0
  72:gml/GuitarPedal/Effect-Modules/overdrive_module.cpp ****     float value = BaseEffectModule::GetBrightnessForLED(led_id);
 519              		.loc 1 72 5 view .LVU126
  71:gml/GuitarPedal/Effect-Modules/overdrive_module.cpp ****     float value = BaseEffectModule::GetBrightnessForLED(led_id);
 520              		.loc 1 71 1 is_stmt 0 view .LVU127
 521 0000 38B5     		push	{r3, r4, r5, lr}
 522              		.cfi_def_cfa_offset 16
 523              		.cfi_offset 3, -16
 524              		.cfi_offset 4, -12
 525              		.cfi_offset 5, -8
 526              		.cfi_offset 14, -4
 527 0002 0C46     		mov	r4, r1
 528 0004 0546     		mov	r5, r0
 529 0006 2DED028B 		vpush.64	{d8}
 530              		.cfi_def_cfa_offset 24
 531              		.cfi_offset 80, -24
 532              		.cfi_offset 81, -20
 533              		.loc 1 72 56 view .LVU128
 534 000a FFF7FEFF 		bl	_ZN10bkshepherd16BaseEffectModule19GetBrightnessForLEDEi
 535              	.LVL34:
  73:gml/GuitarPedal/Effect-Modules/overdrive_module.cpp **** 
  74:gml/GuitarPedal/Effect-Modules/overdrive_module.cpp ****     if (led_id == 1)
 536              		.loc 1 74 5 view .LVU129
 537 000e 012C     		cmp	r4, #1
  72:gml/GuitarPedal/Effect-Modules/overdrive_module.cpp **** 
 538              		.loc 1 72 56 view .LVU130
ARM GAS  C:\Users\aydan\AppData\Local\Temp\ccQieMM7.s 			page 13


 539 0010 B0EE408A 		vmov.f32	s16, s0
 540              	.LVL35:
 541              		.loc 1 74 5 is_stmt 1 view .LVU131
 542 0014 04D0     		beq	.L23
  75:gml/GuitarPedal/Effect-Modules/overdrive_module.cpp ****     {
  76:gml/GuitarPedal/Effect-Modules/overdrive_module.cpp ****         return value * GetParameterAsMagnitude(0);
  77:gml/GuitarPedal/Effect-Modules/overdrive_module.cpp ****     }
  78:gml/GuitarPedal/Effect-Modules/overdrive_module.cpp **** 
  79:gml/GuitarPedal/Effect-Modules/overdrive_module.cpp ****     return value;
  80:gml/GuitarPedal/Effect-Modules/overdrive_module.cpp **** }...
 543              		.loc 1 80 1 is_stmt 0 view .LVU132
 544 0016 B0EE480A 		vmov.f32	s0, s16
 545              		.loc 1 80 1 view .LVU133
 546 001a BDEC028B 		vldm	sp!, {d8}
 547              		.cfi_remember_state
 548              		.cfi_restore 80
 549              		.cfi_restore 81
 550              		.cfi_def_cfa_offset 16
 551 001e 38BD     		pop	{r3, r4, r5, pc}
 552              	.LVL36:
 553              	.L23:
 554              		.cfi_restore_state
  76:gml/GuitarPedal/Effect-Modules/overdrive_module.cpp ****         return value * GetParameterAsMagnitude(0);
 555              		.loc 1 76 9 is_stmt 1 view .LVU134
  76:gml/GuitarPedal/Effect-Modules/overdrive_module.cpp ****         return value * GetParameterAsMagnitude(0);
 556              		.loc 1 76 47 is_stmt 0 view .LVU135
 557 0020 0021     		movs	r1, #0
 558 0022 2846     		mov	r0, r5
 559 0024 FFF7FEFF 		bl	_ZN10bkshepherd16BaseEffectModule23GetParameterAsMagnitudeEi
 560              	.LVL37:
  76:gml/GuitarPedal/Effect-Modules/overdrive_module.cpp ****         return value * GetParameterAsMagnitude(0);
 561              		.loc 1 76 49 view .LVU136
 562 0028 28EE008A 		vmul.f32	s16, s16, s0
 563              	.LVL38:
 564              		.loc 1 80 1 view .LVU137
 565 002c B0EE480A 		vmov.f32	s0, s16
 566 0030 BDEC028B 		vldm	sp!, {d8}
 567              		.cfi_restore 80
 568              		.cfi_restore 81
 569              		.cfi_def_cfa_offset 16
 570 0034 38BD     		pop	{r3, r4, r5, pc}
 571              		.loc 1 80 1 view .LVU138
 572              		.cfi_endproc
 573              	.LFE4737:
 575              		.global	_ZTVN10bkshepherd15OverdriveModuleE
 576 0036 00BF     		.section	.rodata.str1.4,"aMS",%progbits,1
 577              		.align	2
 578              	.LC1:
 579 0000 44726976 		.ascii	"Drive\000"
 579      6500
 580 0006 0000     		.align	2
 581              	.LC2:
 582 0008 4C657665 		.ascii	"Level\000"
 582      6C00
 583              		.section	.rodata._ZL10s_metaData,"a"
 584              		.align	2
 585              		.set	.LANCHOR1,. + 0
ARM GAS  C:\Users\aydan\AppData\Local\Temp\ccQieMM7.s 			page 14


 588              	_ZL10s_metaData:
 589 0000 00000000 		.word	.LC1
 590 0004 01       		.byte	1
 591 0005 000000   		.space	3
 592 0008 00000000 		.word	0
 593 000c 00000000 		.space	4
 594 0010 39       		.byte	57
 595 0011 000000   		.space	3
 596 0014 01000000 		.word	1
 597 0018 01000000 		.word	1
 598 001c 08000000 		.word	.LC2
 599 0020 01       		.byte	1
 600 0021 000000   		.space	3
 601 0024 00000000 		.word	0
 602 0028 00000000 		.space	4
 603 002c 28       		.byte	40
 604 002d 000000   		.space	3
 605 0030 00000000 		.word	0
 606 0034 15000000 		.word	21
 607              		.section	.rodata._ZTVN10bkshepherd15OverdriveModuleE,"a"
 608              		.align	2
 609              		.set	.LANCHOR0,. + 0
 612              	_ZTVN10bkshepherd15OverdriveModuleE:
 613 0000 00000000 		.word	0
 614 0004 00000000 		.word	0
 615 0008 00000000 		.word	_ZN10bkshepherd15OverdriveModuleD1Ev
 616 000c 00000000 		.word	_ZN10bkshepherd15OverdriveModuleD0Ev
 617 0010 00000000 		.word	_ZN10bkshepherd15OverdriveModule4InitEf
 618 0014 00000000 		.word	_ZN10bkshepherd15OverdriveModule11ProcessMonoEf
 619 0018 00000000 		.word	_ZN10bkshepherd15OverdriveModule13ProcessStereoEff
 620 001c 00000000 		.word	_ZN10bkshepherd15OverdriveModule19GetBrightnessForLEDEi
 621 0020 00000000 		.word	_ZN10bkshepherd16BaseEffectModule10SetEnabledEb
 622 0024 00000000 		.word	_ZN10bkshepherd16BaseEffectModule8SetTempoEm
 623 0028 00000000 		.word	_ZN10bkshepherd16BaseEffectModule8UpdateUIEf
 624 002c 00000000 		.word	_ZN10bkshepherd16BaseEffectModule6DrawUIERN5daisy21OneBitGraphicsDisplayEiiNS1_9RectangleEb
 625 0030 00000000 		.word	_ZN10bkshepherd16BaseEffectModule10InitParamsEi
 626 0034 00000000 		.word	_ZN10bkshepherd16BaseEffectModule16ParameterChangedEi
 627              		.text
 628              	.Letext0:
 629              		.file 3 "c:\\program files\\daisytoolchain\\arm-none-eabi\\include\\machine\\_default_types.h"
 630              		.file 4 "c:\\program files\\daisytoolchain\\arm-none-eabi\\include\\sys\\_stdint.h"
 631              		.file 5 "c:\\program files\\daisytoolchain\\arm-none-eabi\\include\\stdint.h"
 632              		.file 6 "c:\\program files\\daisytoolchain\\lib\\gcc\\arm-none-eabi\\10.2.1\\include\\stddef.h"
 633              		.file 7 "c:\\program files\\daisytoolchain\\arm-none-eabi\\include\\c++\\10.2.1\\cmath"
 634              		.file 8 "c:\\program files\\daisytoolchain\\arm-none-eabi\\include\\c++\\10.2.1\\bits\\std_abs.h"
 635              		.file 9 "c:\\program files\\daisytoolchain\\arm-none-eabi\\include\\c++\\10.2.1\\cstdint"
 636              		.file 10 "c:\\program files\\daisytoolchain\\arm-none-eabi\\include\\c++\\10.2.1\\cstdlib"
 637              		.file 11 "c:\\program files\\daisytoolchain\\arm-none-eabi\\include\\c++\\10.2.1\\type_traits"
 638              		.file 12 "c:\\program files\\daisytoolchain\\arm-none-eabi\\include\\c++\\10.2.1\\debug\\debug.h"
 639              		.file 13 "c:\\program files\\daisytoolchain\\arm-none-eabi\\include\\c++\\10.2.1\\cwchar"
 640              		.file 14 "c:\\program files\\daisytoolchain\\arm-none-eabi\\include\\c++\\10.2.1\\bits\\stl_pair.h
 641              		.file 15 "c:\\program files\\daisytoolchain\\arm-none-eabi\\include\\c++\\10.2.1\\bits\\exception_
 642              		.file 16 "c:\\program files\\daisytoolchain\\arm-none-eabi\\include\\c++\\10.2.1\\arm-none-eabi\\t
 643              		.file 17 "c:\\program files\\daisytoolchain\\arm-none-eabi\\include\\c++\\10.2.1\\clocale"
 644              		.file 18 "c:\\program files\\daisytoolchain\\arm-none-eabi\\include\\c++\\10.2.1\\cstdio"
 645              		.file 19 "c:\\program files\\daisytoolchain\\arm-none-eabi\\include\\c++\\10.2.1\\bits\\basic_stri
 646              		.file 20 "c:\\program files\\daisytoolchain\\arm-none-eabi\\include\\c++\\10.2.1\\bits\\charconv.h
ARM GAS  C:\Users\aydan\AppData\Local\Temp\ccQieMM7.s 			page 15


 647              		.file 21 "c:\\program files\\daisytoolchain\\arm-none-eabi\\include\\c++\\10.2.1\\bits\\algorithmf
 648              		.file 22 "c:\\program files\\daisytoolchain\\arm-none-eabi\\include\\c++\\10.2.1\\cstring"
 649              		.file 23 "c:\\program files\\daisytoolchain\\arm-none-eabi\\include\\c++\\10.2.1\\cstdarg"
 650              		.file 24 "c:\\program files\\daisytoolchain\\arm-none-eabi\\include\\c++\\10.2.1\\bits\\predefined
 651              		.file 25 "c:\\program files\\daisytoolchain\\arm-none-eabi\\include\\sys\\_types.h"
 652              		.file 26 "c:\\program files\\daisytoolchain\\arm-none-eabi\\include\\sys\\reent.h"
 653              		.file 27 "c:\\program files\\daisytoolchain\\arm-none-eabi\\include\\sys\\lock.h"
 654              		.file 28 "c:\\program files\\daisytoolchain\\arm-none-eabi\\include\\math.h"
 655              		.file 29 "c:\\program files\\daisytoolchain\\arm-none-eabi\\include\\stdlib.h"
 656              		.file 30 "c:\\program files\\daisytoolchain\\arm-none-eabi\\include\\c++\\10.2.1\\math.h"
 657              		.file 31 "../../DaisySP/Source/Control/adenv.h"
 658              		.file 32 "../../DaisySP/Source/Utility/dsp.h"
 659              		.file 33 "c:\\program files\\daisytoolchain\\lib\\gcc\\arm-none-eabi\\10.2.1\\include\\stdarg.h"
 660              		.file 34 "c:\\program files\\daisytoolchain\\arm-none-eabi\\include\\wchar.h"
 661              		.file 35 "c:\\program files\\daisytoolchain\\arm-none-eabi\\include\\locale.h"
 662              		.file 36 "c:\\program files\\daisytoolchain\\arm-none-eabi\\include\\stdio.h"
 663              		.file 37 "c:\\program files\\daisytoolchain\\arm-none-eabi\\include\\c++\\10.2.1\\stdlib.h"
 664              		.file 38 "c:\\program files\\daisytoolchain\\arm-none-eabi\\include\\string.h"
 665              		.file 39 "../../libDaisy/src/daisy_core.h"
 666              		.file 40 "../../libDaisy/src/util/wav_format.h"
 667              		.file 41 "../../libDaisy/src/dev/max11300.h"
 668              		.file 42 "../../libDaisy/src/daisy_seed.h"
 669              		.file 43 "gml/GuitarPedal/Effect-Modules/base_effect_module.h"
 670              		.file 44 "gml/GuitarPedal/Effect-Modules/overdrive_module.h"
 671              		.file 45 "../../libDaisy/src/dev/sr_595.h"
 672              		.file 46 "c:\\program files\\daisytoolchain\\arm-none-eabi\\include\\c++\\10.2.1\\new"
 673              		.file 47 "<built-in>"
ARM GAS  C:\Users\aydan\AppData\Local\Temp\ccQieMM7.s 			page 16


DEFINED SYMBOLS
                            *ABS*:00000000 overdrive_module.cpp
C:\Users\aydan\AppData\Local\Temp\ccQieMM7.s:17     .text._ZN10bkshepherd15OverdriveModuleD2Ev:00000000 $t
C:\Users\aydan\AppData\Local\Temp\ccQieMM7.s:26     .text._ZN10bkshepherd15OverdriveModuleD2Ev:00000000 _ZN10bkshepherd15OverdriveModuleD2Ev
C:\Users\aydan\AppData\Local\Temp\ccQieMM7.s:73     .text._ZN10bkshepherd15OverdriveModuleD2Ev:00000010 $d
C:\Users\aydan\AppData\Local\Temp\ccQieMM7.s:26     .text._ZN10bkshepherd15OverdriveModuleD2Ev:00000000 _ZN10bkshepherd15OverdriveModuleD1Ev
C:\Users\aydan\AppData\Local\Temp\ccQieMM7.s:80     .text._ZN10bkshepherd15OverdriveModuleD0Ev:00000000 $t
C:\Users\aydan\AppData\Local\Temp\ccQieMM7.s:88     .text._ZN10bkshepherd15OverdriveModuleD0Ev:00000000 _ZN10bkshepherd15OverdriveModuleD0Ev
C:\Users\aydan\AppData\Local\Temp\ccQieMM7.s:144    .text._ZN10bkshepherd15OverdriveModuleD0Ev:00000018 $d
C:\Users\aydan\AppData\Local\Temp\ccQieMM7.s:149    .rodata._ZN10bkshepherd15OverdriveModuleC2Ev.str1.4:00000000 $d
C:\Users\aydan\AppData\Local\Temp\ccQieMM7.s:153    .text._ZN10bkshepherd15OverdriveModuleC2Ev:00000000 $t
C:\Users\aydan\AppData\Local\Temp\ccQieMM7.s:161    .text._ZN10bkshepherd15OverdriveModuleC2Ev:00000000 _ZN10bkshepherd15OverdriveModuleC2Ev
C:\Users\aydan\AppData\Local\Temp\ccQieMM7.s:231    .text._ZN10bkshepherd15OverdriveModuleC2Ev:00000030 $d
C:\Users\aydan\AppData\Local\Temp\ccQieMM7.s:161    .text._ZN10bkshepherd15OverdriveModuleC2Ev:00000000 _ZN10bkshepherd15OverdriveModuleC1Ev
C:\Users\aydan\AppData\Local\Temp\ccQieMM7.s:244    .text._ZN10bkshepherd15OverdriveModule4InitEf:00000000 $t
C:\Users\aydan\AppData\Local\Temp\ccQieMM7.s:252    .text._ZN10bkshepherd15OverdriveModule4InitEf:00000000 _ZN10bkshepherd15OverdriveModule4InitEf
C:\Users\aydan\AppData\Local\Temp\ccQieMM7.s:292    .text._ZN10bkshepherd15OverdriveModule11ProcessMonoEf:00000000 $t
C:\Users\aydan\AppData\Local\Temp\ccQieMM7.s:300    .text._ZN10bkshepherd15OverdriveModule11ProcessMonoEf:00000000 _ZN10bkshepherd15OverdriveModule11ProcessMonoEf
C:\Users\aydan\AppData\Local\Temp\ccQieMM7.s:391    .text._ZN10bkshepherd15OverdriveModule13ProcessStereoEff:00000000 $t
C:\Users\aydan\AppData\Local\Temp\ccQieMM7.s:399    .text._ZN10bkshepherd15OverdriveModule13ProcessStereoEff:00000000 _ZN10bkshepherd15OverdriveModule13ProcessStereoEff
C:\Users\aydan\AppData\Local\Temp\ccQieMM7.s:504    .text._ZN10bkshepherd15OverdriveModule19GetBrightnessForLEDEi:00000000 $t
C:\Users\aydan\AppData\Local\Temp\ccQieMM7.s:512    .text._ZN10bkshepherd15OverdriveModule19GetBrightnessForLEDEi:00000000 _ZN10bkshepherd15OverdriveModule19GetBrightnessForLEDEi
C:\Users\aydan\AppData\Local\Temp\ccQieMM7.s:612    .rodata._ZTVN10bkshepherd15OverdriveModuleE:00000000 _ZTVN10bkshepherd15OverdriveModuleE
C:\Users\aydan\AppData\Local\Temp\ccQieMM7.s:577    .rodata.str1.4:00000000 $d
C:\Users\aydan\AppData\Local\Temp\ccQieMM7.s:584    .rodata._ZL10s_metaData:00000000 $d
C:\Users\aydan\AppData\Local\Temp\ccQieMM7.s:588    .rodata._ZL10s_metaData:00000000 _ZL10s_metaData
C:\Users\aydan\AppData\Local\Temp\ccQieMM7.s:608    .rodata._ZTVN10bkshepherd15OverdriveModuleE:00000000 $d

UNDEFINED SYMBOLS
_ZN10bkshepherd16BaseEffectModuleD2Ev
_ZdlPvj
_ZN10bkshepherd16BaseEffectModuleC2Ev
_ZN10bkshepherd16BaseEffectModule10InitParamsEi
_ZN10bkshepherd16BaseEffectModule4InitEf
_ZN7daisysp9Overdrive4InitEv
_ZN10bkshepherd16BaseEffectModule11ProcessMonoEf
_ZN10bkshepherd16BaseEffectModule23GetParameterAsMagnitudeEi
_ZN7daisysp9Overdrive8SetDriveEf
_ZN7daisysp9Overdrive7ProcessEf
_ZN10bkshepherd16BaseEffectModule13ProcessStereoEff
_ZN10bkshepherd16BaseEffectModule19GetBrightnessForLEDEi
_ZN10bkshepherd16BaseEffectModule10SetEnabledEb
_ZN10bkshepherd16BaseEffectModule8SetTempoEm
_ZN10bkshepherd16BaseEffectModule8UpdateUIEf
_ZN10bkshepherd16BaseEffectModule6DrawUIERN5daisy21OneBitGraphicsDisplayEiiNS1_9RectangleEb
_ZN10bkshepherd16BaseEffectModule16ParameterChangedEi
