Archive member included to satisfy reference by file (symbol)

../../libDaisy/build\libdaisy.a(stm32h7xx_hal.o)
                              build_stage4/thermal_monitor.o (HAL_GetREVID)
../../libDaisy/build\libdaisy.a(stm32h7xx_hal_adc.o)
                              build_stage4/thermal_monitor.o (HAL_ADC_PollForConversion)
../../libDaisy/build\libdaisy.a(stm32h7xx_hal_adc_ex.o)
                              build_stage4/thermal_monitor.o (HAL_ADCEx_Calibration_Start)
../../libDaisy/build\libdaisy.a(stm32h7xx_hal_cortex.o)
                              ../../libDaisy/build\libdaisy.a(stm32h7xx_hal.o) (HAL_NVIC_SetPriorityGrouping)
../../libDaisy/build\libdaisy.a(stm32h7xx_hal_dma.o)
                              ../../libDaisy/build\libdaisy.a(stm32h7xx_hal_adc.o) (HAL_DMA_Start_IT)
../../libDaisy/build\libdaisy.a(stm32h7xx_hal_rcc.o)
                              ../../libDaisy/build\libdaisy.a(stm32h7xx_hal.o) (HAL_RCC_GetSysClockFreq)
../../libDaisy/build\libdaisy.a(stm32h7xx_hal_rcc_ex.o)
                              ../../libDaisy/build\libdaisy.a(stm32h7xx_hal_adc.o) (HAL_RCCEx_GetPeriphCLKFreq)
../../libDaisy/build\libdaisy.a(daisy_seed.o)
                              build_stage4/controls.o (daisy::DaisySeed::DelayMs(unsigned int))
../../libDaisy/build\libdaisy.a(codec_ak4556.o)
                              ../../libDaisy/build\libdaisy.a(daisy_seed.o) (daisy::Ak4556::Init(dsy_gpio_pin))
../../libDaisy/build\libdaisy.a(codec_wm8731.o)
                              ../../libDaisy/build\libdaisy.a(daisy_seed.o) (daisy::Wm8731::Init(daisy::Wm8731::Config const&, daisy::I2CHandle))
../../libDaisy/build\libdaisy.a(sdram.o)
                              ../../libDaisy/build\libdaisy.a(daisy_seed.o) (SdramHandle::Init())
../../libDaisy/build\libdaisy.a(audio.o)
                              ../../libDaisy/build\libdaisy.a(daisy_seed.o) (daisy::AudioHandle::Init(daisy::AudioHandle::Config const&, daisy::SaiHandle))
../../libDaisy/build\libdaisy.a(adc.o)
                              build_stage4/controls.o (daisy::AdcChannelConfig::InitSingle(dsy_gpio_pin, daisy::AdcChannelConfig::ConversionSpeed))
../../libDaisy/build\libdaisy.a(gpio.o)
                              build_stage4/controls.o (daisy::GPIO::Init(daisy::Pin, daisy::GPIO::Mode, daisy::GPIO::Pull, daisy::GPIO::Speed))
../../libDaisy/build\libdaisy.a(i2c.o)
                              ../../libDaisy/build\libdaisy.a(daisy_seed.o) (daisy::I2CHandle::Init(daisy::I2CHandle::Config const&))
../../libDaisy/build\libdaisy.a(qspi.o)
                              ../../libDaisy/build\libdaisy.a(daisy_seed.o) (daisy::QSPIHandle::Init(daisy::QSPIHandle::Config const&))
../../libDaisy/build\libdaisy.a(sai.o)
                              ../../libDaisy/build\libdaisy.a(daisy_seed.o) (daisy::SaiHandle::Init(daisy::SaiHandle::Config const&))
../../libDaisy/build\libdaisy.a(uart.o)
                              build_stage4/telemetry.o (daisy::UartHandler::Init(daisy::UartHandler::Config const&))
../../libDaisy/build\libdaisy.a(dma.o)
                              ../../libDaisy/build\libdaisy.a(uart.o) (dsy_dma_invalidate_cache_for_buffer)
../../libDaisy/build\libdaisy.a(system.o)
                              ../../libDaisy/build\libdaisy.a(daisy_seed.o) (daisy::System::DeInit())
../../libDaisy/build\libdaisy.a(system_stm32h7xx.o)
                              build_stage4/startup_stm32h750xx.o (SystemInit)
../../libDaisy/build\libdaisy.a(usbd_conf.o)
                              ../../libDaisy/build\libdaisy.a(system.o) (hpcd_USB_OTG_HS)
../../libDaisy/build\libdaisy.a(usbh_conf.o)
                              ../../libDaisy/build\libdaisy.a(system.o) (hhcd_USB_OTG_HS)
../../libDaisy/build\libdaisy.a(hal_map.o)
                              ../../libDaisy/build\libdaisy.a(gpio.o) (dsy_hal_map_get_port)
../../libDaisy/build\libdaisy.a(oled_fonts.o)
                              build_stage4/base_effect_module.o (Font_11x18)
../../libDaisy/build\libdaisy.a(stm32h7xx_hal_gpio.o)
                              ../../libDaisy/build\libdaisy.a(stm32h7xx_hal_rcc.o) (HAL_GPIO_Init)
../../libDaisy/build\libdaisy.a(stm32h7xx_hal_hcd.o)
                              ../../libDaisy/build\libdaisy.a(usbh_conf.o) (HAL_HCD_HC_Init)
../../libDaisy/build\libdaisy.a(stm32h7xx_hal_i2c.o)
                              ../../libDaisy/build\libdaisy.a(i2c.o) (HAL_I2C_Init)
../../libDaisy/build\libdaisy.a(stm32h7xx_hal_i2c_ex.o)
                              ../../libDaisy/build\libdaisy.a(i2c.o) (HAL_I2CEx_ConfigAnalogFilter)
../../libDaisy/build\libdaisy.a(stm32h7xx_hal_pcd.o)
                              ../../libDaisy/build\libdaisy.a(usbd_conf.o) (HAL_PCD_Init)
../../libDaisy/build\libdaisy.a(stm32h7xx_hal_pcd_ex.o)
                              ../../libDaisy/build\libdaisy.a(usbd_conf.o) (HAL_PCDEx_SetTxFiFo)
../../libDaisy/build\libdaisy.a(stm32h7xx_hal_pwr_ex.o)
                              ../../libDaisy/build\libdaisy.a(system.o) (HAL_PWREx_ConfigSupply)
[...]
Memory Configuration

Name             Origin             Length             Attributes
FLASH            0x08000000         0x00020000         xr
DTCMRAM          0x20000000         0x00020000         xrw
SRAM             0x24000000         0x00080000         xrw
RAM_D2           0x30000000         0x00048000         xrw
RAM_D3           0x38000000         0x00010000         xrw
BACKUP_SRAM      0x38800000         0x00001000         xrw
ITCMRAM          0x00000000         0x00010000         xrw
SDRAM            0xc0000000         0x04000000         xrw
QSPIFLASH        0x90000000         0x00800000         xr
*default*        0x00000000         0xffffffff

Linker script and memory map

LOAD c:/program files/daisytoolchain/bin/../lib/gcc/arm-none-eabi/10.2.1/thumb/v7e-m+dp/hard/crti.o
LOAD c:/program files/daisytoolchain/bin/../lib/gcc/arm-none-eabi/10.2.1/thumb/v7e-m+dp/hard/crtbegin.o
LOAD c:/program files/daisytoolchain/bin/../lib/gcc/arm-none-eabi/10.2.1/../../../../arm-none-eabi/lib/thumb/v7e-m+dp/hard/crt0.o
LOAD build_stage4/startup_stm32h750xx.o
LOAD build_stage4/main.o
LOAD build_stage4/controls.o
LOAD build_stage4/audio_engine.o
LOAD build_stage4/tuner.o
LOAD build_stage4/telemetry.o
LOAD build_stage4/thermal_monitor.o
LOAD build_stage4/base_effect_module.o
LOAD build_stage4/chorus_module.o
LOAD build_stage4/reverb_module.o
LOAD build_stage4/crusher_module.o
LOAD build_stage4/granulardelay_module.o
LOAD build_stage4/audio_utilities.o
LOAD build_stage4/granularplayermod.o
LOAD build_stage4/chopper.o
LOAD build_stage4/reverbsc.o
LOAD build_stage4/tone.o
LOAD ../../libDaisy/build\libdaisy.a
LOAD c:/program files/daisytoolchain/bin/../lib/gcc/arm-none-eabi/10.2.1/../../../../arm-none-eabi/lib/thumb/v7e-m+dp/hard\libnosys.a
LOAD ../../DaisySP/build\libdaisysp.a
LOAD c:/program files/daisytoolchain/bin/../lib/gcc/arm-none-eabi/10.2.1/../../../../arm-none-eabi/lib/thumb/v7e-m+dp/hard\libstdc++_nano.a
LOAD c:/program files/daisytoolchain/bin/../lib/gcc/arm-none-eabi/10.2.1/../../../../arm-none-eabi/lib/thumb/v7e-m+dp/hard\libm.a
LOAD c:/program files/daisytoolchain/bin/../lib/gcc/arm-none-eabi/10.2.1/../../../../arm-none-eabi/lib/thumb/v7e-m+dp/hard\libc_nano.a
START GROUP
LOAD c:/program files/daisytoolchain/bin/../lib/gcc/arm-none-eabi/10.2.1/thumb/v7e-m+dp/hard\libgcc.a
LOAD c:/program files/daisytoolchain/bin/../lib/gcc/arm-none-eabi/10.2.1/../../../../arm-none-eabi/lib/thumb/v7e-m+dp/hard\libc_nano.a
END GROUP
START GROUP
LOAD c:/program files/daisytoolchain/bin/../lib/gcc/arm-none-eabi/10.2.1/thumb/v7e-m+dp/hard\libgcc.a
LOAD c:/program files/daisytoolchain/bin/../lib/gcc/arm-none-eabi/10.2.1/../../../../arm-none-eabi/lib/thumb/v7e-m+dp/hard\libc_nano.a
LOAD c:/program files/daisytoolchain/bin/../lib/gcc/arm-none-eabi/10.2.1/../../../../arm-none-eabi/lib/thumb/v7e-m+dp/hard\libnosys.a
END GROUP
START GROUP
LOAD c:/program files/daisytoolchain/bin/../lib/gcc/arm-none-eabi/10.2.1/thumb/v7e-m+dp/hard\libgcc.a
LOAD c:/program files/daisytoolchain/bin/../lib/gcc/arm-none-eabi/10.2.1/../../../../arm-none-eabi/lib/thumb/v7e-m+dp/hard\libc_nano.a
LOAD c:/program files/daisytoolchain/bin/../lib/gcc/arm-none-eabi/10.2.1/../../../../arm-none-eabi/lib/thumb/v7e-m+dp/hard\libnosys.a
END GROUP
LOAD c:/program files/daisytoolchain/bin/../lib/gcc/arm-none-eabi/10.2.1/thumb/v7e-m+dp/hard/crtend.o
LOAD c:/program files/daisytoolchain/bin/../lib/gcc/arm-none-eabi/10.2.1/thumb/v7e-m+dp/hard/crtn.o
                0x20020000                _estack = 0x20020000

.isr_vector     0x08000000      0x298
                0x08000000                . = ALIGN (0x4)
 *(.isr_vector)
 .isr_vector    0x08000000      0x298 build_stage4/startup_stm32h750xx.o
                0x08000000                g_pfnVectors
                0x08000298                . = ALIGN (0x4)

.text           0x08000298    0x10fe0
                0x08000298                . = ALIGN (0x4)
                0x08000298                _stext = .
 *(.text)
 .text          0x08000298       0x40 c:/program files/daisytoolchain/bin/../lib/gcc/arm-none-eabi/10.2.1/thumb/v7e-m+dp/hard/crtbegin.o
 .text          0x080002d8       0x30 c:/program files/daisytoolchain/bin/../lib/gcc/arm-none-eabi/10.2.1/thumb/v7e-m+dp/hard\libgcc.a(_aeabi_uldivmod.o)
                0x080002d8                __aeabi_uldivmod
 .text          0x08000308      0x2d0 c:/program files/daisytoolchain/bin/../lib/gcc/arm-none-eabi/10.2.1/thumb/v7e-m+dp/hard\libgcc.a(_udivmoddi4.o)
                0x08000308                __udivmoddi4
 .text          0x080005d8        0x4 c:/program files/daisytoolchain/bin/../lib/gcc/arm-none-eabi/10.2.1/thumb/v7e-m+dp/hard\libgcc.a(_dvmd_tls.o)
                0x080005d8                __aeabi_idiv0
                0x080005d8                __aeabi_ldiv0
 *(.text*)
 .text.Default_Handler
                0x080005dc        0x4 build_stage4/startup_stm32h750xx.o
                0x080005dc                RTC_Alarm_IRQHandler
                0x080005dc                HASH_RNG_IRQHandler
                0x080005dc                EXTI2_IRQHandler
                0x080005dc                TIM8_CC_IRQHandler
                0x080005dc                HRTIM1_Master_IRQHandler
                0x080005dc                DebugMon_Handler
                0x080005dc                TIM1_CC_IRQHandler
                0x080005dc                BDMA_Channel6_IRQHandler
                0x080005dc                DMA2_Stream5_IRQHandler
                0x080005dc                HRTIM1_FLT_IRQHandler
                0x080005dc                JPEG_IRQHandler
                0x080005dc                BDMA_Channel1_IRQHandler
                0x080005dc                HRTIM1_TIMD_IRQHandler
                0x080005dc                TAMP_STAMP_IRQHandler
                0x080005dc                PendSV_Handler
                0x080005dc                NMI_Handler
                0x080005dc                EXTI3_IRQHandler
                0x080005dc                LPTIM4_IRQHandler
                0x080005dc                TIM8_TRG_COM_TIM14_IRQHandler
                0x080005dc                LPTIM2_IRQHandler
                0x080005dc                DFSDM1_FLT1_IRQHandler
                0x080005dc                DMAMUX2_OVR_IRQHandler
                0x080005dc                TIM8_UP_TIM13_IRQHandler
                0x080005dc                I2C3_ER_IRQHandler
                0x080005dc                DFSDM1_FLT2_IRQHandler
                0x080005dc                MDMA_IRQHandler
                0x080005dc                LPTIM3_IRQHandler
                0x080005dc                HSEM1_IRQHandler
                0x080005dc                EXTI0_IRQHandler
                0x080005dc                FPU_IRQHandler
                0x080005dc                OTG_HS_WKUP_IRQHandler
                0x080005dc                FDCAN1_IT1_IRQHandler
                0x080005dc                UsageFault_Handler
                0x080005dc                LTDC_ER_IRQHandler
                0x080005dc                HRTIM1_TIME_IRQHandler
                0x080005dc                TIM6_DAC_IRQHandler
                0x080005dc                DCMI_IRQHandler
                0x080005dc                HRTIM1_TIMC_IRQHandler
                0x080005dc                SAI2_IRQHandler
                0x080005dc                DFSDM1_FLT3_IRQHandler
                0x080005dc                TIM17_IRQHandler
                0x080005dc                CRYP_IRQHandler
                0x080005dc                BDMA_Channel7_IRQHandler
                0x080005dc                LPTIM5_IRQHandler
                0x080005dc                ADC3_IRQHandler
                0x080005dc                DMA2_Stream0_IRQHandler
                0x080005dc                BDMA_Channel2_IRQHandler
                0x080005dc                DMAMUX1_OVR_IRQHandler
                0x080005dc                TIM16_IRQHandler
                0x080005dc                BDMA_Channel5_IRQHandler
                0x080005dc                RCC_IRQHandler
                0x080005dc                TIM8_BRK_TIM12_IRQHandler
                0x080005dc                TIM1_TRG_COM_IRQHandler
                0x080005dc                Default_Handler
                0x080005dc                ECC_IRQHandler
                0x080005dc                CEC_IRQHandler
                0x080005dc                EXTI15_10_IRQHandler
                0x080005dc                BDMA_Channel0_IRQHandler
                0x080005dc                ADC_IRQHandler
                0x080005dc                DMA1_Stream7_IRQHandler
                0x080005dc                HRTIM1_TIMA_IRQHandler
                0x080005dc                TIM7_IRQHandler
                0x080005dc                SDMMC1_IRQHandler
                0x080005dc                DMA2_Stream7_IRQHandler
                0x080005dc                TIM15_IRQHandler
                0x080005dc                PVD_AVD_IRQHandler
                0x080005dc                EXTI9_5_IRQHandler
                0x080005dc                RTC_WKUP_IRQHandler
                0x080005dc                LTDC_IRQHandler
                0x080005dc                SAI3_IRQHandler
                0x080005dc                ETH_WKUP_IRQHandler
                0x080005dc                SPDIF_RX_IRQHandler
                0x080005dc                MemManage_Handler
                0x080005dc                SVC_Handler
                0x080005dc                CRS_IRQHandler
                0x080005dc                EXTI4_IRQHandler
                0x080005dc                HRTIM1_TIMB_IRQHandler
                0x080005dc                FDCAN2_IT1_IRQHandler
                0x080005dc                ETH_IRQHandler
                0x080005dc                TIM1_UP_IRQHandler
                0x080005dc                BDMA_Channel4_IRQHandler
                0x080005dc                WWDG_IRQHandler
                0x080005dc                SPI6_IRQHandler
                0x080005dc                I2C4_EV_IRQHandler
                0x080005dc                MDIOS_IRQHandler
                0x080005dc                FDCAN2_IT0_IRQHandler
                0x080005dc                FDCAN1_IT0_IRQHandler
                0x080005dc                OTG_FS_WKUP_IRQHandler
                0x080005dc                DMA2D_IRQHandler
                0x080005dc                TIM1_BRK_IRQHandler
                0x080005dc                EXTI1_IRQHandler
                0x080005dc                SDMMC2_IRQHandler
                0x080005dc                OTG_FS_EP1_OUT_IRQHandler
                0x080005dc                BDMA_Channel3_IRQHandler
                0x080005dc                MDIOS_WKUP_IRQHandler
                0x080005dc                DFSDM1_FLT0_IRQHandler
                0x080005dc                SAI4_IRQHandler
                0x080005dc                I2C2_ER_IRQHandler
                0x080005dc                DMA2_Stream1_IRQHandler
                0x080005dc                FLASH_IRQHandler
                0x080005dc                BusFault_Handler
                0x080005dc                OTG_FS_IRQHandler
                0x080005dc                WAKEUP_PIN_IRQHandler
                0x080005dc                OTG_FS_EP1_IN_IRQHandler
                0x080005dc                I2C1_ER_IRQHandler
                0x080005dc                FMC_IRQHandler
                0x080005dc                FDCAN_CAL_IRQHandler
                0x080005dc                SWPMI1_IRQHandler
                0x080005dc                COMP1_IRQHandler
                0x080005dc                LPTIM1_IRQHandler
                0x080005dc                I2C4_ER_IRQHandler
                0x080005dc                DMA2_Stream6_IRQHandler
                0x080005dc                SAI1_IRQHandler
 .text.Reset_Handler
                0x080005e0       0x44 build_stage4/startup_stm32h750xx.o
                0x080005e0                Reset_Handler
 .text._ZN5daisy9DaisySeedD2Ev
                0x08000624        0x4 build_stage4/main.o
                0x08000624                daisy::DaisySeed::~DaisySeed()
                0x08000624                daisy::DaisySeed::~DaisySeed()
 .text._ZN12_GLOBAL__N_113AudioCallbackEPKPKfPPfj
                0x08000628       0x2c build_stage4/main.o
 .text.startup.main
                0x08000654       0x68 build_stage4/main.o
                0x08000654                main
 .text.startup._GLOBAL__sub_I_main
                0x080006bc       0x40 build_stage4/main.o
 .text._ZN3app18AnalogRotaryLadder4InitEPKtitt.part.0
                0x080006fc       0x54 build_stage4/controls.o
 .text._ZNK3app18AnalogRotaryLadder20DecodeWithHysteresisEt
                0x08000750       0xbc build_stage4/controls.o
                0x08000750                app::AnalogRotaryLadder::DecodeWithHysteresis(unsigned short) const
 .text._ZN3app8ControlsC2Ev
                0x0800080c       0x68 build_stage4/controls.o
                0x0800080c                app::Controls::Controls()
                0x0800080c                app::Controls::Controls()
 .text._ZN3app8Controls7PublishEv
                0x08000874       0x60 build_stage4/controls.o
                0x08000874                app::Controls::Publish()
 .text._ZN3app8Controls4InitERN5daisy9DaisySeedERNS_14ControlMailboxE
                0x080008d4      0x2d0 build_stage4/controls.o
                0x080008d4                app::Controls::Init(daisy::DaisySeed&, app::ControlMailbox&)
 .text._ZN3app8Controls7ProcessERN5daisy9DaisySeedEm
                0x08000ba4      0x258 build_stage4/controls.o
                0x08000ba4                app::Controls::Process(daisy::DaisySeed&, unsigned long)
 .text.HAL_MspInit
                0x08000dfc        0x4 ../../libDaisy/build\libdaisy.a(stm32h7xx_hal.o)
                0x08000dfc                HAL_MspInit
 .text.HAL_InitTick
                0x08000e00       0x4c ../../libDaisy/build\libdaisy.a(stm32h7xx_hal.o)
                0x08000e00                HAL_InitTick
 .text.HAL_Init
                0x08000e4c       0x60 ../../libDaisy/build\libdaisy.a(stm32h7xx_hal.o)
                0x08000e4c                HAL_Init
 .text.HAL_IncTick
                0x08000eac       0x18 ../../libDaisy/build\libdaisy.a(stm32h7xx_hal.o)
                0x08000eac                HAL_IncTick
 .text.HAL_GetTick
                0x08000ec4        0xc ../../libDaisy/build\libdaisy.a(stm32h7xx_hal.o)
                0x08000ec4                HAL_GetTick
 .text.HAL_Delay
                0x08000ed0       0x24 ../../libDaisy/build\libdaisy.a(stm32h7xx_hal.o)
                0x08000ed0                HAL_Delay
 .text.HAL_GetREVID
                0x08000ef4        0xc ../../libDaisy/build\libdaisy.a(stm32h7xx_hal.o)
                0x08000ef4                HAL_GetREVID
 .text.HAL_ADC_ConvHalfCpltCallback
                0x08000f00        0x4 ../../libDaisy/build\libdaisy.a(stm32h7xx_hal_adc.o)
                0x08000f00                HAL_ADC_ConvHalfCpltCallback
 .text.ADC_DMAHalfConvCplt
                0x08000f04        0xc ../../libDaisy/build\libdaisy.a(stm32h7xx_hal_adc.o)
                0x08000f04                ADC_DMAHalfConvCplt
 .text.ADC_DMAConvCplt
                0x08000f10       0x6c ../../libDaisy/build\libdaisy.a(stm32h7xx_hal_adc.o)
                0x08000f10                ADC_DMAConvCplt
 .text.ADC_DMAError
                0x08000f7c       0x1c ../../libDaisy/build\libdaisy.a(stm32h7xx_hal_adc.o)
                0x08000f7c                ADC_DMAError
 .text.HAL_ADC_ConfigChannel
                0x08000f98      0x3fc ../../libDaisy/build\libdaisy.a(stm32h7xx_hal_adc.o)
                0x08000f98                HAL_ADC_ConfigChannel
 .text.ADC_Enable
                0x08001394       0xac ../../libDaisy/build\libdaisy.a(stm32h7xx_hal_adc.o)
                0x08001394                ADC_Enable
 .text.HAL_ADC_Start_DMA
                0x08001440      0x114 ../../libDaisy/build\libdaisy.a(stm32h7xx_hal_adc.o)
                0x08001440                HAL_ADC_Start_DMA
 .text.ADC_Disable
                0x08001554       0x68 ../../libDaisy/build\libdaisy.a(stm32h7xx_hal_adc.o)
                0x08001554                ADC_Disable
 .text.ADC_ConfigureBoostMode
                0x080015bc      0x184 ../../libDaisy/build\libdaisy.a(stm32h7xx_hal_adc.o)
                0x080015bc                ADC_ConfigureBoostMode
 .text.HAL_ADC_Init
                0x08001740      0x218 ../../libDaisy/build\libdaisy.a(stm32h7xx_hal_adc.o)
                0x08001740                HAL_ADC_Init
 .text.HAL_ADCEx_Calibration_Start
                0x08001958       0xa4 ../../libDaisy/build\libdaisy.a(stm32h7xx_hal_adc_ex.o)
                0x08001958                HAL_ADCEx_Calibration_Start
 .text.HAL_ADCEx_MultiModeConfigChannel
                0x080019fc       0xc4 ../../libDaisy/build\libdaisy.a(stm32h7xx_hal_adc_ex.o)
                0x080019fc                HAL_ADCEx_MultiModeConfigChannel
 .text.HAL_NVIC_SetPriorityGrouping
                0x08001ac0       0x24 ../../libDaisy/build\libdaisy.a(stm32h7xx_hal_cortex.o)
                0x08001ac0                HAL_NVIC_SetPriorityGrouping
 .text.HAL_NVIC_SetPriority
                0x08001ae4       0x7c ../../libDaisy/build\libdaisy.a(stm32h7xx_hal_cortex.o)
                0x08001ae4                HAL_NVIC_SetPriority
 .text.HAL_NVIC_EnableIRQ
                0x08001b60       0x1c ../../libDaisy/build\libdaisy.a(stm32h7xx_hal_cortex.o)
                0x08001b60                HAL_NVIC_EnableIRQ
 .text.HAL_NVIC_DisableIRQ
                0x08001b7c       0x28 ../../libDaisy/build\libdaisy.a(stm32h7xx_hal_cortex.o)
                0x08001b7c                HAL_NVIC_DisableIRQ
 .text.HAL_SYSTICK_Config
                0x08001ba4       0x2c ../../libDaisy/build\libdaisy.a(stm32h7xx_hal_cortex.o)
                0x08001ba4                HAL_SYSTICK_Config
 .text.HAL_MPU_Disable
                0x08001bd0       0x1c ../../libDaisy/build\libdaisy.a(stm32h7xx_hal_cortex.o)
                0x08001bd0                HAL_MPU_Disable
 .text.HAL_MPU_Enable
                0x08001bec       0x20 ../../libDaisy/build\libdaisy.a(stm32h7xx_hal_cortex.o)
                0x08001bec                HAL_MPU_Enable
 .text.HAL_MPU_ConfigRegion
                0x08001c0c       0x64 ../../libDaisy/build\libdaisy.a(stm32h7xx_hal_cortex.o)
                0x08001c0c                HAL_MPU_ConfigRegion
 .text.HAL_SYSTICK_Callback
                0x08001c70        0x4 ../../libDaisy/build\libdaisy.a(stm32h7xx_hal_cortex.o)
                0x08001c70                HAL_SYSTICK_Callback
 .text.HAL_SYSTICK_IRQHandler
                0x08001c74        0x8 ../../libDaisy/build\libdaisy.a(stm32h7xx_hal_cortex.o)
                0x08001c74                HAL_SYSTICK_IRQHandler
 .text.DMA_CalcBaseAndBitshift
                0x08001c7c       0xf4 ../../libDaisy/build\libdaisy.a(stm32h7xx_hal_dma.o)
 .text.DMA_CalcDMAMUXChannelBaseAndMask
                0x08001d70       0xd8 ../../libDaisy/build\libdaisy.a(stm32h7xx_hal_dma.o)
 .text.HAL_DMA_Init
                0x08001e48      0x37c ../../libDaisy/build\libdaisy.a(stm32h7xx_hal_dma.o)
                0x08001e48                HAL_DMA_Init
 .text.HAL_DMA_Start_IT
                0x080021c4      0x240 ../../libDaisy/build\libdaisy.a(stm32h7xx_hal_dma.o)
                0x080021c4                HAL_DMA_Start_IT
 .text.HAL_DMA_Abort_IT
                0x08002404      0x134 ../../libDaisy/build\libdaisy.a(stm32h7xx_hal_dma.o)
                0x08002404                HAL_DMA_Abort_IT
 .text.HAL_DMA_IRQHandler
                0x08002538      0x6a0 ../../libDaisy/build\libdaisy.a(stm32h7xx_hal_dma.o)
                0x08002538                HAL_DMA_IRQHandler
 .text.HAL_DMA_GetError
                0x08002bd8        0x4 ../../libDaisy/build\libdaisy.a(stm32h7xx_hal_dma.o)
                0x08002bd8                HAL_DMA_GetError
 .text.HAL_RCC_OscConfig
                0x08002bdc      0x51c ../../libDaisy/build\libdaisy.a(stm32h7xx_hal_rcc.o)
                0x08002bdc                HAL_RCC_OscConfig
 .text.HAL_RCC_GetSysClockFreq
                0x080030f8      0x140 ../../libDaisy/build\libdaisy.a(stm32h7xx_hal_rcc.o)
                0x080030f8                HAL_RCC_GetSysClockFreq
 .text.HAL_RCC_ClockConfig
                0x08003238      0x234 ../../libDaisy/build\libdaisy.a(stm32h7xx_hal_rcc.o)
                0x08003238                HAL_RCC_ClockConfig
 .text.HAL_RCC_GetHCLKFreq
                0x0800346c       0x2c ../../libDaisy/build\libdaisy.a(stm32h7xx_hal_rcc.o)
                0x0800346c                HAL_RCC_GetHCLKFreq
 .text.HAL_RCC_GetPCLK1Freq
                0x08003498       0x38 ../../libDaisy/build\libdaisy.a(stm32h7xx_hal_rcc.o)
                0x08003498                HAL_RCC_GetPCLK1Freq
 .text.HAL_RCC_GetPCLK2Freq
                0x080034d0       0x38 ../../libDaisy/build\libdaisy.a(stm32h7xx_hal_rcc.o)
                0x080034d0                HAL_RCC_GetPCLK2Freq
 .text.RCCEx_PLL2_Config
                0x08003508       0xf4 ../../libDaisy/build\libdaisy.a(stm32h7xx_hal_rcc_ex.o)
 .text.RCCEx_PLL3_Config
                0x080035fc       0xf4 ../../libDaisy/build\libdaisy.a(stm32h7xx_hal_rcc_ex.o)
 .text.HAL_RCCEx_PeriphCLKConfig
                0x080036f0      0xa7c ../../libDaisy/build\libdaisy.a(stm32h7xx_hal_rcc_ex.o)
                0x080036f0                HAL_RCCEx_PeriphCLKConfig
 .text.HAL_RCCEx_GetD3PCLK1Freq
                0x0800416c       0x24 ../../libDaisy/build\libdaisy.a(stm32h7xx_hal_rcc_ex.o)
                0x0800416c                HAL_RCCEx_GetD3PCLK1Freq
 .text.HAL_RCCEx_GetPLL2ClockFreq
                0x08004190      0x17c ../../libDaisy/build\libdaisy.a(stm32h7xx_hal_rcc_ex.o)
                0x08004190                HAL_RCCEx_GetPLL2ClockFreq
 .text.HAL_RCCEx_GetPLL3ClockFreq
                0x0800430c      0x17c ../../libDaisy/build\libdaisy.a(stm32h7xx_hal_rcc_ex.o)
                0x0800430c                HAL_RCCEx_GetPLL3ClockFreq
 .text.HAL_RCCEx_GetPLL1ClockFreq
                0x08004488      0x17c ../../libDaisy/build\libdaisy.a(stm32h7xx_hal_rcc_ex.o)
                0x08004488                HAL_RCCEx_GetPLL1ClockFreq
 .text.HAL_RCCEx_GetPeriphCLKFreq
                0x08004604      0x198 ../../libDaisy/build\libdaisy.a(stm32h7xx_hal_rcc_ex.o)
                0x08004604                HAL_RCCEx_GetPeriphCLKFreq
 .text.HAL_RCCEx_GetD1SysClockFreq
                0x0800479c       0x2c ../../libDaisy/build\libdaisy.a(stm32h7xx_hal_rcc_ex.o)
                0x0800479c                HAL_RCCEx_GetD1SysClockFreq
 .text._ZN5daisy9DaisySeed7DelayMsEj
                0x080047c8        0x8 ../../libDaisy/build\libdaisy.a(daisy_seed.o)
                0x080047c8                daisy::DaisySeed::DelayMs(unsigned int)
 .text._ZN5daisy9DaisySeed10StartAudioEPFvPKPKfPPfjE
                0x080047d0        0x8 ../../libDaisy/build\libdaisy.a(daisy_seed.o)
                0x080047d0                daisy::DaisySeed::StartAudio(void (*)(float const* const*, float**, unsigned int))
 .text._ZN5daisy9DaisySeed18SetAudioSampleRateENS_9SaiHandle6Config10SampleRateE
                0x080047d8       0x38 ../../libDaisy/build\libdaisy.a(daisy_seed.o)
                0x080047d8                daisy::DaisySeed::SetAudioSampleRate(daisy::SaiHandle::Config::SampleRate)
 .text._ZN5daisy9DaisySeed17SetAudioBlockSizeEj
                0x08004810       0x38 ../../libDaisy/build\libdaisy.a(daisy_seed.o)
                0x08004810                daisy::DaisySeed::SetAudioBlockSize(unsigned int)
 .text._ZN5daisy9DaisySeed6SetLedEb
                0x08004848        0x8 ../../libDaisy/build\libdaisy.a(daisy_seed.o)
                0x08004848                daisy::DaisySeed::SetLed(bool)
 .text._ZN5daisy9DaisySeed17CheckBoardVersionEv
                0x08004850       0x6c ../../libDaisy/build\libdaisy.a(daisy_seed.o)
                0x08004850                daisy::DaisySeed::CheckBoardVersion()
 .text._ZN5daisy9DaisySeed14ConfigureAudioEv
                0x080048bc      0x10c ../../libDaisy/build\libdaisy.a(daisy_seed.o)
                0x080048bc                daisy::DaisySeed::ConfigureAudio()
 .text._ZN5daisy9DaisySeed4InitEb
                0x080049c8      0x108 ../../libDaisy/build\libdaisy.a(daisy_seed.o)
                0x080049c8                daisy::DaisySeed::Init(bool)
 .text._ZN5daisy6Ak45564InitE12dsy_gpio_pin
                0x08004ad0       0x44 ../../libDaisy/build\libdaisy.a(codec_ak4556.o)
                0x08004ad0                daisy::Ak4556::Init(dsy_gpio_pin)
 .text._ZN5daisy6Wm873120WriteControlRegisterEht
                0x08004b14       0x3c ../../libDaisy/build\libdaisy.a(codec_wm8731.o)
                0x08004b14                daisy::Wm8731::WriteControlRegister(unsigned char, unsigned short)
 .text._ZN5daisy6Wm87314InitERKNS0_6ConfigENS_9I2CHandleE
                0x08004b50      0x1bc ../../libDaisy/build\libdaisy.a(codec_wm8731.o)
                0x08004b50                daisy::Wm8731::Init(daisy::Wm8731::Config const&, daisy::I2CHandle)
 .text._ZN11SdramHandle10DeviceInitEv
                0x08004d0c       0x98 ../../libDaisy/build\libdaisy.a(sdram.o)
                0x08004d0c                SdramHandle::DeviceInit()
 .text._ZN11SdramHandle4InitEv
                0x08004da4       0x7c ../../libDaisy/build\libdaisy.a(sdram.o)
                0x08004da4                SdramHandle::Init()
 .text.HAL_SDRAM_MspInit
                0x08004e20      0x1a8 ../../libDaisy/build\libdaisy.a(sdram.o)
                0x08004e20                HAL_SDRAM_MspInit
 .text._ZN5daisy11AudioHandle4Impl16InternalCallbackEPlS2_j
                0x08004fc8      0xbbc ../../libDaisy/build\libdaisy.a(audio.o)
                0x08004fc8                daisy::AudioHandle::Impl::InternalCallback(long*, long*, unsigned int)
 .text._ZN5daisy11AudioHandle4InitERKNS0_6ConfigENS_9SaiHandleE
                0x08005b84       0x70 ../../libDaisy/build\libdaisy.a(audio.o)
                0x08005b84                daisy::AudioHandle::Init(daisy::AudioHandle::Config const&, daisy::SaiHandle)
 .text._ZNK5daisy11AudioHandle9GetConfigEv
                0x08005bf4        0x8 ../../libDaisy/build\libdaisy.a(audio.o)
                0x08005bf4                daisy::AudioHandle::GetConfig() const
 .text._ZN5daisy11AudioHandle12SetBlockSizeEj
                0x08005bfc       0x1c ../../libDaisy/build\libdaisy.a(audio.o)
                0x08005bfc                daisy::AudioHandle::SetBlockSize(unsigned int)
 .text._ZN5daisy11AudioHandle13GetSampleRateEv
                0x08005c18        0x8 ../../libDaisy/build\libdaisy.a(audio.o)
                0x08005c18                daisy::AudioHandle::GetSampleRate()
 .text._ZN5daisy11AudioHandle13SetSampleRateENS_9SaiHandle6Config10SampleRateE
                0x08005c20       0x88 ../../libDaisy/build\libdaisy.a(audio.o)
                0x08005c20                daisy::AudioHandle::SetSampleRate(daisy::SaiHandle::Config::SampleRate)
 .text._ZN5daisy11AudioHandle5StartEPFvPKPKfPPfjE
                0x08005ca8       0x44 ../../libDaisy/build\libdaisy.a(audio.o)
                0x08005ca8                daisy::AudioHandle::Start(void (*)(float const* const*, float**, unsigned int))
 .text.startup._GLOBAL__sub_I__ZN5daisy11AudioHandle4Impl4InitENS0_6ConfigENS_9SaiHandleE
                0x08005cec       0x24 ../../libDaisy/build\libdaisy.a(audio.o)
 .text._ZN5daisy16AdcChannelConfig10InitSingleE12dsy_gpio_pinNS0_15ConversionSpeedE
                0x08005d10       0x28 ../../libDaisy/build\libdaisy.a(adc.o)
                0x08005d10                daisy::AdcChannelConfig::InitSingle(dsy_gpio_pin, daisy::AdcChannelConfig::ConversionSpeed)
 .text._ZN5daisy9AdcHandle4InitEPNS_16AdcChannelConfigEjNS0_12OverSamplingE
                0x08005d38      0x41c ../../libDaisy/build\libdaisy.a(adc.o)
                0x08005d38                daisy::AdcHandle::Init(daisy::AdcChannelConfig*, unsigned int, daisy::AdcHandle::OverSampling)
 .text._ZN5daisy9AdcHandle5StartEv
                0x08006154       0x2c ../../libDaisy/build\libdaisy.a(adc.o)
                0x08006154                daisy::AdcHandle::Start()
 .text._ZNK5daisy9AdcHandle8GetFloatEh
                0x08006180       0x20 ../../libDaisy/build\libdaisy.a(adc.o)
                0x08006180                daisy::AdcHandle::GetFloat(unsigned char) const
 .text.HAL_ADC_MspInit
                0x080061a0       0x98 ../../libDaisy/build\libdaisy.a(adc.o)
                0x080061a0                HAL_ADC_MspInit
 .text.DMA1_Stream2_IRQHandler
                0x08006238        0xc ../../libDaisy/build\libdaisy.a(adc.o)
                0x08006238                DMA1_Stream2_IRQHandler
 .text.HAL_ADC_ConvCpltCallback
                0x08006244      0x148 ../../libDaisy/build\libdaisy.a(adc.o)
                0x08006244                HAL_ADC_ConvCpltCallback
 .text.HAL_ADC_ErrorCallback
                0x0800638c        0x4 ../../libDaisy/build\libdaisy.a(adc.o)
                0x0800638c                HAL_ADC_ErrorCallback
 .text._ZN5daisy4GPIO4InitENS_3PinENS0_4ModeENS0_4PullENS0_5SpeedE
                0x08006390      0x1cc ../../libDaisy/build\libdaisy.a(gpio.o)
                0x08006390                daisy::GPIO::Init(daisy::Pin, daisy::GPIO::Mode, daisy::GPIO::Pull, daisy::GPIO::Speed)
 .text._ZN5daisy4GPIO4ReadEv
                0x0800655c       0x18 ../../libDaisy/build\libdaisy.a(gpio.o)
                0x0800655c                daisy::GPIO::Read()
 .text._ZN5daisy4GPIO5WriteEb
                0x08006574       0x14 ../../libDaisy/build\libdaisy.a(gpio.o)
                0x08006574                daisy::GPIO::Write(bool)
 .text.dsy_gpio_init
                0x08006588      0x1b8 ../../libDaisy/build\libdaisy.a(gpio.o)
                0x08006588                dsy_gpio_init
 .text.dsy_gpio_write
                0x08006740       0x24 ../../libDaisy/build\libdaisy.a(gpio.o)
                0x08006740                dsy_gpio_write
 .text._ZN5daisy9I2CHandle4Impl8InitPinsEv
                0x08006764       0x58 ../../libDaisy/build\libdaisy.a(i2c.o)
                0x08006764                daisy::I2CHandle::Impl::InitPins()
 .text.HAL_I2C_MspInit
                0x080067bc      0x1b4 ../../libDaisy/build\libdaisy.a(i2c.o)
                0x080067bc                HAL_I2C_MspInit
 .text.dsy_i2c_global_init
                0x08006970       0x78 ../../libDaisy/build\libdaisy.a(i2c.o)
                0x08006970                dsy_i2c_global_init
 .text.DMA1_Stream6_IRQHandler
                0x080069e8       0x34 ../../libDaisy/build\libdaisy.a(i2c.o)
                0x080069e8                DMA1_Stream6_IRQHandler
 .text.I2C1_EV_IRQHandler
                0x08006a1c        0xc ../../libDaisy/build\libdaisy.a(i2c.o)
                0x08006a1c                I2C1_EV_IRQHandler
 .text.I2C2_EV_IRQHandler
                0x08006a28        0xc ../../libDaisy/build\libdaisy.a(i2c.o)
                0x08006a28                I2C2_EV_IRQHandler
 .text.I2C3_EV_IRQHandler
                0x08006a34        0xc ../../libDaisy/build\libdaisy.a(i2c.o)
                0x08006a34                I2C3_EV_IRQHandler
 .text._ZN5daisy9I2CHandle4InitERKNS0_6ConfigE
                0x08006a40      0x12c ../../libDaisy/build\libdaisy.a(i2c.o)
                0x08006a40                daisy::I2CHandle::Init(daisy::I2CHandle::Config const&)
 .text._ZN5daisy9I2CHandle16TransmitBlockingEtPhtm
                0x08006b6c       0x50 ../../libDaisy/build\libdaisy.a(i2c.o)
                0x08006b6c                daisy::I2CHandle::TransmitBlocking(unsigned short, unsigned char*, unsigned short, unsigned long)
 .text.startup._GLOBAL__sub_I__ZN5daisy9I2CHandle4Impl10GlobalInitEv
                0x08006bbc       0x18 ../../libDaisy/build\libdaisy.a(i2c.o)
 .text._ZN5daisy10QSPIHandle4Impl11WriteEnableEv
                0x08006bd4       0x8c ../../libDaisy/build\libdaisy.a(qspi.o)
                0x08006bd4                daisy::QSPIHandle::Impl::WriteEnable()
 .text._ZN5daisy10QSPIHandle4Impl17DummyCyclesConfigENS0_6Config6DeviceE
                0x08006c60      0x118 ../../libDaisy/build\libdaisy.a(qspi.o)
                0x08006c60                daisy::QSPIHandle::Impl::DummyCyclesConfig(daisy::QSPIHandle::Config::Device)
 .text._ZN5daisy10QSPIHandle4Impl10QuadEnableEv
                0x08006d78      0x158 ../../libDaisy/build\libdaisy.a(qspi.o)
                0x08006d78                daisy::QSPIHandle::Impl::QuadEnable()
 .text._ZN5daisy10QSPIHandle4InitERKNS0_6ConfigE
                0x08006ed0      0x198 ../../libDaisy/build\libdaisy.a(qspi.o)
                0x08006ed0                daisy::QSPIHandle::Init(daisy::QSPIHandle::Config const&)
 .text.HAL_QSPI_MspInit
                0x08007068      0x11c ../../libDaisy/build\libdaisy.a(qspi.o)
                0x08007068                HAL_QSPI_MspInit
 .text.HAL_QSPI_MspDeInit
                0x08007184       0x54 ../../libDaisy/build\libdaisy.a(qspi.o)
                0x08007184                HAL_QSPI_MspDeInit
 .text.QUADSPI_IRQHandler
                0x080071d8        0xc ../../libDaisy/build\libdaisy.a(qspi.o)
                0x080071d8                QUADSPI_IRQHandler
 .text.startup._GLOBAL__sub_I__ZN5daisy10QSPIHandle4Impl4InitERKNS0_6ConfigE
                0x080071e4       0x28 ../../libDaisy/build\libdaisy.a(qspi.o)
 .text._ZN5daisy9SaiHandle4Impl7InitDmaENS1_15PeripheralBlockE
                0x0800720c       0xa0 ../../libDaisy/build\libdaisy.a(sai.o)
                0x0800720c                daisy::SaiHandle::Impl::InitDma(daisy::SaiHandle::Impl::PeripheralBlock)
 .text._ZN5daisy9SaiHandle4Impl8InitPinsEv
                0x080072ac       0xa8 ../../libDaisy/build\libdaisy.a(sai.o)
                0x080072ac                daisy::SaiHandle::Impl::InitPins()
 .text.HAL_SAI_MspInit
                0x08007354      0x164 ../../libDaisy/build\libdaisy.a(sai.o)
                0x08007354                HAL_SAI_MspInit
 .text.DMA1_Stream0_IRQHandler
                0x080074b8        0xc ../../libDaisy/build\libdaisy.a(sai.o)
                0x080074b8                DMA1_Stream0_IRQHandler
 .text.DMA1_Stream1_IRQHandler
                0x080074c4        0xc ../../libDaisy/build\libdaisy.a(sai.o)
                0x080074c4                DMA1_Stream1_IRQHandler
 .text.DMA1_Stream3_IRQHandler
                0x080074d0        0xc ../../libDaisy/build\libdaisy.a(sai.o)
                0x080074d0                DMA1_Stream3_IRQHandler
 .text.DMA1_Stream4_IRQHandler
                0x080074dc        0xc ../../libDaisy/build\libdaisy.a(sai.o)
                0x080074dc                DMA1_Stream4_IRQHandler
 .text.HAL_SAI_RxHalfCpltCallback
                0x080074e8       0x78 ../../libDaisy/build\libdaisy.a(sai.o)
                0x080074e8                HAL_SAI_RxHalfCpltCallback
 .text.HAL_SAI_RxCpltCallback
                0x08007560       0x70 ../../libDaisy/build\libdaisy.a(sai.o)
                0x08007560                HAL_SAI_RxCpltCallback
 .text._ZN5daisy9SaiHandle4InitERKNS0_6ConfigE
                0x080075d0      0x1f0 ../../libDaisy/build\libdaisy.a(sai.o)
                0x080075d0                daisy::SaiHandle::Init(daisy::SaiHandle::Config const&)
 .text._ZNK5daisy9SaiHandle9GetConfigEv
                0x080077c0        0x4 ../../libDaisy/build\libdaisy.a(sai.o)
                0x080077c0                daisy::SaiHandle::GetConfig() const
 .text._ZN5daisy9SaiHandle8StartDmaEPlS1_jPFvS1_S1_jE
                0x080077c4       0xbc ../../libDaisy/build\libdaisy.a(sai.o)
                0x080077c4                daisy::SaiHandle::StartDma(long*, long*, unsigned int, void (*)(long*, long*, unsigned int))
 .text._ZN5daisy9SaiHandle13GetSampleRateEv
                0x08007880       0x24 ../../libDaisy/build\libdaisy.a(sai.o)
                0x08007880                daisy::SaiHandle::GetSampleRate()
 .text._ZNK5daisy9SaiHandle9GetOffsetEv
                0x080078a4        0x8 ../../libDaisy/build\libdaisy.a(sai.o)
                0x080078a4                daisy::SaiHandle::GetOffset() const
 .text._ZL20UART_CheckRxListenerPN5daisy11UartHandler4ImplE
                0x080078ac       0x84 ../../libDaisy/build\libdaisy.a(uart.o)
 .text._ZN5daisy11UartHandler4Impl10StartDmaTxEPhjPFvPvEPFvS3_NS0_6ResultEES3_
                0x08007930      0x184 ../../libDaisy/build\libdaisy.a(uart.o)
                0x08007930                daisy::UartHandler::Impl::StartDmaTx(unsigned char*, unsigned int, void (*)(void*), void (*)(void*, daisy::UartHandler::Result), void*)
 .text._ZN5daisy11UartHandler4Impl10StartDmaRxEPhjPFvPvEPFvS3_NS0_6ResultEES3_
                0x08007ab4      0x184 ../../libDaisy/build\libdaisy.a(uart.o)
                0x08007ab4                daisy::UartHandler::Impl::StartDmaRx(unsigned char*, unsigned int, void (*)(void*), void (*)(void*, daisy::UartHandler::Result), void*)
 .text._ZN5daisy11UartHandler4Impl19DmaTransferFinishedEP20__UART_HandleTypeDefNS0_6ResultE
                0x08007c38       0xc0 ../../libDaisy/build\libdaisy.a(uart.o)
                0x08007c38                daisy::UartHandler::Impl::DmaTransferFinished(__UART_HandleTypeDef*, daisy::UartHandler::Result)
 .text._ZN5daisy11UartHandler4Impl8InitPinsEv
                0x08007cf8      0x154 ../../libDaisy/build\libdaisy.a(uart.o)
                0x08007cf8                daisy::UartHandler::Impl::InitPins()
 .text.HAL_UART_MspInit
                0x08007e4c      0x210 ../../libDaisy/build\libdaisy.a(uart.o)
                0x08007e4c                HAL_UART_MspInit
 .text.dsy_uart_global_init
                0x0800805c      0x110 ../../libDaisy/build\libdaisy.a(uart.o)
                0x0800805c                dsy_uart_global_init
 .text.USART1_IRQHandler
                0x0800816c       0x2c ../../libDaisy/build\libdaisy.a(uart.o)
                0x0800816c                USART1_IRQHandler
 .text.USART2_IRQHandler
                0x08008198       0x34 ../../libDaisy/build\libdaisy.a(uart.o)
                0x08008198                USART2_IRQHandler
 .text.USART3_IRQHandler
                0x080081cc       0x34 ../../libDaisy/build\libdaisy.a(uart.o)
                0x080081cc                USART3_IRQHandler
 .text.UART4_IRQHandler
                0x08008200       0x34 ../../libDaisy/build\libdaisy.a(uart.o)
                0x08008200                UART4_IRQHandler
 .text.UART5_IRQHandler
                0x08008234       0x34 ../../libDaisy/build\libdaisy.a(uart.o)
                0x08008234                UART5_IRQHandler
 .text.USART6_IRQHandler
                0x08008268       0x34 ../../libDaisy/build\libdaisy.a(uart.o)
                0x08008268                USART6_IRQHandler
 .text.UART7_IRQHandler
                0x0800829c       0x34 ../../libDaisy/build\libdaisy.a(uart.o)
                0x0800829c                UART7_IRQHandler
 .text.UART8_IRQHandler
                0x080082d0       0x34 ../../libDaisy/build\libdaisy.a(uart.o)
                0x080082d0                UART8_IRQHandler
 .text.LPUART1_IRQHandler
                0x08008304       0x34 ../../libDaisy/build\libdaisy.a(uart.o)
                0x08008304                LPUART1_IRQHandler
 .text.DMA1_Stream5_IRQHandler
                0x08008338       0x34 ../../libDaisy/build\libdaisy.a(uart.o)
                0x08008338                DMA1_Stream5_IRQHandler
 .text.DMA2_Stream4_IRQHandler
                0x0800836c       0x38 ../../libDaisy/build\libdaisy.a(uart.o)
                0x0800836c                DMA2_Stream4_IRQHandler
 .text.HAL_UART_TxCpltCallback
                0x080083a4        0x8 ../../libDaisy/build\libdaisy.a(uart.o)
                0x080083a4                HAL_UART_TxCpltCallback
 .text.HAL_UART_RxCpltCallback
                0x080083ac       0x94 ../../libDaisy/build\libdaisy.a(uart.o)
                0x080083ac                HAL_UART_RxCpltCallback
 .text.HAL_UART_RxHalfCpltCallback
                0x08008440       0x90 ../../libDaisy/build\libdaisy.a(uart.o)
                0x08008440                HAL_UART_RxHalfCpltCallback
 .text.HAL_UART_ErrorCallback
                0x080084d0        0x8 ../../libDaisy/build\libdaisy.a(uart.o)
                0x080084d0                HAL_UART_ErrorCallback
 .text.startup._GLOBAL__sub_I__Z19MapInstanceToHandleP13USART_TypeDef
                0x080084d8      0x194 ../../libDaisy/build\libdaisy.a(uart.o)
 .text.dsy_dma_init
                0x0800866c      0x100 ../../libDaisy/build\libdaisy.a(dma.o)
                0x0800866c                dsy_dma_init
 .text.dsy_dma_invalidate_cache_for_buffer
                0x0800876c       0x2c ../../libDaisy/build\libdaisy.a(dma.o)
                0x0800876c                dsy_dma_invalidate_cache_for_buffer
 .text._ZN5daisy11TimerHandleD2Ev
                0x08008798        0x4 ../../libDaisy/build\libdaisy.a(system.o)
                0x08008798                daisy::TimerHandle::~TimerHandle()
                0x08008798                daisy::TimerHandle::~TimerHandle()
 .text.SysTick_Handler
                0x0800879c       0x10 ../../libDaisy/build\libdaisy.a(system.o)
                0x0800879c                SysTick_Handler
 .text.OTG_HS_EP1_OUT_IRQHandler
                0x080087ac       0x24 ../../libDaisy/build\libdaisy.a(system.o)
                0x080087ac                OTG_HS_EP1_OUT_IRQHandler
 .text.OTG_HS_EP1_IN_IRQHandler
                0x080087d0       0x24 ../../libDaisy/build\libdaisy.a(system.o)
                0x080087d0                OTG_HS_EP1_IN_IRQHandler
 .text.OTG_HS_IRQHandler
                0x080087f4       0x24 ../../libDaisy/build\libdaisy.a(system.o)
                0x080087f4                OTG_HS_IRQHandler
 .text.HardFault_Handler
                0x08008818       0xe0 ../../libDaisy/build\libdaisy.a(system.o)
                0x08008818                HardFault_Handler
 .text._ZN5daisy6System6GetNowEv
                0x080088f8        0x4 ../../libDaisy/build\libdaisy.a(system.o)
                0x080088f8                daisy::System::GetNow()
 .text._ZN5daisy6System5DelayEm
                0x080088fc        0x4 ../../libDaisy/build\libdaisy.a(system.o)
                0x080088fc                daisy::System::Delay(unsigned long)
 .text._ZN5daisy6System20GetBootloaderVersionEv
                0x08008900       0x34 ../../libDaisy/build\libdaisy.a(system.o)
                0x08008900                daisy::System::GetBootloaderVersion()
 .text._ZN5daisy6System15ConfigureClocksEv
                0x08008934      0x194 ../../libDaisy/build\libdaisy.a(system.o)
                0x08008934                daisy::System::ConfigureClocks()
 .text._ZN5daisy6System12ConfigureMpuEv
                0x08008ac8       0x7c ../../libDaisy/build\libdaisy.a(system.o)
                0x08008ac8                daisy::System::ConfigureMpu()
 .text._ZN5daisy6System4InitERKNS0_6ConfigE
                0x08008b44       0xec ../../libDaisy/build\libdaisy.a(system.o)
                0x08008b44                daisy::System::Init(daisy::System::Config const&)
 .text._ZN5daisy6System12GetPClk1FreqEv
                0x08008c30        0x4 ../../libDaisy/build\libdaisy.a(system.o)
                0x08008c30                daisy::System::GetPClk1Freq()
 .text._ZN5daisy6System22GetProgramMemoryRegionEv
                0x08008c34       0x78 ../../libDaisy/build\libdaisy.a(system.o)
                0x08008c34                daisy::System::GetProgramMemoryRegion()
 .text.startup._GLOBAL__sub_I__ZN5daisy9boot_infoE
                0x08008cac       0x1c ../../libDaisy/build\libdaisy.a(system.o)
 .text.SystemInit
                0x08008cc8       0x9c ../../libDaisy/build\libdaisy.a(system_stm32h7xx.o)
                0x08008cc8                SystemInit
 .text.HAL_PCD_SetupStageCallback
                0x08008d64        0xc ../../libDaisy/build\libdaisy.a(usbd_conf.o)
                0x08008d64                HAL_PCD_SetupStageCallback
 .text.HAL_PCD_DataOutStageCallback
                0x08008d70       0x14 ../../libDaisy/build\libdaisy.a(usbd_conf.o)
                0x08008d70                HAL_PCD_DataOutStageCallback
 .text.HAL_PCD_DataInStageCallback
                0x08008d84       0x14 ../../libDaisy/build\libdaisy.a(usbd_conf.o)
                0x08008d84                HAL_PCD_DataInStageCallback
 .text.HAL_PCD_SOFCallback
                0x08008d98        0x8 ../../libDaisy/build\libdaisy.a(usbd_conf.o)
                0x08008d98                HAL_PCD_SOFCallback
 .text.HAL_PCD_ResetCallback
                0x08008da0       0x24 ../../libDaisy/build\libdaisy.a(usbd_conf.o)
                0x08008da0                HAL_PCD_ResetCallback
 .text.HAL_PCD_SuspendCallback
                0x08008dc4       0x30 ../../libDaisy/build\libdaisy.a(usbd_conf.o)
                0x08008dc4                HAL_PCD_SuspendCallback
 .text.HAL_PCD_ResumeCallback
                0x08008df4        0x8 ../../libDaisy/build\libdaisy.a(usbd_conf.o)
                0x08008df4                HAL_PCD_ResumeCallback
 .text.HAL_PCD_ISOOUTIncompleteCallback
                0x08008dfc        0x8 ../../libDaisy/build\libdaisy.a(usbd_conf.o)
                0x08008dfc                HAL_PCD_ISOOUTIncompleteCallback
 .text.HAL_PCD_ISOINIncompleteCallback
                0x08008e04        0x8 ../../libDaisy/build\libdaisy.a(usbd_conf.o)
                0x08008e04                HAL_PCD_ISOINIncompleteCallback
 .text.HAL_PCD_ConnectCallback
                0x08008e0c        0x8 ../../libDaisy/build\libdaisy.a(usbd_conf.o)
                0x08008e0c                HAL_PCD_ConnectCallback
 .text.HAL_PCD_DisconnectCallback
                0x08008e14        0x8 ../../libDaisy/build\libdaisy.a(usbd_conf.o)
                0x08008e14                HAL_PCD_DisconnectCallback
 .text.USBD_LL_OpenEP
                0x08008e1c       0x24 ../../libDaisy/build\libdaisy.a(usbd_conf.o)
                0x08008e1c                USBD_LL_OpenEP
 .text.USBD_LL_StallEP
                0x08008e40       0x1c ../../libDaisy/build\libdaisy.a(usbd_conf.o)
                0x08008e40                USBD_LL_StallEP
 .text.USBD_LL_ClearStallEP
                0x08008e5c       0x1c ../../libDaisy/build\libdaisy.a(usbd_conf.o)
                0x08008e5c                USBD_LL_ClearStallEP
 .text.USBD_LL_IsStallEP
                0x08008e78       0x28 ../../libDaisy/build\libdaisy.a(usbd_conf.o)
                0x08008e78                USBD_LL_IsStallEP
 .text.USBD_LL_SetUSBAddress
                0x08008ea0       0x1c ../../libDaisy/build\libdaisy.a(usbd_conf.o)
                0x08008ea0                USBD_LL_SetUSBAddress
 .text.USBD_LL_Transmit
                0x08008ebc       0x1c ../../libDaisy/build\libdaisy.a(usbd_conf.o)
                0x08008ebc                USBD_LL_Transmit
 .text.USBD_LL_PrepareReceive
                0x08008ed8       0x1c ../../libDaisy/build\libdaisy.a(usbd_conf.o)
                0x08008ed8                USBD_LL_PrepareReceive
 .text.HAL_HCD_SOF_Callback
                0x08008ef4        0x8 ../../libDaisy/build\libdaisy.a(usbh_conf.o)
                0x08008ef4                HAL_HCD_SOF_Callback
 .text.HAL_HCD_Connect_Callback
                0x08008efc        0x8 ../../libDaisy/build\libdaisy.a(usbh_conf.o)
                0x08008efc                HAL_HCD_Connect_Callback
 .text.HAL_HCD_Disconnect_Callback
                0x08008f04        0x8 ../../libDaisy/build\libdaisy.a(usbh_conf.o)
                0x08008f04                HAL_HCD_Disconnect_Callback
 .text.HAL_HCD_HC_NotifyURBChange_Callback
                0x08008f0c        0x4 ../../libDaisy/build\libdaisy.a(usbh_conf.o)
                0x08008f0c                HAL_HCD_HC_NotifyURBChange_Callback
 .text.HAL_HCD_PortEnabled_Callback
                0x08008f10        0x8 ../../libDaisy/build\libdaisy.a(usbh_conf.o)
                0x08008f10                HAL_HCD_PortEnabled_Callback
 .text.HAL_HCD_PortDisabled_Callback
                0x08008f18        0x8 ../../libDaisy/build\libdaisy.a(usbh_conf.o)
                0x08008f18                HAL_HCD_PortDisabled_Callback
 .text.USBH_LL_Stop
                0x08008f20       0x1c ../../libDaisy/build\libdaisy.a(usbh_conf.o)
                0x08008f20                USBH_LL_Stop
 .text.dsy_hal_map_get_port
                0x08008f3c       0x10 ../../libDaisy/build\libdaisy.a(hal_map.o)
                0x08008f3c                dsy_hal_map_get_port
 .text.dsy_hal_map_get_pin
                0x08008f4c       0x10 ../../libDaisy/build\libdaisy.a(hal_map.o)
                0x08008f4c                dsy_hal_map_get_pin
 .text.dsy_hal_map_gpio_clk_enable
                0x08008f5c      0x150 ../../libDaisy/build\libdaisy.a(hal_map.o)
                0x08008f5c                dsy_hal_map_gpio_clk_enable
 .text.HAL_GPIO_Init
                0x080090ac      0x280 ../../libDaisy/build\libdaisy.a(stm32h7xx_hal_gpio.o)
                0x080090ac                HAL_GPIO_Init
 .text.HAL_GPIO_DeInit
                0x0800932c      0x190 ../../libDaisy/build\libdaisy.a(stm32h7xx_hal_gpio.o)
                0x0800932c                HAL_GPIO_DeInit
 .text.HAL_GPIO_ReadPin
                0x080094bc        0xc ../../libDaisy/build\libdaisy.a(stm32h7xx_hal_gpio.o)
                0x080094bc                HAL_GPIO_ReadPin
 .text.HAL_GPIO_WritePin
                0x080094c8        0x8 ../../libDaisy/build\libdaisy.a(stm32h7xx_hal_gpio.o)
                0x080094c8                HAL_GPIO_WritePin
 .text.HAL_HCD_IRQHandler
                0x080094d0      0x780 ../../libDaisy/build\libdaisy.a(stm32h7xx_hal_hcd.o)
                0x080094d0                HAL_HCD_IRQHandler
 .text.HAL_HCD_Stop
                0x08009c50       0x28 ../../libDaisy/build\libdaisy.a(stm32h7xx_hal_hcd.o)
                0x08009c50                HAL_HCD_Stop
 .text.I2C_WaitOnTXISFlagUntilTimeout
                0x08009c78       0xb8 ../../libDaisy/build\libdaisy.a(stm32h7xx_hal_i2c.o)
 .text.I2C_WaitOnSTOPFlagUntilTimeout
                0x08009d30       0xac ../../libDaisy/build\libdaisy.a(stm32h7xx_hal_i2c.o)
 .text.HAL_I2C_Init
                0x08009ddc       0xac ../../libDaisy/build\libdaisy.a(stm32h7xx_hal_i2c.o)
                0x08009ddc                HAL_I2C_Init
 .text.HAL_I2C_Master_Transmit
                0x08009e88      0x1a8 ../../libDaisy/build\libdaisy.a(stm32h7xx_hal_i2c.o)
                0x08009e88                HAL_I2C_Master_Transmit
 .text.HAL_I2C_Slave_Transmit
                0x0800a030      0x1c8 ../../libDaisy/build\libdaisy.a(stm32h7xx_hal_i2c.o)
                0x0800a030                HAL_I2C_Slave_Transmit
 .text.HAL_I2C_EV_IRQHandler
                0x0800a1f8       0x10 ../../libDaisy/build\libdaisy.a(stm32h7xx_hal_i2c.o)
                0x0800a1f8                HAL_I2C_EV_IRQHandler
 .text.HAL_I2C_GetState
                0x0800a208        0x8 ../../libDaisy/build\libdaisy.a(stm32h7xx_hal_i2c.o)
                0x0800a208                HAL_I2C_GetState
 .text.HAL_I2CEx_ConfigAnalogFilter
                0x0800a210       0x54 ../../libDaisy/build\libdaisy.a(stm32h7xx_hal_i2c_ex.o)
                0x0800a210                HAL_I2CEx_ConfigAnalogFilter
 .text.HAL_I2CEx_ConfigDigitalFilter
                0x0800a264       0x58 ../../libDaisy/build\libdaisy.a(stm32h7xx_hal_i2c_ex.o)
                0x0800a264                HAL_I2CEx_ConfigDigitalFilter
 .text.HAL_PCD_IRQHandler
                0x0800a2bc      0x69c ../../libDaisy/build\libdaisy.a(stm32h7xx_hal_pcd.o)
                0x0800a2bc                HAL_PCD_IRQHandler
 .text.HAL_PCD_SetAddress
                0x0800a958       0x2c ../../libDaisy/build\libdaisy.a(stm32h7xx_hal_pcd.o)
                0x0800a958                HAL_PCD_SetAddress
 .text.HAL_PCD_EP_Open
                0x0800a984       0x7c ../../libDaisy/build\libdaisy.a(stm32h7xx_hal_pcd.o)
                0x0800a984                HAL_PCD_EP_Open
 .text.HAL_PCD_EP_Receive
                0x0800aa00       0x50 ../../libDaisy/build\libdaisy.a(stm32h7xx_hal_pcd.o)
                0x0800aa00                HAL_PCD_EP_Receive
 .text.HAL_PCD_EP_Transmit
                0x0800aa50       0x50 ../../libDaisy/build\libdaisy.a(stm32h7xx_hal_pcd.o)
                0x0800aa50                HAL_PCD_EP_Transmit
 .text.HAL_PCD_EP_SetStall
                0x0800aaa0       0x88 ../../libDaisy/build\libdaisy.a(stm32h7xx_hal_pcd.o)
                0x0800aaa0                HAL_PCD_EP_SetStall
 .text.HAL_PCD_EP_ClrStall
                0x0800ab28       0x78 ../../libDaisy/build\libdaisy.a(stm32h7xx_hal_pcd.o)
                0x0800ab28                HAL_PCD_EP_ClrStall
 .text.HAL_PCDEx_LPM_Callback
                0x0800aba0        0x4 ../../libDaisy/build\libdaisy.a(stm32h7xx_hal_pcd_ex.o)
                0x0800aba0                HAL_PCDEx_LPM_Callback
 .text.HAL_PWREx_ConfigSupply
                0x0800aba4       0x4c ../../libDaisy/build\libdaisy.a(stm32h7xx_hal_pwr_ex.o)
                0x0800aba4                HAL_PWREx_ConfigSupply
 .text.HAL_PWREx_EnableUSBVoltageDetector
                0x0800abf0       0x10 ../../libDaisy/build\libdaisy.a(stm32h7xx_hal_pwr_ex.o)
                0x0800abf0                HAL_PWREx_EnableUSBVoltageDetector
 .text.QSPI_Config
                0x0800ac00      0x174 ../../libDaisy/build\libdaisy.a(stm32h7xx_hal_qspi.o)
 .text.HAL_QSPI_Init
                0x0800ad74       0xd8 ../../libDaisy/build\libdaisy.a(stm32h7xx_hal_qspi.o)
                0x0800ad74                HAL_QSPI_Init
 .text.HAL_QSPI_DeInit
                0x0800ae4c       0x3c ../../libDaisy/build\libdaisy.a(stm32h7xx_hal_qspi.o)
                0x0800ae4c                HAL_QSPI_DeInit
 .text.HAL_QSPI_Command
                0x0800ae88       0xd4 ../../libDaisy/build\libdaisy.a(stm32h7xx_hal_qspi.o)
                0x0800ae88                HAL_QSPI_Command
 .text.HAL_QSPI_Transmit
                0x0800af5c       0xfc ../../libDaisy/build\libdaisy.a(stm32h7xx_hal_qspi.o)
                0x0800af5c                HAL_QSPI_Transmit
 .text.HAL_QSPI_Receive
                0x0800b058      0x108 ../../libDaisy/build\libdaisy.a(stm32h7xx_hal_qspi.o)
                0x0800b058                HAL_QSPI_Receive
 .text.HAL_QSPI_AutoPolling
                0x0800b160       0xf0 ../../libDaisy/build\libdaisy.a(stm32h7xx_hal_qspi.o)
                0x0800b160                HAL_QSPI_AutoPolling
 .text.HAL_QSPI_MemoryMapped
                0x0800b250       0xc0 ../../libDaisy/build\libdaisy.a(stm32h7xx_hal_qspi.o)
                0x0800b250                HAL_QSPI_MemoryMapped
 .text.HAL_QSPI_ErrorCallback
                0x0800b310        0x4 ../../libDaisy/build\libdaisy.a(stm32h7xx_hal_qspi.o)
                0x0800b310                HAL_QSPI_ErrorCallback
 .text.QSPI_DMAAbortCplt
                0x0800b314       0x38 ../../libDaisy/build\libdaisy.a(stm32h7xx_hal_qspi.o)
 .text.HAL_QSPI_AbortCpltCallback
                0x0800b34c        0x4 ../../libDaisy/build\libdaisy.a(stm32h7xx_hal_qspi.o)
                0x0800b34c                HAL_QSPI_AbortCpltCallback
 .text.HAL_QSPI_CmdCpltCallback
                0x0800b350        0x4 ../../libDaisy/build\libdaisy.a(stm32h7xx_hal_qspi.o)
                0x0800b350                HAL_QSPI_CmdCpltCallback
 .text.HAL_QSPI_RxCpltCallback
                0x0800b354        0x4 ../../libDaisy/build\libdaisy.a(stm32h7xx_hal_qspi.o)
                0x0800b354                HAL_QSPI_RxCpltCallback
 .text.HAL_QSPI_TxCpltCallback
                0x0800b358        0x4 ../../libDaisy/build\libdaisy.a(stm32h7xx_hal_qspi.o)
                0x0800b358                HAL_QSPI_TxCpltCallback
 .text.HAL_QSPI_FifoThresholdCallback
                0x0800b35c        0x4 ../../libDaisy/build\libdaisy.a(stm32h7xx_hal_qspi.o)
                0x0800b35c                HAL_QSPI_FifoThresholdCallback
 .text.HAL_QSPI_StatusMatchCallback
                0x0800b360        0x4 ../../libDaisy/build\libdaisy.a(stm32h7xx_hal_qspi.o)
                0x0800b360                HAL_QSPI_StatusMatchCallback
 .text.HAL_QSPI_TimeOutCallback
                0x0800b364        0x4 ../../libDaisy/build\libdaisy.a(stm32h7xx_hal_qspi.o)
                0x0800b364                HAL_QSPI_TimeOutCallback
 .text.HAL_QSPI_IRQHandler
                0x0800b368      0x210 ../../libDaisy/build\libdaisy.a(stm32h7xx_hal_qspi.o)
                0x0800b368                HAL_QSPI_IRQHandler
 .text.HAL_SAI_Init.part.0
                0x0800b578      0x348 ../../libDaisy/build\libdaisy.a(stm32h7xx_hal_sai.o)
 .text.HAL_SAI_InitProtocol
                0x0800b8c0      0x178 ../../libDaisy/build\libdaisy.a(stm32h7xx_hal_sai.o)
                0x0800b8c0                HAL_SAI_InitProtocol
 .text.HAL_SAI_Transmit_DMA
                0x0800ba38      0x124 ../../libDaisy/build\libdaisy.a(stm32h7xx_hal_sai.o)
                0x0800ba38                HAL_SAI_Transmit_DMA
 .text.HAL_SAI_Receive_DMA
                0x0800bb5c       0xd0 ../../libDaisy/build\libdaisy.a(stm32h7xx_hal_sai.o)
                0x0800bb5c                HAL_SAI_Receive_DMA
 .text.HAL_SAI_TxCpltCallback
                0x0800bc2c        0x4 ../../libDaisy/build\libdaisy.a(stm32h7xx_hal_sai.o)
                0x0800bc2c                HAL_SAI_TxCpltCallback
 .text.SAI_DMATxCplt
                0x0800bc30       0x64 ../../libDaisy/build\libdaisy.a(stm32h7xx_hal_sai.o)
 .text.HAL_SAI_TxHalfCpltCallback
                0x0800bc94        0x4 ../../libDaisy/build\libdaisy.a(stm32h7xx_hal_sai.o)
                0x0800bc94                HAL_SAI_TxHalfCpltCallback
 .text.SAI_DMATxHalfCplt
                0x0800bc98        0xc ../../libDaisy/build\libdaisy.a(stm32h7xx_hal_sai.o)
 .text.SAI_DMARxCplt
                0x0800bca4       0x64 ../../libDaisy/build\libdaisy.a(stm32h7xx_hal_sai.o)
 .text.SAI_DMARxHalfCplt
                0x0800bd08        0xc ../../libDaisy/build\libdaisy.a(stm32h7xx_hal_sai.o)
 .text.HAL_SAI_ErrorCallback
                0x0800bd14        0x4 ../../libDaisy/build\libdaisy.a(stm32h7xx_hal_sai.o)
                0x0800bd14                HAL_SAI_ErrorCallback
 .text.SAI_DMAError
                0x0800bd18       0x6c ../../libDaisy/build\libdaisy.a(stm32h7xx_hal_sai.o)
 .text.HAL_SDRAM_Init
                0x0800bd84       0x54 ../../libDaisy/build\libdaisy.a(stm32h7xx_hal_sdram.o)
                0x0800bd84                HAL_SDRAM_Init
 .text.HAL_SDRAM_SendCommand
                0x0800bdd8       0x40 ../../libDaisy/build\libdaisy.a(stm32h7xx_hal_sdram.o)
                0x0800bdd8                HAL_SDRAM_SendCommand
 .text.HAL_SDRAM_ProgramRefreshRate
                0x0800be18       0x30 ../../libDaisy/build\libdaisy.a(stm32h7xx_hal_sdram.o)
                0x0800be18                HAL_SDRAM_ProgramRefreshRate
 .text.HAL_UART_Transmit_DMA
                0x0800be48       0xa4 ../../libDaisy/build\libdaisy.a(stm32h7xx_hal_uart.o)
                0x0800be48                HAL_UART_Transmit_DMA
 .text.HAL_UART_Receive_DMA
                0x0800beec       0xac ../../libDaisy/build\libdaisy.a(stm32h7xx_hal_uart.o)
                0x0800beec                HAL_UART_Receive_DMA
 .text.UART_DMATransmitCplt
                0x0800bf98       0x2c ../../libDaisy/build\libdaisy.a(stm32h7xx_hal_uart.o)
 .text.HAL_UART_TxHalfCpltCallback
                0x0800bfc4        0x4 ../../libDaisy/build\libdaisy.a(stm32h7xx_hal_uart.o)
                0x0800bfc4                HAL_UART_TxHalfCpltCallback
 .text.UART_DMATxHalfCplt
                0x0800bfc8        0xc ../../libDaisy/build\libdaisy.a(stm32h7xx_hal_uart.o)
 .text.UART_DMAReceiveCplt
                0x0800bfd4       0x38 ../../libDaisy/build\libdaisy.a(stm32h7xx_hal_uart.o)
 .text.UART_DMARxHalfCplt
                0x0800c00c        0xc ../../libDaisy/build\libdaisy.a(stm32h7xx_hal_uart.o)
 .text.UART_DMAError
                0x0800c018       0x78 ../../libDaisy/build\libdaisy.a(stm32h7xx_hal_uart.o)
 .text.HAL_UART_IRQHandler
                0x0800c090      0x1d0 ../../libDaisy/build\libdaisy.a(stm32h7xx_hal_uart.o)
                0x0800c090                HAL_UART_IRQHandler
 .text.UART_DMAAbortOnError
                0x0800c260       0x14 ../../libDaisy/build\libdaisy.a(stm32h7xx_hal_uart.o)
 .text.HAL_UART_GetState
                0x0800c274        0xc ../../libDaisy/build\libdaisy.a(stm32h7xx_hal_uart.o)
                0x0800c274                HAL_UART_GetState
 .text.UART_SetConfig
                0x0800c280     0x14b8 ../../libDaisy/build\libdaisy.a(stm32h7xx_hal_uart.o)
                0x0800c280                UART_SetConfig
 .text.UART_AdvFeatureConfig
                0x0800d738       0xb0 ../../libDaisy/build\libdaisy.a(stm32h7xx_hal_uart.o)
                0x0800d738                UART_AdvFeatureConfig
 .text.UART_CheckIdleState
                0x0800d7e8       0x84 ../../libDaisy/build\libdaisy.a(stm32h7xx_hal_uart.o)
                0x0800d7e8                UART_CheckIdleState
 .text.HAL_UART_Init
                0x0800d86c       0x68 ../../libDaisy/build\libdaisy.a(stm32h7xx_hal_uart.o)
                0x0800d86c                HAL_UART_Init
 .text.HAL_UARTEx_WakeupCallback
                0x0800d8d4        0x4 ../../libDaisy/build\libdaisy.a(stm32h7xx_hal_uart_ex.o)
                0x0800d8d4                HAL_UARTEx_WakeupCallback
 .text.HAL_UARTEx_RxFifoFullCallback
                0x0800d8d8        0x4 ../../libDaisy/build\libdaisy.a(stm32h7xx_hal_uart_ex.o)
                0x0800d8d8                HAL_UARTEx_RxFifoFullCallback
 .text.HAL_UARTEx_TxFifoEmptyCallback
                0x0800d8dc        0x4 ../../libDaisy/build\libdaisy.a(stm32h7xx_hal_uart_ex.o)
                0x0800d8dc                HAL_UARTEx_TxFifoEmptyCallback
 .text.FMC_SDRAM_Init
                0x0800d8e0       0x7c ../../libDaisy/build\libdaisy.a(stm32h7xx_ll_fmc.o)
                0x0800d8e0                FMC_SDRAM_Init
 .text.FMC_SDRAM_Timing_Init
                0x0800d95c       0x98 ../../libDaisy/build\libdaisy.a(stm32h7xx_ll_fmc.o)
                0x0800d95c                FMC_SDRAM_Timing_Init
 .text.FMC_SDRAM_SendCommand
                0x0800d9f4       0x28 ../../libDaisy/build\libdaisy.a(stm32h7xx_ll_fmc.o)
                0x0800d9f4                FMC_SDRAM_SendCommand
 .text.FMC_SDRAM_ProgramRefreshRate
                0x0800da1c       0x1c ../../libDaisy/build\libdaisy.a(stm32h7xx_ll_fmc.o)
                0x0800da1c                FMC_SDRAM_ProgramRefreshRate
 .text.USB_SetTurnaroundTime
                0x0800da38      0x104 ../../libDaisy/build\libdaisy.a(stm32h7xx_ll_usb.o)
                0x0800da38                USB_SetTurnaroundTime
 .text.USB_FlushTxFifo
                0x0800db3c       0x34 ../../libDaisy/build\libdaisy.a(stm32h7xx_ll_usb.o)
                0x0800db3c                USB_FlushTxFifo
 .text.USB_GetDevSpeed
                0x0800db70       0x24 ../../libDaisy/build\libdaisy.a(stm32h7xx_ll_usb.o)
                0x0800db70                USB_GetDevSpeed
 .text.USB_ActivateEndpoint
                0x0800db94       0x90 ../../libDaisy/build\libdaisy.a(stm32h7xx_ll_usb.o)
                0x0800db94                USB_ActivateEndpoint
 .text.USB_EPStartXfer
                0x0800dc24      0x230 ../../libDaisy/build\libdaisy.a(stm32h7xx_ll_usb.o)
                0x0800dc24                USB_EPStartXfer
 .text.USB_EP0StartXfer
                0x0800de54      0x174 ../../libDaisy/build\libdaisy.a(stm32h7xx_ll_usb.o)
                0x0800de54                USB_EP0StartXfer
 .text.USB_WritePacket
                0x0800dfc8       0x2c ../../libDaisy/build\libdaisy.a(stm32h7xx_ll_usb.o)
                0x0800dfc8                USB_WritePacket
 .text.USB_ReadPacket
                0x0800dff4       0x20 ../../libDaisy/build\libdaisy.a(stm32h7xx_ll_usb.o)
                0x0800dff4                USB_ReadPacket
 .text.USB_EPSetStall
                0x0800e014       0x68 ../../libDaisy/build\libdaisy.a(stm32h7xx_ll_usb.o)
                0x0800e014                USB_EPSetStall
 .text.USB_EPClearStall
                0x0800e07c       0x58 ../../libDaisy/build\libdaisy.a(stm32h7xx_ll_usb.o)
                0x0800e07c                USB_EPClearStall
 .text.USB_SetDevAddress
                0x0800e0d4       0x24 ../../libDaisy/build\libdaisy.a(stm32h7xx_ll_usb.o)
                0x0800e0d4                USB_SetDevAddress
 .text.USB_ReadInterrupts
                0x0800e0f8       0x14 ../../libDaisy/build\libdaisy.a(stm32h7xx_ll_usb.o)
                0x0800e0f8                USB_ReadInterrupts
 .text.USB_ReadDevAllOutEpInterrupt
                0x0800e10c       0x1c ../../libDaisy/build\libdaisy.a(stm32h7xx_ll_usb.o)
                0x0800e10c                USB_ReadDevAllOutEpInterrupt
 .text.USB_ReadDevAllInEpInterrupt
                0x0800e128       0x1c ../../libDaisy/build\libdaisy.a(stm32h7xx_ll_usb.o)
                0x0800e128                USB_ReadDevAllInEpInterrupt
 .text.USB_ReadDevOutEPInterrupt
                0x0800e144       0x1c ../../libDaisy/build\libdaisy.a(stm32h7xx_ll_usb.o)
                0x0800e144                USB_ReadDevOutEPInterrupt
 .text.USB_ReadDevInEPInterrupt
                0x0800e160       0x38 ../../libDaisy/build\libdaisy.a(stm32h7xx_ll_usb.o)
                0x0800e160                USB_ReadDevInEPInterrupt
 .text.USB_GetMode
                0x0800e198        0x8 ../../libDaisy/build\libdaisy.a(stm32h7xx_ll_usb.o)
                0x0800e198                USB_GetMode
 .text.USB_ActivateSetup
                0x0800e1a0       0x38 ../../libDaisy/build\libdaisy.a(stm32h7xx_ll_usb.o)
                0x0800e1a0                USB_ActivateSetup
 .text.USB_EP0_OutStart
                0x0800e1d8       0x58 ../../libDaisy/build\libdaisy.a(stm32h7xx_ll_usb.o)
                0x0800e1d8                USB_EP0_OutStart
 .text.USB_InitFSLSPClkSel
                0x0800e230       0x44 ../../libDaisy/build\libdaisy.a(stm32h7xx_ll_usb.o)
                0x0800e230                USB_InitFSLSPClkSel
 .text.USB_HC_ReadInterrupt
                0x0800e274        0x8 ../../libDaisy/build\libdaisy.a(stm32h7xx_ll_usb.o)
                0x0800e274                USB_HC_ReadInterrupt
 .text.USB_HC_Halt
                0x0800e27c       0xc0 ../../libDaisy/build\libdaisy.a(stm32h7xx_ll_usb.o)
                0x0800e27c                USB_HC_Halt
 .text.USB_StopHost
                0x0800e33c      0x2ec ../../libDaisy/build\libdaisy.a(stm32h7xx_ll_usb.o)
                0x0800e33c                USB_StopHost
 .text.USBD_SetClassConfig
                0x0800e628       0x14 ../../libDaisy/build\libdaisy.a(usbd_core.o)
                0x0800e628                USBD_SetClassConfig
 .text.USBD_ClrClassConfig
                0x0800e63c       0x10 ../../libDaisy/build\libdaisy.a(usbd_core.o)
                0x0800e63c                USBD_ClrClassConfig
 .text.USBD_LL_SetupStage
                0x0800e64c       0x5c ../../libDaisy/build\libdaisy.a(usbd_core.o)
                0x0800e64c                USBD_LL_SetupStage
 .text.USBD_LL_DataOutStage
                0x0800e6a8       0x7c ../../libDaisy/build\libdaisy.a(usbd_core.o)
                0x0800e6a8                USBD_LL_DataOutStage
 .text.USBD_LL_DataInStage
                0x0800e724       0xcc ../../libDaisy/build\libdaisy.a(usbd_core.o)
                0x0800e724                USBD_LL_DataInStage
 .text.USBD_LL_Reset
                0x0800e7f0       0x50 ../../libDaisy/build\libdaisy.a(usbd_core.o)
                0x0800e7f0                USBD_LL_Reset
 .text.USBD_LL_SetSpeed
                0x0800e840        0x8 ../../libDaisy/build\libdaisy.a(usbd_core.o)
                0x0800e840                USBD_LL_SetSpeed
 .text.USBD_LL_Suspend
                0x0800e848       0x14 ../../libDaisy/build\libdaisy.a(usbd_core.o)
                0x0800e848                USBD_LL_Suspend
 .text.USBD_LL_Resume
                0x0800e85c       0x10 ../../libDaisy/build\libdaisy.a(usbd_core.o)
                0x0800e85c                USBD_LL_Resume
 .text.USBD_LL_SOF
                0x0800e86c       0x1c ../../libDaisy/build\libdaisy.a(usbd_core.o)
                0x0800e86c                USBD_LL_SOF
 .text.USBD_LL_IsoINIncomplete
                0x0800e888        0x4 ../../libDaisy/build\libdaisy.a(usbd_core.o)
                0x0800e888                USBD_LL_IsoINIncomplete
 .text.USBD_LL_IsoOUTIncomplete
                0x0800e88c        0x4 ../../libDaisy/build\libdaisy.a(usbd_core.o)
                0x0800e88c                USBD_LL_IsoOUTIncomplete
 .text.USBD_LL_DevConnected
                0x0800e890        0x4 ../../libDaisy/build\libdaisy.a(usbd_core.o)
                0x0800e890                USBD_LL_DevConnected
 .text.USBD_LL_DevDisconnected
                0x0800e894       0x18 ../../libDaisy/build\libdaisy.a(usbd_core.o)
                0x0800e894                USBD_LL_DevDisconnected
 .text.USBD_StdDevReq
                0x0800e8ac      0x304 ../../libDaisy/build\libdaisy.a(usbd_ctlreq.o)
                0x0800e8ac                USBD_StdDevReq
 .text.USBD_StdItfReq
                0x0800ebb0       0x68 ../../libDaisy/build\libdaisy.a(usbd_ctlreq.o)
                0x0800ebb0                USBD_StdItfReq
 .text.USBD_StdEPReq
                0x0800ec18      0x13c ../../libDaisy/build\libdaisy.a(usbd_ctlreq.o)
                0x0800ec18                USBD_StdEPReq
 .text.USBD_ParseSetupRequest
                0x0800ed54       0x28 ../../libDaisy/build\libdaisy.a(usbd_ctlreq.o)
                0x0800ed54                USBD_ParseSetupRequest
 .text.USBD_CtlSendData
                0x0800ed7c       0x1c ../../libDaisy/build\libdaisy.a(usbd_ioreq.o)
                0x0800ed7c                USBD_CtlSendData
 .text.USBD_CtlContinueSendData
                0x0800ed98       0x14 ../../libDaisy/build\libdaisy.a(usbd_ioreq.o)
                0x0800ed98                USBD_CtlContinueSendData
 .text.USBD_CtlContinueRx
                0x0800edac       0x14 ../../libDaisy/build\libdaisy.a(usbd_ioreq.o)
                0x0800edac                USBD_CtlContinueRx
 .text.USBD_CtlSendStatus
                0x0800edc0       0x18 ../../libDaisy/build\libdaisy.a(usbd_ioreq.o)
                0x0800edc0                USBD_CtlSendStatus
 .text.USBD_CtlReceiveStatus
                0x0800edd8       0x18 ../../libDaisy/build\libdaisy.a(usbd_ioreq.o)
                0x0800edd8                USBD_CtlReceiveStatus
 .text.USBH_LL_IncTimer
                0x0800edf0       0x20 ../../libDaisy/build\libdaisy.a(usbh_core.o)
                0x0800edf0                USBH_LL_IncTimer
 .text.USBH_LL_PortEnabled
                0x0800ee10        0x8 ../../libDaisy/build\libdaisy.a(usbh_core.o)
                0x0800ee10                USBH_LL_PortEnabled
 .text.USBH_LL_PortDisabled
                0x0800ee18        0x8 ../../libDaisy/build\libdaisy.a(usbh_core.o)
                0x0800ee18                USBH_LL_PortDisabled
 .text.USBH_LL_Connect
                0x0800ee20       0x18 ../../libDaisy/build\libdaisy.a(usbh_core.o)
                0x0800ee20                USBH_LL_Connect
 .text.USBH_LL_Disconnect
                0x0800ee38       0x2c ../../libDaisy/build\libdaisy.a(usbh_core.o)
                0x0800ee38                USBH_LL_Disconnect
 .text.USBH_FreePipe
                0x0800ee64       0x18 ../../libDaisy/build\libdaisy.a(usbh_pipes.o)
                0x0800ee64                USBH_FreePipe
 .text._ZN5daisy6Random4InitEv
                0x0800ee7c       0x3c ../../libDaisy/build\libdaisy.a(rng.o)
                0x0800ee7c                daisy::Random::Init()
 .text._ZN5daisy9SpiHandle4Impl7InitDmaEv
                0x0800eeb8       0xec ../../libDaisy/build\libdaisy.a(spi.o)
                0x0800eeb8                daisy::SpiHandle::Impl::InitDma()
 .text._ZN5daisy9SpiHandle4Impl10StartDmaTxEPhjPFvPvEPFvS3_NS0_6ResultEES3_
                0x0800efa4       0xc8 ../../libDaisy/build\libdaisy.a(spi.o)
                0x0800efa4                daisy::SpiHandle::Impl::StartDmaTx(unsigned char*, unsigned int, void (*)(void*), void (*)(void*, daisy::SpiHandle::Result), void*)
 .text._ZN5daisy9SpiHandle4Impl10StartDmaRxEPhjPFvPvEPFvS3_NS0_6ResultEES3_
                0x0800f06c       0xc8 ../../libDaisy/build\libdaisy.a(spi.o)
                0x0800f06c                daisy::SpiHandle::Impl::StartDmaRx(unsigned char*, unsigned int, void (*)(void*), void (*)(void*, daisy::SpiHandle::Result), void*)
 .text._ZN5daisy9SpiHandle4Impl12StartDmaRxTxEPhS2_jPFvPvEPFvS3_NS0_6ResultEES3_
                0x0800f134       0xcc ../../libDaisy/build\libdaisy.a(spi.o)
                0x0800f134                daisy::SpiHandle::Impl::StartDmaRxTx(unsigned char*, unsigned char*, unsigned int, void (*)(void*), void (*)(void*, daisy::SpiHandle::Result), void*)
 .text._ZN5daisy9SpiHandle4Impl8InitPinsEv
                0x0800f200      0x274 ../../libDaisy/build\libdaisy.a(spi.o)
                0x0800f200                daisy::SpiHandle::Impl::InitPins()
 .text.HAL_SPI_MspInit
                0x0800f474      0x1a8 ../../libDaisy/build\libdaisy.a(spi.o)
                0x0800f474                HAL_SPI_MspInit
 .text.dsy_spi_global_init
                0x0800f61c       0x80 ../../libDaisy/build\libdaisy.a(spi.o)
                0x0800f61c                dsy_spi_global_init
 .text.SPI1_IRQHandler
                0x0800f69c        0xc ../../libDaisy/build\libdaisy.a(spi.o)
                0x0800f69c                SPI1_IRQHandler
 .text.SPI2_IRQHandler
                0x0800f6a8        0xc ../../libDaisy/build\libdaisy.a(spi.o)
                0x0800f6a8                SPI2_IRQHandler
 .text.SPI3_IRQHandler
                0x0800f6b4        0xc ../../libDaisy/build\libdaisy.a(spi.o)
                0x0800f6b4                SPI3_IRQHandler
 .text.SPI4_IRQHandler
                0x0800f6c0        0xc ../../libDaisy/build\libdaisy.a(spi.o)
                0x0800f6c0                SPI4_IRQHandler
 .text.SPI5_IRQHandler
                0x0800f6cc        0xc ../../libDaisy/build\libdaisy.a(spi.o)
                0x0800f6cc                SPI5_IRQHandler
 .text.DMA2_Stream2_IRQHandler
                0x0800f6d8       0x34 ../../libDaisy/build\libdaisy.a(spi.o)
                0x0800f6d8                DMA2_Stream2_IRQHandler
 .text.DMA2_Stream3_IRQHandler
                0x0800f70c       0x38 ../../libDaisy/build\libdaisy.a(spi.o)
                0x0800f70c                DMA2_Stream3_IRQHandler
 .text.HAL_SPI_TxCpltCallback
                0x0800f744       0xc4 ../../libDaisy/build\libdaisy.a(spi.o)
                0x0800f744                HAL_SPI_TxCpltCallback
 .text.HAL_SPI_RxCpltCallback
                0x0800f808       0xc4 ../../libDaisy/build\libdaisy.a(spi.o)
                0x0800f808                HAL_SPI_RxCpltCallback
 .text.HAL_SPI_TxRxCpltCallback
                0x0800f8cc       0xc4 ../../libDaisy/build\libdaisy.a(spi.o)
                0x0800f8cc                HAL_SPI_TxRxCpltCallback
 .text.HAL_SPI_ErrorCallback
                0x0800f990       0xc8 ../../libDaisy/build\libdaisy.a(spi.o)
                0x0800f990                HAL_SPI_ErrorCallback
 .text.startup._GLOBAL__sub_I__Z19MapInstanceToHandleP11SPI_TypeDef
                0x0800fa58      0x1b0 ../../libDaisy/build\libdaisy.a(spi.o)
 .text.HAL_TIM_Base_MspInit
                0x0800fc08      0x1e0 ../../libDaisy/build\libdaisy.a(tim.o)
                0x0800fc08                HAL_TIM_Base_MspInit
 .text.HAL_TIM_PeriodElapsedCallback
                0x0800fde8       0x44 ../../libDaisy/build\libdaisy.a(tim.o)
                0x0800fde8                HAL_TIM_PeriodElapsedCallback
 .text.TIM2_IRQHandler
                0x0800fe2c        0xc ../../libDaisy/build\libdaisy.a(tim.o)
                0x0800fe2c                TIM2_IRQHandler
 .text.TIM3_IRQHandler
                0x0800fe38        0xc ../../libDaisy/build\libdaisy.a(tim.o)
                0x0800fe38                TIM3_IRQHandler
 .text.TIM4_IRQHandler
                0x0800fe44        0xc ../../libDaisy/build\libdaisy.a(tim.o)
                0x0800fe44                TIM4_IRQHandler
 .text.TIM5_IRQHandler
                0x0800fe50        0xc ../../libDaisy/build\libdaisy.a(tim.o)
                0x0800fe50                TIM5_IRQHandler
 .text._ZN5daisy11TimerHandle4InitERKNS0_6ConfigE
                0x0800fe5c       0xd0 ../../libDaisy/build\libdaisy.a(tim.o)
                0x0800fe5c                daisy::TimerHandle::Init(daisy::TimerHandle::Config const&)
 .text._ZN5daisy11TimerHandle5StartEv
                0x0800ff2c       0x24 ../../libDaisy/build\libdaisy.a(tim.o)
                0x0800ff2c                daisy::TimerHandle::Start()
 .text.startup._GLOBAL__sub_I__ZN5daisy11TimerHandle4Impl4InitERKNS0_6ConfigE
                0x0800ff50       0x38 ../../libDaisy/build\libdaisy.a(tim.o)
 .text.HAL_MDMA_Abort_IT
                0x0800ff88       0x2c ../../libDaisy/build\libdaisy.a(stm32h7xx_hal_mdma.o)
                0x0800ff88                HAL_MDMA_Abort_IT
 .text.SPI_CloseTransfer
                0x0800ffb4       0xb8 ../../libDaisy/build\libdaisy.a(stm32h7xx_hal_spi.o)
 .text.HAL_SPI_Init
                0x0801006c      0x15c ../../libDaisy/build\libdaisy.a(stm32h7xx_hal_spi.o)
                0x0801006c                HAL_SPI_Init
 .text.HAL_SPI_Transmit_DMA
                0x080101c8      0x170 ../../libDaisy/build\libdaisy.a(stm32h7xx_hal_spi.o)
                0x080101c8                HAL_SPI_Transmit_DMA
 .text.HAL_SPI_TransmitReceive_DMA
                0x08010338      0x218 ../../libDaisy/build\libdaisy.a(stm32h7xx_hal_spi.o)
                0x08010338                HAL_SPI_TransmitReceive_DMA
 .text.HAL_SPI_Receive_DMA
                0x08010550      0x1b4 ../../libDaisy/build\libdaisy.a(stm32h7xx_hal_spi.o)
                0x08010550                HAL_SPI_Receive_DMA
 .text.SPI_DMATransmitCplt
                0x08010704       0x28 ../../libDaisy/build\libdaisy.a(stm32h7xx_hal_spi.o)
 .text.SPI_DMAReceiveCplt
                0x0801072c       0x28 ../../libDaisy/build\libdaisy.a(stm32h7xx_hal_spi.o)
 .text.SPI_DMATransmitReceiveCplt
                0x08010754       0x28 ../../libDaisy/build\libdaisy.a(stm32h7xx_hal_spi.o)
 .text.HAL_SPI_TxHalfCpltCallback
                0x0801077c        0x4 ../../libDaisy/build\libdaisy.a(stm32h7xx_hal_spi.o)
                0x0801077c                HAL_SPI_TxHalfCpltCallback
 .text.SPI_DMAHalfTransmitCplt
                0x08010780        0xc ../../libDaisy/build\libdaisy.a(stm32h7xx_hal_spi.o)
 .text.HAL_SPI_RxHalfCpltCallback
                0x0801078c        0x4 ../../libDaisy/build\libdaisy.a(stm32h7xx_hal_spi.o)
                0x0801078c                HAL_SPI_RxHalfCpltCallback
 .text.SPI_DMAHalfReceiveCplt
                0x08010790        0xc ../../libDaisy/build\libdaisy.a(stm32h7xx_hal_spi.o)
 .text.HAL_SPI_TxRxHalfCpltCallback
                0x0801079c        0x4 ../../libDaisy/build\libdaisy.a(stm32h7xx_hal_spi.o)
                0x0801079c                HAL_SPI_TxRxHalfCpltCallback
 .text.SPI_DMAHalfTransmitReceiveCplt
                0x080107a0        0xc ../../libDaisy/build\libdaisy.a(stm32h7xx_hal_spi.o)
 .text.SPI_DMAError
                0x080107ac       0xd8 ../../libDaisy/build\libdaisy.a(stm32h7xx_hal_spi.o)
 .text.HAL_SPI_IRQHandler
                0x08010884      0x23c ../../libDaisy/build\libdaisy.a(stm32h7xx_hal_spi.o)
                0x08010884                HAL_SPI_IRQHandler
 .text.SPI_DMAAbortOnError
                0x08010ac0       0x1c ../../libDaisy/build\libdaisy.a(stm32h7xx_hal_spi.o)
 .text.HAL_SPI_GetState
                0x08010adc        0x8 ../../libDaisy/build\libdaisy.a(stm32h7xx_hal_spi.o)
                0x08010adc                HAL_SPI_GetState
 .text.HAL_TIM_Base_Init
                0x08010ae4      0x140 ../../libDaisy/build\libdaisy.a(stm32h7xx_hal_tim.o)
                0x08010ae4                HAL_TIM_Base_Init
 .text.HAL_TIM_Base_Start
                0x08010c24       0x34 ../../libDaisy/build\libdaisy.a(stm32h7xx_hal_tim.o)
                0x08010c24                HAL_TIM_Base_Start
 .text.HAL_TIM_Base_Start_IT
                0x08010c58       0x2c ../../libDaisy/build\libdaisy.a(stm32h7xx_hal_tim.o)
                0x08010c58                HAL_TIM_Base_Start_IT
 .text.HAL_TIM_ConfigClockSource
                0x08010c84      0x17c ../../libDaisy/build\libdaisy.a(stm32h7xx_hal_tim.o)
                0x08010c84                HAL_TIM_ConfigClockSource
 .text.HAL_TIM_OC_DelayElapsedCallback
                0x08010e00        0x4 ../../libDaisy/build\libdaisy.a(stm32h7xx_hal_tim.o)
                0x08010e00                HAL_TIM_OC_DelayElapsedCallback
 .text.HAL_TIM_IC_CaptureCallback
                0x08010e04        0x4 ../../libDaisy/build\libdaisy.a(stm32h7xx_hal_tim.o)
                0x08010e04                HAL_TIM_IC_CaptureCallback
 .text.HAL_TIM_PWM_PulseFinishedCallback
                0x08010e08        0x4 ../../libDaisy/build\libdaisy.a(stm32h7xx_hal_tim.o)
                0x08010e08                HAL_TIM_PWM_PulseFinishedCallback
 .text.HAL_TIM_TriggerCallback
                0x08010e0c        0x4 ../../libDaisy/build\libdaisy.a(stm32h7xx_hal_tim.o)
                0x08010e0c                HAL_TIM_TriggerCallback
 .text.HAL_TIM_IRQHandler
                0x08010e10      0x170 ../../libDaisy/build\libdaisy.a(stm32h7xx_hal_tim.o)
                0x08010e10                HAL_TIM_IRQHandler
 .text.HAL_TIMEx_MasterConfigSynchronization
                0x08010f80       0x64 ../../libDaisy/build\libdaisy.a(stm32h7xx_hal_tim_ex.o)
                0x08010f80                HAL_TIMEx_MasterConfigSynchronization
 .text.HAL_TIMEx_CommutCallback
                0x08010fe4        0x4 ../../libDaisy/build\libdaisy.a(stm32h7xx_hal_tim_ex.o)
                0x08010fe4                HAL_TIMEx_CommutCallback
 .text.HAL_TIMEx_BreakCallback
                0x08010fe8        0x4 ../../libDaisy/build\libdaisy.a(stm32h7xx_hal_tim_ex.o)
                0x08010fe8                HAL_TIMEx_BreakCallback
 .text.HAL_TIMEx_Break2Callback
                0x08010fec        0x4 ../../libDaisy/build\libdaisy.a(stm32h7xx_hal_tim_ex.o)
                0x08010fec                HAL_TIMEx_Break2Callback
 .text.__aeabi_atexit
                0x08010ff0        0xa c:/program files/daisytoolchain/bin/../lib/gcc/arm-none-eabi/10.2.1/../../../../arm-none-eabi/lib/thumb/v7e-m+dp/hard\libstdc++_nano.a(atexit_arm.o)
                0x08010ff0                __aeabi_atexit
 *fill*         0x08010ffa        0x2 
 .text.__cxa_atexit
                0x08010ffc       0x1c c:/program files/daisytoolchain/bin/../lib/gcc/arm-none-eabi/10.2.1/../../../../arm-none-eabi/lib/thumb/v7e-m+dp/hard\libc_nano.a(lib_a-cxa_atexit.o)
                0x08010ffc                __cxa_atexit
 .text.__libc_init_array
                0x08011018       0x48 c:/program files/daisytoolchain/bin/../lib/gcc/arm-none-eabi/10.2.1/../../../../arm-none-eabi/lib/thumb/v7e-m+dp/hard\libc_nano.a(lib_a-init.o)
                0x08011018                __libc_init_array
 .text.memcpy   0x08011060       0x1c c:/program files/daisytoolchain/bin/../lib/gcc/arm-none-eabi/10.2.1/../../../../arm-none-eabi/lib/thumb/v7e-m+dp/hard\libc_nano.a(lib_a-memcpy-stub.o)
                0x08011060                memcpy
 .text.memset   0x0801107c       0x10 c:/program files/daisytoolchain/bin/../lib/gcc/arm-none-eabi/10.2.1/../../../../arm-none-eabi/lib/thumb/v7e-m+dp/hard\libc_nano.a(lib_a-memset.o)
                0x0801107c                memset
 *(.rodata)
 .rodata        0x0801108c        0x6 build_stage4/controls.o
 *fill*         0x08011092        0x2 
 .rodata        0x08011094       0x10 ../../libDaisy/build\libdaisy.a(i2c.o)
 .rodata        0x080110a4       0x12 ../../libDaisy/build\libdaisy.a(uart.o)
 *fill*         0x080110b6        0x2 
 .rodata        0x080110b8       0x10 ../../libDaisy/build\libdaisy.a(tim.o)
 *(.rodata*)
 .rodata._ZN3app8Controls7ProcessERN5daisy9DaisySeedEm.str1.4
                0x080110c8       0x11 build_stage4/controls.o
 *fill*         0x080110d9        0x3 
 .rodata._ZN3app6configL14kFootswitchPinE
                0x080110dc        0x2 build_stage4/controls.o
 *fill*         0x080110de        0x2 
 .rodata._ZN3app6configL17kRotaryCentersU16E
                0x080110e0        0xc build_stage4/controls.o
 .rodata.flagBitshiftOffset.0
                0x080110ec        0x8 ../../libDaisy/build\libdaisy.a(stm32h7xx_hal_dma.o)
 .rodata._ZL16dsy_adc_rank_map
                0x080110f4       0x40 ../../libDaisy/build\libdaisy.a(adc.o)
 .rodata.CSWTCH.35
                0x08011134        0x3 ../../libDaisy/build\libdaisy.a(sai.o)
 *fill*         0x08011137        0x1 
 .rodata.CSWTCH.36
                0x08011138        0xc ../../libDaisy/build\libdaisy.a(sai.o)
 .rodata.CSWTCH.44
                0x08011144       0x14 ../../libDaisy/build\libdaisy.a(sai.o)
 .rodata.D1CorePrescTable
                0x08011158       0x10 ../../libDaisy/build\libdaisy.a(system_stm32h7xx.o)
                0x08011158                D1CorePrescTable
 .rodata.CSWTCH.24
                0x08011168        0x4 ../../libDaisy/build\libdaisy.a(usbd_conf.o)
 .rodata.CSWTCH.19
                0x0801116c        0x4 ../../libDaisy/build\libdaisy.a(usbh_conf.o)
 .rodata.gpio_hal_pin_map
                0x08011170       0x20 ../../libDaisy/build\libdaisy.a(hal_map.o)
 .rodata.gpio_hal_port_map
                0x08011190       0x30 ../../libDaisy/build\libdaisy.a(hal_map.o)
 .rodata.CSWTCH.418
                0x080111c0       0x29 ../../libDaisy/build\libdaisy.a(stm32h7xx_hal_uart.o)
 *fill*         0x080111e9        0x3 
 .rodata.CSWTCH.419
                0x080111ec        0x6 ../../libDaisy/build\libdaisy.a(stm32h7xx_hal_uart.o)
 *fill*         0x080111f2        0x2 
 .rodata.CSWTCH.426
                0x080111f4        0x6 ../../libDaisy/build\libdaisy.a(stm32h7xx_hal_uart.o)
 *fill*         0x080111fa        0x2 
 .rodata._ZL13pins_none_spi
                0x080111fc        0x3 ../../libDaisy/build\libdaisy.a(spi.o)
 *fill*         0x080111ff        0x1 
 .rodata._ZL16pins_periphs_spi
                0x08011200       0x60 ../../libDaisy/build\libdaisy.a(spi.o)
 *(.glue_7)
 .glue_7        0x08011260        0x0 linker stubs
 *(.glue_7t)
 .glue_7t       0x08011260        0x0 linker stubs
 *(.init)
 .init          0x08011260        0x4 c:/program files/daisytoolchain/bin/../lib/gcc/arm-none-eabi/10.2.1/thumb/v7e-m+dp/hard/crti.o
                0x08011260                _init
 .init          0x08011264        0x8 c:/program files/daisytoolchain/bin/../lib/gcc/arm-none-eabi/10.2.1/thumb/v7e-m+dp/hard/crtn.o
 *(.fini)
 .fini          0x0801126c        0x4 c:/program files/daisytoolchain/bin/../lib/gcc/arm-none-eabi/10.2.1/thumb/v7e-m+dp/hard/crti.o
                0x0801126c                _fini
 .fini          0x08011270        0x8 c:/program files/daisytoolchain/bin/../lib/gcc/arm-none-eabi/10.2.1/thumb/v7e-m+dp/hard/crtn.o
                0x08011278                . = ALIGN (0x4)
                0x08011278                _etext = .

.eh_frame       0x08011278        0x0
 .eh_frame      0x08011278        0x0 c:/program files/daisytoolchain/bin/../lib/gcc/arm-none-eabi/10.2.1/thumb/v7e-m+dp/hard/crtbegin.o

.vfp11_veneer   0x08011278        0x0
 .vfp11_veneer  0x08011278        0x0 linker stubs

.v4_bx          0x08011278        0x0
 .v4_bx         0x08011278        0x0 linker stubs

.iplt           0x08011278        0x0
 .iplt          0x08011278        0x0 c:/program files/daisytoolchain/bin/../lib/gcc/arm-none-eabi/10.2.1/thumb/v7e-m+dp/hard/crtbegin.o

.ARM.extab      0x08011278        0x0
                0x08011278                . = ALIGN (0x4)
 *(.ARM.extab)
 *(.gnu.linkonce.armextab.*)
                0x08011278                . = ALIGN (0x4)

.exidx          0x08011278        0x8
                0x08011278                . = ALIGN (0x4)
                [!provide]                PROVIDE (__exidx_start = .)
 *(.ARM.exidx*)
 .ARM.exidx     0x08011278        0x8 c:/program files/daisytoolchain/bin/../lib/gcc/arm-none-eabi/10.2.1/thumb/v7e-m+dp/hard\libgcc.a(_udivmoddi4.o)
                0x08011280                . = ALIGN (0x4)
                [!provide]                PROVIDE (__exidx_end = .)

.rel.dyn        0x08011280        0x0
 .rel.iplt      0x08011280        0x0 c:/program files/daisytoolchain/bin/../lib/gcc/arm-none-eabi/10.2.1/thumb/v7e-m+dp/hard/crtbegin.o

.ARM.attributes
                0x08011280       0x2e
 *(.ARM.attributes)
 .ARM.attributes
                0x08011280       0x1e c:/program files/daisytoolchain/bin/../lib/gcc/arm-none-eabi/10.2.1/thumb/v7e-m+dp/hard/crti.o
 .ARM.attributes
                0x0801129e       0x32 c:/program files/daisytoolchain/bin/../lib/gcc/arm-none-eabi/10.2.1/thumb/v7e-m+dp/hard/crtbegin.o
 .ARM.attributes
                0x080112d0       0x32 build_stage4/startup_stm32h750xx.o
 .ARM.attributes
                0x08011302       0x32 build_stage4/main.o
 .ARM.attributes
                0x08011334       0x32 build_stage4/controls.o
 .ARM.attributes
                0x08011366       0x32 ../../libDaisy/build\libdaisy.a(stm32h7xx_hal.o)
 .ARM.attributes
                0x08011398       0x32 ../../libDaisy/build\libdaisy.a(stm32h7xx_hal_adc.o)
 .ARM.attributes
                0x080113ca       0x32 ../../libDaisy/build\libdaisy.a(stm32h7xx_hal_adc_ex.o)
 .ARM.attributes
                0x080113fc       0x32 ../../libDaisy/build\libdaisy.a(stm32h7xx_hal_cortex.o)
 .ARM.attributes
                0x0801142e       0x32 ../../libDaisy/build\libdaisy.a(stm32h7xx_hal_dma.o)
 .ARM.attributes
                0x08011460       0x32 ../../libDaisy/build\libdaisy.a(stm32h7xx_hal_rcc.o)
 .ARM.attributes
                0x08011492       0x32 ../../libDaisy/build\libdaisy.a(stm32h7xx_hal_rcc_ex.o)
 .ARM.attributes
                0x080114c4       0x32 ../../libDaisy/build\libdaisy.a(daisy_seed.o)
 .ARM.attributes
                0x080114f6       0x32 ../../libDaisy/build\libdaisy.a(codec_ak4556.o)
 .ARM.attributes
                0x08011528       0x32 ../../libDaisy/build\libdaisy.a(codec_wm8731.o)
 .ARM.attributes
                0x0801155a       0x32 ../../libDaisy/build\libdaisy.a(sdram.o)
 .ARM.attributes
                0x0801158c       0x32 ../../libDaisy/build\libdaisy.a(audio.o)
 .ARM.attributes
                0x080115be       0x32 ../../libDaisy/build\libdaisy.a(adc.o)
 .ARM.attributes
                0x080115f0       0x32 ../../libDaisy/build\libdaisy.a(gpio.o)
 .ARM.attributes
                0x08011622       0x32 ../../libDaisy/build\libdaisy.a(i2c.o)
 .ARM.attributes
                0x08011654       0x32 ../../libDaisy/build\libdaisy.a(qspi.o)
 .ARM.attributes
                0x08011686       0x32 ../../libDaisy/build\libdaisy.a(sai.o)
 .ARM.attributes
                0x080116b8       0x32 ../../libDaisy/build\libdaisy.a(uart.o)
 .ARM.attributes
                0x080116ea       0x32 ../../libDaisy/build\libdaisy.a(dma.o)
 .ARM.attributes
                0x0801171c       0x32 ../../libDaisy/build\libdaisy.a(system.o)
 .ARM.attributes
                0x0801174e       0x32 ../../libDaisy/build\libdaisy.a(system_stm32h7xx.o)
 .ARM.attributes
                0x08011780       0x32 ../../libDaisy/build\libdaisy.a(usbd_conf.o)
 .ARM.attributes
                0x080117b2       0x32 ../../libDaisy/build\libdaisy.a(usbh_conf.o)
 .ARM.attributes
                0x080117e4       0x32 ../../libDaisy/build\libdaisy.a(hal_map.o)
 .ARM.attributes
                0x08011816       0x32 ../../libDaisy/build\libdaisy.a(stm32h7xx_hal_gpio.o)
 .ARM.attributes
                0x08011848       0x32 ../../libDaisy/build\libdaisy.a(stm32h7xx_hal_hcd.o)
 .ARM.attributes
                0x0801187a       0x32 ../../libDaisy/build\libdaisy.a(stm32h7xx_hal_i2c.o)
 .ARM.attributes
                0x080118ac       0x32 ../../libDaisy/build\libdaisy.a(stm32h7xx_hal_i2c_ex.o)
 .ARM.attributes
                0x080118de       0x32 ../../libDaisy/build\libdaisy.a(stm32h7xx_hal_pcd.o)
 .ARM.attributes
                0x08011910       0x32 ../../libDaisy/build\libdaisy.a(stm32h7xx_hal_pcd_ex.o)
 .ARM.attributes
                0x08011942       0x32 ../../libDaisy/build\libdaisy.a(stm32h7xx_hal_pwr_ex.o)
 .ARM.attributes
                0x08011974       0x32 ../../libDaisy/build\libdaisy.a(stm32h7xx_hal_qspi.o)
 .ARM.attributes
                0x080119a6       0x32 ../../libDaisy/build\libdaisy.a(stm32h7xx_hal_sai.o)
 .ARM.attributes
                0x080119d8       0x32 ../../libDaisy/build\libdaisy.a(stm32h7xx_hal_sdram.o)
 .ARM.attributes
                0x08011a0a       0x32 ../../libDaisy/build\libdaisy.a(stm32h7xx_hal_uart.o)
 .ARM.attributes
                0x08011a3c       0x32 ../../libDaisy/build\libdaisy.a(stm32h7xx_hal_uart_ex.o)
 .ARM.attributes
                0x08011a6e       0x32 ../../libDaisy/build\libdaisy.a(stm32h7xx_ll_fmc.o)
 .ARM.attributes
                0x08011aa0       0x32 ../../libDaisy/build\libdaisy.a(stm32h7xx_ll_usb.o)
 .ARM.attributes
                0x08011ad2       0x32 ../../libDaisy/build\libdaisy.a(usbd_core.o)
 .ARM.attributes
                0x08011b04       0x32 ../../libDaisy/build\libdaisy.a(usbd_ctlreq.o)
 .ARM.attributes
                0x08011b36       0x32 ../../libDaisy/build\libdaisy.a(usbd_ioreq.o)
 .ARM.attributes
                0x08011b68       0x32 ../../libDaisy/build\libdaisy.a(usbh_core.o)
 .ARM.attributes
                0x08011b9a       0x32 ../../libDaisy/build\libdaisy.a(usbh_pipes.o)
 .ARM.attributes
                0x08011bcc       0x32 ../../libDaisy/build\libdaisy.a(rng.o)
 .ARM.attributes
                0x08011bfe       0x32 ../../libDaisy/build\libdaisy.a(spi.o)
 .ARM.attributes
                0x08011c30       0x32 ../../libDaisy/build\libdaisy.a(tim.o)
 .ARM.attributes
                0x08011c62       0x32 ../../libDaisy/build\libdaisy.a(stm32h7xx_hal_mdma.o)
 .ARM.attributes
                0x08011c94       0x32 ../../libDaisy/build\libdaisy.a(stm32h7xx_hal_spi.o)
 .ARM.attributes
                0x08011cc6       0x32 ../../libDaisy/build\libdaisy.a(stm32h7xx_hal_tim.o)
 .ARM.attributes
                0x08011cf8       0x32 ../../libDaisy/build\libdaisy.a(stm32h7xx_hal_tim_ex.o)
 .ARM.attributes
                0x08011d2a       0x32 c:/program files/daisytoolchain/bin/../lib/gcc/arm-none-eabi/10.2.1/../../../../arm-none-eabi/lib/thumb/v7e-m+dp/hard\libstdc++_nano.a(atexit_arm.o)
 .ARM.attributes
                0x08011d5c       0x32 c:/program files/daisytoolchain/bin/../lib/gcc/arm-none-eabi/10.2.1/../../../../arm-none-eabi/lib/thumb/v7e-m+dp/hard\libc_nano.a(lib_a-cxa_atexit.o)
 .ARM.attributes